Build started 3/2/2026 3:19:57 PM.
Logging verbosity is set to: Detailed.     0>Process = "C:\Program Files\dotnet\dotnet.exe"
       MSBuild executable path = "C:\Program Files\dotnet\sdk\10.0.100\MSBuild.dll"
       Command line arguments = "C:\Program Files\dotnet\sdk\10.0.100\MSBuild.dll -maxcpucount --verbosity:m -tlp:default=auto --property:NuGetInteractive=true --restoreProperty:NuGetInteractive=true --restoreProperty:EnableDefaultCompileItems=false --restoreProperty:EnableDefaultEmbeddedResourceItems=false --restoreProperty:EnableDefaultNoneItems=false C:\Users\toduc\Downloads\SmartStay\do_an_tot_nghiep.csproj -fl -flp:logfile=build-output.txt -consoleloggerparameters:Summary -restore -distributedlogger:Microsoft.DotNet.Cli.Commands.MSBuild.MSBuildLogger,C:\Program Files\dotnet\sdk\10.0.100\dotnet.dll*Microsoft.DotNet.Cli.Commands.MSBuild.MSBuildForwardingLogger,C:\Program Files\dotnet\sdk\10.0.100\dotnet.dll -nologo"
       Current directory = "C:\Users\toduc\Downloads\SmartStay"
       MSBuild version = "18.0.2+b0f34d51f"
       Based on the Windows registry key LongPathsEnabled, the LongPaths feature is disabled.
       Based on the Windows registry key VerifiedAndReputablePolicyState, SAC state = 0: turned off.
       The SDK "Microsoft.NET.Sdk.Web" was successfully resolved by the "DefaultSdkResolver" resolver to location "C:\Program Files\dotnet\sdk\10.0.100\Sdks\Microsoft.NET.Sdk.Web\Sdk" and version "".
       Assembly loaded during Evaluation: NuGet.Frameworks, Version=7.0.0.0, Culture=neutral, PublicKeyToken=31bf3856ad364e35 (location: C:\Program Files\dotnet\sdk\10.0.100\NuGet.Frameworks.dll, MVID: 850f02e4-7dfe-443c-87d1-982613f2ce8f, AssemblyLoadContext: Assembly.LoadFile(C:\Program Files\dotnet\sdk\10.0.100\NuGet.Frameworks.dll))
       The SDK "Microsoft.NET.Sdk" was successfully resolved by the "DefaultSdkResolver" resolver to location "C:\Program Files\dotnet\sdk\10.0.100\Sdks\Microsoft.NET.Sdk\Sdk" and version "".
       C:\Program Files\dotnet\sdk\10.0.100\Sdks\Microsoft.NET.Sdk\Sdk\Sdk.props(49,11): message : Property 'MSBuildExtensionsPath' with value 'C:\Program Files\dotnet\sdk\10.0.100\' expanded from the environment.
       C:\Program Files\dotnet\sdk\10.0.100\Current\Microsoft.Common.props(60,5): message : Property reassignment: $(MSBuildProjectExtensionsPath)="C:\Users\toduc\Downloads\SmartStay\obj\" (previous value: "obj\") at C:\Program Files\dotnet\sdk\10.0.100\Current\Microsoft.Common.props (60,5)
       C:\Program Files\dotnet\sdk\10.0.100\Current\Microsoft.Common.props(84,119): message : Property 'MSBuildUserExtensionsPath' with value 'C:\Users\toduc\AppData\Local\Microsoft\MSBuild' expanded from the environment.
       Assembly loaded during Evaluation: System.Threading.Tasks.Parallel, Version=10.0.0.0, Culture=neutral, PublicKeyToken=b03f5f7f11d50a3a (location: C:\Program Files\dotnet\shared\Microsoft.NETCore.App\10.0.0\System.Threading.Tasks.Parallel.dll, MVID: 5134392a-badb-4b79-ae80-096fbe1adfd1, AssemblyLoadContext: Default)
       C:\Program Files\dotnet\sdk\10.0.100\Sdks\Microsoft.NET.Sdk\targets\Microsoft.NET.Sdk.props(90,5): message : Property reassignment: $(AssemblySearchPaths)="{CandidateAssemblyFiles};{HintPathFromItem}" (previous value: "{CandidateAssemblyFiles}") at C:\Program Files\dotnet\sdk\10.0.100\Sdks\Microsoft.NET.Sdk\targets\Microsoft.NET.Sdk.props (90,5)
       C:\Program Files\dotnet\sdk\10.0.100\Sdks\Microsoft.NET.Sdk\targets\Microsoft.NET.Sdk.props(91,5): message : Property reassignment: $(AssemblySearchPaths)="{CandidateAssemblyFiles};{HintPathFromItem};{TargetFrameworkDirectory}" (previous value: "{CandidateAssemblyFiles};{HintPathFromItem}") at C:\Program Files\dotnet\sdk\10.0.100\Sdks\Microsoft.NET.Sdk\targets\Microsoft.NET.Sdk.props (91,5)
       C:\Program Files\dotnet\sdk\10.0.100\Sdks\Microsoft.NET.Sdk\targets\Microsoft.NET.Sdk.props(92,5): message : Property reassignment: $(AssemblySearchPaths)="{CandidateAssemblyFiles};{HintPathFromItem};{TargetFrameworkDirectory};{RawFileName}" (previous value: "{CandidateAssemblyFiles};{HintPathFromItem};{TargetFrameworkDirectory}") at C:\Program Files\dotnet\sdk\10.0.100\Sdks\Microsoft.NET.Sdk\targets\Microsoft.NET.Sdk.props (92,5)
       The "DefaultSdkResolver" resolver attempted to resolve the SDK "Microsoft.NET.SDK.WorkloadAutoImportPropsLocator".
       Warnings: null
       Errors: MSB4276: The default SDK resolver failed to resolve SDK "Microsoft.NET.SDK.WorkloadAutoImportPropsLocator" because directory "C:\Program Files\dotnet\sdk\10.0.100\Sdks\Microsoft.NET.SDK.WorkloadAutoImportPropsLocator\Sdk" did not exist.
       Assembly loaded during Evaluation: Microsoft.Build.NuGetSdkResolver, Version=7.0.0.0, Culture=neutral, PublicKeyToken=31bf3856ad364e35 (location: C:\Program Files\dotnet\sdk\10.0.100\Microsoft.Build.NuGetSdkResolver.dll, MVID: c192cd28-6b5e-4007-9d95-cc779ff52603, AssemblyLoadContext: MSBuild plugin C:\Program Files\dotnet\sdk\10.0.100\Microsoft.Build.NuGetSdkResolver.dll)
       Assembly loaded during Evaluation: NuGet.Common, Version=7.0.0.0, Culture=neutral, PublicKeyToken=31bf3856ad364e35 (location: C:\Program Files\dotnet\sdk\10.0.100\NuGet.Common.dll, MVID: ec35ea1c-e486-40b2-8650-a0234b606d79, AssemblyLoadContext: MSBuild plugin C:\Program Files\dotnet\sdk\10.0.100\Microsoft.Build.NuGetSdkResolver.dll)
       Assembly loaded during Evaluation: Microsoft.NET.Sdk.WorkloadMSBuildSdkResolver, Version=10.0.100.0, Culture=neutral, PublicKeyToken=31bf3856ad364e35 (location: C:\Program Files\dotnet\sdk\10.0.100\Microsoft.NET.Sdk.WorkloadMSBuildSdkResolver.dll, MVID: 33446e51-167e-485b-8bb7-4f3dd96a791f, AssemblyLoadContext: MSBuild plugin C:\Program Files\dotnet\sdk\10.0.100\Microsoft.NET.Sdk.WorkloadMSBuildSdkResolver.dll)
       Assembly loaded during Evaluation: Microsoft.DotNet.Cli.Utils, Version=10.0.100.0, Culture=neutral, PublicKeyToken=adb9793829ddae60 (location: C:\Program Files\dotnet\sdk\10.0.100\Microsoft.DotNet.Cli.Utils.dll, MVID: 486d3b5f-14dd-4a2d-89fa-acbd5985b879, AssemblyLoadContext: MSBuild plugin C:\Program Files\dotnet\sdk\10.0.100\Microsoft.NET.Sdk.WorkloadMSBuildSdkResolver.dll)
       Assembly loaded during Evaluation: Microsoft.NET.Sdk.WorkloadManifestReader, Version=10.0.100.0, Culture=neutral, PublicKeyToken=adb9793829ddae60 (location: C:\Program Files\dotnet\sdk\10.0.100\Microsoft.NET.Sdk.WorkloadManifestReader.dll, MVID: 2825ddb4-fc3e-4597-88ab-1ea2f37a3512, AssemblyLoadContext: MSBuild plugin C:\Program Files\dotnet\sdk\10.0.100\Microsoft.NET.Sdk.WorkloadMSBuildSdkResolver.dll)
       Assembly loaded during Evaluation: Microsoft.Deployment.DotNet.Releases, Version=2.0.0.0, Culture=neutral, PublicKeyToken=31bf3856ad364e35 (location: C:\Program Files\dotnet\sdk\10.0.100\Microsoft.Deployment.DotNet.Releases.dll, MVID: 6fb161f1-39e6-4a46-8ee1-b5565a8a5a8f, AssemblyLoadContext: MSBuild plugin C:\Program Files\dotnet\sdk\10.0.100\Microsoft.NET.Sdk.WorkloadMSBuildSdkResolver.dll)
       The SDK "Microsoft.NET.SDK.WorkloadAutoImportPropsLocator" was successfully resolved by the "Microsoft.DotNet.MSBuildWorkloadSdkResolver" resolver to location "C:\Program Files\dotnet\packs\Microsoft.Android.Sdk.Windows\36.1.2\Sdk" and version "null".
       The SDK "Microsoft.NET.Sdk.Razor" was successfully resolved by the "DefaultSdkResolver" resolver to location "C:\Program Files\dotnet\sdk\10.0.100\Sdks\Microsoft.NET.Sdk.Razor\Sdk" and version "".
       The SDK "Microsoft.NET.Sdk.StaticWebAssets" was successfully resolved by the "DefaultSdkResolver" resolver to location "C:\Program Files\dotnet\sdk\10.0.100\Sdks\Microsoft.NET.Sdk.StaticWebAssets\Sdk" and version "".
       C:\Program Files\dotnet\sdk\10.0.100\Sdks\Microsoft.NET.Sdk.StaticWebAssets\Sdk\Sdk.StaticWebAssets.StaticAssets.ProjectSystem.props(23,5): message : Property reassignment: $(DefaultItemExcludes)=";**\node_modules\**;node_modules\**;**\jspm_packages\**;jspm_packages\**" (previous value: ";**\node_modules\**;node_modules\**") at C:\Program Files\dotnet\sdk\10.0.100\Sdks\Microsoft.NET.Sdk.StaticWebAssets\Sdk\Sdk.StaticWebAssets.StaticAssets.ProjectSystem.props (23,5)
       C:\Program Files\dotnet\sdk\10.0.100\Sdks\Microsoft.NET.Sdk.StaticWebAssets\Sdk\Sdk.StaticWebAssets.StaticAssets.ProjectSystem.props(24,5): message : Property reassignment: $(DefaultItemExcludes)=";**\node_modules\**;node_modules\**;**\jspm_packages\**;jspm_packages\**;**\bower_components\**;bower_components\**" (previous value: ";**\node_modules\**;node_modules\**;**\jspm_packages\**;jspm_packages\**") at C:\Program Files\dotnet\sdk\10.0.100\Sdks\Microsoft.NET.Sdk.StaticWebAssets\Sdk\Sdk.StaticWebAssets.StaticAssets.ProjectSystem.props (24,5)
       C:\Program Files\dotnet\sdk\10.0.100\Sdks\Microsoft.NET.Sdk.StaticWebAssets\Sdk\Sdk.StaticWebAssets.StaticAssets.ProjectSystem.props(25,5): message : Property reassignment: $(DefaultItemExcludes)=";**\node_modules\**;node_modules\**;**\jspm_packages\**;jspm_packages\**;**\bower_components\**;bower_components\**;**\packages.lock.json" (previous value: ";**\node_modules\**;node_modules\**;**\jspm_packages\**;jspm_packages\**;**\bower_components\**;bower_components\**") at C:\Program Files\dotnet\sdk\10.0.100\Sdks\Microsoft.NET.Sdk.StaticWebAssets\Sdk\Sdk.StaticWebAssets.StaticAssets.ProjectSystem.props (25,5)
       The SDK "Microsoft.NET.Sdk.Web.ProjectSystem" was successfully resolved by the "DefaultSdkResolver" resolver to location "C:\Program Files\dotnet\sdk\10.0.100\Sdks\Microsoft.NET.Sdk.Web.ProjectSystem\Sdk" and version "".
       C:\Program Files\dotnet\sdk\10.0.100\Sdks\Microsoft.NET.Sdk.Web.ProjectSystem\targets\Microsoft.NET.Sdk.Web.ProjectSystem.props(16,5): message : Property reassignment: $(OutputType)="Exe" (previous value: "Library") at C:\Program Files\dotnet\sdk\10.0.100\Sdks\Microsoft.NET.Sdk.Web.ProjectSystem\targets\Microsoft.NET.Sdk.Web.ProjectSystem.props (16,5)
       The SDK "Microsoft.NET.Sdk.Publish" was successfully resolved by the "DefaultSdkResolver" resolver to location "C:\Program Files\dotnet\sdk\10.0.100\Sdks\Microsoft.NET.Sdk.Publish\Sdk" and version "".
       C:\Users\toduc\Downloads\SmartStay\do_an_tot_nghiep.csproj(8,5): message : Property reassignment: $(NoWarn)="1701;1702;1591" (previous value: "1701;1702") at C:\Users\toduc\Downloads\SmartStay\do_an_tot_nghiep.csproj (8,5)
       C:\Program Files\dotnet\sdk\10.0.100\Sdks\Microsoft.NET.Sdk\targets\Microsoft.NET.Sdk.ImportPublishProfile.targets(28,5): message : Property reassignment: $(PublishProfileImported)="false" (previous value: "true") at C:\Program Files\dotnet\sdk\10.0.100\Sdks\Microsoft.NET.Sdk\targets\Microsoft.NET.Sdk.ImportPublishProfile.targets (28,5)
       C:\Program Files\dotnet\sdk\10.0.100\Sdks\Microsoft.NET.Sdk\targets\Microsoft.NET.TargetFrameworkInference.targets(81,5): message : Property reassignment: $(TargetPlatformVersion)="" (previous value: "0.0") at C:\Program Files\dotnet\sdk\10.0.100\Sdks\Microsoft.NET.Sdk\targets\Microsoft.NET.TargetFrameworkInference.targets (81,5)
       C:\Program Files\dotnet\sdk\10.0.100\Sdks\Microsoft.NET.Sdk\targets\Microsoft.NET.DefaultOutputPaths.targets(126,5): message : Property reassignment: $(DefaultItemExcludes)=";**\node_modules\**;node_modules\**;**\jspm_packages\**;jspm_packages\**;**\bower_components\**;bower_components\**;**\packages.lock.json;bin\Debug\/**" (previous value: ";**\node_modules\**;node_modules\**;**\jspm_packages\**;jspm_packages\**;**\bower_components\**;bower_components\**;**\packages.lock.json") at C:\Program Files\dotnet\sdk\10.0.100\Sdks\Microsoft.NET.Sdk\targets\Microsoft.NET.DefaultOutputPaths.targets (126,5)
       C:\Program Files\dotnet\sdk\10.0.100\Sdks\Microsoft.NET.Sdk\targets\Microsoft.NET.DefaultOutputPaths.targets(127,5): message : Property reassignment: $(DefaultItemExcludes)=";**\node_modules\**;node_modules\**;**\jspm_packages\**;jspm_packages\**;**\bower_components\**;bower_components\**;**\packages.lock.json;bin\Debug\/**;obj\Debug\/**" (previous value: ";**\node_modules\**;node_modules\**;**\jspm_packages\**;jspm_packages\**;**\bower_components\**;bower_components\**;**\packages.lock.json;bin\Debug\/**") at C:\Program Files\dotnet\sdk\10.0.100\Sdks\Microsoft.NET.Sdk\targets\Microsoft.NET.DefaultOutputPaths.targets (127,5)
       C:\Program Files\dotnet\sdk\10.0.100\Sdks\Microsoft.NET.Sdk\targets\Microsoft.NET.DefaultOutputPaths.targets(142,5): message : Property reassignment: $(OutputPath)="bin\Debug\net8.0\" (previous value: "bin\Debug\") at C:\Program Files\dotnet\sdk\10.0.100\Sdks\Microsoft.NET.Sdk\targets\Microsoft.NET.DefaultOutputPaths.targets (142,5)
       C:\Program Files\dotnet\sdk\10.0.100\Sdks\Microsoft.NET.Sdk\targets\Microsoft.NET.DefaultOutputPaths.targets(147,5): message : Property reassignment: $(IntermediateOutputPath)="obj\Debug\net8.0\" (previous value: "obj\Debug\") at C:\Program Files\dotnet\sdk\10.0.100\Sdks\Microsoft.NET.Sdk\targets\Microsoft.NET.DefaultOutputPaths.targets (147,5)
       The "DefaultSdkResolver" resolver attempted to resolve the SDK "Microsoft.NET.SDK.WorkloadManifestTargetsLocator".
       Warnings: null
       Errors: MSB4276: The default SDK resolver failed to resolve SDK "Microsoft.NET.SDK.WorkloadManifestTargetsLocator" because directory "C:\Program Files\dotnet\sdk\10.0.100\Sdks\Microsoft.NET.SDK.WorkloadManifestTargetsLocator\Sdk" did not exist.
       The SDK "Microsoft.NET.SDK.WorkloadManifestTargetsLocator" was successfully resolved by the "Microsoft.DotNet.MSBuildWorkloadSdkResolver" resolver to location "C:\Program Files\dotnet\sdk-manifests\10.0.100\microsoft.net.sdk.android\36.1.2" and version "null".
       C:\Program Files\dotnet\sdk\10.0.100\Sdks\Microsoft.NET.Sdk\targets\Microsoft.NET.Sdk.BeforeCommon.targets(371,5): message : Property reassignment: $(RoslynTargetsPath)="C:\Program Files\dotnet\sdk\10.0.100\Sdks\Microsoft.NET.Sdk\targets\..\..\..\Roslyn" (previous value: "C:\Program Files\dotnet\sdk\10.0.100\Roslyn") at C:\Program Files\dotnet\sdk\10.0.100\Sdks\Microsoft.NET.Sdk\targets\Microsoft.NET.Sdk.BeforeCommon.targets (371,5)
       C:\Program Files\dotnet\sdk\10.0.100\Roslyn\Microsoft.Managed.Core.targets(6,5): message : Property reassignment: $(_BuildTasksDirectory)="C:\Program Files\dotnet\sdk\10.0.100\Sdks\Microsoft.NET.Sdk\targets\..\..\..\Roslyn\" (previous value: "C:\Program Files\dotnet\sdk\10.0.100\Roslyn\") at C:\Program Files\dotnet\sdk\10.0.100\Roslyn\Microsoft.Managed.Core.targets (6,5)
       C:\Program Files\dotnet\sdk\10.0.100\Roslyn\Microsoft.CSharp.Core.targets(200,5): message : Property reassignment: $(CommandLineArgsForDesignTimeEvaluation)="-langversion:12.0 -define:TRACE" (previous value: "-langversion:12.0") at C:\Program Files\dotnet\sdk\10.0.100\Roslyn\Microsoft.CSharp.Core.targets (200,5)
       C:\Program Files\dotnet\sdk\10.0.100\Roslyn\Microsoft.CSharp.Core.targets(202,5): message : Property reassignment: $(CommandLineArgsForDesignTimeEvaluation)="-langversion:12.0 -define:TRACE -doc:"obj\Debug\net8.0\do_an_tot_nghiep.xml"" (previous value: "-langversion:12.0 -define:TRACE") at C:\Program Files\dotnet\sdk\10.0.100\Roslyn\Microsoft.CSharp.Core.targets (202,5)
       Assembly loaded during Evaluation: Microsoft.Build.Utilities.Core, Version=15.1.0.0, Culture=neutral, PublicKeyToken=b03f5f7f11d50a3a (location: C:\Program Files\dotnet\sdk\10.0.100\Microsoft.Build.Utilities.Core.dll, MVID: ab0e30c8-73fa-4371-b652-a90186f12a77, AssemblyLoadContext: Default)
       C:\Program Files\dotnet\sdk\10.0.100\Microsoft.Common.CurrentVersion.targets(175,5): message : Property reassignment: $(_DebugSymbolsProduced)="true" (previous value: "false") at C:\Program Files\dotnet\sdk\10.0.100\Microsoft.Common.CurrentVersion.targets (175,5)
       C:\Program Files\dotnet\sdk\10.0.100\Microsoft.Common.CurrentVersion.targets(392,5): message : Property reassignment: $(MSBuildCopyMarkerName)="do_an_to.3584ED03" (previous value: "do_an_tot_nghiep.csproj") at C:\Program Files\dotnet\sdk\10.0.100\Microsoft.Common.CurrentVersion.targets (392,5)
       C:\Program Files\dotnet\sdk\10.0.100\Microsoft.Common.CurrentVersion.targets(393,5): message : Property reassignment: $(MSBuildCopyMarkerName)="do_an_to.3584ED03.Up2Date" (previous value: "do_an_to.3584ED03") at C:\Program Files\dotnet\sdk\10.0.100\Microsoft.Common.CurrentVersion.targets (393,5)
       C:\Program Files\dotnet\sdk\10.0.100\Microsoft.Common.CurrentVersion.targets(541,5): message : Property reassignment: $(ProcessorArchitecture)="msil" (previous value: "") at C:\Program Files\dotnet\sdk\10.0.100\Microsoft.Common.CurrentVersion.targets (541,5)
       C:\Program Files\dotnet\sdk\10.0.100\Microsoft.Common.CurrentVersion.targets(580,5): message : Property reassignment: $(DelaySign)="" (previous value: "false") at C:\Program Files\dotnet\sdk\10.0.100\Microsoft.Common.CurrentVersion.targets (580,5)
       C:\Program Files\dotnet\sdk\10.0.100\Microsoft.Common.CurrentVersion.targets(2606,5): message : Property 'LOCALAPPDATA' with value 'C:\Users\toduc\AppData\Local' expanded from the environment.
       C:\Program Files\dotnet\sdk\10.0.100\Microsoft.Common.CurrentVersion.targets(3934,5): message : Property reassignment: $(_SGenGenerateSerializationAssembliesConfig)="Auto" (previous value: "") at C:\Program Files\dotnet\sdk\10.0.100\Microsoft.Common.CurrentVersion.targets (3934,5)
       C:\Program Files\dotnet\sdk\10.0.100\Microsoft.Common.CurrentVersion.targets(3935,5): message : Property reassignment: $(_SGenGenerateSerializationAssembliesConfig)="Off" (previous value: "Auto") at C:\Program Files\dotnet\sdk\10.0.100\Microsoft.Common.CurrentVersion.targets (3935,5)
       C:\Program Files\dotnet\sdk\10.0.100\Microsoft.Common.CurrentVersion.targets(5146,5): message : Property reassignment: $(_TargetsThatPrepareProjectReferences)="
       C:\Program Files\dotnet\sdk\10.0.100\Microsoft.Common.CurrentVersion.targets(5146,5): message :       AssignProjectConfiguration;
       C:\Program Files\dotnet\sdk\10.0.100\Microsoft.Common.CurrentVersion.targets(5146,5): message :       _SplitProjectReferencesByFileExistence
       C:\Program Files\dotnet\sdk\10.0.100\Microsoft.Common.CurrentVersion.targets(5146,5): message :     " (previous value: "_SplitProjectReferencesByFileExistence") at C:\Program Files\dotnet\sdk\10.0.100\Microsoft.Common.CurrentVersion.targets (5146,5)
       C:\Program Files\dotnet\sdk\10.0.100\Microsoft.Common.CurrentVersion.targets(6959,5): message : Property 'MSBuildExtensionsPath32' with value 'C:\Program Files\dotnet\sdk\10.0.100' expanded from the environment.
       The "NuGetInteractive" property is a global property, and cannot be modified.
       C:\Program Files\dotnet\sdk\10.0.100\Sdks\Microsoft.NET.Sdk\targets\Microsoft.PackageDependencyResolution.targets(24,5): message : Property reassignment: $(ProjectAssetsFile)="C:\Users\toduc\Downloads\SmartStay\obj\project.assets.json" (previous value: "C:\Users\toduc\Downloads\SmartStay\obj\/project.assets.json") at C:\Program Files\dotnet\sdk\10.0.100\Sdks\Microsoft.NET.Sdk\targets\Microsoft.PackageDependencyResolution.targets (24,5)
       C:\Program Files\dotnet\sdk\10.0.100\Sdks\Microsoft.NET.Sdk\targets\Microsoft.PackageDependencyResolution.targets(29,5): message : Property reassignment: $(ProjectAssetsCacheFile)="C:\Users\toduc\Downloads\SmartStay\obj\Debug\net8.0\do_an_tot_nghiep.assets.cache" (previous value: "obj\Debug\net8.0\do_an_tot_nghiep.assets.cache") at C:\Program Files\dotnet\sdk\10.0.100\Sdks\Microsoft.NET.Sdk\targets\Microsoft.PackageDependencyResolution.targets (29,5)
       C:\Program Files\dotnet\sdk\10.0.100\Sdks\Microsoft.NET.Sdk\targets\Microsoft.PackageDependencyResolution.targets(80,5): message : Property reassignment: $(ResolveAssemblyReferencesDependsOn)="
       C:\Program Files\dotnet\sdk\10.0.100\Sdks\Microsoft.NET.Sdk\targets\Microsoft.PackageDependencyResolution.targets(80,5): message :       
       C:\Program Files\dotnet\sdk\10.0.100\Sdks\Microsoft.NET.Sdk\targets\Microsoft.PackageDependencyResolution.targets(80,5): message :       ResolveProjectReferences;
       C:\Program Files\dotnet\sdk\10.0.100\Sdks\Microsoft.NET.Sdk\targets\Microsoft.PackageDependencyResolution.targets(80,5): message :       FindInvalidProjectReferences;
       C:\Program Files\dotnet\sdk\10.0.100\Sdks\Microsoft.NET.Sdk\targets\Microsoft.PackageDependencyResolution.targets(80,5): message :       GetFrameworkPaths;
       C:\Program Files\dotnet\sdk\10.0.100\Sdks\Microsoft.NET.Sdk\targets\Microsoft.PackageDependencyResolution.targets(80,5): message :       GetReferenceAssemblyPaths;
       C:\Program Files\dotnet\sdk\10.0.100\Sdks\Microsoft.NET.Sdk\targets\Microsoft.PackageDependencyResolution.targets(80,5): message :       PrepareForBuild;
       C:\Program Files\dotnet\sdk\10.0.100\Sdks\Microsoft.NET.Sdk\targets\Microsoft.PackageDependencyResolution.targets(80,5): message :       ResolveSDKReferences;
       C:\Program Files\dotnet\sdk\10.0.100\Sdks\Microsoft.NET.Sdk\targets\Microsoft.PackageDependencyResolution.targets(80,5): message :       ExpandSDKReferences;
       C:\Program Files\dotnet\sdk\10.0.100\Sdks\Microsoft.NET.Sdk\targets\Microsoft.PackageDependencyResolution.targets(80,5): message :     ;
       C:\Program Files\dotnet\sdk\10.0.100\Sdks\Microsoft.NET.Sdk\targets\Microsoft.PackageDependencyResolution.targets(80,5): message :       ResolvePackageDependenciesForBuild;
       C:\Program Files\dotnet\sdk\10.0.100\Sdks\Microsoft.NET.Sdk\targets\Microsoft.PackageDependencyResolution.targets(80,5): message :       _HandlePackageFileConflicts;
       C:\Program Files\dotnet\sdk\10.0.100\Sdks\Microsoft.NET.Sdk\targets\Microsoft.PackageDependencyResolution.targets(80,5): message :     " (previous value: "
       C:\Program Files\dotnet\sdk\10.0.100\Sdks\Microsoft.NET.Sdk\targets\Microsoft.PackageDependencyResolution.targets(80,5): message :       ResolveProjectReferences;
       C:\Program Files\dotnet\sdk\10.0.100\Sdks\Microsoft.NET.Sdk\targets\Microsoft.PackageDependencyResolution.targets(80,5): message :       FindInvalidProjectReferences;
       C:\Program Files\dotnet\sdk\10.0.100\Sdks\Microsoft.NET.Sdk\targets\Microsoft.PackageDependencyResolution.targets(80,5): message :       GetFrameworkPaths;
       C:\Program Files\dotnet\sdk\10.0.100\Sdks\Microsoft.NET.Sdk\targets\Microsoft.PackageDependencyResolution.targets(80,5): message :       GetReferenceAssemblyPaths;
       C:\Program Files\dotnet\sdk\10.0.100\Sdks\Microsoft.NET.Sdk\targets\Microsoft.PackageDependencyResolution.targets(80,5): message :       PrepareForBuild;
       C:\Program Files\dotnet\sdk\10.0.100\Sdks\Microsoft.NET.Sdk\targets\Microsoft.PackageDependencyResolution.targets(80,5): message :       ResolveSDKReferences;
       C:\Program Files\dotnet\sdk\10.0.100\Sdks\Microsoft.NET.Sdk\targets\Microsoft.PackageDependencyResolution.targets(80,5): message :       ExpandSDKReferences;
       C:\Program Files\dotnet\sdk\10.0.100\Sdks\Microsoft.NET.Sdk\targets\Microsoft.PackageDependencyResolution.targets(80,5): message :     ") at C:\Program Files\dotnet\sdk\10.0.100\Sdks\Microsoft.NET.Sdk\targets\Microsoft.PackageDependencyResolution.targets (80,5)
       C:\Program Files\dotnet\sdk\10.0.100\Sdks\Microsoft.NET.Sdk\targets\Microsoft.PackageDependencyResolution.targets(86,5): message : Property reassignment: $(PrepareResourcesDependsOn)="
       C:\Program Files\dotnet\sdk\10.0.100\Sdks\Microsoft.NET.Sdk\targets\Microsoft.PackageDependencyResolution.targets(86,5): message :       ResolvePackageDependenciesForBuild;
       C:\Program Files\dotnet\sdk\10.0.100\Sdks\Microsoft.NET.Sdk\targets\Microsoft.PackageDependencyResolution.targets(86,5): message :       _HandlePackageFileConflicts;
       C:\Program Files\dotnet\sdk\10.0.100\Sdks\Microsoft.NET.Sdk\targets\Microsoft.PackageDependencyResolution.targets(86,5): message :       
       C:\Program Files\dotnet\sdk\10.0.100\Sdks\Microsoft.NET.Sdk\targets\Microsoft.PackageDependencyResolution.targets(86,5): message :       ;
       C:\Program Files\dotnet\sdk\10.0.100\Sdks\Microsoft.NET.Sdk\targets\Microsoft.PackageDependencyResolution.targets(86,5): message :       PrepareResourceNames;
       C:\Program Files\dotnet\sdk\10.0.100\Sdks\Microsoft.NET.Sdk\targets\Microsoft.PackageDependencyResolution.targets(86,5): message :       ResGen;
       C:\Program Files\dotnet\sdk\10.0.100\Sdks\Microsoft.NET.Sdk\targets\Microsoft.PackageDependencyResolution.targets(86,5): message :       CompileLicxFiles
       C:\Program Files\dotnet\sdk\10.0.100\Sdks\Microsoft.NET.Sdk\targets\Microsoft.PackageDependencyResolution.targets(86,5): message :     
       C:\Program Files\dotnet\sdk\10.0.100\Sdks\Microsoft.NET.Sdk\targets\Microsoft.PackageDependencyResolution.targets(86,5): message :     " (previous value: "
       C:\Program Files\dotnet\sdk\10.0.100\Sdks\Microsoft.NET.Sdk\targets\Microsoft.PackageDependencyResolution.targets(86,5): message :       ;
       C:\Program Files\dotnet\sdk\10.0.100\Sdks\Microsoft.NET.Sdk\targets\Microsoft.PackageDependencyResolution.targets(86,5): message :       PrepareResourceNames;
       C:\Program Files\dotnet\sdk\10.0.100\Sdks\Microsoft.NET.Sdk\targets\Microsoft.PackageDependencyResolution.targets(86,5): message :       ResGen;
       C:\Program Files\dotnet\sdk\10.0.100\Sdks\Microsoft.NET.Sdk\targets\Microsoft.PackageDependencyResolution.targets(86,5): message :       CompileLicxFiles
       C:\Program Files\dotnet\sdk\10.0.100\Sdks\Microsoft.NET.Sdk\targets\Microsoft.PackageDependencyResolution.targets(86,5): message :     ") at C:\Program Files\dotnet\sdk\10.0.100\Sdks\Microsoft.NET.Sdk\targets\Microsoft.PackageDependencyResolution.targets (86,5)
       The "EnableDefaultCompileItems" property is a global property, and cannot be modified.
       The "EnableDefaultEmbeddedResourceItems" property is a global property, and cannot be modified.
       The "EnableDefaultNoneItems" property is a global property, and cannot be modified.
       C:\Program Files\dotnet\sdk\10.0.100\Sdks\Microsoft.NET.Sdk\targets\Microsoft.NET.Sdk.DefaultItems.targets(35,5): message : Property reassignment: $(DefaultItemExcludes)=";**\node_modules\**;node_modules\**;**\jspm_packages\**;jspm_packages\**;**\bower_components\**;bower_components\**;**\packages.lock.json;bin\Debug\/**;obj\Debug\/**;bin\/**" (previous value: ";**\node_modules\**;node_modules\**;**\jspm_packages\**;jspm_packages\**;**\bower_components\**;bower_components\**;**\packages.lock.json;bin\Debug\/**;obj\Debug\/**") at C:\Program Files\dotnet\sdk\10.0.100\Sdks\Microsoft.NET.Sdk\targets\Microsoft.NET.Sdk.DefaultItems.targets (35,5)
       C:\Program Files\dotnet\sdk\10.0.100\Sdks\Microsoft.NET.Sdk\targets\Microsoft.NET.Sdk.DefaultItems.targets(37,5): message : Property reassignment: $(DefaultItemExcludes)=";**\node_modules\**;node_modules\**;**\jspm_packages\**;jspm_packages\**;**\bower_components\**;bower_components\**;**\packages.lock.json;bin\Debug\/**;obj\Debug\/**;bin\/**;obj\/**" (previous value: ";**\node_modules\**;node_modules\**;**\jspm_packages\**;jspm_packages\**;**\bower_components\**;bower_components\**;**\packages.lock.json;bin\Debug\/**;obj\Debug\/**;bin\/**") at C:\Program Files\dotnet\sdk\10.0.100\Sdks\Microsoft.NET.Sdk\targets\Microsoft.NET.Sdk.DefaultItems.targets (37,5)
       C:\Program Files\dotnet\sdk\10.0.100\Sdks\Microsoft.NET.Sdk\targets\Microsoft.NET.Sdk.DefaultItems.targets(40,5): message : Property reassignment: $(DefaultItemExcludes)=";**\node_modules\**;node_modules\**;**\jspm_packages\**;jspm_packages\**;**\bower_components\**;bower_components\**;**\packages.lock.json;bin\Debug\/**;obj\Debug\/**;bin\/**;obj\/**;**/*.user" (previous value: ";**\node_modules\**;node_modules\**;**\jspm_packages\**;jspm_packages\**;**\bower_components\**;bower_components\**;**\packages.lock.json;bin\Debug\/**;obj\Debug\/**;bin\/**;obj\/**") at C:\Program Files\dotnet\sdk\10.0.100\Sdks\Microsoft.NET.Sdk\targets\Microsoft.NET.Sdk.DefaultItems.targets (40,5)
       C:\Program Files\dotnet\sdk\10.0.100\Sdks\Microsoft.NET.Sdk\targets\Microsoft.NET.Sdk.DefaultItems.targets(41,5): message : Property reassignment: $(DefaultItemExcludes)=";**\node_modules\**;node_modules\**;**\jspm_packages\**;jspm_packages\**;**\bower_components\**;bower_components\**;**\packages.lock.json;bin\Debug\/**;obj\Debug\/**;bin\/**;obj\/**;**/*.user;**/*.*proj" (previous value: ";**\node_modules\**;node_modules\**;**\jspm_packages\**;jspm_packages\**;**\bower_components\**;bower_components\**;**\packages.lock.json;bin\Debug\/**;obj\Debug\/**;bin\/**;obj\/**;**/*.user") at C:\Program Files\dotnet\sdk\10.0.100\Sdks\Microsoft.NET.Sdk\targets\Microsoft.NET.Sdk.DefaultItems.targets (41,5)
       C:\Program Files\dotnet\sdk\10.0.100\Sdks\Microsoft.NET.Sdk\targets\Microsoft.NET.Sdk.DefaultItems.targets(42,5): message : Property reassignment: $(DefaultItemExcludes)=";**\node_modules\**;node_modules\**;**\jspm_packages\**;jspm_packages\**;**\bower_components\**;bower_components\**;**\packages.lock.json;bin\Debug\/**;obj\Debug\/**;bin\/**;obj\/**;**/*.user;**/*.*proj;**/*.sln" (previous value: ";**\node_modules\**;node_modules\**;**\jspm_packages\**;jspm_packages\**;**\bower_components\**;bower_components\**;**\packages.lock.json;bin\Debug\/**;obj\Debug\/**;bin\/**;obj\/**;**/*.user;**/*.*proj") at C:\Program Files\dotnet\sdk\10.0.100\Sdks\Microsoft.NET.Sdk\targets\Microsoft.NET.Sdk.DefaultItems.targets (42,5)
       C:\Program Files\dotnet\sdk\10.0.100\Sdks\Microsoft.NET.Sdk\targets\Microsoft.NET.Sdk.DefaultItems.targets(43,5): message : Property reassignment: $(DefaultItemExcludes)=";**\node_modules\**;node_modules\**;**\jspm_packages\**;jspm_packages\**;**\bower_components\**;bower_components\**;**\packages.lock.json;bin\Debug\/**;obj\Debug\/**;bin\/**;obj\/**;**/*.user;**/*.*proj;**/*.sln;**/*.slnx" (previous value: ";**\node_modules\**;node_modules\**;**\jspm_packages\**;jspm_packages\**;**\bower_components\**;bower_components\**;**\packages.lock.json;bin\Debug\/**;obj\Debug\/**;bin\/**;obj\/**;**/*.user;**/*.*proj;**/*.sln") at C:\Program Files\dotnet\sdk\10.0.100\Sdks\Microsoft.NET.Sdk\targets\Microsoft.NET.Sdk.DefaultItems.targets (43,5)
       C:\Program Files\dotnet\sdk\10.0.100\Sdks\Microsoft.NET.Sdk\targets\Microsoft.NET.Sdk.DefaultItems.targets(44,5): message : Property reassignment: $(DefaultItemExcludes)=";**\node_modules\**;node_modules\**;**\jspm_packages\**;jspm_packages\**;**\bower_components\**;bower_components\**;**\packages.lock.json;bin\Debug\/**;obj\Debug\/**;bin\/**;obj\/**;**/*.user;**/*.*proj;**/*.sln;**/*.slnx;**/*.vssscc" (previous value: ";**\node_modules\**;node_modules\**;**\jspm_packages\**;jspm_packages\**;**\bower_components\**;bower_components\**;**\packages.lock.json;bin\Debug\/**;obj\Debug\/**;bin\/**;obj\/**;**/*.user;**/*.*proj;**/*.sln;**/*.slnx") at C:\Program Files\dotnet\sdk\10.0.100\Sdks\Microsoft.NET.Sdk\targets\Microsoft.NET.Sdk.DefaultItems.targets (44,5)
       C:\Program Files\dotnet\sdk\10.0.100\Sdks\Microsoft.NET.Sdk\targets\Microsoft.NET.Sdk.DefaultItems.targets(45,5): message : Property reassignment: $(DefaultItemExcludes)=";**\node_modules\**;node_modules\**;**\jspm_packages\**;jspm_packages\**;**\bower_components\**;bower_components\**;**\packages.lock.json;bin\Debug\/**;obj\Debug\/**;bin\/**;obj\/**;**/*.user;**/*.*proj;**/*.sln;**/*.slnx;**/*.vssscc;**/.DS_Store" (previous value: ";**\node_modules\**;node_modules\**;**\jspm_packages\**;jspm_packages\**;**\bower_components\**;bower_components\**;**\packages.lock.json;bin\Debug\/**;obj\Debug\/**;bin\/**;obj\/**;**/*.user;**/*.*proj;**/*.sln;**/*.slnx;**/*.vssscc") at C:\Program Files\dotnet\sdk\10.0.100\Sdks\Microsoft.NET.Sdk\targets\Microsoft.NET.Sdk.DefaultItems.targets (45,5)
       C:\Program Files\dotnet\sdk\10.0.100\Sdks\Microsoft.NET.Sdk\targets\Microsoft.NET.Sdk.FrameworkReferenceResolution.targets(14,5): message : Property reassignment: $(ResolveAssemblyReferencesDependsOn)="
       C:\Program Files\dotnet\sdk\10.0.100\Sdks\Microsoft.NET.Sdk\targets\Microsoft.NET.Sdk.FrameworkReferenceResolution.targets(14,5): message :       
       C:\Program Files\dotnet\sdk\10.0.100\Sdks\Microsoft.NET.Sdk\targets\Microsoft.NET.Sdk.FrameworkReferenceResolution.targets(14,5): message :       
       C:\Program Files\dotnet\sdk\10.0.100\Sdks\Microsoft.NET.Sdk\targets\Microsoft.NET.Sdk.FrameworkReferenceResolution.targets(14,5): message :       ResolveProjectReferences;
       C:\Program Files\dotnet\sdk\10.0.100\Sdks\Microsoft.NET.Sdk\targets\Microsoft.NET.Sdk.FrameworkReferenceResolution.targets(14,5): message :       FindInvalidProjectReferences;
       C:\Program Files\dotnet\sdk\10.0.100\Sdks\Microsoft.NET.Sdk\targets\Microsoft.NET.Sdk.FrameworkReferenceResolution.targets(14,5): message :       GetFrameworkPaths;
       C:\Program Files\dotnet\sdk\10.0.100\Sdks\Microsoft.NET.Sdk\targets\Microsoft.NET.Sdk.FrameworkReferenceResolution.targets(14,5): message :       GetReferenceAssemblyPaths;
       C:\Program Files\dotnet\sdk\10.0.100\Sdks\Microsoft.NET.Sdk\targets\Microsoft.NET.Sdk.FrameworkReferenceResolution.targets(14,5): message :       PrepareForBuild;
       C:\Program Files\dotnet\sdk\10.0.100\Sdks\Microsoft.NET.Sdk\targets\Microsoft.NET.Sdk.FrameworkReferenceResolution.targets(14,5): message :       ResolveSDKReferences;
       C:\Program Files\dotnet\sdk\10.0.100\Sdks\Microsoft.NET.Sdk\targets\Microsoft.NET.Sdk.FrameworkReferenceResolution.targets(14,5): message :       ExpandSDKReferences;
       C:\Program Files\dotnet\sdk\10.0.100\Sdks\Microsoft.NET.Sdk\targets\Microsoft.NET.Sdk.FrameworkReferenceResolution.targets(14,5): message :     ;
       C:\Program Files\dotnet\sdk\10.0.100\Sdks\Microsoft.NET.Sdk\targets\Microsoft.NET.Sdk.FrameworkReferenceResolution.targets(14,5): message :       ResolvePackageDependenciesForBuild;
       C:\Program Files\dotnet\sdk\10.0.100\Sdks\Microsoft.NET.Sdk\targets\Microsoft.NET.Sdk.FrameworkReferenceResolution.targets(14,5): message :       _HandlePackageFileConflicts;
       C:\Program Files\dotnet\sdk\10.0.100\Sdks\Microsoft.NET.Sdk\targets\Microsoft.NET.Sdk.FrameworkReferenceResolution.targets(14,5): message :     ;
       C:\Program Files\dotnet\sdk\10.0.100\Sdks\Microsoft.NET.Sdk\targets\Microsoft.NET.Sdk.FrameworkReferenceResolution.targets(14,5): message :       ResolveTargetingPackAssets;
       C:\Program Files\dotnet\sdk\10.0.100\Sdks\Microsoft.NET.Sdk\targets\Microsoft.NET.Sdk.FrameworkReferenceResolution.targets(14,5): message :     " (previous value: "
       C:\Program Files\dotnet\sdk\10.0.100\Sdks\Microsoft.NET.Sdk\targets\Microsoft.NET.Sdk.FrameworkReferenceResolution.targets(14,5): message :       
       C:\Program Files\dotnet\sdk\10.0.100\Sdks\Microsoft.NET.Sdk\targets\Microsoft.NET.Sdk.FrameworkReferenceResolution.targets(14,5): message :       ResolveProjectReferences;
       C:\Program Files\dotnet\sdk\10.0.100\Sdks\Microsoft.NET.Sdk\targets\Microsoft.NET.Sdk.FrameworkReferenceResolution.targets(14,5): message :       FindInvalidProjectReferences;
       C:\Program Files\dotnet\sdk\10.0.100\Sdks\Microsoft.NET.Sdk\targets\Microsoft.NET.Sdk.FrameworkReferenceResolution.targets(14,5): message :       GetFrameworkPaths;
       C:\Program Files\dotnet\sdk\10.0.100\Sdks\Microsoft.NET.Sdk\targets\Microsoft.NET.Sdk.FrameworkReferenceResolution.targets(14,5): message :       GetReferenceAssemblyPaths;
       C:\Program Files\dotnet\sdk\10.0.100\Sdks\Microsoft.NET.Sdk\targets\Microsoft.NET.Sdk.FrameworkReferenceResolution.targets(14,5): message :       PrepareForBuild;
       C:\Program Files\dotnet\sdk\10.0.100\Sdks\Microsoft.NET.Sdk\targets\Microsoft.NET.Sdk.FrameworkReferenceResolution.targets(14,5): message :       ResolveSDKReferences;
       C:\Program Files\dotnet\sdk\10.0.100\Sdks\Microsoft.NET.Sdk\targets\Microsoft.NET.Sdk.FrameworkReferenceResolution.targets(14,5): message :       ExpandSDKReferences;
       C:\Program Files\dotnet\sdk\10.0.100\Sdks\Microsoft.NET.Sdk\targets\Microsoft.NET.Sdk.FrameworkReferenceResolution.targets(14,5): message :     ;
       C:\Program Files\dotnet\sdk\10.0.100\Sdks\Microsoft.NET.Sdk\targets\Microsoft.NET.Sdk.FrameworkReferenceResolution.targets(14,5): message :       ResolvePackageDependenciesForBuild;
       C:\Program Files\dotnet\sdk\10.0.100\Sdks\Microsoft.NET.Sdk\targets\Microsoft.NET.Sdk.FrameworkReferenceResolution.targets(14,5): message :       _HandlePackageFileConflicts;
       C:\Program Files\dotnet\sdk\10.0.100\Sdks\Microsoft.NET.Sdk\targets\Microsoft.NET.Sdk.FrameworkReferenceResolution.targets(14,5): message :     ") at C:\Program Files\dotnet\sdk\10.0.100\Sdks\Microsoft.NET.Sdk\targets\Microsoft.NET.Sdk.FrameworkReferenceResolution.targets (14,5)
       C:\Program Files\dotnet\sdk\10.0.100\Sdks\Microsoft.NET.Sdk\targets\Microsoft.NET.Sdk.targets(44,5): message : Property reassignment: $(_GenerateRuntimeConfigurationPropertyInputsCache)="C:\Users\toduc\Downloads\SmartStay\obj\Debug\net8.0\do_an_tot_nghiep.genruntimeconfig.cache" (previous value: "obj\Debug\net8.0\do_an_tot_nghiep.genruntimeconfig.cache") at C:\Program Files\dotnet\sdk\10.0.100\Sdks\Microsoft.NET.Sdk\targets\Microsoft.NET.Sdk.targets (44,5)
       C:\Program Files\dotnet\sdk\10.0.100\Sdks\Microsoft.NET.Sdk\targets\Microsoft.NET.Sdk.targets(46,5): message : Property reassignment: $(_GeneratePublishDependencyFilePropertyInputsCache)="C:\Users\toduc\Downloads\SmartStay\obj\Debug\net8.0\do_an_tot_nghiep.genpublishdeps.cache" (previous value: "obj\Debug\net8.0\do_an_tot_nghiep.genpublishdeps.cache") at C:\Program Files\dotnet\sdk\10.0.100\Sdks\Microsoft.NET.Sdk\targets\Microsoft.NET.Sdk.targets (46,5)
       C:\Program Files\dotnet\sdk\10.0.100\Sdks\Microsoft.NET.Sdk\targets\Microsoft.NET.Sdk.targets(48,5): message : Property reassignment: $(_GenerateSingleFileBundlePropertyInputsCache)="C:\Users\toduc\Downloads\SmartStay\obj\Debug\net8.0\do_an_tot_nghiep.genbundle.cache" (previous value: "obj\Debug\net8.0\do_an_tot_nghiep.genbundle.cache") at C:\Program Files\dotnet\sdk\10.0.100\Sdks\Microsoft.NET.Sdk\targets\Microsoft.NET.Sdk.targets (48,5)
       C:\Program Files\dotnet\sdk\10.0.100\Sdks\Microsoft.NET.Sdk\targets\Microsoft.NET.Sdk.targets(81,5): message : Property reassignment: $(GenerateRuntimeConfigDevFile)="false" (previous value: "true") at C:\Program Files\dotnet\sdk\10.0.100\Sdks\Microsoft.NET.Sdk\targets\Microsoft.NET.Sdk.targets (81,5)
       C:\Program Files\dotnet\sdk\10.0.100\Sdks\Microsoft.NET.Sdk\targets\Microsoft.NET.Sdk.targets(98,5): message : Property 'USERPROFILE' with value 'C:\Users\toduc' expanded from the environment.
       C:\Program Files\dotnet\sdk\10.0.100\Sdks\Microsoft.NET.Sdk\targets\Microsoft.NET.Sdk.targets(98,5): message : Property reassignment: $(_DefaultUserProfileRuntimeStorePath)="C:\Users\toduc" (previous value: "") at C:\Program Files\dotnet\sdk\10.0.100\Sdks\Microsoft.NET.Sdk\targets\Microsoft.NET.Sdk.targets (98,5)
       C:\Program Files\dotnet\sdk\10.0.100\Sdks\Microsoft.NET.Sdk\targets\Microsoft.NET.Sdk.targets(99,5): message : Property reassignment: $(_DefaultUserProfileRuntimeStorePath)="C:\Users\toduc\.dotnet\store" (previous value: "C:\Users\toduc") at C:\Program Files\dotnet\sdk\10.0.100\Sdks\Microsoft.NET.Sdk\targets\Microsoft.NET.Sdk.targets (99,5)
       C:\Program Files\dotnet\sdk\10.0.100\Sdks\Microsoft.NET.Sdk\targets\Microsoft.NET.Sdk.targets(144,5): message : Property reassignment: $(AvailablePlatforms)="Any CPU,x86,x64,ARM32" (previous value: "Any CPU,x86,x64") at C:\Program Files\dotnet\sdk\10.0.100\Sdks\Microsoft.NET.Sdk\targets\Microsoft.NET.Sdk.targets (144,5)
       C:\Program Files\dotnet\sdk\10.0.100\Sdks\Microsoft.NET.Sdk\targets\Microsoft.NET.Sdk.targets(148,5): message : Property reassignment: $(AvailablePlatforms)="Any CPU,x86,x64,ARM32,ARM64" (previous value: "Any CPU,x86,x64,ARM32") at C:\Program Files\dotnet\sdk\10.0.100\Sdks\Microsoft.NET.Sdk\targets\Microsoft.NET.Sdk.targets (148,5)
       C:\Program Files\dotnet\sdk\10.0.100\Sdks\Microsoft.NET.Sdk\targets\Microsoft.NET.Sdk.targets(204,5): message : Property reassignment: $(CoreBuildDependsOn)="
       C:\Program Files\dotnet\sdk\10.0.100\Sdks\Microsoft.NET.Sdk\targets\Microsoft.NET.Sdk.targets(204,5): message :       _CheckForBuildWithNoBuild;
       C:\Program Files\dotnet\sdk\10.0.100\Sdks\Microsoft.NET.Sdk\targets\Microsoft.NET.Sdk.targets(204,5): message :       
       C:\Program Files\dotnet\sdk\10.0.100\Sdks\Microsoft.NET.Sdk\targets\Microsoft.NET.Sdk.targets(204,5): message :       BuildOnlySettings;
       C:\Program Files\dotnet\sdk\10.0.100\Sdks\Microsoft.NET.Sdk\targets\Microsoft.NET.Sdk.targets(204,5): message :       PrepareForBuild;
       C:\Program Files\dotnet\sdk\10.0.100\Sdks\Microsoft.NET.Sdk\targets\Microsoft.NET.Sdk.targets(204,5): message :       PreBuildEvent;
       C:\Program Files\dotnet\sdk\10.0.100\Sdks\Microsoft.NET.Sdk\targets\Microsoft.NET.Sdk.targets(204,5): message :       ResolveReferences;
       C:\Program Files\dotnet\sdk\10.0.100\Sdks\Microsoft.NET.Sdk\targets\Microsoft.NET.Sdk.targets(204,5): message :       PrepareResources;
       C:\Program Files\dotnet\sdk\10.0.100\Sdks\Microsoft.NET.Sdk\targets\Microsoft.NET.Sdk.targets(204,5): message :       ResolveKeySource;
       C:\Program Files\dotnet\sdk\10.0.100\Sdks\Microsoft.NET.Sdk\targets\Microsoft.NET.Sdk.targets(204,5): message :       Compile;
       C:\Program Files\dotnet\sdk\10.0.100\Sdks\Microsoft.NET.Sdk\targets\Microsoft.NET.Sdk.targets(204,5): message :       ExportWindowsMDFile;
       C:\Program Files\dotnet\sdk\10.0.100\Sdks\Microsoft.NET.Sdk\targets\Microsoft.NET.Sdk.targets(204,5): message :       UnmanagedUnregistration;
       C:\Program Files\dotnet\sdk\10.0.100\Sdks\Microsoft.NET.Sdk\targets\Microsoft.NET.Sdk.targets(204,5): message :       GenerateSerializationAssemblies;
       C:\Program Files\dotnet\sdk\10.0.100\Sdks\Microsoft.NET.Sdk\targets\Microsoft.NET.Sdk.targets(204,5): message :       CreateSatelliteAssemblies;
       C:\Program Files\dotnet\sdk\10.0.100\Sdks\Microsoft.NET.Sdk\targets\Microsoft.NET.Sdk.targets(204,5): message :       GenerateManifests;
       C:\Program Files\dotnet\sdk\10.0.100\Sdks\Microsoft.NET.Sdk\targets\Microsoft.NET.Sdk.targets(204,5): message :       GetTargetPath;
       C:\Program Files\dotnet\sdk\10.0.100\Sdks\Microsoft.NET.Sdk\targets\Microsoft.NET.Sdk.targets(204,5): message :       PrepareForRun;
       C:\Program Files\dotnet\sdk\10.0.100\Sdks\Microsoft.NET.Sdk\targets\Microsoft.NET.Sdk.targets(204,5): message :       UnmanagedRegistration;
       C:\Program Files\dotnet\sdk\10.0.100\Sdks\Microsoft.NET.Sdk\targets\Microsoft.NET.Sdk.targets(204,5): message :       IncrementalClean;
       C:\Program Files\dotnet\sdk\10.0.100\Sdks\Microsoft.NET.Sdk\targets\Microsoft.NET.Sdk.targets(204,5): message :       PostBuildEvent
       C:\Program Files\dotnet\sdk\10.0.100\Sdks\Microsoft.NET.Sdk\targets\Microsoft.NET.Sdk.targets(204,5): message :     ;
       C:\Program Files\dotnet\sdk\10.0.100\Sdks\Microsoft.NET.Sdk\targets\Microsoft.NET.Sdk.targets(204,5): message :       GenerateBuildDependencyFile;
       C:\Program Files\dotnet\sdk\10.0.100\Sdks\Microsoft.NET.Sdk\targets\Microsoft.NET.Sdk.targets(204,5): message :       GenerateBuildRuntimeConfigurationFiles
       C:\Program Files\dotnet\sdk\10.0.100\Sdks\Microsoft.NET.Sdk\targets\Microsoft.NET.Sdk.targets(204,5): message :     " (previous value: "
       C:\Program Files\dotnet\sdk\10.0.100\Sdks\Microsoft.NET.Sdk\targets\Microsoft.NET.Sdk.targets(204,5): message :       BuildOnlySettings;
       C:\Program Files\dotnet\sdk\10.0.100\Sdks\Microsoft.NET.Sdk\targets\Microsoft.NET.Sdk.targets(204,5): message :       PrepareForBuild;
       C:\Program Files\dotnet\sdk\10.0.100\Sdks\Microsoft.NET.Sdk\targets\Microsoft.NET.Sdk.targets(204,5): message :       PreBuildEvent;
       C:\Program Files\dotnet\sdk\10.0.100\Sdks\Microsoft.NET.Sdk\targets\Microsoft.NET.Sdk.targets(204,5): message :       ResolveReferences;
       C:\Program Files\dotnet\sdk\10.0.100\Sdks\Microsoft.NET.Sdk\targets\Microsoft.NET.Sdk.targets(204,5): message :       PrepareResources;
       C:\Program Files\dotnet\sdk\10.0.100\Sdks\Microsoft.NET.Sdk\targets\Microsoft.NET.Sdk.targets(204,5): message :       ResolveKeySource;
       C:\Program Files\dotnet\sdk\10.0.100\Sdks\Microsoft.NET.Sdk\targets\Microsoft.NET.Sdk.targets(204,5): message :       Compile;
       C:\Program Files\dotnet\sdk\10.0.100\Sdks\Microsoft.NET.Sdk\targets\Microsoft.NET.Sdk.targets(204,5): message :       ExportWindowsMDFile;
       C:\Program Files\dotnet\sdk\10.0.100\Sdks\Microsoft.NET.Sdk\targets\Microsoft.NET.Sdk.targets(204,5): message :       UnmanagedUnregistration;
       C:\Program Files\dotnet\sdk\10.0.100\Sdks\Microsoft.NET.Sdk\targets\Microsoft.NET.Sdk.targets(204,5): message :       GenerateSerializationAssemblies;
       C:\Program Files\dotnet\sdk\10.0.100\Sdks\Microsoft.NET.Sdk\targets\Microsoft.NET.Sdk.targets(204,5): message :       CreateSatelliteAssemblies;
       C:\Program Files\dotnet\sdk\10.0.100\Sdks\Microsoft.NET.Sdk\targets\Microsoft.NET.Sdk.targets(204,5): message :       GenerateManifests;
       C:\Program Files\dotnet\sdk\10.0.100\Sdks\Microsoft.NET.Sdk\targets\Microsoft.NET.Sdk.targets(204,5): message :       GetTargetPath;
       C:\Program Files\dotnet\sdk\10.0.100\Sdks\Microsoft.NET.Sdk\targets\Microsoft.NET.Sdk.targets(204,5): message :       PrepareForRun;
       C:\Program Files\dotnet\sdk\10.0.100\Sdks\Microsoft.NET.Sdk\targets\Microsoft.NET.Sdk.targets(204,5): message :       UnmanagedRegistration;
       C:\Program Files\dotnet\sdk\10.0.100\Sdks\Microsoft.NET.Sdk\targets\Microsoft.NET.Sdk.targets(204,5): message :       IncrementalClean;
       C:\Program Files\dotnet\sdk\10.0.100\Sdks\Microsoft.NET.Sdk\targets\Microsoft.NET.Sdk.targets(204,5): message :       PostBuildEvent
       C:\Program Files\dotnet\sdk\10.0.100\Sdks\Microsoft.NET.Sdk\targets\Microsoft.NET.Sdk.targets(204,5): message :     ") at C:\Program Files\dotnet\sdk\10.0.100\Sdks\Microsoft.NET.Sdk\targets\Microsoft.NET.Sdk.targets (204,5)
       C:\Program Files\dotnet\sdk\10.0.100\Sdks\Microsoft.NET.Sdk\targets\Microsoft.NET.Sdk.targets(213,5): message : Property reassignment: $(CoreCleanDependsOn)="
       C:\Program Files\dotnet\sdk\10.0.100\Sdks\Microsoft.NET.Sdk\targets\Microsoft.NET.Sdk.targets(213,5): message :       _SdkBeforeClean;
       C:\Program Files\dotnet\sdk\10.0.100\Sdks\Microsoft.NET.Sdk\targets\Microsoft.NET.Sdk.targets(213,5): message :       
       C:\Program Files\dotnet\sdk\10.0.100\Sdks\Microsoft.NET.Sdk\targets\Microsoft.NET.Sdk.targets(213,5): message :     " (previous value: "") at C:\Program Files\dotnet\sdk\10.0.100\Sdks\Microsoft.NET.Sdk\targets\Microsoft.NET.Sdk.targets (213,5)
       C:\Program Files\dotnet\sdk\10.0.100\Sdks\Microsoft.NET.Sdk\targets\Microsoft.NET.Sdk.targets(220,5): message : Property reassignment: $(RebuildDependsOn)="
       C:\Program Files\dotnet\sdk\10.0.100\Sdks\Microsoft.NET.Sdk\targets\Microsoft.NET.Sdk.targets(220,5): message :       _SdkBeforeRebuild;
       C:\Program Files\dotnet\sdk\10.0.100\Sdks\Microsoft.NET.Sdk\targets\Microsoft.NET.Sdk.targets(220,5): message :       
       C:\Program Files\dotnet\sdk\10.0.100\Sdks\Microsoft.NET.Sdk\targets\Microsoft.NET.Sdk.targets(220,5): message :       BeforeRebuild;
       C:\Program Files\dotnet\sdk\10.0.100\Sdks\Microsoft.NET.Sdk\targets\Microsoft.NET.Sdk.targets(220,5): message :       Clean;
       C:\Program Files\dotnet\sdk\10.0.100\Sdks\Microsoft.NET.Sdk\targets\Microsoft.NET.Sdk.targets(220,5): message :       Build;
       C:\Program Files\dotnet\sdk\10.0.100\Sdks\Microsoft.NET.Sdk\targets\Microsoft.NET.Sdk.targets(220,5): message :       AfterRebuild;
       C:\Program Files\dotnet\sdk\10.0.100\Sdks\Microsoft.NET.Sdk\targets\Microsoft.NET.Sdk.targets(220,5): message :     
       C:\Program Files\dotnet\sdk\10.0.100\Sdks\Microsoft.NET.Sdk\targets\Microsoft.NET.Sdk.targets(220,5): message :     " (previous value: "
       C:\Program Files\dotnet\sdk\10.0.100\Sdks\Microsoft.NET.Sdk\targets\Microsoft.NET.Sdk.targets(220,5): message :       BeforeRebuild;
       C:\Program Files\dotnet\sdk\10.0.100\Sdks\Microsoft.NET.Sdk\targets\Microsoft.NET.Sdk.targets(220,5): message :       Clean;
       C:\Program Files\dotnet\sdk\10.0.100\Sdks\Microsoft.NET.Sdk\targets\Microsoft.NET.Sdk.targets(220,5): message :       Build;
       C:\Program Files\dotnet\sdk\10.0.100\Sdks\Microsoft.NET.Sdk\targets\Microsoft.NET.Sdk.targets(220,5): message :       AfterRebuild;
       C:\Program Files\dotnet\sdk\10.0.100\Sdks\Microsoft.NET.Sdk\targets\Microsoft.NET.Sdk.targets(220,5): message :     ") at C:\Program Files\dotnet\sdk\10.0.100\Sdks\Microsoft.NET.Sdk\targets\Microsoft.NET.Sdk.targets (220,5)
       C:\Program Files\dotnet\sdk\10.0.100\Sdks\Microsoft.NET.Sdk\targets\Microsoft.NET.Sdk.targets(799,5): message : Property reassignment: $(CompileDependsOn)="
       C:\Program Files\dotnet\sdk\10.0.100\Sdks\Microsoft.NET.Sdk\targets\Microsoft.NET.Sdk.targets(799,5): message :       
       C:\Program Files\dotnet\sdk\10.0.100\Sdks\Microsoft.NET.Sdk\targets\Microsoft.NET.Sdk.targets(799,5): message :       ResolveReferences;
       C:\Program Files\dotnet\sdk\10.0.100\Sdks\Microsoft.NET.Sdk\targets\Microsoft.NET.Sdk.targets(799,5): message :       ResolveKeySource;
       C:\Program Files\dotnet\sdk\10.0.100\Sdks\Microsoft.NET.Sdk\targets\Microsoft.NET.Sdk.targets(799,5): message :       SetWin32ManifestProperties;
       C:\Program Files\dotnet\sdk\10.0.100\Sdks\Microsoft.NET.Sdk\targets\Microsoft.NET.Sdk.targets(799,5): message :       _SetPreferNativeArm64Win32ManifestProperties;
       C:\Program Files\dotnet\sdk\10.0.100\Sdks\Microsoft.NET.Sdk\targets\Microsoft.NET.Sdk.targets(799,5): message :       FindReferenceAssembliesForReferences;
       C:\Program Files\dotnet\sdk\10.0.100\Sdks\Microsoft.NET.Sdk\targets\Microsoft.NET.Sdk.targets(799,5): message :       _GenerateCompileInputs;
       C:\Program Files\dotnet\sdk\10.0.100\Sdks\Microsoft.NET.Sdk\targets\Microsoft.NET.Sdk.targets(799,5): message :       BeforeCompile;
       C:\Program Files\dotnet\sdk\10.0.100\Sdks\Microsoft.NET.Sdk\targets\Microsoft.NET.Sdk.targets(799,5): message :       _TimeStampBeforeCompile;
       C:\Program Files\dotnet\sdk\10.0.100\Sdks\Microsoft.NET.Sdk\targets\Microsoft.NET.Sdk.targets(799,5): message :       _GenerateCompileDependencyCache;
       C:\Program Files\dotnet\sdk\10.0.100\Sdks\Microsoft.NET.Sdk\targets\Microsoft.NET.Sdk.targets(799,5): message :       CoreCompile;
       C:\Program Files\dotnet\sdk\10.0.100\Sdks\Microsoft.NET.Sdk\targets\Microsoft.NET.Sdk.targets(799,5): message :       _TimeStampAfterCompile;
       C:\Program Files\dotnet\sdk\10.0.100\Sdks\Microsoft.NET.Sdk\targets\Microsoft.NET.Sdk.targets(799,5): message :       AfterCompile;
       C:\Program Files\dotnet\sdk\10.0.100\Sdks\Microsoft.NET.Sdk\targets\Microsoft.NET.Sdk.targets(799,5): message :     ;
       C:\Program Files\dotnet\sdk\10.0.100\Sdks\Microsoft.NET.Sdk\targets\Microsoft.NET.Sdk.targets(799,5): message :       _CreateAppHost;
       C:\Program Files\dotnet\sdk\10.0.100\Sdks\Microsoft.NET.Sdk\targets\Microsoft.NET.Sdk.targets(799,5): message :       _CreateComHost;
       C:\Program Files\dotnet\sdk\10.0.100\Sdks\Microsoft.NET.Sdk\targets\Microsoft.NET.Sdk.targets(799,5): message :       _GetIjwHostPaths;
       C:\Program Files\dotnet\sdk\10.0.100\Sdks\Microsoft.NET.Sdk\targets\Microsoft.NET.Sdk.targets(799,5): message :     " (previous value: "
       C:\Program Files\dotnet\sdk\10.0.100\Sdks\Microsoft.NET.Sdk\targets\Microsoft.NET.Sdk.targets(799,5): message :       ResolveReferences;
       C:\Program Files\dotnet\sdk\10.0.100\Sdks\Microsoft.NET.Sdk\targets\Microsoft.NET.Sdk.targets(799,5): message :       ResolveKeySource;
       C:\Program Files\dotnet\sdk\10.0.100\Sdks\Microsoft.NET.Sdk\targets\Microsoft.NET.Sdk.targets(799,5): message :       SetWin32ManifestProperties;
       C:\Program Files\dotnet\sdk\10.0.100\Sdks\Microsoft.NET.Sdk\targets\Microsoft.NET.Sdk.targets(799,5): message :       _SetPreferNativeArm64Win32ManifestProperties;
       C:\Program Files\dotnet\sdk\10.0.100\Sdks\Microsoft.NET.Sdk\targets\Microsoft.NET.Sdk.targets(799,5): message :       FindReferenceAssembliesForReferences;
       C:\Program Files\dotnet\sdk\10.0.100\Sdks\Microsoft.NET.Sdk\targets\Microsoft.NET.Sdk.targets(799,5): message :       _GenerateCompileInputs;
       C:\Program Files\dotnet\sdk\10.0.100\Sdks\Microsoft.NET.Sdk\targets\Microsoft.NET.Sdk.targets(799,5): message :       BeforeCompile;
       C:\Program Files\dotnet\sdk\10.0.100\Sdks\Microsoft.NET.Sdk\targets\Microsoft.NET.Sdk.targets(799,5): message :       _TimeStampBeforeCompile;
       C:\Program Files\dotnet\sdk\10.0.100\Sdks\Microsoft.NET.Sdk\targets\Microsoft.NET.Sdk.targets(799,5): message :       _GenerateCompileDependencyCache;
       C:\Program Files\dotnet\sdk\10.0.100\Sdks\Microsoft.NET.Sdk\targets\Microsoft.NET.Sdk.targets(799,5): message :       CoreCompile;
       C:\Program Files\dotnet\sdk\10.0.100\Sdks\Microsoft.NET.Sdk\targets\Microsoft.NET.Sdk.targets(799,5): message :       _TimeStampAfterCompile;
       C:\Program Files\dotnet\sdk\10.0.100\Sdks\Microsoft.NET.Sdk\targets\Microsoft.NET.Sdk.targets(799,5): message :       AfterCompile;
       C:\Program Files\dotnet\sdk\10.0.100\Sdks\Microsoft.NET.Sdk\targets\Microsoft.NET.Sdk.targets(799,5): message :     ") at C:\Program Files\dotnet\sdk\10.0.100\Sdks\Microsoft.NET.Sdk\targets\Microsoft.NET.Sdk.targets (799,5)
       C:\Program Files\dotnet\sdk\10.0.100\Sdks\Microsoft.NET.Sdk\targets\Microsoft.NET.Sdk.targets(1131,5): message : Property reassignment: $(CreateSatelliteAssembliesDependsOn)="
       C:\Program Files\dotnet\sdk\10.0.100\Sdks\Microsoft.NET.Sdk\targets\Microsoft.NET.Sdk.targets(1131,5): message :       
       C:\Program Files\dotnet\sdk\10.0.100\Sdks\Microsoft.NET.Sdk\targets\Microsoft.NET.Sdk.targets(1131,5): message :       ;
       C:\Program Files\dotnet\sdk\10.0.100\Sdks\Microsoft.NET.Sdk\targets\Microsoft.NET.Sdk.targets(1131,5): message :       _GenerateSatelliteAssemblyInputs;
       C:\Program Files\dotnet\sdk\10.0.100\Sdks\Microsoft.NET.Sdk\targets\Microsoft.NET.Sdk.targets(1131,5): message :       ComputeIntermediateSatelliteAssemblies;
       C:\Program Files\dotnet\sdk\10.0.100\Sdks\Microsoft.NET.Sdk\targets\Microsoft.NET.Sdk.targets(1131,5): message :       GenerateSatelliteAssemblies
       C:\Program Files\dotnet\sdk\10.0.100\Sdks\Microsoft.NET.Sdk\targets\Microsoft.NET.Sdk.targets(1131,5): message :     ;
       C:\Program Files\dotnet\sdk\10.0.100\Sdks\Microsoft.NET.Sdk\targets\Microsoft.NET.Sdk.targets(1131,5): message :       CoreGenerateSatelliteAssemblies
       C:\Program Files\dotnet\sdk\10.0.100\Sdks\Microsoft.NET.Sdk\targets\Microsoft.NET.Sdk.targets(1131,5): message :     " (previous value: "
       C:\Program Files\dotnet\sdk\10.0.100\Sdks\Microsoft.NET.Sdk\targets\Microsoft.NET.Sdk.targets(1131,5): message :       ;
       C:\Program Files\dotnet\sdk\10.0.100\Sdks\Microsoft.NET.Sdk\targets\Microsoft.NET.Sdk.targets(1131,5): message :       _GenerateSatelliteAssemblyInputs;
       C:\Program Files\dotnet\sdk\10.0.100\Sdks\Microsoft.NET.Sdk\targets\Microsoft.NET.Sdk.targets(1131,5): message :       ComputeIntermediateSatelliteAssemblies;
       C:\Program Files\dotnet\sdk\10.0.100\Sdks\Microsoft.NET.Sdk\targets\Microsoft.NET.Sdk.targets(1131,5): message :       GenerateSatelliteAssemblies
       C:\Program Files\dotnet\sdk\10.0.100\Sdks\Microsoft.NET.Sdk\targets\Microsoft.NET.Sdk.targets(1131,5): message :     ") at C:\Program Files\dotnet\sdk\10.0.100\Sdks\Microsoft.NET.Sdk\targets\Microsoft.NET.Sdk.targets (1131,5)
       C:\Program Files\dotnet\sdk\10.0.100\Sdks\Microsoft.SourceLink.GitLab\build\Microsoft.SourceLink.GitLab.targets(12,5): message : Property reassignment: $(SourceLinkUrlInitializerTargets)=";_InitializeGitHubSourceLinkUrl;_InitializeGitLabSourceLinkUrl" (previous value: ";_InitializeGitHubSourceLinkUrl") at C:\Program Files\dotnet\sdk\10.0.100\Sdks\Microsoft.SourceLink.GitLab\build\Microsoft.SourceLink.GitLab.targets (12,5)
       C:\Program Files\dotnet\sdk\10.0.100\Sdks\Microsoft.SourceLink.GitLab\build\Microsoft.SourceLink.GitLab.targets(13,5): message : Property reassignment: $(SourceControlManagerUrlTranslationTargets)=";TranslateGitHubUrlsInSourceControlInformation;TranslateGitLabUrlsInSourceControlInformation" (previous value: ";TranslateGitHubUrlsInSourceControlInformation") at C:\Program Files\dotnet\sdk\10.0.100\Sdks\Microsoft.SourceLink.GitLab\build\Microsoft.SourceLink.GitLab.targets (13,5)
       C:\Program Files\dotnet\sdk\10.0.100\Sdks\Microsoft.SourceLink.AzureRepos.Git\build\Microsoft.SourceLink.AzureRepos.Git.targets(12,5): message : Property reassignment: $(SourceLinkUrlInitializerTargets)=";_InitializeGitHubSourceLinkUrl;_InitializeGitLabSourceLinkUrl;_InitializeAzureReposGitSourceLinkUrl" (previous value: ";_InitializeGitHubSourceLinkUrl;_InitializeGitLabSourceLinkUrl") at C:\Program Files\dotnet\sdk\10.0.100\Sdks\Microsoft.SourceLink.AzureRepos.Git\build\Microsoft.SourceLink.AzureRepos.Git.targets (12,5)
       C:\Program Files\dotnet\sdk\10.0.100\Sdks\Microsoft.SourceLink.AzureRepos.Git\build\Microsoft.SourceLink.AzureRepos.Git.targets(13,5): message : Property reassignment: $(SourceControlManagerUrlTranslationTargets)=";TranslateGitHubUrlsInSourceControlInformation;TranslateGitLabUrlsInSourceControlInformation;TranslateAzureReposGitUrlsInSourceControlInformation" (previous value: ";TranslateGitHubUrlsInSourceControlInformation;TranslateGitLabUrlsInSourceControlInformation") at C:\Program Files\dotnet\sdk\10.0.100\Sdks\Microsoft.SourceLink.AzureRepos.Git\build\Microsoft.SourceLink.AzureRepos.Git.targets (13,5)
       C:\Program Files\dotnet\sdk\10.0.100\Sdks\Microsoft.SourceLink.Bitbucket.Git\build\Microsoft.SourceLink.Bitbucket.Git.targets(12,5): message : Property reassignment: $(SourceLinkUrlInitializerTargets)=";_InitializeGitHubSourceLinkUrl;_InitializeGitLabSourceLinkUrl;_InitializeAzureReposGitSourceLinkUrl;_InitializeBitbucketGitSourceLinkUrl" (previous value: ";_InitializeGitHubSourceLinkUrl;_InitializeGitLabSourceLinkUrl;_InitializeAzureReposGitSourceLinkUrl") at C:\Program Files\dotnet\sdk\10.0.100\Sdks\Microsoft.SourceLink.Bitbucket.Git\build\Microsoft.SourceLink.Bitbucket.Git.targets (12,5)
       C:\Program Files\dotnet\sdk\10.0.100\Sdks\Microsoft.SourceLink.Bitbucket.Git\build\Microsoft.SourceLink.Bitbucket.Git.targets(13,5): message : Property reassignment: $(SourceControlManagerUrlTranslationTargets)=";TranslateGitHubUrlsInSourceControlInformation;TranslateGitLabUrlsInSourceControlInformation;TranslateAzureReposGitUrlsInSourceControlInformation;TranslateBitbucketGitUrlsInSourceControlInformation" (previous value: ";TranslateGitHubUrlsInSourceControlInformation;TranslateGitLabUrlsInSourceControlInformation;TranslateAzureReposGitUrlsInSourceControlInformation") at C:\Program Files\dotnet\sdk\10.0.100\Sdks\Microsoft.SourceLink.Bitbucket.Git\build\Microsoft.SourceLink.Bitbucket.Git.targets (13,5)
       C:\Program Files\dotnet\sdk\10.0.100\Sdks\Microsoft.NET.Sdk\targets\Microsoft.NET.DesignerSupport.targets(21,5): message : Property reassignment: $(DesignerRuntimeImplementationProjectOutputGroupDependsOn)="
       C:\Program Files\dotnet\sdk\10.0.100\Sdks\Microsoft.NET.Sdk\targets\Microsoft.NET.DesignerSupport.targets(21,5): message :       
       C:\Program Files\dotnet\sdk\10.0.100\Sdks\Microsoft.NET.Sdk\targets\Microsoft.NET.DesignerSupport.targets(21,5): message :       ;
       C:\Program Files\dotnet\sdk\10.0.100\Sdks\Microsoft.NET.Sdk\targets\Microsoft.NET.DesignerSupport.targets(21,5): message :       
       C:\Program Files\dotnet\sdk\10.0.100\Sdks\Microsoft.NET.Sdk\targets\Microsoft.NET.DesignerSupport.targets(21,5): message :       ;
       C:\Program Files\dotnet\sdk\10.0.100\Sdks\Microsoft.NET.Sdk\targets\Microsoft.NET.DesignerSupport.targets(21,5): message :       BuildOnlySettings;
       C:\Program Files\dotnet\sdk\10.0.100\Sdks\Microsoft.NET.Sdk\targets\Microsoft.NET.DesignerSupport.targets(21,5): message :       PrepareForBuild;
       C:\Program Files\dotnet\sdk\10.0.100\Sdks\Microsoft.NET.Sdk\targets\Microsoft.NET.DesignerSupport.targets(21,5): message :       AssignTargetPaths;
       C:\Program Files\dotnet\sdk\10.0.100\Sdks\Microsoft.NET.Sdk\targets\Microsoft.NET.DesignerSupport.targets(21,5): message :       ResolveReferences
       C:\Program Files\dotnet\sdk\10.0.100\Sdks\Microsoft.NET.Sdk\targets\Microsoft.NET.DesignerSupport.targets(21,5): message :     
       C:\Program Files\dotnet\sdk\10.0.100\Sdks\Microsoft.NET.Sdk\targets\Microsoft.NET.DesignerSupport.targets(21,5): message :     ;
       C:\Program Files\dotnet\sdk\10.0.100\Sdks\Microsoft.NET.Sdk\targets\Microsoft.NET.DesignerSupport.targets(21,5): message :       _GenerateDesignerDepsFile;
       C:\Program Files\dotnet\sdk\10.0.100\Sdks\Microsoft.NET.Sdk\targets\Microsoft.NET.DesignerSupport.targets(21,5): message :       _GenerateDesignerRuntimeConfigFile;
       C:\Program Files\dotnet\sdk\10.0.100\Sdks\Microsoft.NET.Sdk\targets\Microsoft.NET.DesignerSupport.targets(21,5): message :       GetCopyToOutputDirectoryItems;
       C:\Program Files\dotnet\sdk\10.0.100\Sdks\Microsoft.NET.Sdk\targets\Microsoft.NET.DesignerSupport.targets(21,5): message :       _GatherDesignerShadowCopyFiles;
       C:\Program Files\dotnet\sdk\10.0.100\Sdks\Microsoft.NET.Sdk\targets\Microsoft.NET.DesignerSupport.targets(21,5): message :     " (previous value: "
       C:\Program Files\dotnet\sdk\10.0.100\Sdks\Microsoft.NET.Sdk\targets\Microsoft.NET.DesignerSupport.targets(21,5): message :       ;
       C:\Program Files\dotnet\sdk\10.0.100\Sdks\Microsoft.NET.Sdk\targets\Microsoft.NET.DesignerSupport.targets(21,5): message :       
       C:\Program Files\dotnet\sdk\10.0.100\Sdks\Microsoft.NET.Sdk\targets\Microsoft.NET.DesignerSupport.targets(21,5): message :       ;
       C:\Program Files\dotnet\sdk\10.0.100\Sdks\Microsoft.NET.Sdk\targets\Microsoft.NET.DesignerSupport.targets(21,5): message :       BuildOnlySettings;
       C:\Program Files\dotnet\sdk\10.0.100\Sdks\Microsoft.NET.Sdk\targets\Microsoft.NET.DesignerSupport.targets(21,5): message :       PrepareForBuild;
       C:\Program Files\dotnet\sdk\10.0.100\Sdks\Microsoft.NET.Sdk\targets\Microsoft.NET.DesignerSupport.targets(21,5): message :       AssignTargetPaths;
       C:\Program Files\dotnet\sdk\10.0.100\Sdks\Microsoft.NET.Sdk\targets\Microsoft.NET.DesignerSupport.targets(21,5): message :       ResolveReferences
       C:\Program Files\dotnet\sdk\10.0.100\Sdks\Microsoft.NET.Sdk\targets\Microsoft.NET.DesignerSupport.targets(21,5): message :     
       C:\Program Files\dotnet\sdk\10.0.100\Sdks\Microsoft.NET.Sdk\targets\Microsoft.NET.DesignerSupport.targets(21,5): message :     ") at C:\Program Files\dotnet\sdk\10.0.100\Sdks\Microsoft.NET.Sdk\targets\Microsoft.NET.DesignerSupport.targets (21,5)
       C:\Program Files\dotnet\sdk\10.0.100\Sdks\Microsoft.NET.Sdk\targets\Microsoft.NET.Sdk.CSharp.targets(31,5): message : Property reassignment: $(DefineConstants)="TRACE;DEBUG" (previous value: "TRACE") at C:\Program Files\dotnet\sdk\10.0.100\Sdks\Microsoft.NET.Sdk\targets\Microsoft.NET.Sdk.CSharp.targets (31,5)
       C:\Program Files\dotnet\sdk\10.0.100\Sdks\Microsoft.NET.Sdk\targets\Microsoft.NET.Sdk.CSharp.targets(45,5): message : Property reassignment: $(WarningsAsErrors)=";NU1605;SYSLIB0011" (previous value: ";NU1605") at C:\Program Files\dotnet\sdk\10.0.100\Sdks\Microsoft.NET.Sdk\targets\Microsoft.NET.Sdk.CSharp.targets (45,5)
       C:\Program Files\dotnet\sdk\10.0.100\NuGet.Build.Tasks.Pack.targets(34,5): message : Property reassignment: $(PackageDescription)="Package Description" (previous value: "") at C:\Program Files\dotnet\sdk\10.0.100\NuGet.Build.Tasks.Pack.targets (34,5)
       C:\Program Files\dotnet\sdk\10.0.100\NuGet.Build.Tasks.Pack.targets(59,5): message : Property reassignment: $(GenerateNuspecDependsOn)="Build;_LoadPackInputItems; _GetTargetFrameworksOutput; _WalkEachTargetPerFramework; _GetPackageFiles; " (previous value: "_LoadPackInputItems; _GetTargetFrameworksOutput; _WalkEachTargetPerFramework; _GetPackageFiles; ") at C:\Program Files\dotnet\sdk\10.0.100\NuGet.Build.Tasks.Pack.targets (59,5)
       C:\Program Files\dotnet\sdk\10.0.100\Sdks\Microsoft.NET.Sdk\Sdk\Sdk.targets(59,5): message : Property reassignment: $(_IsNotSetContainersTargetsDir)="true" (previous value: "false") at C:\Program Files\dotnet\sdk\10.0.100\Sdks\Microsoft.NET.Sdk\Sdk\Sdk.targets (59,5)
       C:\Program Files\dotnet\sdk\10.0.100\Containers\build\Microsoft.NET.Build.Containers.targets(5,5): message : Property reassignment: $(_IsSDKContainerAllowedVersion)="true" (previous value: "false") at C:\Program Files\dotnet\sdk\10.0.100\Containers\build\Microsoft.NET.Build.Containers.targets (5,5)
       C:\Program Files\dotnet\sdk\10.0.100\Containers\build\Microsoft.NET.Build.Containers.targets(15,5): message : Property reassignment: $(_ContainerIsTargetingNet8TFM)="true" (previous value: "false") at C:\Program Files\dotnet\sdk\10.0.100\Containers\build\Microsoft.NET.Build.Containers.targets (15,5)
       C:\Program Files\dotnet\sdk\10.0.100\Sdks\Microsoft.NET.Sdk.StaticWebAssets\targets\Sdk.StaticWebAssets.CurrentVersion.targets(37,18): message : Property 'DOTNET_HOST_PATH' with value 'C:\Program Files\dotnet\dotnet.exe' expanded from the environment.
       C:\Program Files\dotnet\sdk\10.0.100\Sdks\Microsoft.NET.Sdk.StaticWebAssets\targets\Microsoft.NET.Sdk.StaticWebAssets.targets(286,5): message : Property reassignment: $(PrepareForRunDependsOn)="StaticWebAssetsPrepareForRun;
       C:\Program Files\dotnet\sdk\10.0.100\Sdks\Microsoft.NET.Sdk.StaticWebAssets\targets\Microsoft.NET.Sdk.StaticWebAssets.targets(286,5): message :       CopyFilesToOutputDirectory
       C:\Program Files\dotnet\sdk\10.0.100\Sdks\Microsoft.NET.Sdk.StaticWebAssets\targets\Microsoft.NET.Sdk.StaticWebAssets.targets(286,5): message :     " (previous value: "
       C:\Program Files\dotnet\sdk\10.0.100\Sdks\Microsoft.NET.Sdk.StaticWebAssets\targets\Microsoft.NET.Sdk.StaticWebAssets.targets(286,5): message :       CopyFilesToOutputDirectory
       C:\Program Files\dotnet\sdk\10.0.100\Sdks\Microsoft.NET.Sdk.StaticWebAssets\targets\Microsoft.NET.Sdk.StaticWebAssets.targets(286,5): message :     ") at C:\Program Files\dotnet\sdk\10.0.100\Sdks\Microsoft.NET.Sdk.StaticWebAssets\targets\Microsoft.NET.Sdk.StaticWebAssets.targets (286,5)
       C:\Program Files\dotnet\sdk\10.0.100\Sdks\Microsoft.NET.Sdk.StaticWebAssets\targets\Microsoft.NET.Sdk.StaticWebAssets.targets(323,5): message : Property reassignment: $(GetCopyToOutputDirectoryItemsDependsOn)="
       C:\Program Files\dotnet\sdk\10.0.100\Sdks\Microsoft.NET.Sdk.StaticWebAssets\targets\Microsoft.NET.Sdk.StaticWebAssets.targets(323,5): message :       AssignTargetPaths;
       C:\Program Files\dotnet\sdk\10.0.100\Sdks\Microsoft.NET.Sdk.StaticWebAssets\targets\Microsoft.NET.Sdk.StaticWebAssets.targets(323,5): message :       
       C:\Program Files\dotnet\sdk\10.0.100\Sdks\Microsoft.NET.Sdk.StaticWebAssets\targets\Microsoft.NET.Sdk.StaticWebAssets.targets(323,5): message :       AssignProjectConfiguration;
       C:\Program Files\dotnet\sdk\10.0.100\Sdks\Microsoft.NET.Sdk.StaticWebAssets\targets\Microsoft.NET.Sdk.StaticWebAssets.targets(323,5): message :       _SplitProjectReferencesByFileExistence
       C:\Program Files\dotnet\sdk\10.0.100\Sdks\Microsoft.NET.Sdk.StaticWebAssets\targets\Microsoft.NET.Sdk.StaticWebAssets.targets(323,5): message :     ;
       C:\Program Files\dotnet\sdk\10.0.100\Sdks\Microsoft.NET.Sdk.StaticWebAssets\targets\Microsoft.NET.Sdk.StaticWebAssets.targets(323,5): message :       _GetProjectReferenceTargetFrameworkProperties;
       C:\Program Files\dotnet\sdk\10.0.100\Sdks\Microsoft.NET.Sdk.StaticWebAssets\targets\Microsoft.NET.Sdk.StaticWebAssets.targets(323,5): message :       _PopulateCommonStateForGetCopyToOutputDirectoryItems
       C:\Program Files\dotnet\sdk\10.0.100\Sdks\Microsoft.NET.Sdk.StaticWebAssets\targets\Microsoft.NET.Sdk.StaticWebAssets.targets(323,5): message :     ;AddStaticWebAssetsManifest;AddStaticWebAssetEndpointsBuildManifest" (previous value: "
       C:\Program Files\dotnet\sdk\10.0.100\Sdks\Microsoft.NET.Sdk.StaticWebAssets\targets\Microsoft.NET.Sdk.StaticWebAssets.targets(323,5): message :       AssignTargetPaths;
       C:\Program Files\dotnet\sdk\10.0.100\Sdks\Microsoft.NET.Sdk.StaticWebAssets\targets\Microsoft.NET.Sdk.StaticWebAssets.targets(323,5): message :       
       C:\Program Files\dotnet\sdk\10.0.100\Sdks\Microsoft.NET.Sdk.StaticWebAssets\targets\Microsoft.NET.Sdk.StaticWebAssets.targets(323,5): message :       AssignProjectConfiguration;
       C:\Program Files\dotnet\sdk\10.0.100\Sdks\Microsoft.NET.Sdk.StaticWebAssets\targets\Microsoft.NET.Sdk.StaticWebAssets.targets(323,5): message :       _SplitProjectReferencesByFileExistence
       C:\Program Files\dotnet\sdk\10.0.100\Sdks\Microsoft.NET.Sdk.StaticWebAssets\targets\Microsoft.NET.Sdk.StaticWebAssets.targets(323,5): message :     ;
       C:\Program Files\dotnet\sdk\10.0.100\Sdks\Microsoft.NET.Sdk.StaticWebAssets\targets\Microsoft.NET.Sdk.StaticWebAssets.targets(323,5): message :       _GetProjectReferenceTargetFrameworkProperties;
       C:\Program Files\dotnet\sdk\10.0.100\Sdks\Microsoft.NET.Sdk.StaticWebAssets\targets\Microsoft.NET.Sdk.StaticWebAssets.targets(323,5): message :       _PopulateCommonStateForGetCopyToOutputDirectoryItems
       C:\Program Files\dotnet\sdk\10.0.100\Sdks\Microsoft.NET.Sdk.StaticWebAssets\targets\Microsoft.NET.Sdk.StaticWebAssets.targets(323,5): message :     ") at C:\Program Files\dotnet\sdk\10.0.100\Sdks\Microsoft.NET.Sdk.StaticWebAssets\targets\Microsoft.NET.Sdk.StaticWebAssets.targets (323,5)
       C:\Program Files\dotnet\sdk\10.0.100\Sdks\Microsoft.NET.Sdk.StaticWebAssets\targets\Microsoft.NET.Sdk.StaticWebAssets.Pack.targets(46,5): message : Property reassignment: $(GenerateNuspecDependsOn)="
       C:\Program Files\dotnet\sdk\10.0.100\Sdks\Microsoft.NET.Sdk.StaticWebAssets\targets\Microsoft.NET.Sdk.StaticWebAssets.Pack.targets(46,5): message :       IncludeStaticWebAssetsPackItems;
       C:\Program Files\dotnet\sdk\10.0.100\Sdks\Microsoft.NET.Sdk.StaticWebAssets\targets\Microsoft.NET.Sdk.StaticWebAssets.Pack.targets(46,5): message :       Build;_LoadPackInputItems; _GetTargetFrameworksOutput; _WalkEachTargetPerFramework; _GetPackageFiles; ;
       C:\Program Files\dotnet\sdk\10.0.100\Sdks\Microsoft.NET.Sdk.StaticWebAssets\targets\Microsoft.NET.Sdk.StaticWebAssets.Pack.targets(46,5): message :     " (previous value: "Build;_LoadPackInputItems; _GetTargetFrameworksOutput; _WalkEachTargetPerFramework; _GetPackageFiles; ") at C:\Program Files\dotnet\sdk\10.0.100\Sdks\Microsoft.NET.Sdk.StaticWebAssets\targets\Microsoft.NET.Sdk.StaticWebAssets.Pack.targets (46,5)
       C:\Program Files\dotnet\sdk\10.0.100\Sdks\Microsoft.NET.Sdk.StaticWebAssets\targets\Microsoft.NET.Sdk.StaticWebAssets.Pack.targets(55,5): message : Property reassignment: $(IncludeStaticWebAssetsPackItemsDependsOn)="
       C:\Program Files\dotnet\sdk\10.0.100\Sdks\Microsoft.NET.Sdk.StaticWebAssets\targets\Microsoft.NET.Sdk.StaticWebAssets.Pack.targets(55,5): message :       Build;
       C:\Program Files\dotnet\sdk\10.0.100\Sdks\Microsoft.NET.Sdk.StaticWebAssets\targets\Microsoft.NET.Sdk.StaticWebAssets.Pack.targets(55,5): message :       ResolveStaticWebAssetsConfiguration;LoadStaticWebAssetsBuildManifest
       C:\Program Files\dotnet\sdk\10.0.100\Sdks\Microsoft.NET.Sdk.StaticWebAssets\targets\Microsoft.NET.Sdk.StaticWebAssets.Pack.targets(55,5): message :     ;
       C:\Program Files\dotnet\sdk\10.0.100\Sdks\Microsoft.NET.Sdk.StaticWebAssets\targets\Microsoft.NET.Sdk.StaticWebAssets.Pack.targets(55,5): message :     " (previous value: "
       C:\Program Files\dotnet\sdk\10.0.100\Sdks\Microsoft.NET.Sdk.StaticWebAssets\targets\Microsoft.NET.Sdk.StaticWebAssets.Pack.targets(55,5): message :       ResolveStaticWebAssetsConfiguration;LoadStaticWebAssetsBuildManifest
       C:\Program Files\dotnet\sdk\10.0.100\Sdks\Microsoft.NET.Sdk.StaticWebAssets\targets\Microsoft.NET.Sdk.StaticWebAssets.Pack.targets(55,5): message :     ") at C:\Program Files\dotnet\sdk\10.0.100\Sdks\Microsoft.NET.Sdk.StaticWebAssets\targets\Microsoft.NET.Sdk.StaticWebAssets.Pack.targets (55,5)
       C:\Program Files\dotnet\sdk\10.0.100\Sdks\Microsoft.NET.Sdk.StaticWebAssets\targets\Microsoft.NET.Sdk.StaticWebAssets.ScopedCss.targets(55,3): message : Property reassignment: $(ResolveStaticWebAssetsInputsDependsOn)="
       C:\Program Files\dotnet\sdk\10.0.100\Sdks\Microsoft.NET.Sdk.StaticWebAssets\targets\Microsoft.NET.Sdk.StaticWebAssets.ScopedCss.targets(55,3): message :     
       C:\Program Files\dotnet\sdk\10.0.100\Sdks\Microsoft.NET.Sdk.StaticWebAssets\targets\Microsoft.NET.Sdk.StaticWebAssets.ScopedCss.targets(55,3): message :       ResolveCoreStaticWebAssets;
       C:\Program Files\dotnet\sdk\10.0.100\Sdks\Microsoft.NET.Sdk.StaticWebAssets\targets\Microsoft.NET.Sdk.StaticWebAssets.ScopedCss.targets(55,3): message :       GenerateComputedBuildStaticWebAssets;
       C:\Program Files\dotnet\sdk\10.0.100\Sdks\Microsoft.NET.Sdk.StaticWebAssets\targets\Microsoft.NET.Sdk.StaticWebAssets.ScopedCss.targets(55,3): message :       
       C:\Program Files\dotnet\sdk\10.0.100\Sdks\Microsoft.NET.Sdk.StaticWebAssets\targets\Microsoft.NET.Sdk.StaticWebAssets.ScopedCss.targets(55,3): message :     ;
       C:\Program Files\dotnet\sdk\10.0.100\Sdks\Microsoft.NET.Sdk.StaticWebAssets\targets\Microsoft.NET.Sdk.StaticWebAssets.ScopedCss.targets(55,3): message :     ResolveScopedCssAssets;
       C:\Program Files\dotnet\sdk\10.0.100\Sdks\Microsoft.NET.Sdk.StaticWebAssets\targets\Microsoft.NET.Sdk.StaticWebAssets.ScopedCss.targets(55,3): message :   " (previous value: "
       C:\Program Files\dotnet\sdk\10.0.100\Sdks\Microsoft.NET.Sdk.StaticWebAssets\targets\Microsoft.NET.Sdk.StaticWebAssets.ScopedCss.targets(55,3): message :       ResolveCoreStaticWebAssets;
       C:\Program Files\dotnet\sdk\10.0.100\Sdks\Microsoft.NET.Sdk.StaticWebAssets\targets\Microsoft.NET.Sdk.StaticWebAssets.ScopedCss.targets(55,3): message :       GenerateComputedBuildStaticWebAssets;
       C:\Program Files\dotnet\sdk\10.0.100\Sdks\Microsoft.NET.Sdk.StaticWebAssets\targets\Microsoft.NET.Sdk.StaticWebAssets.ScopedCss.targets(55,3): message :       
       C:\Program Files\dotnet\sdk\10.0.100\Sdks\Microsoft.NET.Sdk.StaticWebAssets\targets\Microsoft.NET.Sdk.StaticWebAssets.ScopedCss.targets(55,3): message :     ") at C:\Program Files\dotnet\sdk\10.0.100\Sdks\Microsoft.NET.Sdk.StaticWebAssets\targets\Microsoft.NET.Sdk.StaticWebAssets.ScopedCss.targets (55,3)
       C:\Program Files\dotnet\sdk\10.0.100\Sdks\Microsoft.NET.Sdk.StaticWebAssets\targets\Microsoft.NET.Sdk.StaticWebAssets.ScopedCss.targets(88,3): message : Property reassignment: $(GenerateComputedBuildStaticWebAssetsDependsOn)="
       C:\Program Files\dotnet\sdk\10.0.100\Sdks\Microsoft.NET.Sdk.StaticWebAssets\targets\Microsoft.NET.Sdk.StaticWebAssets.ScopedCss.targets(88,3): message :     ResolveCoreStaticWebAssets;;
       C:\Program Files\dotnet\sdk\10.0.100\Sdks\Microsoft.NET.Sdk.StaticWebAssets\targets\Microsoft.NET.Sdk.StaticWebAssets.ScopedCss.targets(88,3): message :     BundleScopedCssFiles;
       C:\Program Files\dotnet\sdk\10.0.100\Sdks\Microsoft.NET.Sdk.StaticWebAssets\targets\Microsoft.NET.Sdk.StaticWebAssets.ScopedCss.targets(88,3): message :   " (previous value: "ResolveCoreStaticWebAssets;") at C:\Program Files\dotnet\sdk\10.0.100\Sdks\Microsoft.NET.Sdk.StaticWebAssets\targets\Microsoft.NET.Sdk.StaticWebAssets.ScopedCss.targets (88,3)
       C:\Program Files\dotnet\sdk\10.0.100\Sdks\Microsoft.NET.Sdk.StaticWebAssets\targets\Microsoft.NET.Sdk.StaticWebAssets.JSModules.targets(37,5): message : Property reassignment: $(ResolveCoreStaticWebAssetsDependsOn)="
       C:\Program Files\dotnet\sdk\10.0.100\Sdks\Microsoft.NET.Sdk.StaticWebAssets\targets\Microsoft.NET.Sdk.StaticWebAssets.JSModules.targets(37,5): message :       
       C:\Program Files\dotnet\sdk\10.0.100\Sdks\Microsoft.NET.Sdk.StaticWebAssets\targets\Microsoft.NET.Sdk.StaticWebAssets.JSModules.targets(37,5): message :       UpdateExistingPackageStaticWebAssets;
       C:\Program Files\dotnet\sdk\10.0.100\Sdks\Microsoft.NET.Sdk.StaticWebAssets\targets\Microsoft.NET.Sdk.StaticWebAssets.JSModules.targets(37,5): message :       ResolveProjectStaticWebAssets;
       C:\Program Files\dotnet\sdk\10.0.100\Sdks\Microsoft.NET.Sdk.StaticWebAssets\targets\Microsoft.NET.Sdk.StaticWebAssets.JSModules.targets(37,5): message :       ResolveEmbeddedProjectsStaticWebAssets;
       C:\Program Files\dotnet\sdk\10.0.100\Sdks\Microsoft.NET.Sdk.StaticWebAssets\targets\Microsoft.NET.Sdk.StaticWebAssets.JSModules.targets(37,5): message :       ResolveReferencedProjectsStaticWebAssets;
       C:\Program Files\dotnet\sdk\10.0.100\Sdks\Microsoft.NET.Sdk.StaticWebAssets\targets\Microsoft.NET.Sdk.StaticWebAssets.JSModules.targets(37,5): message :       ;
       C:\Program Files\dotnet\sdk\10.0.100\Sdks\Microsoft.NET.Sdk.StaticWebAssets\targets\Microsoft.NET.Sdk.StaticWebAssets.JSModules.targets(37,5): message :     ;
       C:\Program Files\dotnet\sdk\10.0.100\Sdks\Microsoft.NET.Sdk.StaticWebAssets\targets\Microsoft.NET.Sdk.StaticWebAssets.JSModules.targets(37,5): message :       ResolveJsInitializerModuleStaticWebAssets;
       C:\Program Files\dotnet\sdk\10.0.100\Sdks\Microsoft.NET.Sdk.StaticWebAssets\targets\Microsoft.NET.Sdk.StaticWebAssets.JSModules.targets(37,5): message :     " (previous value: "
       C:\Program Files\dotnet\sdk\10.0.100\Sdks\Microsoft.NET.Sdk.StaticWebAssets\targets\Microsoft.NET.Sdk.StaticWebAssets.JSModules.targets(37,5): message :       UpdateExistingPackageStaticWebAssets;
       C:\Program Files\dotnet\sdk\10.0.100\Sdks\Microsoft.NET.Sdk.StaticWebAssets\targets\Microsoft.NET.Sdk.StaticWebAssets.JSModules.targets(37,5): message :       ResolveProjectStaticWebAssets;
       C:\Program Files\dotnet\sdk\10.0.100\Sdks\Microsoft.NET.Sdk.StaticWebAssets\targets\Microsoft.NET.Sdk.StaticWebAssets.JSModules.targets(37,5): message :       ResolveEmbeddedProjectsStaticWebAssets;
       C:\Program Files\dotnet\sdk\10.0.100\Sdks\Microsoft.NET.Sdk.StaticWebAssets\targets\Microsoft.NET.Sdk.StaticWebAssets.JSModules.targets(37,5): message :       ResolveReferencedProjectsStaticWebAssets;
       C:\Program Files\dotnet\sdk\10.0.100\Sdks\Microsoft.NET.Sdk.StaticWebAssets\targets\Microsoft.NET.Sdk.StaticWebAssets.JSModules.targets(37,5): message :       ;
       C:\Program Files\dotnet\sdk\10.0.100\Sdks\Microsoft.NET.Sdk.StaticWebAssets\targets\Microsoft.NET.Sdk.StaticWebAssets.JSModules.targets(37,5): message :     ") at C:\Program Files\dotnet\sdk\10.0.100\Sdks\Microsoft.NET.Sdk.StaticWebAssets\targets\Microsoft.NET.Sdk.StaticWebAssets.JSModules.targets (37,5)
       C:\Program Files\dotnet\sdk\10.0.100\Sdks\Microsoft.NET.Sdk.StaticWebAssets\targets\Microsoft.NET.Sdk.StaticWebAssets.JSModules.targets(42,5): message : Property reassignment: $(ResolveCoreStaticWebAssetsDependsOn)="
       C:\Program Files\dotnet\sdk\10.0.100\Sdks\Microsoft.NET.Sdk.StaticWebAssets\targets\Microsoft.NET.Sdk.StaticWebAssets.JSModules.targets(42,5): message :       
       C:\Program Files\dotnet\sdk\10.0.100\Sdks\Microsoft.NET.Sdk.StaticWebAssets\targets\Microsoft.NET.Sdk.StaticWebAssets.JSModules.targets(42,5): message :       
       C:\Program Files\dotnet\sdk\10.0.100\Sdks\Microsoft.NET.Sdk.StaticWebAssets\targets\Microsoft.NET.Sdk.StaticWebAssets.JSModules.targets(42,5): message :       UpdateExistingPackageStaticWebAssets;
       C:\Program Files\dotnet\sdk\10.0.100\Sdks\Microsoft.NET.Sdk.StaticWebAssets\targets\Microsoft.NET.Sdk.StaticWebAssets.JSModules.targets(42,5): message :       ResolveProjectStaticWebAssets;
       C:\Program Files\dotnet\sdk\10.0.100\Sdks\Microsoft.NET.Sdk.StaticWebAssets\targets\Microsoft.NET.Sdk.StaticWebAssets.JSModules.targets(42,5): message :       ResolveEmbeddedProjectsStaticWebAssets;
       C:\Program Files\dotnet\sdk\10.0.100\Sdks\Microsoft.NET.Sdk.StaticWebAssets\targets\Microsoft.NET.Sdk.StaticWebAssets.JSModules.targets(42,5): message :       ResolveReferencedProjectsStaticWebAssets;
       C:\Program Files\dotnet\sdk\10.0.100\Sdks\Microsoft.NET.Sdk.StaticWebAssets\targets\Microsoft.NET.Sdk.StaticWebAssets.JSModules.targets(42,5): message :       ;
       C:\Program Files\dotnet\sdk\10.0.100\Sdks\Microsoft.NET.Sdk.StaticWebAssets\targets\Microsoft.NET.Sdk.StaticWebAssets.JSModules.targets(42,5): message :     ;
       C:\Program Files\dotnet\sdk\10.0.100\Sdks\Microsoft.NET.Sdk.StaticWebAssets\targets\Microsoft.NET.Sdk.StaticWebAssets.JSModules.targets(42,5): message :       ResolveJsInitializerModuleStaticWebAssets;
       C:\Program Files\dotnet\sdk\10.0.100\Sdks\Microsoft.NET.Sdk.StaticWebAssets\targets\Microsoft.NET.Sdk.StaticWebAssets.JSModules.targets(42,5): message :     ;
       C:\Program Files\dotnet\sdk\10.0.100\Sdks\Microsoft.NET.Sdk.StaticWebAssets\targets\Microsoft.NET.Sdk.StaticWebAssets.JSModules.targets(42,5): message :       ResolveJSModuleStaticWebAssets;
       C:\Program Files\dotnet\sdk\10.0.100\Sdks\Microsoft.NET.Sdk.StaticWebAssets\targets\Microsoft.NET.Sdk.StaticWebAssets.JSModules.targets(42,5): message :     " (previous value: "
       C:\Program Files\dotnet\sdk\10.0.100\Sdks\Microsoft.NET.Sdk.StaticWebAssets\targets\Microsoft.NET.Sdk.StaticWebAssets.JSModules.targets(42,5): message :       
       C:\Program Files\dotnet\sdk\10.0.100\Sdks\Microsoft.NET.Sdk.StaticWebAssets\targets\Microsoft.NET.Sdk.StaticWebAssets.JSModules.targets(42,5): message :       UpdateExistingPackageStaticWebAssets;
       C:\Program Files\dotnet\sdk\10.0.100\Sdks\Microsoft.NET.Sdk.StaticWebAssets\targets\Microsoft.NET.Sdk.StaticWebAssets.JSModules.targets(42,5): message :       ResolveProjectStaticWebAssets;
       C:\Program Files\dotnet\sdk\10.0.100\Sdks\Microsoft.NET.Sdk.StaticWebAssets\targets\Microsoft.NET.Sdk.StaticWebAssets.JSModules.targets(42,5): message :       ResolveEmbeddedProjectsStaticWebAssets;
       C:\Program Files\dotnet\sdk\10.0.100\Sdks\Microsoft.NET.Sdk.StaticWebAssets\targets\Microsoft.NET.Sdk.StaticWebAssets.JSModules.targets(42,5): message :       ResolveReferencedProjectsStaticWebAssets;
       C:\Program Files\dotnet\sdk\10.0.100\Sdks\Microsoft.NET.Sdk.StaticWebAssets\targets\Microsoft.NET.Sdk.StaticWebAssets.JSModules.targets(42,5): message :       ;
       C:\Program Files\dotnet\sdk\10.0.100\Sdks\Microsoft.NET.Sdk.StaticWebAssets\targets\Microsoft.NET.Sdk.StaticWebAssets.JSModules.targets(42,5): message :     ;
       C:\Program Files\dotnet\sdk\10.0.100\Sdks\Microsoft.NET.Sdk.StaticWebAssets\targets\Microsoft.NET.Sdk.StaticWebAssets.JSModules.targets(42,5): message :       ResolveJsInitializerModuleStaticWebAssets;
       C:\Program Files\dotnet\sdk\10.0.100\Sdks\Microsoft.NET.Sdk.StaticWebAssets\targets\Microsoft.NET.Sdk.StaticWebAssets.JSModules.targets(42,5): message :     ") at C:\Program Files\dotnet\sdk\10.0.100\Sdks\Microsoft.NET.Sdk.StaticWebAssets\targets\Microsoft.NET.Sdk.StaticWebAssets.JSModules.targets (42,5)
       C:\Program Files\dotnet\sdk\10.0.100\Sdks\Microsoft.NET.Sdk.StaticWebAssets\targets\Microsoft.NET.Sdk.StaticWebAssets.JSModules.targets(57,5): message : Property reassignment: $(ResolveStaticWebAssetsInputsDependsOn)="
       C:\Program Files\dotnet\sdk\10.0.100\Sdks\Microsoft.NET.Sdk.StaticWebAssets\targets\Microsoft.NET.Sdk.StaticWebAssets.JSModules.targets(57,5): message :       ResolveJSModuleManifestBuildStaticWebAssets;
       C:\Program Files\dotnet\sdk\10.0.100\Sdks\Microsoft.NET.Sdk.StaticWebAssets\targets\Microsoft.NET.Sdk.StaticWebAssets.JSModules.targets(57,5): message :       
       C:\Program Files\dotnet\sdk\10.0.100\Sdks\Microsoft.NET.Sdk.StaticWebAssets\targets\Microsoft.NET.Sdk.StaticWebAssets.JSModules.targets(57,5): message :     
       C:\Program Files\dotnet\sdk\10.0.100\Sdks\Microsoft.NET.Sdk.StaticWebAssets\targets\Microsoft.NET.Sdk.StaticWebAssets.JSModules.targets(57,5): message :       ResolveCoreStaticWebAssets;
       C:\Program Files\dotnet\sdk\10.0.100\Sdks\Microsoft.NET.Sdk.StaticWebAssets\targets\Microsoft.NET.Sdk.StaticWebAssets.JSModules.targets(57,5): message :       GenerateComputedBuildStaticWebAssets;
       C:\Program Files\dotnet\sdk\10.0.100\Sdks\Microsoft.NET.Sdk.StaticWebAssets\targets\Microsoft.NET.Sdk.StaticWebAssets.JSModules.targets(57,5): message :       
       C:\Program Files\dotnet\sdk\10.0.100\Sdks\Microsoft.NET.Sdk.StaticWebAssets\targets\Microsoft.NET.Sdk.StaticWebAssets.JSModules.targets(57,5): message :     ;
       C:\Program Files\dotnet\sdk\10.0.100\Sdks\Microsoft.NET.Sdk.StaticWebAssets\targets\Microsoft.NET.Sdk.StaticWebAssets.JSModules.targets(57,5): message :     ResolveScopedCssAssets;
       C:\Program Files\dotnet\sdk\10.0.100\Sdks\Microsoft.NET.Sdk.StaticWebAssets\targets\Microsoft.NET.Sdk.StaticWebAssets.JSModules.targets(57,5): message :   
       C:\Program Files\dotnet\sdk\10.0.100\Sdks\Microsoft.NET.Sdk.StaticWebAssets\targets\Microsoft.NET.Sdk.StaticWebAssets.JSModules.targets(57,5): message :     " (previous value: "
       C:\Program Files\dotnet\sdk\10.0.100\Sdks\Microsoft.NET.Sdk.StaticWebAssets\targets\Microsoft.NET.Sdk.StaticWebAssets.JSModules.targets(57,5): message :     
       C:\Program Files\dotnet\sdk\10.0.100\Sdks\Microsoft.NET.Sdk.StaticWebAssets\targets\Microsoft.NET.Sdk.StaticWebAssets.JSModules.targets(57,5): message :       ResolveCoreStaticWebAssets;
       C:\Program Files\dotnet\sdk\10.0.100\Sdks\Microsoft.NET.Sdk.StaticWebAssets\targets\Microsoft.NET.Sdk.StaticWebAssets.JSModules.targets(57,5): message :       GenerateComputedBuildStaticWebAssets;
       C:\Program Files\dotnet\sdk\10.0.100\Sdks\Microsoft.NET.Sdk.StaticWebAssets\targets\Microsoft.NET.Sdk.StaticWebAssets.JSModules.targets(57,5): message :       
       C:\Program Files\dotnet\sdk\10.0.100\Sdks\Microsoft.NET.Sdk.StaticWebAssets\targets\Microsoft.NET.Sdk.StaticWebAssets.JSModules.targets(57,5): message :     ;
       C:\Program Files\dotnet\sdk\10.0.100\Sdks\Microsoft.NET.Sdk.StaticWebAssets\targets\Microsoft.NET.Sdk.StaticWebAssets.JSModules.targets(57,5): message :     ResolveScopedCssAssets;
       C:\Program Files\dotnet\sdk\10.0.100\Sdks\Microsoft.NET.Sdk.StaticWebAssets\targets\Microsoft.NET.Sdk.StaticWebAssets.JSModules.targets(57,5): message :   ") at C:\Program Files\dotnet\sdk\10.0.100\Sdks\Microsoft.NET.Sdk.StaticWebAssets\targets\Microsoft.NET.Sdk.StaticWebAssets.JSModules.targets (57,5)
       C:\Program Files\dotnet\sdk\10.0.100\Sdks\Microsoft.NET.Sdk.StaticWebAssets\targets\Microsoft.NET.Sdk.StaticWebAssets.JSModules.targets(76,5): message : Property reassignment: $(ResolvePublishStaticWebAssetsDependsOn)="
       C:\Program Files\dotnet\sdk\10.0.100\Sdks\Microsoft.NET.Sdk.StaticWebAssets\targets\Microsoft.NET.Sdk.StaticWebAssets.JSModules.targets(76,5): message :       ResolveJSModuleManifestPublishStaticWebAssets;
       C:\Program Files\dotnet\sdk\10.0.100\Sdks\Microsoft.NET.Sdk.StaticWebAssets\targets\Microsoft.NET.Sdk.StaticWebAssets.JSModules.targets(76,5): message :       
       C:\Program Files\dotnet\sdk\10.0.100\Sdks\Microsoft.NET.Sdk.StaticWebAssets\targets\Microsoft.NET.Sdk.StaticWebAssets.JSModules.targets(76,5): message :       ResolveCorePublishStaticWebAssets;
       C:\Program Files\dotnet\sdk\10.0.100\Sdks\Microsoft.NET.Sdk.StaticWebAssets\targets\Microsoft.NET.Sdk.StaticWebAssets.JSModules.targets(76,5): message :       GenerateComputedPublishStaticWebAssets;
       C:\Program Files\dotnet\sdk\10.0.100\Sdks\Microsoft.NET.Sdk.StaticWebAssets\targets\Microsoft.NET.Sdk.StaticWebAssets.JSModules.targets(76,5): message :       ;
       C:\Program Files\dotnet\sdk\10.0.100\Sdks\Microsoft.NET.Sdk.StaticWebAssets\targets\Microsoft.NET.Sdk.StaticWebAssets.JSModules.targets(76,5): message :     
       C:\Program Files\dotnet\sdk\10.0.100\Sdks\Microsoft.NET.Sdk.StaticWebAssets\targets\Microsoft.NET.Sdk.StaticWebAssets.JSModules.targets(76,5): message :     " (previous value: "
       C:\Program Files\dotnet\sdk\10.0.100\Sdks\Microsoft.NET.Sdk.StaticWebAssets\targets\Microsoft.NET.Sdk.StaticWebAssets.JSModules.targets(76,5): message :       ResolveCorePublishStaticWebAssets;
       C:\Program Files\dotnet\sdk\10.0.100\Sdks\Microsoft.NET.Sdk.StaticWebAssets\targets\Microsoft.NET.Sdk.StaticWebAssets.JSModules.targets(76,5): message :       GenerateComputedPublishStaticWebAssets;
       C:\Program Files\dotnet\sdk\10.0.100\Sdks\Microsoft.NET.Sdk.StaticWebAssets\targets\Microsoft.NET.Sdk.StaticWebAssets.JSModules.targets(76,5): message :       ;
       C:\Program Files\dotnet\sdk\10.0.100\Sdks\Microsoft.NET.Sdk.StaticWebAssets\targets\Microsoft.NET.Sdk.StaticWebAssets.JSModules.targets(76,5): message :     ") at C:\Program Files\dotnet\sdk\10.0.100\Sdks\Microsoft.NET.Sdk.StaticWebAssets\targets\Microsoft.NET.Sdk.StaticWebAssets.JSModules.targets (76,5)
       C:\Program Files\dotnet\sdk\10.0.100\Sdks\Microsoft.NET.Sdk.StaticWebAssets\targets\Microsoft.NET.Sdk.StaticWebAssets.Compression.targets(185,5): message : Property reassignment: $(ResolveBuildRelatedStaticWebAssetsDependsOn)="
       C:\Program Files\dotnet\sdk\10.0.100\Sdks\Microsoft.NET.Sdk.StaticWebAssets\targets\Microsoft.NET.Sdk.StaticWebAssets.Compression.targets(185,5): message :       ResolveBuildCompressedStaticWebAssets;
       C:\Program Files\dotnet\sdk\10.0.100\Sdks\Microsoft.NET.Sdk.StaticWebAssets\targets\Microsoft.NET.Sdk.StaticWebAssets.Compression.targets(185,5): message :       
       C:\Program Files\dotnet\sdk\10.0.100\Sdks\Microsoft.NET.Sdk.StaticWebAssets\targets\Microsoft.NET.Sdk.StaticWebAssets.Compression.targets(185,5): message :       ResolveStaticWebAssetsInputs;
       C:\Program Files\dotnet\sdk\10.0.100\Sdks\Microsoft.NET.Sdk.StaticWebAssets\targets\Microsoft.NET.Sdk.StaticWebAssets.Compression.targets(185,5): message :       
       C:\Program Files\dotnet\sdk\10.0.100\Sdks\Microsoft.NET.Sdk.StaticWebAssets\targets\Microsoft.NET.Sdk.StaticWebAssets.Compression.targets(185,5): message :     
       C:\Program Files\dotnet\sdk\10.0.100\Sdks\Microsoft.NET.Sdk.StaticWebAssets\targets\Microsoft.NET.Sdk.StaticWebAssets.Compression.targets(185,5): message :     " (previous value: "
       C:\Program Files\dotnet\sdk\10.0.100\Sdks\Microsoft.NET.Sdk.StaticWebAssets\targets\Microsoft.NET.Sdk.StaticWebAssets.Compression.targets(185,5): message :       ResolveStaticWebAssetsInputs;
       C:\Program Files\dotnet\sdk\10.0.100\Sdks\Microsoft.NET.Sdk.StaticWebAssets\targets\Microsoft.NET.Sdk.StaticWebAssets.Compression.targets(185,5): message :       
       C:\Program Files\dotnet\sdk\10.0.100\Sdks\Microsoft.NET.Sdk.StaticWebAssets\targets\Microsoft.NET.Sdk.StaticWebAssets.Compression.targets(185,5): message :     ") at C:\Program Files\dotnet\sdk\10.0.100\Sdks\Microsoft.NET.Sdk.StaticWebAssets\targets\Microsoft.NET.Sdk.StaticWebAssets.Compression.targets (185,5)
       C:\Program Files\dotnet\sdk\10.0.100\Sdks\Microsoft.NET.Sdk.StaticWebAssets\targets\Microsoft.NET.Sdk.StaticWebAssets.Compression.targets(204,5): message : Property reassignment: $(ResolvePublishRelatedStaticWebAssetsDependsOn)="
       C:\Program Files\dotnet\sdk\10.0.100\Sdks\Microsoft.NET.Sdk.StaticWebAssets\targets\Microsoft.NET.Sdk.StaticWebAssets.Compression.targets(204,5): message :       ResolvePublishCompressedStaticWebAssets;
       C:\Program Files\dotnet\sdk\10.0.100\Sdks\Microsoft.NET.Sdk.StaticWebAssets\targets\Microsoft.NET.Sdk.StaticWebAssets.Compression.targets(204,5): message :       
       C:\Program Files\dotnet\sdk\10.0.100\Sdks\Microsoft.NET.Sdk.StaticWebAssets\targets\Microsoft.NET.Sdk.StaticWebAssets.Compression.targets(204,5): message :     " (previous value: "") at C:\Program Files\dotnet\sdk\10.0.100\Sdks\Microsoft.NET.Sdk.StaticWebAssets\targets\Microsoft.NET.Sdk.StaticWebAssets.Compression.targets (204,5)
       C:\Program Files\dotnet\sdk\10.0.100\Sdks\Microsoft.NET.Sdk.Razor\targets\Sdk.Razor.CurrentVersion.targets(220,5): message : Property reassignment: $(DebugSymbolsProjectOutputGroupDependsOn)="
       C:\Program Files\dotnet\sdk\10.0.100\Sdks\Microsoft.NET.Sdk.Razor\targets\Sdk.Razor.CurrentVersion.targets(220,5): message :       ;
       C:\Program Files\dotnet\sdk\10.0.100\Sdks\Microsoft.NET.Sdk.Razor\targets\Sdk.Razor.CurrentVersion.targets(220,5): message :       _RazorAddDebugSymbolsProjectOutputGroupOutput
       C:\Program Files\dotnet\sdk\10.0.100\Sdks\Microsoft.NET.Sdk.Razor\targets\Sdk.Razor.CurrentVersion.targets(220,5): message :     " (previous value: "") at C:\Program Files\dotnet\sdk\10.0.100\Sdks\Microsoft.NET.Sdk.Razor\targets\Sdk.Razor.CurrentVersion.targets (220,5)
       C:\Program Files\dotnet\sdk\10.0.100\Sdks\Microsoft.NET.Sdk.Razor\targets\Sdk.Razor.CurrentVersion.targets(225,5): message : Property reassignment: $(PrepareForBuildDependsOn)="
       C:\Program Files\dotnet\sdk\10.0.100\Sdks\Microsoft.NET.Sdk.Razor\targets\Sdk.Razor.CurrentVersion.targets(225,5): message :       ;GetFrameworkPaths;GetReferenceAssemblyPaths;AssignLinkMetadata;
       C:\Program Files\dotnet\sdk\10.0.100\Sdks\Microsoft.NET.Sdk.Razor\targets\Sdk.Razor.CurrentVersion.targets(225,5): message :       ResolveRazorGenerateInputs
       C:\Program Files\dotnet\sdk\10.0.100\Sdks\Microsoft.NET.Sdk.Razor\targets\Sdk.Razor.CurrentVersion.targets(225,5): message :     " (previous value: ";GetFrameworkPaths;GetReferenceAssemblyPaths;AssignLinkMetadata") at C:\Program Files\dotnet\sdk\10.0.100\Sdks\Microsoft.NET.Sdk.Razor\targets\Sdk.Razor.CurrentVersion.targets (225,5)
       C:\Program Files\dotnet\sdk\10.0.100\Sdks\Microsoft.NET.Sdk.Razor\targets\Sdk.Razor.CurrentVersion.targets(230,5): message : Property reassignment: $(GenerateNuspecDependsOn)="
       C:\Program Files\dotnet\sdk\10.0.100\Sdks\Microsoft.NET.Sdk.Razor\targets\Sdk.Razor.CurrentVersion.targets(230,5): message :       ResolveRazorGenerateInputs;
       C:\Program Files\dotnet\sdk\10.0.100\Sdks\Microsoft.NET.Sdk.Razor\targets\Sdk.Razor.CurrentVersion.targets(230,5): message :       
       C:\Program Files\dotnet\sdk\10.0.100\Sdks\Microsoft.NET.Sdk.Razor\targets\Sdk.Razor.CurrentVersion.targets(230,5): message :       IncludeStaticWebAssetsPackItems;
       C:\Program Files\dotnet\sdk\10.0.100\Sdks\Microsoft.NET.Sdk.Razor\targets\Sdk.Razor.CurrentVersion.targets(230,5): message :       Build;_LoadPackInputItems; _GetTargetFrameworksOutput; _WalkEachTargetPerFramework; _GetPackageFiles; ;
       C:\Program Files\dotnet\sdk\10.0.100\Sdks\Microsoft.NET.Sdk.Razor\targets\Sdk.Razor.CurrentVersion.targets(230,5): message :     
       C:\Program Files\dotnet\sdk\10.0.100\Sdks\Microsoft.NET.Sdk.Razor\targets\Sdk.Razor.CurrentVersion.targets(230,5): message :     " (previous value: "
       C:\Program Files\dotnet\sdk\10.0.100\Sdks\Microsoft.NET.Sdk.Razor\targets\Sdk.Razor.CurrentVersion.targets(230,5): message :       IncludeStaticWebAssetsPackItems;
       C:\Program Files\dotnet\sdk\10.0.100\Sdks\Microsoft.NET.Sdk.Razor\targets\Sdk.Razor.CurrentVersion.targets(230,5): message :       Build;_LoadPackInputItems; _GetTargetFrameworksOutput; _WalkEachTargetPerFramework; _GetPackageFiles; ;
       C:\Program Files\dotnet\sdk\10.0.100\Sdks\Microsoft.NET.Sdk.Razor\targets\Sdk.Razor.CurrentVersion.targets(230,5): message :     ") at C:\Program Files\dotnet\sdk\10.0.100\Sdks\Microsoft.NET.Sdk.Razor\targets\Sdk.Razor.CurrentVersion.targets (230,5)
       C:\Program Files\dotnet\sdk\10.0.100\Sdks\Microsoft.NET.Sdk.Razor\targets\Sdk.Razor.CurrentVersion.targets(235,5): message : Property reassignment: $(PrepareForRunDependsOn)="
       C:\Program Files\dotnet\sdk\10.0.100\Sdks\Microsoft.NET.Sdk.Razor\targets\Sdk.Razor.CurrentVersion.targets(235,5): message :       _RazorPrepareForRun;
       C:\Program Files\dotnet\sdk\10.0.100\Sdks\Microsoft.NET.Sdk.Razor\targets\Sdk.Razor.CurrentVersion.targets(235,5): message :       StaticWebAssetsPrepareForRun;
       C:\Program Files\dotnet\sdk\10.0.100\Sdks\Microsoft.NET.Sdk.Razor\targets\Sdk.Razor.CurrentVersion.targets(235,5): message :       CopyFilesToOutputDirectory
       C:\Program Files\dotnet\sdk\10.0.100\Sdks\Microsoft.NET.Sdk.Razor\targets\Sdk.Razor.CurrentVersion.targets(235,5): message :     
       C:\Program Files\dotnet\sdk\10.0.100\Sdks\Microsoft.NET.Sdk.Razor\targets\Sdk.Razor.CurrentVersion.targets(235,5): message :     " (previous value: "StaticWebAssetsPrepareForRun;
       C:\Program Files\dotnet\sdk\10.0.100\Sdks\Microsoft.NET.Sdk.Razor\targets\Sdk.Razor.CurrentVersion.targets(235,5): message :       CopyFilesToOutputDirectory
       C:\Program Files\dotnet\sdk\10.0.100\Sdks\Microsoft.NET.Sdk.Razor\targets\Sdk.Razor.CurrentVersion.targets(235,5): message :     ") at C:\Program Files\dotnet\sdk\10.0.100\Sdks\Microsoft.NET.Sdk.Razor\targets\Sdk.Razor.CurrentVersion.targets (235,5)
       C:\Program Files\dotnet\sdk\10.0.100\Sdks\Microsoft.NET.Sdk.Razor\targets\Sdk.Razor.CurrentVersion.targets(326,5): message : Property reassignment: $(UseRazorBuildServer)="true" (previous value: "") at C:\Program Files\dotnet\sdk\10.0.100\Sdks\Microsoft.NET.Sdk.Razor\targets\Sdk.Razor.CurrentVersion.targets (326,5)
       C:\Program Files\dotnet\sdk\10.0.100\Sdks\Microsoft.NET.Sdk.Razor\targets\Sdk.Razor.CurrentVersion.targets(332,5): message : Property reassignment: $(_RazorDebugSymbolsProduced)="true" (previous value: "false") at C:\Program Files\dotnet\sdk\10.0.100\Sdks\Microsoft.NET.Sdk.Razor\targets\Sdk.Razor.CurrentVersion.targets (332,5)
       C:\Program Files\dotnet\sdk\10.0.100\Sdks\Microsoft.NET.Sdk.Razor\targets\Microsoft.NET.Sdk.Razor.GenerateAssemblyInfo.targets(36,5): message : Property reassignment: $(GenerateRazorTargetAssemblyInfoDependsOn)="
       C:\Program Files\dotnet\sdk\10.0.100\Sdks\Microsoft.NET.Sdk.Razor\targets\Microsoft.NET.Sdk.Razor.GenerateAssemblyInfo.targets(36,5): message :       _ResolveMvcAssemblyAttributes;
       C:\Program Files\dotnet\sdk\10.0.100\Sdks\Microsoft.NET.Sdk.Razor\targets\Microsoft.NET.Sdk.Razor.GenerateAssemblyInfo.targets(36,5): message :       
       C:\Program Files\dotnet\sdk\10.0.100\Sdks\Microsoft.NET.Sdk.Razor\targets\Microsoft.NET.Sdk.Razor.GenerateAssemblyInfo.targets(36,5): message :       GetRazorTargetAssemblyAttributes;
       C:\Program Files\dotnet\sdk\10.0.100\Sdks\Microsoft.NET.Sdk.Razor\targets\Microsoft.NET.Sdk.Razor.GenerateAssemblyInfo.targets(36,5): message :       _CreateRazorTargetAssemblyInfoInputsCacheFile;
       C:\Program Files\dotnet\sdk\10.0.100\Sdks\Microsoft.NET.Sdk.Razor\targets\Microsoft.NET.Sdk.Razor.GenerateAssemblyInfo.targets(36,5): message :       CoreGenerateRazorTargetAssemblyInfo
       C:\Program Files\dotnet\sdk\10.0.100\Sdks\Microsoft.NET.Sdk.Razor\targets\Microsoft.NET.Sdk.Razor.GenerateAssemblyInfo.targets(36,5): message :     
       C:\Program Files\dotnet\sdk\10.0.100\Sdks\Microsoft.NET.Sdk.Razor\targets\Microsoft.NET.Sdk.Razor.GenerateAssemblyInfo.targets(36,5): message :     " (previous value: "
       C:\Program Files\dotnet\sdk\10.0.100\Sdks\Microsoft.NET.Sdk.Razor\targets\Microsoft.NET.Sdk.Razor.GenerateAssemblyInfo.targets(36,5): message :       GetRazorTargetAssemblyAttributes;
       C:\Program Files\dotnet\sdk\10.0.100\Sdks\Microsoft.NET.Sdk.Razor\targets\Microsoft.NET.Sdk.Razor.GenerateAssemblyInfo.targets(36,5): message :       _CreateRazorTargetAssemblyInfoInputsCacheFile;
       C:\Program Files\dotnet\sdk\10.0.100\Sdks\Microsoft.NET.Sdk.Razor\targets\Microsoft.NET.Sdk.Razor.GenerateAssemblyInfo.targets(36,5): message :       CoreGenerateRazorTargetAssemblyInfo
       C:\Program Files\dotnet\sdk\10.0.100\Sdks\Microsoft.NET.Sdk.Razor\targets\Microsoft.NET.Sdk.Razor.GenerateAssemblyInfo.targets(36,5): message :     ") at C:\Program Files\dotnet\sdk\10.0.100\Sdks\Microsoft.NET.Sdk.Razor\targets\Microsoft.NET.Sdk.Razor.GenerateAssemblyInfo.targets (36,5)
       C:\Program Files\dotnet\sdk\10.0.100\Sdks\Microsoft.NET.Sdk.Razor\targets\Microsoft.NET.Sdk.Razor.GenerateAssemblyInfo.targets(181,5): message : Property reassignment: $(CoreCompileDependsOn)="
       C:\Program Files\dotnet\sdk\10.0.100\Sdks\Microsoft.NET.Sdk.Razor\targets\Microsoft.NET.Sdk.Razor.GenerateAssemblyInfo.targets(181,5): message :       ;_ComputeNonExistentFileProperty;ResolveCodeAnalysisRuleSet;
       C:\Program Files\dotnet\sdk\10.0.100\Sdks\Microsoft.NET.Sdk.Razor\targets\Microsoft.NET.Sdk.Razor.GenerateAssemblyInfo.targets(181,5): message :       _GenerateRazorAssemblyInfo
       C:\Program Files\dotnet\sdk\10.0.100\Sdks\Microsoft.NET.Sdk.Razor\targets\Microsoft.NET.Sdk.Razor.GenerateAssemblyInfo.targets(181,5): message :     " (previous value: ";_ComputeNonExistentFileProperty;ResolveCodeAnalysisRuleSet") at C:\Program Files\dotnet\sdk\10.0.100\Sdks\Microsoft.NET.Sdk.Razor\targets\Microsoft.NET.Sdk.Razor.GenerateAssemblyInfo.targets (181,5)
       C:\Program Files\dotnet\sdk\10.0.100\Sdks\Microsoft.NET.Sdk.Razor\targets\Microsoft.NET.Sdk.Razor.GenerateAssemblyInfo.targets(189,5): message : Property reassignment: $(_GenerateRazorAssemblyInfoDependsOn)="
       C:\Program Files\dotnet\sdk\10.0.100\Sdks\Microsoft.NET.Sdk.Razor\targets\Microsoft.NET.Sdk.Razor.GenerateAssemblyInfo.targets(189,5): message :       _ResolveMvcAssemblyAttributes;
       C:\Program Files\dotnet\sdk\10.0.100\Sdks\Microsoft.NET.Sdk.Razor\targets\Microsoft.NET.Sdk.Razor.GenerateAssemblyInfo.targets(189,5): message :       RazorGetAssemblyAttributes;PrepareForBuild;_CoreGenerateRazorAssemblyInfo;
       C:\Program Files\dotnet\sdk\10.0.100\Sdks\Microsoft.NET.Sdk.Razor\targets\Microsoft.NET.Sdk.Razor.GenerateAssemblyInfo.targets(189,5): message :     " (previous value: "RazorGetAssemblyAttributes;PrepareForBuild;_CoreGenerateRazorAssemblyInfo") at C:\Program Files\dotnet\sdk\10.0.100\Sdks\Microsoft.NET.Sdk.Razor\targets\Microsoft.NET.Sdk.Razor.GenerateAssemblyInfo.targets (189,5)
       C:\Program Files\dotnet\sdk\10.0.100\Sdks\Microsoft.NET.Sdk.Razor\targets\Microsoft.NET.Sdk.Razor.MvcApplicationPartsDiscovery.targets(22,5): message : Property reassignment: $(CoreCompileDependsOn)="
       C:\Program Files\dotnet\sdk\10.0.100\Sdks\Microsoft.NET.Sdk.Razor\targets\Microsoft.NET.Sdk.Razor.MvcApplicationPartsDiscovery.targets(22,5): message :       _DiscoverMvcApplicationParts;
       C:\Program Files\dotnet\sdk\10.0.100\Sdks\Microsoft.NET.Sdk.Razor\targets\Microsoft.NET.Sdk.Razor.MvcApplicationPartsDiscovery.targets(22,5): message :       
       C:\Program Files\dotnet\sdk\10.0.100\Sdks\Microsoft.NET.Sdk.Razor\targets\Microsoft.NET.Sdk.Razor.MvcApplicationPartsDiscovery.targets(22,5): message :       ;_ComputeNonExistentFileProperty;ResolveCodeAnalysisRuleSet;
       C:\Program Files\dotnet\sdk\10.0.100\Sdks\Microsoft.NET.Sdk.Razor\targets\Microsoft.NET.Sdk.Razor.MvcApplicationPartsDiscovery.targets(22,5): message :       _GenerateRazorAssemblyInfo
       C:\Program Files\dotnet\sdk\10.0.100\Sdks\Microsoft.NET.Sdk.Razor\targets\Microsoft.NET.Sdk.Razor.MvcApplicationPartsDiscovery.targets(22,5): message :     ;
       C:\Program Files\dotnet\sdk\10.0.100\Sdks\Microsoft.NET.Sdk.Razor\targets\Microsoft.NET.Sdk.Razor.MvcApplicationPartsDiscovery.targets(22,5): message :     " (previous value: "
       C:\Program Files\dotnet\sdk\10.0.100\Sdks\Microsoft.NET.Sdk.Razor\targets\Microsoft.NET.Sdk.Razor.MvcApplicationPartsDiscovery.targets(22,5): message :       ;_ComputeNonExistentFileProperty;ResolveCodeAnalysisRuleSet;
       C:\Program Files\dotnet\sdk\10.0.100\Sdks\Microsoft.NET.Sdk.Razor\targets\Microsoft.NET.Sdk.Razor.MvcApplicationPartsDiscovery.targets(22,5): message :       _GenerateRazorAssemblyInfo
       C:\Program Files\dotnet\sdk\10.0.100\Sdks\Microsoft.NET.Sdk.Razor\targets\Microsoft.NET.Sdk.Razor.MvcApplicationPartsDiscovery.targets(22,5): message :     ") at C:\Program Files\dotnet\sdk\10.0.100\Sdks\Microsoft.NET.Sdk.Razor\targets\Microsoft.NET.Sdk.Razor.MvcApplicationPartsDiscovery.targets (22,5)
       C:\Program Files\dotnet\sdk\10.0.100\Sdks\Microsoft.NET.Sdk.Razor\targets\Sdk.Razor.CurrentVersion.targets(884,5): message : Property reassignment: $(RazorDesignTimeTargets)="C:\Program Files\dotnet\sdk\10.0.100\Sdks\Microsoft.NET.Sdk.Razor\targets\Microsoft.NET.Sdk.Razor.DesignTime.targets" (previous value: "C:\Program Files\dotnet\sdk\10.0.100\\Microsoft\VisualStudio\Razor\Microsoft.NET.Sdk.Razor.DesignTime.targets") at C:\Program Files\dotnet\sdk\10.0.100\Sdks\Microsoft.NET.Sdk.Razor\targets\Sdk.Razor.CurrentVersion.targets (884,5)
       C:\Program Files\dotnet\sdk\10.0.100\Sdks\Microsoft.NET.Sdk.Web.ProjectSystem\targets\Microsoft.NET.Sdk.Web.ProjectSystem.targets(21,5): message : Property reassignment: $(RunWorkingDirectory)="C:\Users\toduc\Downloads\SmartStay" (previous value: "") at C:\Program Files\dotnet\sdk\10.0.100\Sdks\Microsoft.NET.Sdk.Web.ProjectSystem\targets\Microsoft.NET.Sdk.Web.ProjectSystem.targets (21,5)
       C:\Program Files\dotnet\sdk\10.0.100\Sdks\Microsoft.NET.Sdk.Publish\targets\Microsoft.NET.Sdk.Publish.targets(60,5): message : Property reassignment: $(PublishProfileImported)="true" (previous value: "false") at C:\Program Files\dotnet\sdk\10.0.100\Sdks\Microsoft.NET.Sdk.Publish\targets\Microsoft.NET.Sdk.Publish.targets (60,5)
       C:\Program Files\dotnet\sdk\10.0.100\Sdks\Microsoft.NET.Sdk.Publish\targets\Microsoft.NET.Sdk.Publish.targets(81,5): message : Property reassignment: $(PublishConfiguration)="Debug" (previous value: "") at C:\Program Files\dotnet\sdk\10.0.100\Sdks\Microsoft.NET.Sdk.Publish\targets\Microsoft.NET.Sdk.Publish.targets (81,5)
       C:\Program Files\dotnet\sdk\10.0.100\Sdks\Microsoft.NET.Sdk.Publish\targets\Microsoft.NET.Sdk.Publish.targets(87,5): message : Property reassignment: $(BaseIntermediateOutputPath)="C:\Users\toduc\Downloads\SmartStay\obj\" (previous value: "obj\") at C:\Program Files\dotnet\sdk\10.0.100\Sdks\Microsoft.NET.Sdk.Publish\targets\Microsoft.NET.Sdk.Publish.targets (87,5)
       Overriding target "ResolveFrameworkReferences" in project "C:\Program Files\dotnet\sdk\10.0.100\Microsoft.Common.CurrentVersion.targets" with target "ResolveFrameworkReferences" from project "C:\Program Files\dotnet\sdk\10.0.100\Sdks\Microsoft.NET.Sdk\targets\Microsoft.NET.Sdk.FrameworkReferenceResolution.targets".
       Overriding target "GenerateSupportedTargetFrameworkAlias" in project "C:\Program Files\dotnet\sdk\10.0.100\Microsoft.Common.CurrentVersion.targets" with target "GenerateSupportedTargetFrameworkAlias" from project "C:\Program Files\dotnet\sdk\10.0.100\Sdks\Microsoft.NET.Sdk\targets\Microsoft.NET.Sdk.targets".
       Overriding target "GetReferenceAssemblyPaths" in project "C:\Program Files\dotnet\sdk\10.0.100\Microsoft.Common.CurrentVersion.targets" with target "GetReferenceAssemblyPaths" from project "C:\Program Files\dotnet\sdk\10.0.100\Sdks\Microsoft.NET.Sdk\targets\Microsoft.NET.DisableStandardFrameworkResolution.targets".
       Overriding target "GetFrameworkPaths" in project "C:\Program Files\dotnet\sdk\10.0.100\Microsoft.Common.CurrentVersion.targets" with target "GetFrameworkPaths" from project "C:\Program Files\dotnet\sdk\10.0.100\Sdks\Microsoft.NET.Sdk\targets\Microsoft.NET.DisableStandardFrameworkResolution.targets".
       Overriding target "DesignerRuntimeImplementationProjectOutputGroup" in project "C:\Program Files\dotnet\sdk\10.0.100\Microsoft.Common.CurrentVersion.targets" with target "DesignerRuntimeImplementationProjectOutputGroup" from project "C:\Program Files\dotnet\sdk\10.0.100\Sdks\Microsoft.NET.Sdk\targets\Microsoft.NET.DesignerSupport.targets".
       Overriding target "Publish" in project "C:\Program Files\dotnet\sdk\10.0.100\Microsoft.Common.CurrentVersion.targets" with target "Publish" from project "C:\Program Files\dotnet\sdk\10.0.100\Sdks\Microsoft.NET.Sdk\targets\Microsoft.NET.Publish.targets".
       Overriding target "ResolveReadyToRunCompilers" in project "C:\Program Files\dotnet\sdk\10.0.100\Sdks\Microsoft.NET.Sdk\targets\Microsoft.NET.CrossGen.targets" with target "ResolveReadyToRunCompilers" from project "C:\Program Files\dotnet\sdk\10.0.100\Sdks\Microsoft.NET.Sdk\targets\Microsoft.NET.Publish.targets".
       Overriding target "GetCopyToPublishDirectoryItems" in project "C:\Program Files\dotnet\sdk\10.0.100\Microsoft.Common.CurrentVersion.targets" with target "GetCopyToPublishDirectoryItems" from project "C:\Program Files\dotnet\sdk\10.0.100\Sdks\Microsoft.NET.Sdk\targets\Microsoft.NET.Publish.targets".
       Overriding target "Run" in project "C:\Program Files\dotnet\sdk\10.0.100\Microsoft.Common.CurrentVersion.targets" with target "Run" from project "C:\Program Files\dotnet\sdk\10.0.100\Sdks\Microsoft.NET.Sdk\targets\Microsoft.NET.Sdk.targets".
       Overriding target "BeforePublish" in project "C:\Program Files\dotnet\sdk\10.0.100\Microsoft.Common.CurrentVersion.targets" with target "BeforePublish" from project "C:\Program Files\dotnet\sdk\10.0.100\Sdks\Microsoft.NET.Sdk.Publish\targets\Microsoft.NET.Sdk.Publish.targets".
       Overriding target "AfterPublish" in project "C:\Program Files\dotnet\sdk\10.0.100\Microsoft.Common.CurrentVersion.targets" with target "AfterPublish" from project "C:\Program Files\dotnet\sdk\10.0.100\Sdks\Microsoft.NET.Sdk.Publish\targets\Microsoft.NET.Sdk.Publish.targets".
       The target "CollectUpToDateCheckInputDesignTime" listed in a BeforeTargets attribute at "C:\Program Files\dotnet\sdk\10.0.100\Sdks\Microsoft.NET.Sdk.StaticWebAssets\targets\Microsoft.NET.Sdk.StaticWebAssets.ScopedCss.targets (171,5)" does not exist in the project, and will be ignored.
       The target "CollectUpToDateCheckBuiltDesignTime" listed in a BeforeTargets attribute at "C:\Program Files\dotnet\sdk\10.0.100\Sdks\Microsoft.NET.Sdk.StaticWebAssets\targets\Microsoft.NET.Sdk.StaticWebAssets.ScopedCss.targets (171,5)" does not exist in the project, and will be ignored.
       The target "RazorGenerateComponentDeclaration" listed in an AfterTargets attribute at "C:\Program Files\dotnet\sdk\10.0.100\Sdks\Microsoft.NET.Sdk.Razor\targets\Microsoft.NET.Sdk.Razor.DesignTime.targets (55,53)" does not exist in the project, and will be ignored.
     1>Project "C:\Users\toduc\Downloads\SmartStay\do_an_tot_nghiep.csproj" on node 1 (Restore target(s)).
     1>Target "_LoadRestoreGraphEntryPoints" in file "C:\Program Files\dotnet\sdk\10.0.100\NuGet.targets" from project "C:\Users\toduc\Downloads\SmartStay\do_an_tot_nghiep.csproj" (target "_FilterRestoreGraphProjectInputItems" depends on it):
     1>Done building target "_LoadRestoreGraphEntryPoints" in project "do_an_tot_nghiep.csproj".
     1>Target "_FilterRestoreGraphProjectInputItems" in file "C:\Program Files\dotnet\sdk\10.0.100\NuGet.targets" from project "C:\Users\toduc\Downloads\SmartStay\do_an_tot_nghiep.csproj" (target "_GenerateRestoreGraph" depends on it):
       Using "RemoveDuplicates" task from assembly "Microsoft.Build.Tasks.Core, Version=15.1.0.0, Culture=neutral, PublicKeyToken=b03f5f7f11d50a3a".
       Task "RemoveDuplicates"
       Done executing task "RemoveDuplicates".
       Using "MSBuild" task from assembly "Microsoft.Build.Tasks.Core, Version=15.1.0.0, Culture=neutral, PublicKeyToken=b03f5f7f11d50a3a".
       Task "MSBuild"
         Global Properties:
           ExcludeRestorePackageImports=true
     0>C:\Program Files\dotnet\sdk\10.0.100\Sdks\Microsoft.NET.Sdk\Sdk\Sdk.props(49,11): message : Property 'MSBuildExtensionsPath' with value 'C:\Program Files\dotnet\sdk\10.0.100\' expanded from the environment.
       C:\Program Files\dotnet\sdk\10.0.100\Current\Microsoft.Common.props(60,5): message : Property reassignment: $(MSBuildProjectExtensionsPath)="C:\Users\toduc\Downloads\SmartStay\obj\" (previous value: "obj\") at C:\Program Files\dotnet\sdk\10.0.100\Current\Microsoft.Common.props (60,5)
       C:\Program Files\dotnet\sdk\10.0.100\Current\Microsoft.Common.props(84,119): message : Property 'MSBuildUserExtensionsPath' with value 'C:\Users\toduc\AppData\Local\Microsoft\MSBuild' expanded from the environment.
       C:\Program Files\dotnet\sdk\10.0.100\Sdks\Microsoft.NET.Sdk\targets\Microsoft.NET.Sdk.props(90,5): message : Property reassignment: $(AssemblySearchPaths)="{CandidateAssemblyFiles};{HintPathFromItem}" (previous value: "{CandidateAssemblyFiles}") at C:\Program Files\dotnet\sdk\10.0.100\Sdks\Microsoft.NET.Sdk\targets\Microsoft.NET.Sdk.props (90,5)
       C:\Program Files\dotnet\sdk\10.0.100\Sdks\Microsoft.NET.Sdk\targets\Microsoft.NET.Sdk.props(91,5): message : Property reassignment: $(AssemblySearchPaths)="{CandidateAssemblyFiles};{HintPathFromItem};{TargetFrameworkDirectory}" (previous value: "{CandidateAssemblyFiles};{HintPathFromItem}") at C:\Program Files\dotnet\sdk\10.0.100\Sdks\Microsoft.NET.Sdk\targets\Microsoft.NET.Sdk.props (91,5)
       C:\Program Files\dotnet\sdk\10.0.100\Sdks\Microsoft.NET.Sdk\targets\Microsoft.NET.Sdk.props(92,5): message : Property reassignment: $(AssemblySearchPaths)="{CandidateAssemblyFiles};{HintPathFromItem};{TargetFrameworkDirectory};{RawFileName}" (previous value: "{CandidateAssemblyFiles};{HintPathFromItem};{TargetFrameworkDirectory}") at C:\Program Files\dotnet\sdk\10.0.100\Sdks\Microsoft.NET.Sdk\targets\Microsoft.NET.Sdk.props (92,5)
       C:\Program Files\dotnet\sdk\10.0.100\Sdks\Microsoft.NET.Sdk.StaticWebAssets\Sdk\Sdk.StaticWebAssets.StaticAssets.ProjectSystem.props(23,5): message : Property reassignment: $(DefaultItemExcludes)=";**\node_modules\**;node_modules\**;**\jspm_packages\**;jspm_packages\**" (previous value: ";**\node_modules\**;node_modules\**") at C:\Program Files\dotnet\sdk\10.0.100\Sdks\Microsoft.NET.Sdk.StaticWebAssets\Sdk\Sdk.StaticWebAssets.StaticAssets.ProjectSystem.props (23,5)
       C:\Program Files\dotnet\sdk\10.0.100\Sdks\Microsoft.NET.Sdk.StaticWebAssets\Sdk\Sdk.StaticWebAssets.StaticAssets.ProjectSystem.props(24,5): message : Property reassignment: $(DefaultItemExcludes)=";**\node_modules\**;node_modules\**;**\jspm_packages\**;jspm_packages\**;**\bower_components\**;bower_components\**" (previous value: ";**\node_modules\**;node_modules\**;**\jspm_packages\**;jspm_packages\**") at C:\Program Files\dotnet\sdk\10.0.100\Sdks\Microsoft.NET.Sdk.StaticWebAssets\Sdk\Sdk.StaticWebAssets.StaticAssets.ProjectSystem.props (24,5)
       C:\Program Files\dotnet\sdk\10.0.100\Sdks\Microsoft.NET.Sdk.StaticWebAssets\Sdk\Sdk.StaticWebAssets.StaticAssets.ProjectSystem.props(25,5): message : Property reassignment: $(DefaultItemExcludes)=";**\node_modules\**;node_modules\**;**\jspm_packages\**;jspm_packages\**;**\bower_components\**;bower_components\**;**\packages.lock.json" (previous value: ";**\node_modules\**;node_modules\**;**\jspm_packages\**;jspm_packages\**;**\bower_components\**;bower_components\**") at C:\Program Files\dotnet\sdk\10.0.100\Sdks\Microsoft.NET.Sdk.StaticWebAssets\Sdk\Sdk.StaticWebAssets.StaticAssets.ProjectSystem.props (25,5)
       C:\Program Files\dotnet\sdk\10.0.100\Sdks\Microsoft.NET.Sdk.Web.ProjectSystem\targets\Microsoft.NET.Sdk.Web.ProjectSystem.props(16,5): message : Property reassignment: $(OutputType)="Exe" (previous value: "Library") at C:\Program Files\dotnet\sdk\10.0.100\Sdks\Microsoft.NET.Sdk.Web.ProjectSystem\targets\Microsoft.NET.Sdk.Web.ProjectSystem.props (16,5)
       C:\Users\toduc\Downloads\SmartStay\do_an_tot_nghiep.csproj(8,5): message : Property reassignment: $(NoWarn)="1701;1702;1591" (previous value: "1701;1702") at C:\Users\toduc\Downloads\SmartStay\do_an_tot_nghiep.csproj (8,5)
       C:\Program Files\dotnet\sdk\10.0.100\Sdks\Microsoft.NET.Sdk\targets\Microsoft.NET.Sdk.ImportPublishProfile.targets(28,5): message : Property reassignment: $(PublishProfileImported)="false" (previous value: "true") at C:\Program Files\dotnet\sdk\10.0.100\Sdks\Microsoft.NET.Sdk\targets\Microsoft.NET.Sdk.ImportPublishProfile.targets (28,5)
       C:\Program Files\dotnet\sdk\10.0.100\Sdks\Microsoft.NET.Sdk\targets\Microsoft.NET.TargetFrameworkInference.targets(81,5): message : Property reassignment: $(TargetPlatformVersion)="" (previous value: "0.0") at C:\Program Files\dotnet\sdk\10.0.100\Sdks\Microsoft.NET.Sdk\targets\Microsoft.NET.TargetFrameworkInference.targets (81,5)
       C:\Program Files\dotnet\sdk\10.0.100\Sdks\Microsoft.NET.Sdk\targets\Microsoft.NET.DefaultOutputPaths.targets(126,5): message : Property reassignment: $(DefaultItemExcludes)=";**\node_modules\**;node_modules\**;**\jspm_packages\**;jspm_packages\**;**\bower_components\**;bower_components\**;**\packages.lock.json;bin\Debug\/**" (previous value: ";**\node_modules\**;node_modules\**;**\jspm_packages\**;jspm_packages\**;**\bower_components\**;bower_components\**;**\packages.lock.json") at C:\Program Files\dotnet\sdk\10.0.100\Sdks\Microsoft.NET.Sdk\targets\Microsoft.NET.DefaultOutputPaths.targets (126,5)
       C:\Program Files\dotnet\sdk\10.0.100\Sdks\Microsoft.NET.Sdk\targets\Microsoft.NET.DefaultOutputPaths.targets(127,5): message : Property reassignment: $(DefaultItemExcludes)=";**\node_modules\**;node_modules\**;**\jspm_packages\**;jspm_packages\**;**\bower_components\**;bower_components\**;**\packages.lock.json;bin\Debug\/**;obj\Debug\/**" (previous value: ";**\node_modules\**;node_modules\**;**\jspm_packages\**;jspm_packages\**;**\bower_components\**;bower_components\**;**\packages.lock.json;bin\Debug\/**") at C:\Program Files\dotnet\sdk\10.0.100\Sdks\Microsoft.NET.Sdk\targets\Microsoft.NET.DefaultOutputPaths.targets (127,5)
       C:\Program Files\dotnet\sdk\10.0.100\Sdks\Microsoft.NET.Sdk\targets\Microsoft.NET.DefaultOutputPaths.targets(142,5): message : Property reassignment: $(OutputPath)="bin\Debug\net8.0\" (previous value: "bin\Debug\") at C:\Program Files\dotnet\sdk\10.0.100\Sdks\Microsoft.NET.Sdk\targets\Microsoft.NET.DefaultOutputPaths.targets (142,5)
       C:\Program Files\dotnet\sdk\10.0.100\Sdks\Microsoft.NET.Sdk\targets\Microsoft.NET.DefaultOutputPaths.targets(147,5): message : Property reassignment: $(IntermediateOutputPath)="obj\Debug\net8.0\" (previous value: "obj\Debug\") at C:\Program Files\dotnet\sdk\10.0.100\Sdks\Microsoft.NET.Sdk\targets\Microsoft.NET.DefaultOutputPaths.targets (147,5)
       C:\Program Files\dotnet\sdk\10.0.100\Sdks\Microsoft.NET.Sdk\targets\Microsoft.NET.Sdk.BeforeCommon.targets(371,5): message : Property reassignment: $(RoslynTargetsPath)="C:\Program Files\dotnet\sdk\10.0.100\Sdks\Microsoft.NET.Sdk\targets\..\..\..\Roslyn" (previous value: "C:\Program Files\dotnet\sdk\10.0.100\Roslyn") at C:\Program Files\dotnet\sdk\10.0.100\Sdks\Microsoft.NET.Sdk\targets\Microsoft.NET.Sdk.BeforeCommon.targets (371,5)
       C:\Program Files\dotnet\sdk\10.0.100\Roslyn\Microsoft.Managed.Core.targets(6,5): message : Property reassignment: $(_BuildTasksDirectory)="C:\Program Files\dotnet\sdk\10.0.100\Sdks\Microsoft.NET.Sdk\targets\..\..\..\Roslyn\" (previous value: "C:\Program Files\dotnet\sdk\10.0.100\Roslyn\") at C:\Program Files\dotnet\sdk\10.0.100\Roslyn\Microsoft.Managed.Core.targets (6,5)
       C:\Program Files\dotnet\sdk\10.0.100\Roslyn\Microsoft.CSharp.Core.targets(200,5): message : Property reassignment: $(CommandLineArgsForDesignTimeEvaluation)="-langversion:12.0 -define:TRACE" (previous value: "-langversion:12.0") at C:\Program Files\dotnet\sdk\10.0.100\Roslyn\Microsoft.CSharp.Core.targets (200,5)
       C:\Program Files\dotnet\sdk\10.0.100\Roslyn\Microsoft.CSharp.Core.targets(202,5): message : Property reassignment: $(CommandLineArgsForDesignTimeEvaluation)="-langversion:12.0 -define:TRACE -doc:"obj\Debug\net8.0\do_an_tot_nghiep.xml"" (previous value: "-langversion:12.0 -define:TRACE") at C:\Program Files\dotnet\sdk\10.0.100\Roslyn\Microsoft.CSharp.Core.targets (202,5)
       C:\Program Files\dotnet\sdk\10.0.100\Microsoft.Common.CurrentVersion.targets(175,5): message : Property reassignment: $(_DebugSymbolsProduced)="true" (previous value: "false") at C:\Program Files\dotnet\sdk\10.0.100\Microsoft.Common.CurrentVersion.targets (175,5)
       C:\Program Files\dotnet\sdk\10.0.100\Microsoft.Common.CurrentVersion.targets(392,5): message : Property reassignment: $(MSBuildCopyMarkerName)="do_an_to.3584ED03" (previous value: "do_an_tot_nghiep.csproj") at C:\Program Files\dotnet\sdk\10.0.100\Microsoft.Common.CurrentVersion.targets (392,5)
       C:\Program Files\dotnet\sdk\10.0.100\Microsoft.Common.CurrentVersion.targets(393,5): message : Property reassignment: $(MSBuildCopyMarkerName)="do_an_to.3584ED03.Up2Date" (previous value: "do_an_to.3584ED03") at C:\Program Files\dotnet\sdk\10.0.100\Microsoft.Common.CurrentVersion.targets (393,5)
       C:\Program Files\dotnet\sdk\10.0.100\Microsoft.Common.CurrentVersion.targets(541,5): message : Property reassignment: $(ProcessorArchitecture)="msil" (previous value: "") at C:\Program Files\dotnet\sdk\10.0.100\Microsoft.Common.CurrentVersion.targets (541,5)
       C:\Program Files\dotnet\sdk\10.0.100\Microsoft.Common.CurrentVersion.targets(580,5): message : Property reassignment: $(DelaySign)="" (previous value: "false") at C:\Program Files\dotnet\sdk\10.0.100\Microsoft.Common.CurrentVersion.targets (580,5)
       C:\Program Files\dotnet\sdk\10.0.100\Microsoft.Common.CurrentVersion.targets(2606,5): message : Property 'LOCALAPPDATA' with value 'C:\Users\toduc\AppData\Local' expanded from the environment.
       C:\Program Files\dotnet\sdk\10.0.100\Microsoft.Common.CurrentVersion.targets(3934,5): message : Property reassignment: $(_SGenGenerateSerializationAssembliesConfig)="Auto" (previous value: "") at C:\Program Files\dotnet\sdk\10.0.100\Microsoft.Common.CurrentVersion.targets (3934,5)
       C:\Program Files\dotnet\sdk\10.0.100\Microsoft.Common.CurrentVersion.targets(3935,5): message : Property reassignment: $(_SGenGenerateSerializationAssembliesConfig)="Off" (previous value: "Auto") at C:\Program Files\dotnet\sdk\10.0.100\Microsoft.Common.CurrentVersion.targets (3935,5)
       C:\Program Files\dotnet\sdk\10.0.100\Microsoft.Common.CurrentVersion.targets(5146,5): message : Property reassignment: $(_TargetsThatPrepareProjectReferences)="
       C:\Program Files\dotnet\sdk\10.0.100\Microsoft.Common.CurrentVersion.targets(5146,5): message :       AssignProjectConfiguration;
       C:\Program Files\dotnet\sdk\10.0.100\Microsoft.Common.CurrentVersion.targets(5146,5): message :       _SplitProjectReferencesByFileExistence
       C:\Program Files\dotnet\sdk\10.0.100\Microsoft.Common.CurrentVersion.targets(5146,5): message :     " (previous value: "_SplitProjectReferencesByFileExistence") at C:\Program Files\dotnet\sdk\10.0.100\Microsoft.Common.CurrentVersion.targets (5146,5)
       C:\Program Files\dotnet\sdk\10.0.100\Microsoft.Common.CurrentVersion.targets(6959,5): message : Property 'MSBuildExtensionsPath32' with value 'C:\Program Files\dotnet\sdk\10.0.100' expanded from the environment.
       The "NuGetInteractive" property is a global property, and cannot be modified.
       C:\Program Files\dotnet\sdk\10.0.100\Sdks\Microsoft.NET.Sdk\targets\Microsoft.PackageDependencyResolution.targets(24,5): message : Property reassignment: $(ProjectAssetsFile)="C:\Users\toduc\Downloads\SmartStay\obj\project.assets.json" (previous value: "C:\Users\toduc\Downloads\SmartStay\obj\/project.assets.json") at C:\Program Files\dotnet\sdk\10.0.100\Sdks\Microsoft.NET.Sdk\targets\Microsoft.PackageDependencyResolution.targets (24,5)
       C:\Program Files\dotnet\sdk\10.0.100\Sdks\Microsoft.NET.Sdk\targets\Microsoft.PackageDependencyResolution.targets(29,5): message : Property reassignment: $(ProjectAssetsCacheFile)="C:\Users\toduc\Downloads\SmartStay\obj\Debug\net8.0\do_an_tot_nghiep.assets.cache" (previous value: "obj\Debug\net8.0\do_an_tot_nghiep.assets.cache") at C:\Program Files\dotnet\sdk\10.0.100\Sdks\Microsoft.NET.Sdk\targets\Microsoft.PackageDependencyResolution.targets (29,5)
       C:\Program Files\dotnet\sdk\10.0.100\Sdks\Microsoft.NET.Sdk\targets\Microsoft.PackageDependencyResolution.targets(80,5): message : Property reassignment: $(ResolveAssemblyReferencesDependsOn)="
       C:\Program Files\dotnet\sdk\10.0.100\Sdks\Microsoft.NET.Sdk\targets\Microsoft.PackageDependencyResolution.targets(80,5): message :       
       C:\Program Files\dotnet\sdk\10.0.100\Sdks\Microsoft.NET.Sdk\targets\Microsoft.PackageDependencyResolution.targets(80,5): message :       ResolveProjectReferences;
       C:\Program Files\dotnet\sdk\10.0.100\Sdks\Microsoft.NET.Sdk\targets\Microsoft.PackageDependencyResolution.targets(80,5): message :       FindInvalidProjectReferences;
       C:\Program Files\dotnet\sdk\10.0.100\Sdks\Microsoft.NET.Sdk\targets\Microsoft.PackageDependencyResolution.targets(80,5): message :       GetFrameworkPaths;
       C:\Program Files\dotnet\sdk\10.0.100\Sdks\Microsoft.NET.Sdk\targets\Microsoft.PackageDependencyResolution.targets(80,5): message :       GetReferenceAssemblyPaths;
       C:\Program Files\dotnet\sdk\10.0.100\Sdks\Microsoft.NET.Sdk\targets\Microsoft.PackageDependencyResolution.targets(80,5): message :       PrepareForBuild;
       C:\Program Files\dotnet\sdk\10.0.100\Sdks\Microsoft.NET.Sdk\targets\Microsoft.PackageDependencyResolution.targets(80,5): message :       ResolveSDKReferences;
       C:\Program Files\dotnet\sdk\10.0.100\Sdks\Microsoft.NET.Sdk\targets\Microsoft.PackageDependencyResolution.targets(80,5): message :       ExpandSDKReferences;
       C:\Program Files\dotnet\sdk\10.0.100\Sdks\Microsoft.NET.Sdk\targets\Microsoft.PackageDependencyResolution.targets(80,5): message :     ;
       C:\Program Files\dotnet\sdk\10.0.100\Sdks\Microsoft.NET.Sdk\targets\Microsoft.PackageDependencyResolution.targets(80,5): message :       ResolvePackageDependenciesForBuild;
       C:\Program Files\dotnet\sdk\10.0.100\Sdks\Microsoft.NET.Sdk\targets\Microsoft.PackageDependencyResolution.targets(80,5): message :       _HandlePackageFileConflicts;
       C:\Program Files\dotnet\sdk\10.0.100\Sdks\Microsoft.NET.Sdk\targets\Microsoft.PackageDependencyResolution.targets(80,5): message :     " (previous value: "
       C:\Program Files\dotnet\sdk\10.0.100\Sdks\Microsoft.NET.Sdk\targets\Microsoft.PackageDependencyResolution.targets(80,5): message :       ResolveProjectReferences;
       C:\Program Files\dotnet\sdk\10.0.100\Sdks\Microsoft.NET.Sdk\targets\Microsoft.PackageDependencyResolution.targets(80,5): message :       FindInvalidProjectReferences;
       C:\Program Files\dotnet\sdk\10.0.100\Sdks\Microsoft.NET.Sdk\targets\Microsoft.PackageDependencyResolution.targets(80,5): message :       GetFrameworkPaths;
       C:\Program Files\dotnet\sdk\10.0.100\Sdks\Microsoft.NET.Sdk\targets\Microsoft.PackageDependencyResolution.targets(80,5): message :       GetReferenceAssemblyPaths;
       C:\Program Files\dotnet\sdk\10.0.100\Sdks\Microsoft.NET.Sdk\targets\Microsoft.PackageDependencyResolution.targets(80,5): message :       PrepareForBuild;
       C:\Program Files\dotnet\sdk\10.0.100\Sdks\Microsoft.NET.Sdk\targets\Microsoft.PackageDependencyResolution.targets(80,5): message :       ResolveSDKReferences;
       C:\Program Files\dotnet\sdk\10.0.100\Sdks\Microsoft.NET.Sdk\targets\Microsoft.PackageDependencyResolution.targets(80,5): message :       ExpandSDKReferences;
       C:\Program Files\dotnet\sdk\10.0.100\Sdks\Microsoft.NET.Sdk\targets\Microsoft.PackageDependencyResolution.targets(80,5): message :     ") at C:\Program Files\dotnet\sdk\10.0.100\Sdks\Microsoft.NET.Sdk\targets\Microsoft.PackageDependencyResolution.targets (80,5)
       C:\Program Files\dotnet\sdk\10.0.100\Sdks\Microsoft.NET.Sdk\targets\Microsoft.PackageDependencyResolution.targets(86,5): message : Property reassignment: $(PrepareResourcesDependsOn)="
       C:\Program Files\dotnet\sdk\10.0.100\Sdks\Microsoft.NET.Sdk\targets\Microsoft.PackageDependencyResolution.targets(86,5): message :       ResolvePackageDependenciesForBuild;
       C:\Program Files\dotnet\sdk\10.0.100\Sdks\Microsoft.NET.Sdk\targets\Microsoft.PackageDependencyResolution.targets(86,5): message :       _HandlePackageFileConflicts;
       C:\Program Files\dotnet\sdk\10.0.100\Sdks\Microsoft.NET.Sdk\targets\Microsoft.PackageDependencyResolution.targets(86,5): message :       
       C:\Program Files\dotnet\sdk\10.0.100\Sdks\Microsoft.NET.Sdk\targets\Microsoft.PackageDependencyResolution.targets(86,5): message :       ;
       C:\Program Files\dotnet\sdk\10.0.100\Sdks\Microsoft.NET.Sdk\targets\Microsoft.PackageDependencyResolution.targets(86,5): message :       PrepareResourceNames;
       C:\Program Files\dotnet\sdk\10.0.100\Sdks\Microsoft.NET.Sdk\targets\Microsoft.PackageDependencyResolution.targets(86,5): message :       ResGen;
       C:\Program Files\dotnet\sdk\10.0.100\Sdks\Microsoft.NET.Sdk\targets\Microsoft.PackageDependencyResolution.targets(86,5): message :       CompileLicxFiles
       C:\Program Files\dotnet\sdk\10.0.100\Sdks\Microsoft.NET.Sdk\targets\Microsoft.PackageDependencyResolution.targets(86,5): message :     
       C:\Program Files\dotnet\sdk\10.0.100\Sdks\Microsoft.NET.Sdk\targets\Microsoft.PackageDependencyResolution.targets(86,5): message :     " (previous value: "
       C:\Program Files\dotnet\sdk\10.0.100\Sdks\Microsoft.NET.Sdk\targets\Microsoft.PackageDependencyResolution.targets(86,5): message :       ;
       C:\Program Files\dotnet\sdk\10.0.100\Sdks\Microsoft.NET.Sdk\targets\Microsoft.PackageDependencyResolution.targets(86,5): message :       PrepareResourceNames;
       C:\Program Files\dotnet\sdk\10.0.100\Sdks\Microsoft.NET.Sdk\targets\Microsoft.PackageDependencyResolution.targets(86,5): message :       ResGen;
       C:\Program Files\dotnet\sdk\10.0.100\Sdks\Microsoft.NET.Sdk\targets\Microsoft.PackageDependencyResolution.targets(86,5): message :       CompileLicxFiles
       C:\Program Files\dotnet\sdk\10.0.100\Sdks\Microsoft.NET.Sdk\targets\Microsoft.PackageDependencyResolution.targets(86,5): message :     ") at C:\Program Files\dotnet\sdk\10.0.100\Sdks\Microsoft.NET.Sdk\targets\Microsoft.PackageDependencyResolution.targets (86,5)
       The "EnableDefaultCompileItems" property is a global property, and cannot be modified.
       The "EnableDefaultEmbeddedResourceItems" property is a global property, and cannot be modified.
       The "EnableDefaultNoneItems" property is a global property, and cannot be modified.
       C:\Program Files\dotnet\sdk\10.0.100\Sdks\Microsoft.NET.Sdk\targets\Microsoft.NET.Sdk.DefaultItems.targets(35,5): message : Property reassignment: $(DefaultItemExcludes)=";**\node_modules\**;node_modules\**;**\jspm_packages\**;jspm_packages\**;**\bower_components\**;bower_components\**;**\packages.lock.json;bin\Debug\/**;obj\Debug\/**;bin\/**" (previous value: ";**\node_modules\**;node_modules\**;**\jspm_packages\**;jspm_packages\**;**\bower_components\**;bower_components\**;**\packages.lock.json;bin\Debug\/**;obj\Debug\/**") at C:\Program Files\dotnet\sdk\10.0.100\Sdks\Microsoft.NET.Sdk\targets\Microsoft.NET.Sdk.DefaultItems.targets (35,5)
       C:\Program Files\dotnet\sdk\10.0.100\Sdks\Microsoft.NET.Sdk\targets\Microsoft.NET.Sdk.DefaultItems.targets(37,5): message : Property reassignment: $(DefaultItemExcludes)=";**\node_modules\**;node_modules\**;**\jspm_packages\**;jspm_packages\**;**\bower_components\**;bower_components\**;**\packages.lock.json;bin\Debug\/**;obj\Debug\/**;bin\/**;obj\/**" (previous value: ";**\node_modules\**;node_modules\**;**\jspm_packages\**;jspm_packages\**;**\bower_components\**;bower_components\**;**\packages.lock.json;bin\Debug\/**;obj\Debug\/**;bin\/**") at C:\Program Files\dotnet\sdk\10.0.100\Sdks\Microsoft.NET.Sdk\targets\Microsoft.NET.Sdk.DefaultItems.targets (37,5)
       C:\Program Files\dotnet\sdk\10.0.100\Sdks\Microsoft.NET.Sdk\targets\Microsoft.NET.Sdk.DefaultItems.targets(40,5): message : Property reassignment: $(DefaultItemExcludes)=";**\node_modules\**;node_modules\**;**\jspm_packages\**;jspm_packages\**;**\bower_components\**;bower_components\**;**\packages.lock.json;bin\Debug\/**;obj\Debug\/**;bin\/**;obj\/**;**/*.user" (previous value: ";**\node_modules\**;node_modules\**;**\jspm_packages\**;jspm_packages\**;**\bower_components\**;bower_components\**;**\packages.lock.json;bin\Debug\/**;obj\Debug\/**;bin\/**;obj\/**") at C:\Program Files\dotnet\sdk\10.0.100\Sdks\Microsoft.NET.Sdk\targets\Microsoft.NET.Sdk.DefaultItems.targets (40,5)
       C:\Program Files\dotnet\sdk\10.0.100\Sdks\Microsoft.NET.Sdk\targets\Microsoft.NET.Sdk.DefaultItems.targets(41,5): message : Property reassignment: $(DefaultItemExcludes)=";**\node_modules\**;node_modules\**;**\jspm_packages\**;jspm_packages\**;**\bower_components\**;bower_components\**;**\packages.lock.json;bin\Debug\/**;obj\Debug\/**;bin\/**;obj\/**;**/*.user;**/*.*proj" (previous value: ";**\node_modules\**;node_modules\**;**\jspm_packages\**;jspm_packages\**;**\bower_components\**;bower_components\**;**\packages.lock.json;bin\Debug\/**;obj\Debug\/**;bin\/**;obj\/**;**/*.user") at C:\Program Files\dotnet\sdk\10.0.100\Sdks\Microsoft.NET.Sdk\targets\Microsoft.NET.Sdk.DefaultItems.targets (41,5)
       C:\Program Files\dotnet\sdk\10.0.100\Sdks\Microsoft.NET.Sdk\targets\Microsoft.NET.Sdk.DefaultItems.targets(42,5): message : Property reassignment: $(DefaultItemExcludes)=";**\node_modules\**;node_modules\**;**\jspm_packages\**;jspm_packages\**;**\bower_components\**;bower_components\**;**\packages.lock.json;bin\Debug\/**;obj\Debug\/**;bin\/**;obj\/**;**/*.user;**/*.*proj;**/*.sln" (previous value: ";**\node_modules\**;node_modules\**;**\jspm_packages\**;jspm_packages\**;**\bower_components\**;bower_components\**;**\packages.lock.json;bin\Debug\/**;obj\Debug\/**;bin\/**;obj\/**;**/*.user;**/*.*proj") at C:\Program Files\dotnet\sdk\10.0.100\Sdks\Microsoft.NET.Sdk\targets\Microsoft.NET.Sdk.DefaultItems.targets (42,5)
       C:\Program Files\dotnet\sdk\10.0.100\Sdks\Microsoft.NET.Sdk\targets\Microsoft.NET.Sdk.DefaultItems.targets(43,5): message : Property reassignment: $(DefaultItemExcludes)=";**\node_modules\**;node_modules\**;**\jspm_packages\**;jspm_packages\**;**\bower_components\**;bower_components\**;**\packages.lock.json;bin\Debug\/**;obj\Debug\/**;bin\/**;obj\/**;**/*.user;**/*.*proj;**/*.sln;**/*.slnx" (previous value: ";**\node_modules\**;node_modules\**;**\jspm_packages\**;jspm_packages\**;**\bower_components\**;bower_components\**;**\packages.lock.json;bin\Debug\/**;obj\Debug\/**;bin\/**;obj\/**;**/*.user;**/*.*proj;**/*.sln") at C:\Program Files\dotnet\sdk\10.0.100\Sdks\Microsoft.NET.Sdk\targets\Microsoft.NET.Sdk.DefaultItems.targets (43,5)
       C:\Program Files\dotnet\sdk\10.0.100\Sdks\Microsoft.NET.Sdk\targets\Microsoft.NET.Sdk.DefaultItems.targets(44,5): message : Property reassignment: $(DefaultItemExcludes)=";**\node_modules\**;node_modules\**;**\jspm_packages\**;jspm_packages\**;**\bower_components\**;bower_components\**;**\packages.lock.json;bin\Debug\/**;obj\Debug\/**;bin\/**;obj\/**;**/*.user;**/*.*proj;**/*.sln;**/*.slnx;**/*.vssscc" (previous value: ";**\node_modules\**;node_modules\**;**\jspm_packages\**;jspm_packages\**;**\bower_components\**;bower_components\**;**\packages.lock.json;bin\Debug\/**;obj\Debug\/**;bin\/**;obj\/**;**/*.user;**/*.*proj;**/*.sln;**/*.slnx") at C:\Program Files\dotnet\sdk\10.0.100\Sdks\Microsoft.NET.Sdk\targets\Microsoft.NET.Sdk.DefaultItems.targets (44,5)
       C:\Program Files\dotnet\sdk\10.0.100\Sdks\Microsoft.NET.Sdk\targets\Microsoft.NET.Sdk.DefaultItems.targets(45,5): message : Property reassignment: $(DefaultItemExcludes)=";**\node_modules\**;node_modules\**;**\jspm_packages\**;jspm_packages\**;**\bower_components\**;bower_components\**;**\packages.lock.json;bin\Debug\/**;obj\Debug\/**;bin\/**;obj\/**;**/*.user;**/*.*proj;**/*.sln;**/*.slnx;**/*.vssscc;**/.DS_Store" (previous value: ";**\node_modules\**;node_modules\**;**\jspm_packages\**;jspm_packages\**;**\bower_components\**;bower_components\**;**\packages.lock.json;bin\Debug\/**;obj\Debug\/**;bin\/**;obj\/**;**/*.user;**/*.*proj;**/*.sln;**/*.slnx;**/*.vssscc") at C:\Program Files\dotnet\sdk\10.0.100\Sdks\Microsoft.NET.Sdk\targets\Microsoft.NET.Sdk.DefaultItems.targets (45,5)
       C:\Program Files\dotnet\sdk\10.0.100\Sdks\Microsoft.NET.Sdk\targets\Microsoft.NET.Sdk.FrameworkReferenceResolution.targets(14,5): message : Property reassignment: $(ResolveAssemblyReferencesDependsOn)="
       C:\Program Files\dotnet\sdk\10.0.100\Sdks\Microsoft.NET.Sdk\targets\Microsoft.NET.Sdk.FrameworkReferenceResolution.targets(14,5): message :       
       C:\Program Files\dotnet\sdk\10.0.100\Sdks\Microsoft.NET.Sdk\targets\Microsoft.NET.Sdk.FrameworkReferenceResolution.targets(14,5): message :       
       C:\Program Files\dotnet\sdk\10.0.100\Sdks\Microsoft.NET.Sdk\targets\Microsoft.NET.Sdk.FrameworkReferenceResolution.targets(14,5): message :       ResolveProjectReferences;
       C:\Program Files\dotnet\sdk\10.0.100\Sdks\Microsoft.NET.Sdk\targets\Microsoft.NET.Sdk.FrameworkReferenceResolution.targets(14,5): message :       FindInvalidProjectReferences;
       C:\Program Files\dotnet\sdk\10.0.100\Sdks\Microsoft.NET.Sdk\targets\Microsoft.NET.Sdk.FrameworkReferenceResolution.targets(14,5): message :       GetFrameworkPaths;
       C:\Program Files\dotnet\sdk\10.0.100\Sdks\Microsoft.NET.Sdk\targets\Microsoft.NET.Sdk.FrameworkReferenceResolution.targets(14,5): message :       GetReferenceAssemblyPaths;
       C:\Program Files\dotnet\sdk\10.0.100\Sdks\Microsoft.NET.Sdk\targets\Microsoft.NET.Sdk.FrameworkReferenceResolution.targets(14,5): message :       PrepareForBuild;
       C:\Program Files\dotnet\sdk\10.0.100\Sdks\Microsoft.NET.Sdk\targets\Microsoft.NET.Sdk.FrameworkReferenceResolution.targets(14,5): message :       ResolveSDKReferences;
       C:\Program Files\dotnet\sdk\10.0.100\Sdks\Microsoft.NET.Sdk\targets\Microsoft.NET.Sdk.FrameworkReferenceResolution.targets(14,5): message :       ExpandSDKReferences;
       C:\Program Files\dotnet\sdk\10.0.100\Sdks\Microsoft.NET.Sdk\targets\Microsoft.NET.Sdk.FrameworkReferenceResolution.targets(14,5): message :     ;
       C:\Program Files\dotnet\sdk\10.0.100\Sdks\Microsoft.NET.Sdk\targets\Microsoft.NET.Sdk.FrameworkReferenceResolution.targets(14,5): message :       ResolvePackageDependenciesForBuild;
       C:\Program Files\dotnet\sdk\10.0.100\Sdks\Microsoft.NET.Sdk\targets\Microsoft.NET.Sdk.FrameworkReferenceResolution.targets(14,5): message :       _HandlePackageFileConflicts;
       C:\Program Files\dotnet\sdk\10.0.100\Sdks\Microsoft.NET.Sdk\targets\Microsoft.NET.Sdk.FrameworkReferenceResolution.targets(14,5): message :     ;
       C:\Program Files\dotnet\sdk\10.0.100\Sdks\Microsoft.NET.Sdk\targets\Microsoft.NET.Sdk.FrameworkReferenceResolution.targets(14,5): message :       ResolveTargetingPackAssets;
       C:\Program Files\dotnet\sdk\10.0.100\Sdks\Microsoft.NET.Sdk\targets\Microsoft.NET.Sdk.FrameworkReferenceResolution.targets(14,5): message :     " (previous value: "
       C:\Program Files\dotnet\sdk\10.0.100\Sdks\Microsoft.NET.Sdk\targets\Microsoft.NET.Sdk.FrameworkReferenceResolution.targets(14,5): message :       
       C:\Program Files\dotnet\sdk\10.0.100\Sdks\Microsoft.NET.Sdk\targets\Microsoft.NET.Sdk.FrameworkReferenceResolution.targets(14,5): message :       ResolveProjectReferences;
       C:\Program Files\dotnet\sdk\10.0.100\Sdks\Microsoft.NET.Sdk\targets\Microsoft.NET.Sdk.FrameworkReferenceResolution.targets(14,5): message :       FindInvalidProjectReferences;
       C:\Program Files\dotnet\sdk\10.0.100\Sdks\Microsoft.NET.Sdk\targets\Microsoft.NET.Sdk.FrameworkReferenceResolution.targets(14,5): message :       GetFrameworkPaths;
       C:\Program Files\dotnet\sdk\10.0.100\Sdks\Microsoft.NET.Sdk\targets\Microsoft.NET.Sdk.FrameworkReferenceResolution.targets(14,5): message :       GetReferenceAssemblyPaths;
       C:\Program Files\dotnet\sdk\10.0.100\Sdks\Microsoft.NET.Sdk\targets\Microsoft.NET.Sdk.FrameworkReferenceResolution.targets(14,5): message :       PrepareForBuild;
       C:\Program Files\dotnet\sdk\10.0.100\Sdks\Microsoft.NET.Sdk\targets\Microsoft.NET.Sdk.FrameworkReferenceResolution.targets(14,5): message :       ResolveSDKReferences;
       C:\Program Files\dotnet\sdk\10.0.100\Sdks\Microsoft.NET.Sdk\targets\Microsoft.NET.Sdk.FrameworkReferenceResolution.targets(14,5): message :       ExpandSDKReferences;
       C:\Program Files\dotnet\sdk\10.0.100\Sdks\Microsoft.NET.Sdk\targets\Microsoft.NET.Sdk.FrameworkReferenceResolution.targets(14,5): message :     ;
       C:\Program Files\dotnet\sdk\10.0.100\Sdks\Microsoft.NET.Sdk\targets\Microsoft.NET.Sdk.FrameworkReferenceResolution.targets(14,5): message :       ResolvePackageDependenciesForBuild;
       C:\Program Files\dotnet\sdk\10.0.100\Sdks\Microsoft.NET.Sdk\targets\Microsoft.NET.Sdk.FrameworkReferenceResolution.targets(14,5): message :       _HandlePackageFileConflicts;
       C:\Program Files\dotnet\sdk\10.0.100\Sdks\Microsoft.NET.Sdk\targets\Microsoft.NET.Sdk.FrameworkReferenceResolution.targets(14,5): message :     ") at C:\Program Files\dotnet\sdk\10.0.100\Sdks\Microsoft.NET.Sdk\targets\Microsoft.NET.Sdk.FrameworkReferenceResolution.targets (14,5)
       C:\Program Files\dotnet\sdk\10.0.100\Sdks\Microsoft.NET.Sdk\targets\Microsoft.NET.Sdk.targets(44,5): message : Property reassignment: $(_GenerateRuntimeConfigurationPropertyInputsCache)="C:\Users\toduc\Downloads\SmartStay\obj\Debug\net8.0\do_an_tot_nghiep.genruntimeconfig.cache" (previous value: "obj\Debug\net8.0\do_an_tot_nghiep.genruntimeconfig.cache") at C:\Program Files\dotnet\sdk\10.0.100\Sdks\Microsoft.NET.Sdk\targets\Microsoft.NET.Sdk.targets (44,5)
       C:\Program Files\dotnet\sdk\10.0.100\Sdks\Microsoft.NET.Sdk\targets\Microsoft.NET.Sdk.targets(46,5): message : Property reassignment: $(_GeneratePublishDependencyFilePropertyInputsCache)="C:\Users\toduc\Downloads\SmartStay\obj\Debug\net8.0\do_an_tot_nghiep.genpublishdeps.cache" (previous value: "obj\Debug\net8.0\do_an_tot_nghiep.genpublishdeps.cache") at C:\Program Files\dotnet\sdk\10.0.100\Sdks\Microsoft.NET.Sdk\targets\Microsoft.NET.Sdk.targets (46,5)
       C:\Program Files\dotnet\sdk\10.0.100\Sdks\Microsoft.NET.Sdk\targets\Microsoft.NET.Sdk.targets(48,5): message : Property reassignment: $(_GenerateSingleFileBundlePropertyInputsCache)="C:\Users\toduc\Downloads\SmartStay\obj\Debug\net8.0\do_an_tot_nghiep.genbundle.cache" (previous value: "obj\Debug\net8.0\do_an_tot_nghiep.genbundle.cache") at C:\Program Files\dotnet\sdk\10.0.100\Sdks\Microsoft.NET.Sdk\targets\Microsoft.NET.Sdk.targets (48,5)
       C:\Program Files\dotnet\sdk\10.0.100\Sdks\Microsoft.NET.Sdk\targets\Microsoft.NET.Sdk.targets(81,5): message : Property reassignment: $(GenerateRuntimeConfigDevFile)="false" (previous value: "true") at C:\Program Files\dotnet\sdk\10.0.100\Sdks\Microsoft.NET.Sdk\targets\Microsoft.NET.Sdk.targets (81,5)
       C:\Program Files\dotnet\sdk\10.0.100\Sdks\Microsoft.NET.Sdk\targets\Microsoft.NET.Sdk.targets(98,5): message : Property 'USERPROFILE' with value 'C:\Users\toduc' expanded from the environment.
       C:\Program Files\dotnet\sdk\10.0.100\Sdks\Microsoft.NET.Sdk\targets\Microsoft.NET.Sdk.targets(98,5): message : Property reassignment: $(_DefaultUserProfileRuntimeStorePath)="C:\Users\toduc" (previous value: "") at C:\Program Files\dotnet\sdk\10.0.100\Sdks\Microsoft.NET.Sdk\targets\Microsoft.NET.Sdk.targets (98,5)
       C:\Program Files\dotnet\sdk\10.0.100\Sdks\Microsoft.NET.Sdk\targets\Microsoft.NET.Sdk.targets(99,5): message : Property reassignment: $(_DefaultUserProfileRuntimeStorePath)="C:\Users\toduc\.dotnet\store" (previous value: "C:\Users\toduc") at C:\Program Files\dotnet\sdk\10.0.100\Sdks\Microsoft.NET.Sdk\targets\Microsoft.NET.Sdk.targets (99,5)
       C:\Program Files\dotnet\sdk\10.0.100\Sdks\Microsoft.NET.Sdk\targets\Microsoft.NET.Sdk.targets(144,5): message : Property reassignment: $(AvailablePlatforms)="Any CPU,x86,x64,ARM32" (previous value: "Any CPU,x86,x64") at C:\Program Files\dotnet\sdk\10.0.100\Sdks\Microsoft.NET.Sdk\targets\Microsoft.NET.Sdk.targets (144,5)
       C:\Program Files\dotnet\sdk\10.0.100\Sdks\Microsoft.NET.Sdk\targets\Microsoft.NET.Sdk.targets(148,5): message : Property reassignment: $(AvailablePlatforms)="Any CPU,x86,x64,ARM32,ARM64" (previous value: "Any CPU,x86,x64,ARM32") at C:\Program Files\dotnet\sdk\10.0.100\Sdks\Microsoft.NET.Sdk\targets\Microsoft.NET.Sdk.targets (148,5)
       C:\Program Files\dotnet\sdk\10.0.100\Sdks\Microsoft.NET.Sdk\targets\Microsoft.NET.Sdk.targets(204,5): message : Property reassignment: $(CoreBuildDependsOn)="
       C:\Program Files\dotnet\sdk\10.0.100\Sdks\Microsoft.NET.Sdk\targets\Microsoft.NET.Sdk.targets(204,5): message :       _CheckForBuildWithNoBuild;
       C:\Program Files\dotnet\sdk\10.0.100\Sdks\Microsoft.NET.Sdk\targets\Microsoft.NET.Sdk.targets(204,5): message :       
       C:\Program Files\dotnet\sdk\10.0.100\Sdks\Microsoft.NET.Sdk\targets\Microsoft.NET.Sdk.targets(204,5): message :       BuildOnlySettings;
       C:\Program Files\dotnet\sdk\10.0.100\Sdks\Microsoft.NET.Sdk\targets\Microsoft.NET.Sdk.targets(204,5): message :       PrepareForBuild;
       C:\Program Files\dotnet\sdk\10.0.100\Sdks\Microsoft.NET.Sdk\targets\Microsoft.NET.Sdk.targets(204,5): message :       PreBuildEvent;
       C:\Program Files\dotnet\sdk\10.0.100\Sdks\Microsoft.NET.Sdk\targets\Microsoft.NET.Sdk.targets(204,5): message :       ResolveReferences;
       C:\Program Files\dotnet\sdk\10.0.100\Sdks\Microsoft.NET.Sdk\targets\Microsoft.NET.Sdk.targets(204,5): message :       PrepareResources;
       C:\Program Files\dotnet\sdk\10.0.100\Sdks\Microsoft.NET.Sdk\targets\Microsoft.NET.Sdk.targets(204,5): message :       ResolveKeySource;
       C:\Program Files\dotnet\sdk\10.0.100\Sdks\Microsoft.NET.Sdk\targets\Microsoft.NET.Sdk.targets(204,5): message :       Compile;
       C:\Program Files\dotnet\sdk\10.0.100\Sdks\Microsoft.NET.Sdk\targets\Microsoft.NET.Sdk.targets(204,5): message :       ExportWindowsMDFile;
       C:\Program Files\dotnet\sdk\10.0.100\Sdks\Microsoft.NET.Sdk\targets\Microsoft.NET.Sdk.targets(204,5): message :       UnmanagedUnregistration;
       C:\Program Files\dotnet\sdk\10.0.100\Sdks\Microsoft.NET.Sdk\targets\Microsoft.NET.Sdk.targets(204,5): message :       GenerateSerializationAssemblies;
       C:\Program Files\dotnet\sdk\10.0.100\Sdks\Microsoft.NET.Sdk\targets\Microsoft.NET.Sdk.targets(204,5): message :       CreateSatelliteAssemblies;
       C:\Program Files\dotnet\sdk\10.0.100\Sdks\Microsoft.NET.Sdk\targets\Microsoft.NET.Sdk.targets(204,5): message :       GenerateManifests;
       C:\Program Files\dotnet\sdk\10.0.100\Sdks\Microsoft.NET.Sdk\targets\Microsoft.NET.Sdk.targets(204,5): message :       GetTargetPath;
       C:\Program Files\dotnet\sdk\10.0.100\Sdks\Microsoft.NET.Sdk\targets\Microsoft.NET.Sdk.targets(204,5): message :       PrepareForRun;
       C:\Program Files\dotnet\sdk\10.0.100\Sdks\Microsoft.NET.Sdk\targets\Microsoft.NET.Sdk.targets(204,5): message :       UnmanagedRegistration;
       C:\Program Files\dotnet\sdk\10.0.100\Sdks\Microsoft.NET.Sdk\targets\Microsoft.NET.Sdk.targets(204,5): message :       IncrementalClean;
       C:\Program Files\dotnet\sdk\10.0.100\Sdks\Microsoft.NET.Sdk\targets\Microsoft.NET.Sdk.targets(204,5): message :       PostBuildEvent
       C:\Program Files\dotnet\sdk\10.0.100\Sdks\Microsoft.NET.Sdk\targets\Microsoft.NET.Sdk.targets(204,5): message :     ;
       C:\Program Files\dotnet\sdk\10.0.100\Sdks\Microsoft.NET.Sdk\targets\Microsoft.NET.Sdk.targets(204,5): message :       GenerateBuildDependencyFile;
       C:\Program Files\dotnet\sdk\10.0.100\Sdks\Microsoft.NET.Sdk\targets\Microsoft.NET.Sdk.targets(204,5): message :       GenerateBuildRuntimeConfigurationFiles
       C:\Program Files\dotnet\sdk\10.0.100\Sdks\Microsoft.NET.Sdk\targets\Microsoft.NET.Sdk.targets(204,5): message :     " (previous value: "
       C:\Program Files\dotnet\sdk\10.0.100\Sdks\Microsoft.NET.Sdk\targets\Microsoft.NET.Sdk.targets(204,5): message :       BuildOnlySettings;
       C:\Program Files\dotnet\sdk\10.0.100\Sdks\Microsoft.NET.Sdk\targets\Microsoft.NET.Sdk.targets(204,5): message :       PrepareForBuild;
       C:\Program Files\dotnet\sdk\10.0.100\Sdks\Microsoft.NET.Sdk\targets\Microsoft.NET.Sdk.targets(204,5): message :       PreBuildEvent;
       C:\Program Files\dotnet\sdk\10.0.100\Sdks\Microsoft.NET.Sdk\targets\Microsoft.NET.Sdk.targets(204,5): message :       ResolveReferences;
       C:\Program Files\dotnet\sdk\10.0.100\Sdks\Microsoft.NET.Sdk\targets\Microsoft.NET.Sdk.targets(204,5): message :       PrepareResources;
       C:\Program Files\dotnet\sdk\10.0.100\Sdks\Microsoft.NET.Sdk\targets\Microsoft.NET.Sdk.targets(204,5): message :       ResolveKeySource;
       C:\Program Files\dotnet\sdk\10.0.100\Sdks\Microsoft.NET.Sdk\targets\Microsoft.NET.Sdk.targets(204,5): message :       Compile;
       C:\Program Files\dotnet\sdk\10.0.100\Sdks\Microsoft.NET.Sdk\targets\Microsoft.NET.Sdk.targets(204,5): message :       ExportWindowsMDFile;
       C:\Program Files\dotnet\sdk\10.0.100\Sdks\Microsoft.NET.Sdk\targets\Microsoft.NET.Sdk.targets(204,5): message :       UnmanagedUnregistration;
       C:\Program Files\dotnet\sdk\10.0.100\Sdks\Microsoft.NET.Sdk\targets\Microsoft.NET.Sdk.targets(204,5): message :       GenerateSerializationAssemblies;
       C:\Program Files\dotnet\sdk\10.0.100\Sdks\Microsoft.NET.Sdk\targets\Microsoft.NET.Sdk.targets(204,5): message :       CreateSatelliteAssemblies;
       C:\Program Files\dotnet\sdk\10.0.100\Sdks\Microsoft.NET.Sdk\targets\Microsoft.NET.Sdk.targets(204,5): message :       GenerateManifests;
       C:\Program Files\dotnet\sdk\10.0.100\Sdks\Microsoft.NET.Sdk\targets\Microsoft.NET.Sdk.targets(204,5): message :       GetTargetPath;
       C:\Program Files\dotnet\sdk\10.0.100\Sdks\Microsoft.NET.Sdk\targets\Microsoft.NET.Sdk.targets(204,5): message :       PrepareForRun;
       C:\Program Files\dotnet\sdk\10.0.100\Sdks\Microsoft.NET.Sdk\targets\Microsoft.NET.Sdk.targets(204,5): message :       UnmanagedRegistration;
       C:\Program Files\dotnet\sdk\10.0.100\Sdks\Microsoft.NET.Sdk\targets\Microsoft.NET.Sdk.targets(204,5): message :       IncrementalClean;
       C:\Program Files\dotnet\sdk\10.0.100\Sdks\Microsoft.NET.Sdk\targets\Microsoft.NET.Sdk.targets(204,5): message :       PostBuildEvent
       C:\Program Files\dotnet\sdk\10.0.100\Sdks\Microsoft.NET.Sdk\targets\Microsoft.NET.Sdk.targets(204,5): message :     ") at C:\Program Files\dotnet\sdk\10.0.100\Sdks\Microsoft.NET.Sdk\targets\Microsoft.NET.Sdk.targets (204,5)
       C:\Program Files\dotnet\sdk\10.0.100\Sdks\Microsoft.NET.Sdk\targets\Microsoft.NET.Sdk.targets(213,5): message : Property reassignment: $(CoreCleanDependsOn)="
       C:\Program Files\dotnet\sdk\10.0.100\Sdks\Microsoft.NET.Sdk\targets\Microsoft.NET.Sdk.targets(213,5): message :       _SdkBeforeClean;
       C:\Program Files\dotnet\sdk\10.0.100\Sdks\Microsoft.NET.Sdk\targets\Microsoft.NET.Sdk.targets(213,5): message :       
       C:\Program Files\dotnet\sdk\10.0.100\Sdks\Microsoft.NET.Sdk\targets\Microsoft.NET.Sdk.targets(213,5): message :     " (previous value: "") at C:\Program Files\dotnet\sdk\10.0.100\Sdks\Microsoft.NET.Sdk\targets\Microsoft.NET.Sdk.targets (213,5)
       C:\Program Files\dotnet\sdk\10.0.100\Sdks\Microsoft.NET.Sdk\targets\Microsoft.NET.Sdk.targets(220,5): message : Property reassignment: $(RebuildDependsOn)="
       C:\Program Files\dotnet\sdk\10.0.100\Sdks\Microsoft.NET.Sdk\targets\Microsoft.NET.Sdk.targets(220,5): message :       _SdkBeforeRebuild;
       C:\Program Files\dotnet\sdk\10.0.100\Sdks\Microsoft.NET.Sdk\targets\Microsoft.NET.Sdk.targets(220,5): message :       
       C:\Program Files\dotnet\sdk\10.0.100\Sdks\Microsoft.NET.Sdk\targets\Microsoft.NET.Sdk.targets(220,5): message :       BeforeRebuild;
       C:\Program Files\dotnet\sdk\10.0.100\Sdks\Microsoft.NET.Sdk\targets\Microsoft.NET.Sdk.targets(220,5): message :       Clean;
       C:\Program Files\dotnet\sdk\10.0.100\Sdks\Microsoft.NET.Sdk\targets\Microsoft.NET.Sdk.targets(220,5): message :       Build;
       C:\Program Files\dotnet\sdk\10.0.100\Sdks\Microsoft.NET.Sdk\targets\Microsoft.NET.Sdk.targets(220,5): message :       AfterRebuild;
       C:\Program Files\dotnet\sdk\10.0.100\Sdks\Microsoft.NET.Sdk\targets\Microsoft.NET.Sdk.targets(220,5): message :     
       C:\Program Files\dotnet\sdk\10.0.100\Sdks\Microsoft.NET.Sdk\targets\Microsoft.NET.Sdk.targets(220,5): message :     " (previous value: "
       C:\Program Files\dotnet\sdk\10.0.100\Sdks\Microsoft.NET.Sdk\targets\Microsoft.NET.Sdk.targets(220,5): message :       BeforeRebuild;
       C:\Program Files\dotnet\sdk\10.0.100\Sdks\Microsoft.NET.Sdk\targets\Microsoft.NET.Sdk.targets(220,5): message :       Clean;
       C:\Program Files\dotnet\sdk\10.0.100\Sdks\Microsoft.NET.Sdk\targets\Microsoft.NET.Sdk.targets(220,5): message :       Build;
       C:\Program Files\dotnet\sdk\10.0.100\Sdks\Microsoft.NET.Sdk\targets\Microsoft.NET.Sdk.targets(220,5): message :       AfterRebuild;
       C:\Program Files\dotnet\sdk\10.0.100\Sdks\Microsoft.NET.Sdk\targets\Microsoft.NET.Sdk.targets(220,5): message :     ") at C:\Program Files\dotnet\sdk\10.0.100\Sdks\Microsoft.NET.Sdk\targets\Microsoft.NET.Sdk.targets (220,5)
       C:\Program Files\dotnet\sdk\10.0.100\Sdks\Microsoft.NET.Sdk\targets\Microsoft.NET.Sdk.targets(799,5): message : Property reassignment: $(CompileDependsOn)="
       C:\Program Files\dotnet\sdk\10.0.100\Sdks\Microsoft.NET.Sdk\targets\Microsoft.NET.Sdk.targets(799,5): message :       
       C:\Program Files\dotnet\sdk\10.0.100\Sdks\Microsoft.NET.Sdk\targets\Microsoft.NET.Sdk.targets(799,5): message :       ResolveReferences;
       C:\Program Files\dotnet\sdk\10.0.100\Sdks\Microsoft.NET.Sdk\targets\Microsoft.NET.Sdk.targets(799,5): message :       ResolveKeySource;
       C:\Program Files\dotnet\sdk\10.0.100\Sdks\Microsoft.NET.Sdk\targets\Microsoft.NET.Sdk.targets(799,5): message :       SetWin32ManifestProperties;
       C:\Program Files\dotnet\sdk\10.0.100\Sdks\Microsoft.NET.Sdk\targets\Microsoft.NET.Sdk.targets(799,5): message :       _SetPreferNativeArm64Win32ManifestProperties;
       C:\Program Files\dotnet\sdk\10.0.100\Sdks\Microsoft.NET.Sdk\targets\Microsoft.NET.Sdk.targets(799,5): message :       FindReferenceAssembliesForReferences;
       C:\Program Files\dotnet\sdk\10.0.100\Sdks\Microsoft.NET.Sdk\targets\Microsoft.NET.Sdk.targets(799,5): message :       _GenerateCompileInputs;
       C:\Program Files\dotnet\sdk\10.0.100\Sdks\Microsoft.NET.Sdk\targets\Microsoft.NET.Sdk.targets(799,5): message :       BeforeCompile;
       C:\Program Files\dotnet\sdk\10.0.100\Sdks\Microsoft.NET.Sdk\targets\Microsoft.NET.Sdk.targets(799,5): message :       _TimeStampBeforeCompile;
       C:\Program Files\dotnet\sdk\10.0.100\Sdks\Microsoft.NET.Sdk\targets\Microsoft.NET.Sdk.targets(799,5): message :       _GenerateCompileDependencyCache;
       C:\Program Files\dotnet\sdk\10.0.100\Sdks\Microsoft.NET.Sdk\targets\Microsoft.NET.Sdk.targets(799,5): message :       CoreCompile;
       C:\Program Files\dotnet\sdk\10.0.100\Sdks\Microsoft.NET.Sdk\targets\Microsoft.NET.Sdk.targets(799,5): message :       _TimeStampAfterCompile;
       C:\Program Files\dotnet\sdk\10.0.100\Sdks\Microsoft.NET.Sdk\targets\Microsoft.NET.Sdk.targets(799,5): message :       AfterCompile;
       C:\Program Files\dotnet\sdk\10.0.100\Sdks\Microsoft.NET.Sdk\targets\Microsoft.NET.Sdk.targets(799,5): message :     ;
       C:\Program Files\dotnet\sdk\10.0.100\Sdks\Microsoft.NET.Sdk\targets\Microsoft.NET.Sdk.targets(799,5): message :       _CreateAppHost;
       C:\Program Files\dotnet\sdk\10.0.100\Sdks\Microsoft.NET.Sdk\targets\Microsoft.NET.Sdk.targets(799,5): message :       _CreateComHost;
       C:\Program Files\dotnet\sdk\10.0.100\Sdks\Microsoft.NET.Sdk\targets\Microsoft.NET.Sdk.targets(799,5): message :       _GetIjwHostPaths;
       C:\Program Files\dotnet\sdk\10.0.100\Sdks\Microsoft.NET.Sdk\targets\Microsoft.NET.Sdk.targets(799,5): message :     " (previous value: "
       C:\Program Files\dotnet\sdk\10.0.100\Sdks\Microsoft.NET.Sdk\targets\Microsoft.NET.Sdk.targets(799,5): message :       ResolveReferences;
       C:\Program Files\dotnet\sdk\10.0.100\Sdks\Microsoft.NET.Sdk\targets\Microsoft.NET.Sdk.targets(799,5): message :       ResolveKeySource;
       C:\Program Files\dotnet\sdk\10.0.100\Sdks\Microsoft.NET.Sdk\targets\Microsoft.NET.Sdk.targets(799,5): message :       SetWin32ManifestProperties;
       C:\Program Files\dotnet\sdk\10.0.100\Sdks\Microsoft.NET.Sdk\targets\Microsoft.NET.Sdk.targets(799,5): message :       _SetPreferNativeArm64Win32ManifestProperties;
       C:\Program Files\dotnet\sdk\10.0.100\Sdks\Microsoft.NET.Sdk\targets\Microsoft.NET.Sdk.targets(799,5): message :       FindReferenceAssembliesForReferences;
       C:\Program Files\dotnet\sdk\10.0.100\Sdks\Microsoft.NET.Sdk\targets\Microsoft.NET.Sdk.targets(799,5): message :       _GenerateCompileInputs;
       C:\Program Files\dotnet\sdk\10.0.100\Sdks\Microsoft.NET.Sdk\targets\Microsoft.NET.Sdk.targets(799,5): message :       BeforeCompile;
       C:\Program Files\dotnet\sdk\10.0.100\Sdks\Microsoft.NET.Sdk\targets\Microsoft.NET.Sdk.targets(799,5): message :       _TimeStampBeforeCompile;
       C:\Program Files\dotnet\sdk\10.0.100\Sdks\Microsoft.NET.Sdk\targets\Microsoft.NET.Sdk.targets(799,5): message :       _GenerateCompileDependencyCache;
       C:\Program Files\dotnet\sdk\10.0.100\Sdks\Microsoft.NET.Sdk\targets\Microsoft.NET.Sdk.targets(799,5): message :       CoreCompile;
       C:\Program Files\dotnet\sdk\10.0.100\Sdks\Microsoft.NET.Sdk\targets\Microsoft.NET.Sdk.targets(799,5): message :       _TimeStampAfterCompile;
       C:\Program Files\dotnet\sdk\10.0.100\Sdks\Microsoft.NET.Sdk\targets\Microsoft.NET.Sdk.targets(799,5): message :       AfterCompile;
       C:\Program Files\dotnet\sdk\10.0.100\Sdks\Microsoft.NET.Sdk\targets\Microsoft.NET.Sdk.targets(799,5): message :     ") at C:\Program Files\dotnet\sdk\10.0.100\Sdks\Microsoft.NET.Sdk\targets\Microsoft.NET.Sdk.targets (799,5)
       C:\Program Files\dotnet\sdk\10.0.100\Sdks\Microsoft.NET.Sdk\targets\Microsoft.NET.Sdk.targets(1131,5): message : Property reassignment: $(CreateSatelliteAssembliesDependsOn)="
       C:\Program Files\dotnet\sdk\10.0.100\Sdks\Microsoft.NET.Sdk\targets\Microsoft.NET.Sdk.targets(1131,5): message :       
       C:\Program Files\dotnet\sdk\10.0.100\Sdks\Microsoft.NET.Sdk\targets\Microsoft.NET.Sdk.targets(1131,5): message :       ;
       C:\Program Files\dotnet\sdk\10.0.100\Sdks\Microsoft.NET.Sdk\targets\Microsoft.NET.Sdk.targets(1131,5): message :       _GenerateSatelliteAssemblyInputs;
       C:\Program Files\dotnet\sdk\10.0.100\Sdks\Microsoft.NET.Sdk\targets\Microsoft.NET.Sdk.targets(1131,5): message :       ComputeIntermediateSatelliteAssemblies;
       C:\Program Files\dotnet\sdk\10.0.100\Sdks\Microsoft.NET.Sdk\targets\Microsoft.NET.Sdk.targets(1131,5): message :       GenerateSatelliteAssemblies
       C:\Program Files\dotnet\sdk\10.0.100\Sdks\Microsoft.NET.Sdk\targets\Microsoft.NET.Sdk.targets(1131,5): message :     ;
       C:\Program Files\dotnet\sdk\10.0.100\Sdks\Microsoft.NET.Sdk\targets\Microsoft.NET.Sdk.targets(1131,5): message :       CoreGenerateSatelliteAssemblies
       C:\Program Files\dotnet\sdk\10.0.100\Sdks\Microsoft.NET.Sdk\targets\Microsoft.NET.Sdk.targets(1131,5): message :     " (previous value: "
       C:\Program Files\dotnet\sdk\10.0.100\Sdks\Microsoft.NET.Sdk\targets\Microsoft.NET.Sdk.targets(1131,5): message :       ;
       C:\Program Files\dotnet\sdk\10.0.100\Sdks\Microsoft.NET.Sdk\targets\Microsoft.NET.Sdk.targets(1131,5): message :       _GenerateSatelliteAssemblyInputs;
       C:\Program Files\dotnet\sdk\10.0.100\Sdks\Microsoft.NET.Sdk\targets\Microsoft.NET.Sdk.targets(1131,5): message :       ComputeIntermediateSatelliteAssemblies;
       C:\Program Files\dotnet\sdk\10.0.100\Sdks\Microsoft.NET.Sdk\targets\Microsoft.NET.Sdk.targets(1131,5): message :       GenerateSatelliteAssemblies
       C:\Program Files\dotnet\sdk\10.0.100\Sdks\Microsoft.NET.Sdk\targets\Microsoft.NET.Sdk.targets(1131,5): message :     ") at C:\Program Files\dotnet\sdk\10.0.100\Sdks\Microsoft.NET.Sdk\targets\Microsoft.NET.Sdk.targets (1131,5)
       C:\Program Files\dotnet\sdk\10.0.100\Sdks\Microsoft.SourceLink.GitLab\build\Microsoft.SourceLink.GitLab.targets(12,5): message : Property reassignment: $(SourceLinkUrlInitializerTargets)=";_InitializeGitHubSourceLinkUrl;_InitializeGitLabSourceLinkUrl" (previous value: ";_InitializeGitHubSourceLinkUrl") at C:\Program Files\dotnet\sdk\10.0.100\Sdks\Microsoft.SourceLink.GitLab\build\Microsoft.SourceLink.GitLab.targets (12,5)
       C:\Program Files\dotnet\sdk\10.0.100\Sdks\Microsoft.SourceLink.GitLab\build\Microsoft.SourceLink.GitLab.targets(13,5): message : Property reassignment: $(SourceControlManagerUrlTranslationTargets)=";TranslateGitHubUrlsInSourceControlInformation;TranslateGitLabUrlsInSourceControlInformation" (previous value: ";TranslateGitHubUrlsInSourceControlInformation") at C:\Program Files\dotnet\sdk\10.0.100\Sdks\Microsoft.SourceLink.GitLab\build\Microsoft.SourceLink.GitLab.targets (13,5)
       C:\Program Files\dotnet\sdk\10.0.100\Sdks\Microsoft.SourceLink.AzureRepos.Git\build\Microsoft.SourceLink.AzureRepos.Git.targets(12,5): message : Property reassignment: $(SourceLinkUrlInitializerTargets)=";_InitializeGitHubSourceLinkUrl;_InitializeGitLabSourceLinkUrl;_InitializeAzureReposGitSourceLinkUrl" (previous value: ";_InitializeGitHubSourceLinkUrl;_InitializeGitLabSourceLinkUrl") at C:\Program Files\dotnet\sdk\10.0.100\Sdks\Microsoft.SourceLink.AzureRepos.Git\build\Microsoft.SourceLink.AzureRepos.Git.targets (12,5)
       C:\Program Files\dotnet\sdk\10.0.100\Sdks\Microsoft.SourceLink.AzureRepos.Git\build\Microsoft.SourceLink.AzureRepos.Git.targets(13,5): message : Property reassignment: $(SourceControlManagerUrlTranslationTargets)=";TranslateGitHubUrlsInSourceControlInformation;TranslateGitLabUrlsInSourceControlInformation;TranslateAzureReposGitUrlsInSourceControlInformation" (previous value: ";TranslateGitHubUrlsInSourceControlInformation;TranslateGitLabUrlsInSourceControlInformation") at C:\Program Files\dotnet\sdk\10.0.100\Sdks\Microsoft.SourceLink.AzureRepos.Git\build\Microsoft.SourceLink.AzureRepos.Git.targets (13,5)
       C:\Program Files\dotnet\sdk\10.0.100\Sdks\Microsoft.SourceLink.Bitbucket.Git\build\Microsoft.SourceLink.Bitbucket.Git.targets(12,5): message : Property reassignment: $(SourceLinkUrlInitializerTargets)=";_InitializeGitHubSourceLinkUrl;_InitializeGitLabSourceLinkUrl;_InitializeAzureReposGitSourceLinkUrl;_InitializeBitbucketGitSourceLinkUrl" (previous value: ";_InitializeGitHubSourceLinkUrl;_InitializeGitLabSourceLinkUrl;_InitializeAzureReposGitSourceLinkUrl") at C:\Program Files\dotnet\sdk\10.0.100\Sdks\Microsoft.SourceLink.Bitbucket.Git\build\Microsoft.SourceLink.Bitbucket.Git.targets (12,5)
       C:\Program Files\dotnet\sdk\10.0.100\Sdks\Microsoft.SourceLink.Bitbucket.Git\build\Microsoft.SourceLink.Bitbucket.Git.targets(13,5): message : Property reassignment: $(SourceControlManagerUrlTranslationTargets)=";TranslateGitHubUrlsInSourceControlInformation;TranslateGitLabUrlsInSourceControlInformation;TranslateAzureReposGitUrlsInSourceControlInformation;TranslateBitbucketGitUrlsInSourceControlInformation" (previous value: ";TranslateGitHubUrlsInSourceControlInformation;TranslateGitLabUrlsInSourceControlInformation;TranslateAzureReposGitUrlsInSourceControlInformation") at C:\Program Files\dotnet\sdk\10.0.100\Sdks\Microsoft.SourceLink.Bitbucket.Git\build\Microsoft.SourceLink.Bitbucket.Git.targets (13,5)
       C:\Program Files\dotnet\sdk\10.0.100\Sdks\Microsoft.NET.Sdk\targets\Microsoft.NET.DesignerSupport.targets(21,5): message : Property reassignment: $(DesignerRuntimeImplementationProjectOutputGroupDependsOn)="
       C:\Program Files\dotnet\sdk\10.0.100\Sdks\Microsoft.NET.Sdk\targets\Microsoft.NET.DesignerSupport.targets(21,5): message :       
       C:\Program Files\dotnet\sdk\10.0.100\Sdks\Microsoft.NET.Sdk\targets\Microsoft.NET.DesignerSupport.targets(21,5): message :       ;
       C:\Program Files\dotnet\sdk\10.0.100\Sdks\Microsoft.NET.Sdk\targets\Microsoft.NET.DesignerSupport.targets(21,5): message :       
       C:\Program Files\dotnet\sdk\10.0.100\Sdks\Microsoft.NET.Sdk\targets\Microsoft.NET.DesignerSupport.targets(21,5): message :       ;
       C:\Program Files\dotnet\sdk\10.0.100\Sdks\Microsoft.NET.Sdk\targets\Microsoft.NET.DesignerSupport.targets(21,5): message :       BuildOnlySettings;
       C:\Program Files\dotnet\sdk\10.0.100\Sdks\Microsoft.NET.Sdk\targets\Microsoft.NET.DesignerSupport.targets(21,5): message :       PrepareForBuild;
       C:\Program Files\dotnet\sdk\10.0.100\Sdks\Microsoft.NET.Sdk\targets\Microsoft.NET.DesignerSupport.targets(21,5): message :       AssignTargetPaths;
       C:\Program Files\dotnet\sdk\10.0.100\Sdks\Microsoft.NET.Sdk\targets\Microsoft.NET.DesignerSupport.targets(21,5): message :       ResolveReferences
       C:\Program Files\dotnet\sdk\10.0.100\Sdks\Microsoft.NET.Sdk\targets\Microsoft.NET.DesignerSupport.targets(21,5): message :     
       C:\Program Files\dotnet\sdk\10.0.100\Sdks\Microsoft.NET.Sdk\targets\Microsoft.NET.DesignerSupport.targets(21,5): message :     ;
       C:\Program Files\dotnet\sdk\10.0.100\Sdks\Microsoft.NET.Sdk\targets\Microsoft.NET.DesignerSupport.targets(21,5): message :       _GenerateDesignerDepsFile;
       C:\Program Files\dotnet\sdk\10.0.100\Sdks\Microsoft.NET.Sdk\targets\Microsoft.NET.DesignerSupport.targets(21,5): message :       _GenerateDesignerRuntimeConfigFile;
       C:\Program Files\dotnet\sdk\10.0.100\Sdks\Microsoft.NET.Sdk\targets\Microsoft.NET.DesignerSupport.targets(21,5): message :       GetCopyToOutputDirectoryItems;
       C:\Program Files\dotnet\sdk\10.0.100\Sdks\Microsoft.NET.Sdk\targets\Microsoft.NET.DesignerSupport.targets(21,5): message :       _GatherDesignerShadowCopyFiles;
       C:\Program Files\dotnet\sdk\10.0.100\Sdks\Microsoft.NET.Sdk\targets\Microsoft.NET.DesignerSupport.targets(21,5): message :     " (previous value: "
       C:\Program Files\dotnet\sdk\10.0.100\Sdks\Microsoft.NET.Sdk\targets\Microsoft.NET.DesignerSupport.targets(21,5): message :       ;
       C:\Program Files\dotnet\sdk\10.0.100\Sdks\Microsoft.NET.Sdk\targets\Microsoft.NET.DesignerSupport.targets(21,5): message :       
       C:\Program Files\dotnet\sdk\10.0.100\Sdks\Microsoft.NET.Sdk\targets\Microsoft.NET.DesignerSupport.targets(21,5): message :       ;
       C:\Program Files\dotnet\sdk\10.0.100\Sdks\Microsoft.NET.Sdk\targets\Microsoft.NET.DesignerSupport.targets(21,5): message :       BuildOnlySettings;
       C:\Program Files\dotnet\sdk\10.0.100\Sdks\Microsoft.NET.Sdk\targets\Microsoft.NET.DesignerSupport.targets(21,5): message :       PrepareForBuild;
       C:\Program Files\dotnet\sdk\10.0.100\Sdks\Microsoft.NET.Sdk\targets\Microsoft.NET.DesignerSupport.targets(21,5): message :       AssignTargetPaths;
       C:\Program Files\dotnet\sdk\10.0.100\Sdks\Microsoft.NET.Sdk\targets\Microsoft.NET.DesignerSupport.targets(21,5): message :       ResolveReferences
       C:\Program Files\dotnet\sdk\10.0.100\Sdks\Microsoft.NET.Sdk\targets\Microsoft.NET.DesignerSupport.targets(21,5): message :     
       C:\Program Files\dotnet\sdk\10.0.100\Sdks\Microsoft.NET.Sdk\targets\Microsoft.NET.DesignerSupport.targets(21,5): message :     ") at C:\Program Files\dotnet\sdk\10.0.100\Sdks\Microsoft.NET.Sdk\targets\Microsoft.NET.DesignerSupport.targets (21,5)
       C:\Program Files\dotnet\sdk\10.0.100\Sdks\Microsoft.NET.Sdk\targets\Microsoft.NET.Sdk.CSharp.targets(31,5): message : Property reassignment: $(DefineConstants)="TRACE;DEBUG" (previous value: "TRACE") at C:\Program Files\dotnet\sdk\10.0.100\Sdks\Microsoft.NET.Sdk\targets\Microsoft.NET.Sdk.CSharp.targets (31,5)
       C:\Program Files\dotnet\sdk\10.0.100\Sdks\Microsoft.NET.Sdk\targets\Microsoft.NET.Sdk.CSharp.targets(45,5): message : Property reassignment: $(WarningsAsErrors)=";NU1605;SYSLIB0011" (previous value: ";NU1605") at C:\Program Files\dotnet\sdk\10.0.100\Sdks\Microsoft.NET.Sdk\targets\Microsoft.NET.Sdk.CSharp.targets (45,5)
       C:\Program Files\dotnet\sdk\10.0.100\NuGet.Build.Tasks.Pack.targets(34,5): message : Property reassignment: $(PackageDescription)="Package Description" (previous value: "") at C:\Program Files\dotnet\sdk\10.0.100\NuGet.Build.Tasks.Pack.targets (34,5)
       C:\Program Files\dotnet\sdk\10.0.100\NuGet.Build.Tasks.Pack.targets(59,5): message : Property reassignment: $(GenerateNuspecDependsOn)="Build;_LoadPackInputItems; _GetTargetFrameworksOutput; _WalkEachTargetPerFramework; _GetPackageFiles; " (previous value: "_LoadPackInputItems; _GetTargetFrameworksOutput; _WalkEachTargetPerFramework; _GetPackageFiles; ") at C:\Program Files\dotnet\sdk\10.0.100\NuGet.Build.Tasks.Pack.targets (59,5)
       C:\Program Files\dotnet\sdk\10.0.100\Sdks\Microsoft.NET.Sdk\Sdk\Sdk.targets(59,5): message : Property reassignment: $(_IsNotSetContainersTargetsDir)="true" (previous value: "false") at C:\Program Files\dotnet\sdk\10.0.100\Sdks\Microsoft.NET.Sdk\Sdk\Sdk.targets (59,5)
       C:\Program Files\dotnet\sdk\10.0.100\Containers\build\Microsoft.NET.Build.Containers.targets(5,5): message : Property reassignment: $(_IsSDKContainerAllowedVersion)="true" (previous value: "false") at C:\Program Files\dotnet\sdk\10.0.100\Containers\build\Microsoft.NET.Build.Containers.targets (5,5)
       C:\Program Files\dotnet\sdk\10.0.100\Containers\build\Microsoft.NET.Build.Containers.targets(15,5): message : Property reassignment: $(_ContainerIsTargetingNet8TFM)="true" (previous value: "false") at C:\Program Files\dotnet\sdk\10.0.100\Containers\build\Microsoft.NET.Build.Containers.targets (15,5)
       C:\Program Files\dotnet\sdk\10.0.100\Sdks\Microsoft.NET.Sdk.StaticWebAssets\targets\Sdk.StaticWebAssets.CurrentVersion.targets(37,18): message : Property 'DOTNET_HOST_PATH' with value 'C:\Program Files\dotnet\dotnet.exe' expanded from the environment.
       C:\Program Files\dotnet\sdk\10.0.100\Sdks\Microsoft.NET.Sdk.StaticWebAssets\targets\Microsoft.NET.Sdk.StaticWebAssets.targets(286,5): message : Property reassignment: $(PrepareForRunDependsOn)="StaticWebAssetsPrepareForRun;
       C:\Program Files\dotnet\sdk\10.0.100\Sdks\Microsoft.NET.Sdk.StaticWebAssets\targets\Microsoft.NET.Sdk.StaticWebAssets.targets(286,5): message :       CopyFilesToOutputDirectory
       C:\Program Files\dotnet\sdk\10.0.100\Sdks\Microsoft.NET.Sdk.StaticWebAssets\targets\Microsoft.NET.Sdk.StaticWebAssets.targets(286,5): message :     " (previous value: "
       C:\Program Files\dotnet\sdk\10.0.100\Sdks\Microsoft.NET.Sdk.StaticWebAssets\targets\Microsoft.NET.Sdk.StaticWebAssets.targets(286,5): message :       CopyFilesToOutputDirectory
       C:\Program Files\dotnet\sdk\10.0.100\Sdks\Microsoft.NET.Sdk.StaticWebAssets\targets\Microsoft.NET.Sdk.StaticWebAssets.targets(286,5): message :     ") at C:\Program Files\dotnet\sdk\10.0.100\Sdks\Microsoft.NET.Sdk.StaticWebAssets\targets\Microsoft.NET.Sdk.StaticWebAssets.targets (286,5)
       C:\Program Files\dotnet\sdk\10.0.100\Sdks\Microsoft.NET.Sdk.StaticWebAssets\targets\Microsoft.NET.Sdk.StaticWebAssets.targets(323,5): message : Property reassignment: $(GetCopyToOutputDirectoryItemsDependsOn)="
       C:\Program Files\dotnet\sdk\10.0.100\Sdks\Microsoft.NET.Sdk.StaticWebAssets\targets\Microsoft.NET.Sdk.StaticWebAssets.targets(323,5): message :       AssignTargetPaths;
       C:\Program Files\dotnet\sdk\10.0.100\Sdks\Microsoft.NET.Sdk.StaticWebAssets\targets\Microsoft.NET.Sdk.StaticWebAssets.targets(323,5): message :       
       C:\Program Files\dotnet\sdk\10.0.100\Sdks\Microsoft.NET.Sdk.StaticWebAssets\targets\Microsoft.NET.Sdk.StaticWebAssets.targets(323,5): message :       AssignProjectConfiguration;
       C:\Program Files\dotnet\sdk\10.0.100\Sdks\Microsoft.NET.Sdk.StaticWebAssets\targets\Microsoft.NET.Sdk.StaticWebAssets.targets(323,5): message :       _SplitProjectReferencesByFileExistence
       C:\Program Files\dotnet\sdk\10.0.100\Sdks\Microsoft.NET.Sdk.StaticWebAssets\targets\Microsoft.NET.Sdk.StaticWebAssets.targets(323,5): message :     ;
       C:\Program Files\dotnet\sdk\10.0.100\Sdks\Microsoft.NET.Sdk.StaticWebAssets\targets\Microsoft.NET.Sdk.StaticWebAssets.targets(323,5): message :       _GetProjectReferenceTargetFrameworkProperties;
       C:\Program Files\dotnet\sdk\10.0.100\Sdks\Microsoft.NET.Sdk.StaticWebAssets\targets\Microsoft.NET.Sdk.StaticWebAssets.targets(323,5): message :       _PopulateCommonStateForGetCopyToOutputDirectoryItems
       C:\Program Files\dotnet\sdk\10.0.100\Sdks\Microsoft.NET.Sdk.StaticWebAssets\targets\Microsoft.NET.Sdk.StaticWebAssets.targets(323,5): message :     ;AddStaticWebAssetsManifest;AddStaticWebAssetEndpointsBuildManifest" (previous value: "
       C:\Program Files\dotnet\sdk\10.0.100\Sdks\Microsoft.NET.Sdk.StaticWebAssets\targets\Microsoft.NET.Sdk.StaticWebAssets.targets(323,5): message :       AssignTargetPaths;
       C:\Program Files\dotnet\sdk\10.0.100\Sdks\Microsoft.NET.Sdk.StaticWebAssets\targets\Microsoft.NET.Sdk.StaticWebAssets.targets(323,5): message :       
       C:\Program Files\dotnet\sdk\10.0.100\Sdks\Microsoft.NET.Sdk.StaticWebAssets\targets\Microsoft.NET.Sdk.StaticWebAssets.targets(323,5): message :       AssignProjectConfiguration;
       C:\Program Files\dotnet\sdk\10.0.100\Sdks\Microsoft.NET.Sdk.StaticWebAssets\targets\Microsoft.NET.Sdk.StaticWebAssets.targets(323,5): message :       _SplitProjectReferencesByFileExistence
       C:\Program Files\dotnet\sdk\10.0.100\Sdks\Microsoft.NET.Sdk.StaticWebAssets\targets\Microsoft.NET.Sdk.StaticWebAssets.targets(323,5): message :     ;
       C:\Program Files\dotnet\sdk\10.0.100\Sdks\Microsoft.NET.Sdk.StaticWebAssets\targets\Microsoft.NET.Sdk.StaticWebAssets.targets(323,5): message :       _GetProjectReferenceTargetFrameworkProperties;
       C:\Program Files\dotnet\sdk\10.0.100\Sdks\Microsoft.NET.Sdk.StaticWebAssets\targets\Microsoft.NET.Sdk.StaticWebAssets.targets(323,5): message :       _PopulateCommonStateForGetCopyToOutputDirectoryItems
       C:\Program Files\dotnet\sdk\10.0.100\Sdks\Microsoft.NET.Sdk.StaticWebAssets\targets\Microsoft.NET.Sdk.StaticWebAssets.targets(323,5): message :     ") at C:\Program Files\dotnet\sdk\10.0.100\Sdks\Microsoft.NET.Sdk.StaticWebAssets\targets\Microsoft.NET.Sdk.StaticWebAssets.targets (323,5)
       C:\Program Files\dotnet\sdk\10.0.100\Sdks\Microsoft.NET.Sdk.StaticWebAssets\targets\Microsoft.NET.Sdk.StaticWebAssets.Pack.targets(46,5): message : Property reassignment: $(GenerateNuspecDependsOn)="
       C:\Program Files\dotnet\sdk\10.0.100\Sdks\Microsoft.NET.Sdk.StaticWebAssets\targets\Microsoft.NET.Sdk.StaticWebAssets.Pack.targets(46,5): message :       IncludeStaticWebAssetsPackItems;
       C:\Program Files\dotnet\sdk\10.0.100\Sdks\Microsoft.NET.Sdk.StaticWebAssets\targets\Microsoft.NET.Sdk.StaticWebAssets.Pack.targets(46,5): message :       Build;_LoadPackInputItems; _GetTargetFrameworksOutput; _WalkEachTargetPerFramework; _GetPackageFiles; ;
       C:\Program Files\dotnet\sdk\10.0.100\Sdks\Microsoft.NET.Sdk.StaticWebAssets\targets\Microsoft.NET.Sdk.StaticWebAssets.Pack.targets(46,5): message :     " (previous value: "Build;_LoadPackInputItems; _GetTargetFrameworksOutput; _WalkEachTargetPerFramework; _GetPackageFiles; ") at C:\Program Files\dotnet\sdk\10.0.100\Sdks\Microsoft.NET.Sdk.StaticWebAssets\targets\Microsoft.NET.Sdk.StaticWebAssets.Pack.targets (46,5)
       C:\Program Files\dotnet\sdk\10.0.100\Sdks\Microsoft.NET.Sdk.StaticWebAssets\targets\Microsoft.NET.Sdk.StaticWebAssets.Pack.targets(55,5): message : Property reassignment: $(IncludeStaticWebAssetsPackItemsDependsOn)="
       C:\Program Files\dotnet\sdk\10.0.100\Sdks\Microsoft.NET.Sdk.StaticWebAssets\targets\Microsoft.NET.Sdk.StaticWebAssets.Pack.targets(55,5): message :       Build;
       C:\Program Files\dotnet\sdk\10.0.100\Sdks\Microsoft.NET.Sdk.StaticWebAssets\targets\Microsoft.NET.Sdk.StaticWebAssets.Pack.targets(55,5): message :       ResolveStaticWebAssetsConfiguration;LoadStaticWebAssetsBuildManifest
       C:\Program Files\dotnet\sdk\10.0.100\Sdks\Microsoft.NET.Sdk.StaticWebAssets\targets\Microsoft.NET.Sdk.StaticWebAssets.Pack.targets(55,5): message :     ;
       C:\Program Files\dotnet\sdk\10.0.100\Sdks\Microsoft.NET.Sdk.StaticWebAssets\targets\Microsoft.NET.Sdk.StaticWebAssets.Pack.targets(55,5): message :     " (previous value: "
       C:\Program Files\dotnet\sdk\10.0.100\Sdks\Microsoft.NET.Sdk.StaticWebAssets\targets\Microsoft.NET.Sdk.StaticWebAssets.Pack.targets(55,5): message :       ResolveStaticWebAssetsConfiguration;LoadStaticWebAssetsBuildManifest
       C:\Program Files\dotnet\sdk\10.0.100\Sdks\Microsoft.NET.Sdk.StaticWebAssets\targets\Microsoft.NET.Sdk.StaticWebAssets.Pack.targets(55,5): message :     ") at C:\Program Files\dotnet\sdk\10.0.100\Sdks\Microsoft.NET.Sdk.StaticWebAssets\targets\Microsoft.NET.Sdk.StaticWebAssets.Pack.targets (55,5)
       C:\Program Files\dotnet\sdk\10.0.100\Sdks\Microsoft.NET.Sdk.StaticWebAssets\targets\Microsoft.NET.Sdk.StaticWebAssets.ScopedCss.targets(55,3): message : Property reassignment: $(ResolveStaticWebAssetsInputsDependsOn)="
       C:\Program Files\dotnet\sdk\10.0.100\Sdks\Microsoft.NET.Sdk.StaticWebAssets\targets\Microsoft.NET.Sdk.StaticWebAssets.ScopedCss.targets(55,3): message :     
       C:\Program Files\dotnet\sdk\10.0.100\Sdks\Microsoft.NET.Sdk.StaticWebAssets\targets\Microsoft.NET.Sdk.StaticWebAssets.ScopedCss.targets(55,3): message :       ResolveCoreStaticWebAssets;
       C:\Program Files\dotnet\sdk\10.0.100\Sdks\Microsoft.NET.Sdk.StaticWebAssets\targets\Microsoft.NET.Sdk.StaticWebAssets.ScopedCss.targets(55,3): message :       GenerateComputedBuildStaticWebAssets;
       C:\Program Files\dotnet\sdk\10.0.100\Sdks\Microsoft.NET.Sdk.StaticWebAssets\targets\Microsoft.NET.Sdk.StaticWebAssets.ScopedCss.targets(55,3): message :       
       C:\Program Files\dotnet\sdk\10.0.100\Sdks\Microsoft.NET.Sdk.StaticWebAssets\targets\Microsoft.NET.Sdk.StaticWebAssets.ScopedCss.targets(55,3): message :     ;
       C:\Program Files\dotnet\sdk\10.0.100\Sdks\Microsoft.NET.Sdk.StaticWebAssets\targets\Microsoft.NET.Sdk.StaticWebAssets.ScopedCss.targets(55,3): message :     ResolveScopedCssAssets;
       C:\Program Files\dotnet\sdk\10.0.100\Sdks\Microsoft.NET.Sdk.StaticWebAssets\targets\Microsoft.NET.Sdk.StaticWebAssets.ScopedCss.targets(55,3): message :   " (previous value: "
       C:\Program Files\dotnet\sdk\10.0.100\Sdks\Microsoft.NET.Sdk.StaticWebAssets\targets\Microsoft.NET.Sdk.StaticWebAssets.ScopedCss.targets(55,3): message :       ResolveCoreStaticWebAssets;
       C:\Program Files\dotnet\sdk\10.0.100\Sdks\Microsoft.NET.Sdk.StaticWebAssets\targets\Microsoft.NET.Sdk.StaticWebAssets.ScopedCss.targets(55,3): message :       GenerateComputedBuildStaticWebAssets;
       C:\Program Files\dotnet\sdk\10.0.100\Sdks\Microsoft.NET.Sdk.StaticWebAssets\targets\Microsoft.NET.Sdk.StaticWebAssets.ScopedCss.targets(55,3): message :       
       C:\Program Files\dotnet\sdk\10.0.100\Sdks\Microsoft.NET.Sdk.StaticWebAssets\targets\Microsoft.NET.Sdk.StaticWebAssets.ScopedCss.targets(55,3): message :     ") at C:\Program Files\dotnet\sdk\10.0.100\Sdks\Microsoft.NET.Sdk.StaticWebAssets\targets\Microsoft.NET.Sdk.StaticWebAssets.ScopedCss.targets (55,3)
       C:\Program Files\dotnet\sdk\10.0.100\Sdks\Microsoft.NET.Sdk.StaticWebAssets\targets\Microsoft.NET.Sdk.StaticWebAssets.ScopedCss.targets(88,3): message : Property reassignment: $(GenerateComputedBuildStaticWebAssetsDependsOn)="
       C:\Program Files\dotnet\sdk\10.0.100\Sdks\Microsoft.NET.Sdk.StaticWebAssets\targets\Microsoft.NET.Sdk.StaticWebAssets.ScopedCss.targets(88,3): message :     ResolveCoreStaticWebAssets;;
       C:\Program Files\dotnet\sdk\10.0.100\Sdks\Microsoft.NET.Sdk.StaticWebAssets\targets\Microsoft.NET.Sdk.StaticWebAssets.ScopedCss.targets(88,3): message :     BundleScopedCssFiles;
       C:\Program Files\dotnet\sdk\10.0.100\Sdks\Microsoft.NET.Sdk.StaticWebAssets\targets\Microsoft.NET.Sdk.StaticWebAssets.ScopedCss.targets(88,3): message :   " (previous value: "ResolveCoreStaticWebAssets;") at C:\Program Files\dotnet\sdk\10.0.100\Sdks\Microsoft.NET.Sdk.StaticWebAssets\targets\Microsoft.NET.Sdk.StaticWebAssets.ScopedCss.targets (88,3)
       C:\Program Files\dotnet\sdk\10.0.100\Sdks\Microsoft.NET.Sdk.StaticWebAssets\targets\Microsoft.NET.Sdk.StaticWebAssets.JSModules.targets(37,5): message : Property reassignment: $(ResolveCoreStaticWebAssetsDependsOn)="
       C:\Program Files\dotnet\sdk\10.0.100\Sdks\Microsoft.NET.Sdk.StaticWebAssets\targets\Microsoft.NET.Sdk.StaticWebAssets.JSModules.targets(37,5): message :       
       C:\Program Files\dotnet\sdk\10.0.100\Sdks\Microsoft.NET.Sdk.StaticWebAssets\targets\Microsoft.NET.Sdk.StaticWebAssets.JSModules.targets(37,5): message :       UpdateExistingPackageStaticWebAssets;
       C:\Program Files\dotnet\sdk\10.0.100\Sdks\Microsoft.NET.Sdk.StaticWebAssets\targets\Microsoft.NET.Sdk.StaticWebAssets.JSModules.targets(37,5): message :       ResolveProjectStaticWebAssets;
       C:\Program Files\dotnet\sdk\10.0.100\Sdks\Microsoft.NET.Sdk.StaticWebAssets\targets\Microsoft.NET.Sdk.StaticWebAssets.JSModules.targets(37,5): message :       ResolveEmbeddedProjectsStaticWebAssets;
       C:\Program Files\dotnet\sdk\10.0.100\Sdks\Microsoft.NET.Sdk.StaticWebAssets\targets\Microsoft.NET.Sdk.StaticWebAssets.JSModules.targets(37,5): message :       ResolveReferencedProjectsStaticWebAssets;
       C:\Program Files\dotnet\sdk\10.0.100\Sdks\Microsoft.NET.Sdk.StaticWebAssets\targets\Microsoft.NET.Sdk.StaticWebAssets.JSModules.targets(37,5): message :       ;
       C:\Program Files\dotnet\sdk\10.0.100\Sdks\Microsoft.NET.Sdk.StaticWebAssets\targets\Microsoft.NET.Sdk.StaticWebAssets.JSModules.targets(37,5): message :     ;
       C:\Program Files\dotnet\sdk\10.0.100\Sdks\Microsoft.NET.Sdk.StaticWebAssets\targets\Microsoft.NET.Sdk.StaticWebAssets.JSModules.targets(37,5): message :       ResolveJsInitializerModuleStaticWebAssets;
       C:\Program Files\dotnet\sdk\10.0.100\Sdks\Microsoft.NET.Sdk.StaticWebAssets\targets\Microsoft.NET.Sdk.StaticWebAssets.JSModules.targets(37,5): message :     " (previous value: "
       C:\Program Files\dotnet\sdk\10.0.100\Sdks\Microsoft.NET.Sdk.StaticWebAssets\targets\Microsoft.NET.Sdk.StaticWebAssets.JSModules.targets(37,5): message :       UpdateExistingPackageStaticWebAssets;
       C:\Program Files\dotnet\sdk\10.0.100\Sdks\Microsoft.NET.Sdk.StaticWebAssets\targets\Microsoft.NET.Sdk.StaticWebAssets.JSModules.targets(37,5): message :       ResolveProjectStaticWebAssets;
       C:\Program Files\dotnet\sdk\10.0.100\Sdks\Microsoft.NET.Sdk.StaticWebAssets\targets\Microsoft.NET.Sdk.StaticWebAssets.JSModules.targets(37,5): message :       ResolveEmbeddedProjectsStaticWebAssets;
       C:\Program Files\dotnet\sdk\10.0.100\Sdks\Microsoft.NET.Sdk.StaticWebAssets\targets\Microsoft.NET.Sdk.StaticWebAssets.JSModules.targets(37,5): message :       ResolveReferencedProjectsStaticWebAssets;
       C:\Program Files\dotnet\sdk\10.0.100\Sdks\Microsoft.NET.Sdk.StaticWebAssets\targets\Microsoft.NET.Sdk.StaticWebAssets.JSModules.targets(37,5): message :       ;
       C:\Program Files\dotnet\sdk\10.0.100\Sdks\Microsoft.NET.Sdk.StaticWebAssets\targets\Microsoft.NET.Sdk.StaticWebAssets.JSModules.targets(37,5): message :     ") at C:\Program Files\dotnet\sdk\10.0.100\Sdks\Microsoft.NET.Sdk.StaticWebAssets\targets\Microsoft.NET.Sdk.StaticWebAssets.JSModules.targets (37,5)
       C:\Program Files\dotnet\sdk\10.0.100\Sdks\Microsoft.NET.Sdk.StaticWebAssets\targets\Microsoft.NET.Sdk.StaticWebAssets.JSModules.targets(42,5): message : Property reassignment: $(ResolveCoreStaticWebAssetsDependsOn)="
       C:\Program Files\dotnet\sdk\10.0.100\Sdks\Microsoft.NET.Sdk.StaticWebAssets\targets\Microsoft.NET.Sdk.StaticWebAssets.JSModules.targets(42,5): message :       
       C:\Program Files\dotnet\sdk\10.0.100\Sdks\Microsoft.NET.Sdk.StaticWebAssets\targets\Microsoft.NET.Sdk.StaticWebAssets.JSModules.targets(42,5): message :       
       C:\Program Files\dotnet\sdk\10.0.100\Sdks\Microsoft.NET.Sdk.StaticWebAssets\targets\Microsoft.NET.Sdk.StaticWebAssets.JSModules.targets(42,5): message :       UpdateExistingPackageStaticWebAssets;
       C:\Program Files\dotnet\sdk\10.0.100\Sdks\Microsoft.NET.Sdk.StaticWebAssets\targets\Microsoft.NET.Sdk.StaticWebAssets.JSModules.targets(42,5): message :       ResolveProjectStaticWebAssets;
       C:\Program Files\dotnet\sdk\10.0.100\Sdks\Microsoft.NET.Sdk.StaticWebAssets\targets\Microsoft.NET.Sdk.StaticWebAssets.JSModules.targets(42,5): message :       ResolveEmbeddedProjectsStaticWebAssets;
       C:\Program Files\dotnet\sdk\10.0.100\Sdks\Microsoft.NET.Sdk.StaticWebAssets\targets\Microsoft.NET.Sdk.StaticWebAssets.JSModules.targets(42,5): message :       ResolveReferencedProjectsStaticWebAssets;
       C:\Program Files\dotnet\sdk\10.0.100\Sdks\Microsoft.NET.Sdk.StaticWebAssets\targets\Microsoft.NET.Sdk.StaticWebAssets.JSModules.targets(42,5): message :       ;
       C:\Program Files\dotnet\sdk\10.0.100\Sdks\Microsoft.NET.Sdk.StaticWebAssets\targets\Microsoft.NET.Sdk.StaticWebAssets.JSModules.targets(42,5): message :     ;
       C:\Program Files\dotnet\sdk\10.0.100\Sdks\Microsoft.NET.Sdk.StaticWebAssets\targets\Microsoft.NET.Sdk.StaticWebAssets.JSModules.targets(42,5): message :       ResolveJsInitializerModuleStaticWebAssets;
       C:\Program Files\dotnet\sdk\10.0.100\Sdks\Microsoft.NET.Sdk.StaticWebAssets\targets\Microsoft.NET.Sdk.StaticWebAssets.JSModules.targets(42,5): message :     ;
       C:\Program Files\dotnet\sdk\10.0.100\Sdks\Microsoft.NET.Sdk.StaticWebAssets\targets\Microsoft.NET.Sdk.StaticWebAssets.JSModules.targets(42,5): message :       ResolveJSModuleStaticWebAssets;
       C:\Program Files\dotnet\sdk\10.0.100\Sdks\Microsoft.NET.Sdk.StaticWebAssets\targets\Microsoft.NET.Sdk.StaticWebAssets.JSModules.targets(42,5): message :     " (previous value: "
       C:\Program Files\dotnet\sdk\10.0.100\Sdks\Microsoft.NET.Sdk.StaticWebAssets\targets\Microsoft.NET.Sdk.StaticWebAssets.JSModules.targets(42,5): message :       
       C:\Program Files\dotnet\sdk\10.0.100\Sdks\Microsoft.NET.Sdk.StaticWebAssets\targets\Microsoft.NET.Sdk.StaticWebAssets.JSModules.targets(42,5): message :       UpdateExistingPackageStaticWebAssets;
       C:\Program Files\dotnet\sdk\10.0.100\Sdks\Microsoft.NET.Sdk.StaticWebAssets\targets\Microsoft.NET.Sdk.StaticWebAssets.JSModules.targets(42,5): message :       ResolveProjectStaticWebAssets;
       C:\Program Files\dotnet\sdk\10.0.100\Sdks\Microsoft.NET.Sdk.StaticWebAssets\targets\Microsoft.NET.Sdk.StaticWebAssets.JSModules.targets(42,5): message :       ResolveEmbeddedProjectsStaticWebAssets;
       C:\Program Files\dotnet\sdk\10.0.100\Sdks\Microsoft.NET.Sdk.StaticWebAssets\targets\Microsoft.NET.Sdk.StaticWebAssets.JSModules.targets(42,5): message :       ResolveReferencedProjectsStaticWebAssets;
       C:\Program Files\dotnet\sdk\10.0.100\Sdks\Microsoft.NET.Sdk.StaticWebAssets\targets\Microsoft.NET.Sdk.StaticWebAssets.JSModules.targets(42,5): message :       ;
       C:\Program Files\dotnet\sdk\10.0.100\Sdks\Microsoft.NET.Sdk.StaticWebAssets\targets\Microsoft.NET.Sdk.StaticWebAssets.JSModules.targets(42,5): message :     ;
       C:\Program Files\dotnet\sdk\10.0.100\Sdks\Microsoft.NET.Sdk.StaticWebAssets\targets\Microsoft.NET.Sdk.StaticWebAssets.JSModules.targets(42,5): message :       ResolveJsInitializerModuleStaticWebAssets;
       C:\Program Files\dotnet\sdk\10.0.100\Sdks\Microsoft.NET.Sdk.StaticWebAssets\targets\Microsoft.NET.Sdk.StaticWebAssets.JSModules.targets(42,5): message :     ") at C:\Program Files\dotnet\sdk\10.0.100\Sdks\Microsoft.NET.Sdk.StaticWebAssets\targets\Microsoft.NET.Sdk.StaticWebAssets.JSModules.targets (42,5)
       C:\Program Files\dotnet\sdk\10.0.100\Sdks\Microsoft.NET.Sdk.StaticWebAssets\targets\Microsoft.NET.Sdk.StaticWebAssets.JSModules.targets(57,5): message : Property reassignment: $(ResolveStaticWebAssetsInputsDependsOn)="
       C:\Program Files\dotnet\sdk\10.0.100\Sdks\Microsoft.NET.Sdk.StaticWebAssets\targets\Microsoft.NET.Sdk.StaticWebAssets.JSModules.targets(57,5): message :       ResolveJSModuleManifestBuildStaticWebAssets;
       C:\Program Files\dotnet\sdk\10.0.100\Sdks\Microsoft.NET.Sdk.StaticWebAssets\targets\Microsoft.NET.Sdk.StaticWebAssets.JSModules.targets(57,5): message :       
       C:\Program Files\dotnet\sdk\10.0.100\Sdks\Microsoft.NET.Sdk.StaticWebAssets\targets\Microsoft.NET.Sdk.StaticWebAssets.JSModules.targets(57,5): message :     
       C:\Program Files\dotnet\sdk\10.0.100\Sdks\Microsoft.NET.Sdk.StaticWebAssets\targets\Microsoft.NET.Sdk.StaticWebAssets.JSModules.targets(57,5): message :       ResolveCoreStaticWebAssets;
       C:\Program Files\dotnet\sdk\10.0.100\Sdks\Microsoft.NET.Sdk.StaticWebAssets\targets\Microsoft.NET.Sdk.StaticWebAssets.JSModules.targets(57,5): message :       GenerateComputedBuildStaticWebAssets;
       C:\Program Files\dotnet\sdk\10.0.100\Sdks\Microsoft.NET.Sdk.StaticWebAssets\targets\Microsoft.NET.Sdk.StaticWebAssets.JSModules.targets(57,5): message :       
       C:\Program Files\dotnet\sdk\10.0.100\Sdks\Microsoft.NET.Sdk.StaticWebAssets\targets\Microsoft.NET.Sdk.StaticWebAssets.JSModules.targets(57,5): message :     ;
       C:\Program Files\dotnet\sdk\10.0.100\Sdks\Microsoft.NET.Sdk.StaticWebAssets\targets\Microsoft.NET.Sdk.StaticWebAssets.JSModules.targets(57,5): message :     ResolveScopedCssAssets;
       C:\Program Files\dotnet\sdk\10.0.100\Sdks\Microsoft.NET.Sdk.StaticWebAssets\targets\Microsoft.NET.Sdk.StaticWebAssets.JSModules.targets(57,5): message :   
       C:\Program Files\dotnet\sdk\10.0.100\Sdks\Microsoft.NET.Sdk.StaticWebAssets\targets\Microsoft.NET.Sdk.StaticWebAssets.JSModules.targets(57,5): message :     " (previous value: "
       C:\Program Files\dotnet\sdk\10.0.100\Sdks\Microsoft.NET.Sdk.StaticWebAssets\targets\Microsoft.NET.Sdk.StaticWebAssets.JSModules.targets(57,5): message :     
       C:\Program Files\dotnet\sdk\10.0.100\Sdks\Microsoft.NET.Sdk.StaticWebAssets\targets\Microsoft.NET.Sdk.StaticWebAssets.JSModules.targets(57,5): message :       ResolveCoreStaticWebAssets;
       C:\Program Files\dotnet\sdk\10.0.100\Sdks\Microsoft.NET.Sdk.StaticWebAssets\targets\Microsoft.NET.Sdk.StaticWebAssets.JSModules.targets(57,5): message :       GenerateComputedBuildStaticWebAssets;
       C:\Program Files\dotnet\sdk\10.0.100\Sdks\Microsoft.NET.Sdk.StaticWebAssets\targets\Microsoft.NET.Sdk.StaticWebAssets.JSModules.targets(57,5): message :       
       C:\Program Files\dotnet\sdk\10.0.100\Sdks\Microsoft.NET.Sdk.StaticWebAssets\targets\Microsoft.NET.Sdk.StaticWebAssets.JSModules.targets(57,5): message :     ;
       C:\Program Files\dotnet\sdk\10.0.100\Sdks\Microsoft.NET.Sdk.StaticWebAssets\targets\Microsoft.NET.Sdk.StaticWebAssets.JSModules.targets(57,5): message :     ResolveScopedCssAssets;
       C:\Program Files\dotnet\sdk\10.0.100\Sdks\Microsoft.NET.Sdk.StaticWebAssets\targets\Microsoft.NET.Sdk.StaticWebAssets.JSModules.targets(57,5): message :   ") at C:\Program Files\dotnet\sdk\10.0.100\Sdks\Microsoft.NET.Sdk.StaticWebAssets\targets\Microsoft.NET.Sdk.StaticWebAssets.JSModules.targets (57,5)
       C:\Program Files\dotnet\sdk\10.0.100\Sdks\Microsoft.NET.Sdk.StaticWebAssets\targets\Microsoft.NET.Sdk.StaticWebAssets.JSModules.targets(76,5): message : Property reassignment: $(ResolvePublishStaticWebAssetsDependsOn)="
       C:\Program Files\dotnet\sdk\10.0.100\Sdks\Microsoft.NET.Sdk.StaticWebAssets\targets\Microsoft.NET.Sdk.StaticWebAssets.JSModules.targets(76,5): message :       ResolveJSModuleManifestPublishStaticWebAssets;
       C:\Program Files\dotnet\sdk\10.0.100\Sdks\Microsoft.NET.Sdk.StaticWebAssets\targets\Microsoft.NET.Sdk.StaticWebAssets.JSModules.targets(76,5): message :       
       C:\Program Files\dotnet\sdk\10.0.100\Sdks\Microsoft.NET.Sdk.StaticWebAssets\targets\Microsoft.NET.Sdk.StaticWebAssets.JSModules.targets(76,5): message :       ResolveCorePublishStaticWebAssets;
       C:\Program Files\dotnet\sdk\10.0.100\Sdks\Microsoft.NET.Sdk.StaticWebAssets\targets\Microsoft.NET.Sdk.StaticWebAssets.JSModules.targets(76,5): message :       GenerateComputedPublishStaticWebAssets;
       C:\Program Files\dotnet\sdk\10.0.100\Sdks\Microsoft.NET.Sdk.StaticWebAssets\targets\Microsoft.NET.Sdk.StaticWebAssets.JSModules.targets(76,5): message :       ;
       C:\Program Files\dotnet\sdk\10.0.100\Sdks\Microsoft.NET.Sdk.StaticWebAssets\targets\Microsoft.NET.Sdk.StaticWebAssets.JSModules.targets(76,5): message :     
       C:\Program Files\dotnet\sdk\10.0.100\Sdks\Microsoft.NET.Sdk.StaticWebAssets\targets\Microsoft.NET.Sdk.StaticWebAssets.JSModules.targets(76,5): message :     " (previous value: "
       C:\Program Files\dotnet\sdk\10.0.100\Sdks\Microsoft.NET.Sdk.StaticWebAssets\targets\Microsoft.NET.Sdk.StaticWebAssets.JSModules.targets(76,5): message :       ResolveCorePublishStaticWebAssets;
       C:\Program Files\dotnet\sdk\10.0.100\Sdks\Microsoft.NET.Sdk.StaticWebAssets\targets\Microsoft.NET.Sdk.StaticWebAssets.JSModules.targets(76,5): message :       GenerateComputedPublishStaticWebAssets;
       C:\Program Files\dotnet\sdk\10.0.100\Sdks\Microsoft.NET.Sdk.StaticWebAssets\targets\Microsoft.NET.Sdk.StaticWebAssets.JSModules.targets(76,5): message :       ;
       C:\Program Files\dotnet\sdk\10.0.100\Sdks\Microsoft.NET.Sdk.StaticWebAssets\targets\Microsoft.NET.Sdk.StaticWebAssets.JSModules.targets(76,5): message :     ") at C:\Program Files\dotnet\sdk\10.0.100\Sdks\Microsoft.NET.Sdk.StaticWebAssets\targets\Microsoft.NET.Sdk.StaticWebAssets.JSModules.targets (76,5)
       C:\Program Files\dotnet\sdk\10.0.100\Sdks\Microsoft.NET.Sdk.StaticWebAssets\targets\Microsoft.NET.Sdk.StaticWebAssets.Compression.targets(185,5): message : Property reassignment: $(ResolveBuildRelatedStaticWebAssetsDependsOn)="
       C:\Program Files\dotnet\sdk\10.0.100\Sdks\Microsoft.NET.Sdk.StaticWebAssets\targets\Microsoft.NET.Sdk.StaticWebAssets.Compression.targets(185,5): message :       ResolveBuildCompressedStaticWebAssets;
       C:\Program Files\dotnet\sdk\10.0.100\Sdks\Microsoft.NET.Sdk.StaticWebAssets\targets\Microsoft.NET.Sdk.StaticWebAssets.Compression.targets(185,5): message :       
       C:\Program Files\dotnet\sdk\10.0.100\Sdks\Microsoft.NET.Sdk.StaticWebAssets\targets\Microsoft.NET.Sdk.StaticWebAssets.Compression.targets(185,5): message :       ResolveStaticWebAssetsInputs;
       C:\Program Files\dotnet\sdk\10.0.100\Sdks\Microsoft.NET.Sdk.StaticWebAssets\targets\Microsoft.NET.Sdk.StaticWebAssets.Compression.targets(185,5): message :       
       C:\Program Files\dotnet\sdk\10.0.100\Sdks\Microsoft.NET.Sdk.StaticWebAssets\targets\Microsoft.NET.Sdk.StaticWebAssets.Compression.targets(185,5): message :     
       C:\Program Files\dotnet\sdk\10.0.100\Sdks\Microsoft.NET.Sdk.StaticWebAssets\targets\Microsoft.NET.Sdk.StaticWebAssets.Compression.targets(185,5): message :     " (previous value: "
       C:\Program Files\dotnet\sdk\10.0.100\Sdks\Microsoft.NET.Sdk.StaticWebAssets\targets\Microsoft.NET.Sdk.StaticWebAssets.Compression.targets(185,5): message :       ResolveStaticWebAssetsInputs;
       C:\Program Files\dotnet\sdk\10.0.100\Sdks\Microsoft.NET.Sdk.StaticWebAssets\targets\Microsoft.NET.Sdk.StaticWebAssets.Compression.targets(185,5): message :       
       C:\Program Files\dotnet\sdk\10.0.100\Sdks\Microsoft.NET.Sdk.StaticWebAssets\targets\Microsoft.NET.Sdk.StaticWebAssets.Compression.targets(185,5): message :     ") at C:\Program Files\dotnet\sdk\10.0.100\Sdks\Microsoft.NET.Sdk.StaticWebAssets\targets\Microsoft.NET.Sdk.StaticWebAssets.Compression.targets (185,5)
       C:\Program Files\dotnet\sdk\10.0.100\Sdks\Microsoft.NET.Sdk.StaticWebAssets\targets\Microsoft.NET.Sdk.StaticWebAssets.Compression.targets(204,5): message : Property reassignment: $(ResolvePublishRelatedStaticWebAssetsDependsOn)="
       C:\Program Files\dotnet\sdk\10.0.100\Sdks\Microsoft.NET.Sdk.StaticWebAssets\targets\Microsoft.NET.Sdk.StaticWebAssets.Compression.targets(204,5): message :       ResolvePublishCompressedStaticWebAssets;
       C:\Program Files\dotnet\sdk\10.0.100\Sdks\Microsoft.NET.Sdk.StaticWebAssets\targets\Microsoft.NET.Sdk.StaticWebAssets.Compression.targets(204,5): message :       
       C:\Program Files\dotnet\sdk\10.0.100\Sdks\Microsoft.NET.Sdk.StaticWebAssets\targets\Microsoft.NET.Sdk.StaticWebAssets.Compression.targets(204,5): message :     " (previous value: "") at C:\Program Files\dotnet\sdk\10.0.100\Sdks\Microsoft.NET.Sdk.StaticWebAssets\targets\Microsoft.NET.Sdk.StaticWebAssets.Compression.targets (204,5)
       C:\Program Files\dotnet\sdk\10.0.100\Sdks\Microsoft.NET.Sdk.Razor\targets\Sdk.Razor.CurrentVersion.targets(220,5): message : Property reassignment: $(DebugSymbolsProjectOutputGroupDependsOn)="
       C:\Program Files\dotnet\sdk\10.0.100\Sdks\Microsoft.NET.Sdk.Razor\targets\Sdk.Razor.CurrentVersion.targets(220,5): message :       ;
       C:\Program Files\dotnet\sdk\10.0.100\Sdks\Microsoft.NET.Sdk.Razor\targets\Sdk.Razor.CurrentVersion.targets(220,5): message :       _RazorAddDebugSymbolsProjectOutputGroupOutput
       C:\Program Files\dotnet\sdk\10.0.100\Sdks\Microsoft.NET.Sdk.Razor\targets\Sdk.Razor.CurrentVersion.targets(220,5): message :     " (previous value: "") at C:\Program Files\dotnet\sdk\10.0.100\Sdks\Microsoft.NET.Sdk.Razor\targets\Sdk.Razor.CurrentVersion.targets (220,5)
       C:\Program Files\dotnet\sdk\10.0.100\Sdks\Microsoft.NET.Sdk.Razor\targets\Sdk.Razor.CurrentVersion.targets(225,5): message : Property reassignment: $(PrepareForBuildDependsOn)="
       C:\Program Files\dotnet\sdk\10.0.100\Sdks\Microsoft.NET.Sdk.Razor\targets\Sdk.Razor.CurrentVersion.targets(225,5): message :       ;GetFrameworkPaths;GetReferenceAssemblyPaths;AssignLinkMetadata;
       C:\Program Files\dotnet\sdk\10.0.100\Sdks\Microsoft.NET.Sdk.Razor\targets\Sdk.Razor.CurrentVersion.targets(225,5): message :       ResolveRazorGenerateInputs
       C:\Program Files\dotnet\sdk\10.0.100\Sdks\Microsoft.NET.Sdk.Razor\targets\Sdk.Razor.CurrentVersion.targets(225,5): message :     " (previous value: ";GetFrameworkPaths;GetReferenceAssemblyPaths;AssignLinkMetadata") at C:\Program Files\dotnet\sdk\10.0.100\Sdks\Microsoft.NET.Sdk.Razor\targets\Sdk.Razor.CurrentVersion.targets (225,5)
       C:\Program Files\dotnet\sdk\10.0.100\Sdks\Microsoft.NET.Sdk.Razor\targets\Sdk.Razor.CurrentVersion.targets(230,5): message : Property reassignment: $(GenerateNuspecDependsOn)="
       C:\Program Files\dotnet\sdk\10.0.100\Sdks\Microsoft.NET.Sdk.Razor\targets\Sdk.Razor.CurrentVersion.targets(230,5): message :       ResolveRazorGenerateInputs;
       C:\Program Files\dotnet\sdk\10.0.100\Sdks\Microsoft.NET.Sdk.Razor\targets\Sdk.Razor.CurrentVersion.targets(230,5): message :       
       C:\Program Files\dotnet\sdk\10.0.100\Sdks\Microsoft.NET.Sdk.Razor\targets\Sdk.Razor.CurrentVersion.targets(230,5): message :       IncludeStaticWebAssetsPackItems;
       C:\Program Files\dotnet\sdk\10.0.100\Sdks\Microsoft.NET.Sdk.Razor\targets\Sdk.Razor.CurrentVersion.targets(230,5): message :       Build;_LoadPackInputItems; _GetTargetFrameworksOutput; _WalkEachTargetPerFramework; _GetPackageFiles; ;
       C:\Program Files\dotnet\sdk\10.0.100\Sdks\Microsoft.NET.Sdk.Razor\targets\Sdk.Razor.CurrentVersion.targets(230,5): message :     
       C:\Program Files\dotnet\sdk\10.0.100\Sdks\Microsoft.NET.Sdk.Razor\targets\Sdk.Razor.CurrentVersion.targets(230,5): message :     " (previous value: "
       C:\Program Files\dotnet\sdk\10.0.100\Sdks\Microsoft.NET.Sdk.Razor\targets\Sdk.Razor.CurrentVersion.targets(230,5): message :       IncludeStaticWebAssetsPackItems;
       C:\Program Files\dotnet\sdk\10.0.100\Sdks\Microsoft.NET.Sdk.Razor\targets\Sdk.Razor.CurrentVersion.targets(230,5): message :       Build;_LoadPackInputItems; _GetTargetFrameworksOutput; _WalkEachTargetPerFramework; _GetPackageFiles; ;
       C:\Program Files\dotnet\sdk\10.0.100\Sdks\Microsoft.NET.Sdk.Razor\targets\Sdk.Razor.CurrentVersion.targets(230,5): message :     ") at C:\Program Files\dotnet\sdk\10.0.100\Sdks\Microsoft.NET.Sdk.Razor\targets\Sdk.Razor.CurrentVersion.targets (230,5)
       C:\Program Files\dotnet\sdk\10.0.100\Sdks\Microsoft.NET.Sdk.Razor\targets\Sdk.Razor.CurrentVersion.targets(235,5): message : Property reassignment: $(PrepareForRunDependsOn)="
       C:\Program Files\dotnet\sdk\10.0.100\Sdks\Microsoft.NET.Sdk.Razor\targets\Sdk.Razor.CurrentVersion.targets(235,5): message :       _RazorPrepareForRun;
       C:\Program Files\dotnet\sdk\10.0.100\Sdks\Microsoft.NET.Sdk.Razor\targets\Sdk.Razor.CurrentVersion.targets(235,5): message :       StaticWebAssetsPrepareForRun;
       C:\Program Files\dotnet\sdk\10.0.100\Sdks\Microsoft.NET.Sdk.Razor\targets\Sdk.Razor.CurrentVersion.targets(235,5): message :       CopyFilesToOutputDirectory
       C:\Program Files\dotnet\sdk\10.0.100\Sdks\Microsoft.NET.Sdk.Razor\targets\Sdk.Razor.CurrentVersion.targets(235,5): message :     
       C:\Program Files\dotnet\sdk\10.0.100\Sdks\Microsoft.NET.Sdk.Razor\targets\Sdk.Razor.CurrentVersion.targets(235,5): message :     " (previous value: "StaticWebAssetsPrepareForRun;
       C:\Program Files\dotnet\sdk\10.0.100\Sdks\Microsoft.NET.Sdk.Razor\targets\Sdk.Razor.CurrentVersion.targets(235,5): message :       CopyFilesToOutputDirectory
       C:\Program Files\dotnet\sdk\10.0.100\Sdks\Microsoft.NET.Sdk.Razor\targets\Sdk.Razor.CurrentVersion.targets(235,5): message :     ") at C:\Program Files\dotnet\sdk\10.0.100\Sdks\Microsoft.NET.Sdk.Razor\targets\Sdk.Razor.CurrentVersion.targets (235,5)
       C:\Program Files\dotnet\sdk\10.0.100\Sdks\Microsoft.NET.Sdk.Razor\targets\Sdk.Razor.CurrentVersion.targets(326,5): message : Property reassignment: $(UseRazorBuildServer)="true" (previous value: "") at C:\Program Files\dotnet\sdk\10.0.100\Sdks\Microsoft.NET.Sdk.Razor\targets\Sdk.Razor.CurrentVersion.targets (326,5)
       C:\Program Files\dotnet\sdk\10.0.100\Sdks\Microsoft.NET.Sdk.Razor\targets\Sdk.Razor.CurrentVersion.targets(332,5): message : Property reassignment: $(_RazorDebugSymbolsProduced)="true" (previous value: "false") at C:\Program Files\dotnet\sdk\10.0.100\Sdks\Microsoft.NET.Sdk.Razor\targets\Sdk.Razor.CurrentVersion.targets (332,5)
       C:\Program Files\dotnet\sdk\10.0.100\Sdks\Microsoft.NET.Sdk.Razor\targets\Microsoft.NET.Sdk.Razor.GenerateAssemblyInfo.targets(36,5): message : Property reassignment: $(GenerateRazorTargetAssemblyInfoDependsOn)="
       C:\Program Files\dotnet\sdk\10.0.100\Sdks\Microsoft.NET.Sdk.Razor\targets\Microsoft.NET.Sdk.Razor.GenerateAssemblyInfo.targets(36,5): message :       _ResolveMvcAssemblyAttributes;
       C:\Program Files\dotnet\sdk\10.0.100\Sdks\Microsoft.NET.Sdk.Razor\targets\Microsoft.NET.Sdk.Razor.GenerateAssemblyInfo.targets(36,5): message :       
       C:\Program Files\dotnet\sdk\10.0.100\Sdks\Microsoft.NET.Sdk.Razor\targets\Microsoft.NET.Sdk.Razor.GenerateAssemblyInfo.targets(36,5): message :       GetRazorTargetAssemblyAttributes;
       C:\Program Files\dotnet\sdk\10.0.100\Sdks\Microsoft.NET.Sdk.Razor\targets\Microsoft.NET.Sdk.Razor.GenerateAssemblyInfo.targets(36,5): message :       _CreateRazorTargetAssemblyInfoInputsCacheFile;
       C:\Program Files\dotnet\sdk\10.0.100\Sdks\Microsoft.NET.Sdk.Razor\targets\Microsoft.NET.Sdk.Razor.GenerateAssemblyInfo.targets(36,5): message :       CoreGenerateRazorTargetAssemblyInfo
       C:\Program Files\dotnet\sdk\10.0.100\Sdks\Microsoft.NET.Sdk.Razor\targets\Microsoft.NET.Sdk.Razor.GenerateAssemblyInfo.targets(36,5): message :     
       C:\Program Files\dotnet\sdk\10.0.100\Sdks\Microsoft.NET.Sdk.Razor\targets\Microsoft.NET.Sdk.Razor.GenerateAssemblyInfo.targets(36,5): message :     " (previous value: "
       C:\Program Files\dotnet\sdk\10.0.100\Sdks\Microsoft.NET.Sdk.Razor\targets\Microsoft.NET.Sdk.Razor.GenerateAssemblyInfo.targets(36,5): message :       GetRazorTargetAssemblyAttributes;
       C:\Program Files\dotnet\sdk\10.0.100\Sdks\Microsoft.NET.Sdk.Razor\targets\Microsoft.NET.Sdk.Razor.GenerateAssemblyInfo.targets(36,5): message :       _CreateRazorTargetAssemblyInfoInputsCacheFile;
       C:\Program Files\dotnet\sdk\10.0.100\Sdks\Microsoft.NET.Sdk.Razor\targets\Microsoft.NET.Sdk.Razor.GenerateAssemblyInfo.targets(36,5): message :       CoreGenerateRazorTargetAssemblyInfo
       C:\Program Files\dotnet\sdk\10.0.100\Sdks\Microsoft.NET.Sdk.Razor\targets\Microsoft.NET.Sdk.Razor.GenerateAssemblyInfo.targets(36,5): message :     ") at C:\Program Files\dotnet\sdk\10.0.100\Sdks\Microsoft.NET.Sdk.Razor\targets\Microsoft.NET.Sdk.Razor.GenerateAssemblyInfo.targets (36,5)
       C:\Program Files\dotnet\sdk\10.0.100\Sdks\Microsoft.NET.Sdk.Razor\targets\Microsoft.NET.Sdk.Razor.GenerateAssemblyInfo.targets(181,5): message : Property reassignment: $(CoreCompileDependsOn)="
       C:\Program Files\dotnet\sdk\10.0.100\Sdks\Microsoft.NET.Sdk.Razor\targets\Microsoft.NET.Sdk.Razor.GenerateAssemblyInfo.targets(181,5): message :       ;_ComputeNonExistentFileProperty;ResolveCodeAnalysisRuleSet;
       C:\Program Files\dotnet\sdk\10.0.100\Sdks\Microsoft.NET.Sdk.Razor\targets\Microsoft.NET.Sdk.Razor.GenerateAssemblyInfo.targets(181,5): message :       _GenerateRazorAssemblyInfo
       C:\Program Files\dotnet\sdk\10.0.100\Sdks\Microsoft.NET.Sdk.Razor\targets\Microsoft.NET.Sdk.Razor.GenerateAssemblyInfo.targets(181,5): message :     " (previous value: ";_ComputeNonExistentFileProperty;ResolveCodeAnalysisRuleSet") at C:\Program Files\dotnet\sdk\10.0.100\Sdks\Microsoft.NET.Sdk.Razor\targets\Microsoft.NET.Sdk.Razor.GenerateAssemblyInfo.targets (181,5)
       C:\Program Files\dotnet\sdk\10.0.100\Sdks\Microsoft.NET.Sdk.Razor\targets\Microsoft.NET.Sdk.Razor.GenerateAssemblyInfo.targets(189,5): message : Property reassignment: $(_GenerateRazorAssemblyInfoDependsOn)="
       C:\Program Files\dotnet\sdk\10.0.100\Sdks\Microsoft.NET.Sdk.Razor\targets\Microsoft.NET.Sdk.Razor.GenerateAssemblyInfo.targets(189,5): message :       _ResolveMvcAssemblyAttributes;
       C:\Program Files\dotnet\sdk\10.0.100\Sdks\Microsoft.NET.Sdk.Razor\targets\Microsoft.NET.Sdk.Razor.GenerateAssemblyInfo.targets(189,5): message :       RazorGetAssemblyAttributes;PrepareForBuild;_CoreGenerateRazorAssemblyInfo;
       C:\Program Files\dotnet\sdk\10.0.100\Sdks\Microsoft.NET.Sdk.Razor\targets\Microsoft.NET.Sdk.Razor.GenerateAssemblyInfo.targets(189,5): message :     " (previous value: "RazorGetAssemblyAttributes;PrepareForBuild;_CoreGenerateRazorAssemblyInfo") at C:\Program Files\dotnet\sdk\10.0.100\Sdks\Microsoft.NET.Sdk.Razor\targets\Microsoft.NET.Sdk.Razor.GenerateAssemblyInfo.targets (189,5)
       C:\Program Files\dotnet\sdk\10.0.100\Sdks\Microsoft.NET.Sdk.Razor\targets\Microsoft.NET.Sdk.Razor.MvcApplicationPartsDiscovery.targets(22,5): message : Property reassignment: $(CoreCompileDependsOn)="
       C:\Program Files\dotnet\sdk\10.0.100\Sdks\Microsoft.NET.Sdk.Razor\targets\Microsoft.NET.Sdk.Razor.MvcApplicationPartsDiscovery.targets(22,5): message :       _DiscoverMvcApplicationParts;
       C:\Program Files\dotnet\sdk\10.0.100\Sdks\Microsoft.NET.Sdk.Razor\targets\Microsoft.NET.Sdk.Razor.MvcApplicationPartsDiscovery.targets(22,5): message :       
       C:\Program Files\dotnet\sdk\10.0.100\Sdks\Microsoft.NET.Sdk.Razor\targets\Microsoft.NET.Sdk.Razor.MvcApplicationPartsDiscovery.targets(22,5): message :       ;_ComputeNonExistentFileProperty;ResolveCodeAnalysisRuleSet;
       C:\Program Files\dotnet\sdk\10.0.100\Sdks\Microsoft.NET.Sdk.Razor\targets\Microsoft.NET.Sdk.Razor.MvcApplicationPartsDiscovery.targets(22,5): message :       _GenerateRazorAssemblyInfo
       C:\Program Files\dotnet\sdk\10.0.100\Sdks\Microsoft.NET.Sdk.Razor\targets\Microsoft.NET.Sdk.Razor.MvcApplicationPartsDiscovery.targets(22,5): message :     ;
       C:\Program Files\dotnet\sdk\10.0.100\Sdks\Microsoft.NET.Sdk.Razor\targets\Microsoft.NET.Sdk.Razor.MvcApplicationPartsDiscovery.targets(22,5): message :     " (previous value: "
       C:\Program Files\dotnet\sdk\10.0.100\Sdks\Microsoft.NET.Sdk.Razor\targets\Microsoft.NET.Sdk.Razor.MvcApplicationPartsDiscovery.targets(22,5): message :       ;_ComputeNonExistentFileProperty;ResolveCodeAnalysisRuleSet;
       C:\Program Files\dotnet\sdk\10.0.100\Sdks\Microsoft.NET.Sdk.Razor\targets\Microsoft.NET.Sdk.Razor.MvcApplicationPartsDiscovery.targets(22,5): message :       _GenerateRazorAssemblyInfo
       C:\Program Files\dotnet\sdk\10.0.100\Sdks\Microsoft.NET.Sdk.Razor\targets\Microsoft.NET.Sdk.Razor.MvcApplicationPartsDiscovery.targets(22,5): message :     ") at C:\Program Files\dotnet\sdk\10.0.100\Sdks\Microsoft.NET.Sdk.Razor\targets\Microsoft.NET.Sdk.Razor.MvcApplicationPartsDiscovery.targets (22,5)
       C:\Program Files\dotnet\sdk\10.0.100\Sdks\Microsoft.NET.Sdk.Razor\targets\Sdk.Razor.CurrentVersion.targets(884,5): message : Property reassignment: $(RazorDesignTimeTargets)="C:\Program Files\dotnet\sdk\10.0.100\Sdks\Microsoft.NET.Sdk.Razor\targets\Microsoft.NET.Sdk.Razor.DesignTime.targets" (previous value: "C:\Program Files\dotnet\sdk\10.0.100\\Microsoft\VisualStudio\Razor\Microsoft.NET.Sdk.Razor.DesignTime.targets") at C:\Program Files\dotnet\sdk\10.0.100\Sdks\Microsoft.NET.Sdk.Razor\targets\Sdk.Razor.CurrentVersion.targets (884,5)
       C:\Program Files\dotnet\sdk\10.0.100\Sdks\Microsoft.NET.Sdk.Web.ProjectSystem\targets\Microsoft.NET.Sdk.Web.ProjectSystem.targets(21,5): message : Property reassignment: $(RunWorkingDirectory)="C:\Users\toduc\Downloads\SmartStay" (previous value: "") at C:\Program Files\dotnet\sdk\10.0.100\Sdks\Microsoft.NET.Sdk.Web.ProjectSystem\targets\Microsoft.NET.Sdk.Web.ProjectSystem.targets (21,5)
       C:\Program Files\dotnet\sdk\10.0.100\Sdks\Microsoft.NET.Sdk.Publish\targets\Microsoft.NET.Sdk.Publish.targets(60,5): message : Property reassignment: $(PublishProfileImported)="true" (previous value: "false") at C:\Program Files\dotnet\sdk\10.0.100\Sdks\Microsoft.NET.Sdk.Publish\targets\Microsoft.NET.Sdk.Publish.targets (60,5)
       C:\Program Files\dotnet\sdk\10.0.100\Sdks\Microsoft.NET.Sdk.Publish\targets\Microsoft.NET.Sdk.Publish.targets(81,5): message : Property reassignment: $(PublishConfiguration)="Debug" (previous value: "") at C:\Program Files\dotnet\sdk\10.0.100\Sdks\Microsoft.NET.Sdk.Publish\targets\Microsoft.NET.Sdk.Publish.targets (81,5)
       C:\Program Files\dotnet\sdk\10.0.100\Sdks\Microsoft.NET.Sdk.Publish\targets\Microsoft.NET.Sdk.Publish.targets(87,5): message : Property reassignment: $(BaseIntermediateOutputPath)="C:\Users\toduc\Downloads\SmartStay\obj\" (previous value: "obj\") at C:\Program Files\dotnet\sdk\10.0.100\Sdks\Microsoft.NET.Sdk.Publish\targets\Microsoft.NET.Sdk.Publish.targets (87,5)
       Overriding target "ResolveFrameworkReferences" in project "C:\Program Files\dotnet\sdk\10.0.100\Microsoft.Common.CurrentVersion.targets" with target "ResolveFrameworkReferences" from project "C:\Program Files\dotnet\sdk\10.0.100\Sdks\Microsoft.NET.Sdk\targets\Microsoft.NET.Sdk.FrameworkReferenceResolution.targets".
       Overriding target "GenerateSupportedTargetFrameworkAlias" in project "C:\Program Files\dotnet\sdk\10.0.100\Microsoft.Common.CurrentVersion.targets" with target "GenerateSupportedTargetFrameworkAlias" from project "C:\Program Files\dotnet\sdk\10.0.100\Sdks\Microsoft.NET.Sdk\targets\Microsoft.NET.Sdk.targets".
       Overriding target "GetReferenceAssemblyPaths" in project "C:\Program Files\dotnet\sdk\10.0.100\Microsoft.Common.CurrentVersion.targets" with target "GetReferenceAssemblyPaths" from project "C:\Program Files\dotnet\sdk\10.0.100\Sdks\Microsoft.NET.Sdk\targets\Microsoft.NET.DisableStandardFrameworkResolution.targets".
       Overriding target "GetFrameworkPaths" in project "C:\Program Files\dotnet\sdk\10.0.100\Microsoft.Common.CurrentVersion.targets" with target "GetFrameworkPaths" from project "C:\Program Files\dotnet\sdk\10.0.100\Sdks\Microsoft.NET.Sdk\targets\Microsoft.NET.DisableStandardFrameworkResolution.targets".
       Overriding target "DesignerRuntimeImplementationProjectOutputGroup" in project "C:\Program Files\dotnet\sdk\10.0.100\Microsoft.Common.CurrentVersion.targets" with target "DesignerRuntimeImplementationProjectOutputGroup" from project "C:\Program Files\dotnet\sdk\10.0.100\Sdks\Microsoft.NET.Sdk\targets\Microsoft.NET.DesignerSupport.targets".
       Overriding target "Publish" in project "C:\Program Files\dotnet\sdk\10.0.100\Microsoft.Common.CurrentVersion.targets" with target "Publish" from project "C:\Program Files\dotnet\sdk\10.0.100\Sdks\Microsoft.NET.Sdk\targets\Microsoft.NET.Publish.targets".
       Overriding target "ResolveReadyToRunCompilers" in project "C:\Program Files\dotnet\sdk\10.0.100\Sdks\Microsoft.NET.Sdk\targets\Microsoft.NET.CrossGen.targets" with target "ResolveReadyToRunCompilers" from project "C:\Program Files\dotnet\sdk\10.0.100\Sdks\Microsoft.NET.Sdk\targets\Microsoft.NET.Publish.targets".
       Overriding target "GetCopyToPublishDirectoryItems" in project "C:\Program Files\dotnet\sdk\10.0.100\Microsoft.Common.CurrentVersion.targets" with target "GetCopyToPublishDirectoryItems" from project "C:\Program Files\dotnet\sdk\10.0.100\Sdks\Microsoft.NET.Sdk\targets\Microsoft.NET.Publish.targets".
       Overriding target "Run" in project "C:\Program Files\dotnet\sdk\10.0.100\Microsoft.Common.CurrentVersion.targets" with target "Run" from project "C:\Program Files\dotnet\sdk\10.0.100\Sdks\Microsoft.NET.Sdk\targets\Microsoft.NET.Sdk.targets".
       Overriding target "BeforePublish" in project "C:\Program Files\dotnet\sdk\10.0.100\Microsoft.Common.CurrentVersion.targets" with target "BeforePublish" from project "C:\Program Files\dotnet\sdk\10.0.100\Sdks\Microsoft.NET.Sdk.Publish\targets\Microsoft.NET.Sdk.Publish.targets".
       Overriding target "AfterPublish" in project "C:\Program Files\dotnet\sdk\10.0.100\Microsoft.Common.CurrentVersion.targets" with target "AfterPublish" from project "C:\Program Files\dotnet\sdk\10.0.100\Sdks\Microsoft.NET.Sdk.Publish\targets\Microsoft.NET.Sdk.Publish.targets".
       The target "CollectUpToDateCheckInputDesignTime" listed in a BeforeTargets attribute at "C:\Program Files\dotnet\sdk\10.0.100\Sdks\Microsoft.NET.Sdk.StaticWebAssets\targets\Microsoft.NET.Sdk.StaticWebAssets.ScopedCss.targets (171,5)" does not exist in the project, and will be ignored.
       The target "CollectUpToDateCheckBuiltDesignTime" listed in a BeforeTargets attribute at "C:\Program Files\dotnet\sdk\10.0.100\Sdks\Microsoft.NET.Sdk.StaticWebAssets\targets\Microsoft.NET.Sdk.StaticWebAssets.ScopedCss.targets (171,5)" does not exist in the project, and will be ignored.
       The target "RazorGenerateComponentDeclaration" listed in an AfterTargets attribute at "C:\Program Files\dotnet\sdk\10.0.100\Sdks\Microsoft.NET.Sdk.Razor\targets\Microsoft.NET.Sdk.Razor.DesignTime.targets (55,53)" does not exist in the project, and will be ignored.
     1>Project "C:\Users\toduc\Downloads\SmartStay\do_an_tot_nghiep.csproj" (1) is building "C:\Users\toduc\Downloads\SmartStay\do_an_tot_nghiep.csproj" (1:2) on node 1 (_IsProjectRestoreSupported target(s)).
   1:2>Target "_IsProjectRestoreSupported" in file "C:\Program Files\dotnet\sdk\10.0.100\NuGet.targets" from project "C:\Users\toduc\Downloads\SmartStay\do_an_tot_nghiep.csproj" (entry point):
   1:2>Done building target "_IsProjectRestoreSupported" in project "do_an_tot_nghiep.csproj".
   1:2>Done Building Project "C:\Users\toduc\Downloads\SmartStay\do_an_tot_nghiep.csproj" (_IsProjectRestoreSupported target(s)).
     1>Done executing task "MSBuild".
       Assembly loaded during TaskRun: NuGet.Build.Tasks, Version=7.0.0.0, Culture=neutral, PublicKeyToken=31bf3856ad364e35 (location: C:\Program Files\dotnet\sdk\10.0.100\NuGet.Build.Tasks.dll, MVID: a423781e-dcd8-40f9-8979-fe711791fcc3, AssemblyLoadContext: MSBuild plugin C:\Program Files\dotnet\sdk\10.0.100\NuGet.Build.Tasks.dll)
       Assembly loaded during TaskRun: NuGet.Common, Version=7.0.0.0, Culture=neutral, PublicKeyToken=31bf3856ad364e35 (location: C:\Program Files\dotnet\sdk\10.0.100\NuGet.Common.dll, MVID: ec35ea1c-e486-40b2-8650-a0234b606d79, AssemblyLoadContext: MSBuild plugin C:\Program Files\dotnet\sdk\10.0.100\NuGet.Build.Tasks.dll)
       Assembly loaded during TaskRun: NuGet.Commands, Version=7.0.0.0, Culture=neutral, PublicKeyToken=31bf3856ad364e35 (location: C:\Program Files\dotnet\sdk\10.0.100\NuGet.Commands.dll, MVID: d5fc3bb4-5c09-4019-a99b-4fa81d62022e, AssemblyLoadContext: MSBuild plugin C:\Program Files\dotnet\sdk\10.0.100\NuGet.Build.Tasks.dll)
       Assembly loaded during TaskRun: NuGet.ProjectModel, Version=7.0.0.0, Culture=neutral, PublicKeyToken=31bf3856ad364e35 (location: C:\Program Files\dotnet\sdk\10.0.100\NuGet.ProjectModel.dll, MVID: bc8254c9-73a8-4557-9622-f1d09eb597b0, AssemblyLoadContext: MSBuild plugin C:\Program Files\dotnet\sdk\10.0.100\NuGet.Build.Tasks.dll)
       Using "WarnForInvalidProjectsTask" task from assembly "C:\Program Files\dotnet\sdk\10.0.100\NuGet.Build.Tasks.dll".
       Task "WarnForInvalidProjectsTask"
       Done executing task "WarnForInvalidProjectsTask".
     1>Done building target "_FilterRestoreGraphProjectInputItems" in project "do_an_tot_nghiep.csproj".
       Target "_FilterRestoreGraphProjectInputItems" skipped. Previously built successfully.
     1>Target "_GetAllRestoreProjectPathItems" in file "C:\Program Files\dotnet\sdk\10.0.100\NuGet.targets" from project "C:\Users\toduc\Downloads\SmartStay\do_an_tot_nghiep.csproj" (target "_GenerateRestoreGraph" depends on it):
       Using "NuGetMessageTask" task from assembly "C:\Program Files\dotnet\sdk\10.0.100\NuGet.Build.Tasks.dll".
       Task "NuGetMessageTask"
         Determining projects to restore...
       Done executing task "NuGetMessageTask".
       Task "MSBuild"
         Global Properties:
           ExcludeRestorePackageImports=true
     1>Project "C:\Users\toduc\Downloads\SmartStay\do_an_tot_nghiep.csproj" (1) is building "C:\Users\toduc\Downloads\SmartStay\do_an_tot_nghiep.csproj" (1:3) on node 1 (_GenerateRestoreProjectPathWalk target(s)).
   1:3>Target "_GenerateRestoreProjectPathItemsPerFramework" in file "C:\Program Files\dotnet\sdk\10.0.100\NuGet.targets" from project "C:\Users\toduc\Downloads\SmartStay\do_an_tot_nghiep.csproj" (target "_GenerateRestoreProjectPathItemsCurrentProject" depends on it):
   1:3>Using "ConvertToAbsolutePath" task from assembly "Microsoft.Build.Tasks.Core, Version=15.1.0.0, Culture=neutral, PublicKeyToken=b03f5f7f11d50a3a".
       Task "ConvertToAbsolutePath"
       Done executing task "ConvertToAbsolutePath".
   1:3>Done building target "_GenerateRestoreProjectPathItemsPerFramework" in project "do_an_tot_nghiep.csproj".
   1:3>Target "_GenerateRestoreProjectPathItemsCurrentProject" in file "C:\Program Files\dotnet\sdk\10.0.100\NuGet.targets" from project "C:\Users\toduc\Downloads\SmartStay\do_an_tot_nghiep.csproj" (target "_GenerateRestoreProjectPathItems" depends on it):
   1:3>Done building target "_GenerateRestoreProjectPathItemsCurrentProject" in project "do_an_tot_nghiep.csproj".
   1:3>Target "_GenerateRestoreProjectPathItems" in file "C:\Program Files\dotnet\sdk\10.0.100\NuGet.targets" from project "C:\Users\toduc\Downloads\SmartStay\do_an_tot_nghiep.csproj" (target "_GenerateRestoreProjectPathWalk" depends on it):
       Task "RemoveDuplicates"
       Done executing task "RemoveDuplicates".
   1:3>Done building target "_GenerateRestoreProjectPathItems" in project "do_an_tot_nghiep.csproj".
   1:3>Target "_GenerateRestoreProjectPathWalk" in file "C:\Program Files\dotnet\sdk\10.0.100\NuGet.targets" from project "C:\Users\toduc\Downloads\SmartStay\do_an_tot_nghiep.csproj" (entry point):
       Task "MSBuild"
       Done executing task "MSBuild".
       Task "RemoveDuplicates"
       Done executing task "RemoveDuplicates".
   1:3>Done building target "_GenerateRestoreProjectPathWalk" in project "do_an_tot_nghiep.csproj".
   1:3>Done Building Project "C:\Users\toduc\Downloads\SmartStay\do_an_tot_nghiep.csproj" (_GenerateRestoreProjectPathWalk target(s)).
     1>Done executing task "MSBuild".
       Task "RemoveDuplicates"
       Done executing task "RemoveDuplicates".
       Task "MSBuild"
         Global Properties:
           ExcludeRestorePackageImports=true
     1>Project "C:\Users\toduc\Downloads\SmartStay\do_an_tot_nghiep.csproj" (1) is building "C:\Users\toduc\Downloads\SmartStay\do_an_tot_nghiep.csproj" (1:4) on node 1 (_IsProjectRestoreSupported target(s)).
   1:4>Target "_IsProjectRestoreSupported" skipped. Previously built successfully.
   1:4>Done Building Project "C:\Users\toduc\Downloads\SmartStay\do_an_tot_nghiep.csproj" (_IsProjectRestoreSupported target(s)).
     1>Done executing task "MSBuild".
     1>Done building target "_GetAllRestoreProjectPathItems" in project "do_an_tot_nghiep.csproj".
     1>Target "_GenerateRestoreGraph" in file "C:\Program Files\dotnet\sdk\10.0.100\NuGet.targets" from project "C:\Users\toduc\Downloads\SmartStay\do_an_tot_nghiep.csproj" (target "Restore" depends on it):
       Using "Message" task from assembly "Microsoft.Build.Tasks.Core, Version=15.1.0.0, Culture=neutral, PublicKeyToken=b03f5f7f11d50a3a".
       Task "Message"
         Generating dg file
       Done executing task "Message".
       Task "Message"
         C:\Users\toduc\Downloads\SmartStay\do_an_tot_nghiep.csproj
       Done executing task "Message".
       Task "MSBuild"
         Global Properties:
           ExcludeRestorePackageImports=true
     1>Project "C:\Users\toduc\Downloads\SmartStay\do_an_tot_nghiep.csproj" (1) is building "C:\Users\toduc\Downloads\SmartStay\do_an_tot_nghiep.csproj" (1:5) on node 1 (_GenerateRestoreGraphProjectEntry target(s)).
   1:5>Target "_CheckForUnsupportedNETCoreVersion" in file "C:\Program Files\dotnet\sdk\10.0.100\Sdks\Microsoft.NET.Sdk\targets\Microsoft.NET.TargetFrameworkInference.targets" from project "C:\Users\toduc\Downloads\SmartStay\do_an_tot_nghiep.csproj" (target "CollectPackageReferences" depends on it):
   1:5>Done building target "_CheckForUnsupportedNETCoreVersion" in project "do_an_tot_nghiep.csproj".
   1:5>Target "_CheckForUnsupportedCppNETCoreVersion" in file "C:\Program Files\dotnet\sdk\10.0.100\Sdks\Microsoft.NET.Sdk\targets\Microsoft.NET.TargetFrameworkInference.targets" from project "C:\Users\toduc\Downloads\SmartStay\do_an_tot_nghiep.csproj" (target "CollectPackageReferences" depends on it):
   1:5>Done building target "_CheckForUnsupportedCppNETCoreVersion" in project "do_an_tot_nghiep.csproj".
   1:5>Target "UpdateAspNetToFrameworkReference" in file "C:\Program Files\dotnet\sdk\10.0.100\Sdks\Microsoft.NET.Sdk\targets\Microsoft.NET.Sdk.DefaultItems.Shared.targets" from project "C:\Users\toduc\Downloads\SmartStay\do_an_tot_nghiep.csproj" (target "ApplyImplicitVersions" depends on it):
       Using "CheckIfPackageReferenceShouldBeFrameworkReference" task from assembly "C:\Program Files\dotnet\sdk\10.0.100\Sdks\Microsoft.NET.Sdk\targets\..\tools\net10.0\Microsoft.NET.Build.Tasks.dll".
       Task "CheckIfPackageReferenceShouldBeFrameworkReference"
       Done executing task "CheckIfPackageReferenceShouldBeFrameworkReference".
       Task "CheckIfPackageReferenceShouldBeFrameworkReference"
       Done executing task "CheckIfPackageReferenceShouldBeFrameworkReference".
   1:5>Done building target "UpdateAspNetToFrameworkReference" in project "do_an_tot_nghiep.csproj".
   1:5>Target "CheckForImplicitPackageReferenceOverrides" in file "C:\Program Files\dotnet\sdk\10.0.100\Sdks\Microsoft.NET.Sdk\targets\Microsoft.NET.Sdk.DefaultItems.Shared.targets" from project "C:\Users\toduc\Downloads\SmartStay\do_an_tot_nghiep.csproj" (target "ApplyImplicitVersions" depends on it):
       Using "CheckForImplicitPackageReferenceOverrides" task from assembly "C:\Program Files\dotnet\sdk\10.0.100\Sdks\Microsoft.NET.Sdk\targets\..\tools\net10.0\Microsoft.NET.Build.Tasks.dll".
       Task "CheckForImplicitPackageReferenceOverrides"
       Done executing task "CheckForImplicitPackageReferenceOverrides".
   1:5>Done building target "CheckForImplicitPackageReferenceOverrides" in project "do_an_tot_nghiep.csproj".
   1:5>Target "ApplyImplicitVersions" in file "C:\Program Files\dotnet\sdk\10.0.100\Sdks\Microsoft.NET.Sdk\targets\Microsoft.NET.Sdk.DefaultItems.Shared.targets" from project "C:\Users\toduc\Downloads\SmartStay\do_an_tot_nghiep.csproj" (target "CollectPackageReferences" depends on it):
       Using "ApplyImplicitVersions" task from assembly "C:\Program Files\dotnet\sdk\10.0.100\Sdks\Microsoft.NET.Sdk\targets\..\tools\net10.0\Microsoft.NET.Build.Tasks.dll".
       Task "ApplyImplicitVersions"
       Done executing task "ApplyImplicitVersions".
   1:5>Done building target "ApplyImplicitVersions" in project "do_an_tot_nghiep.csproj".
       Target "CheckForImplicitPackageReferenceOverrides" skipped. Previously built successfully.
   1:5>Target "_CheckForLanguageAndFeatureCombinationSupport" in file "C:\Program Files\dotnet\sdk\10.0.100\Sdks\Microsoft.NET.Sdk\targets\Microsoft.NET.RuntimeIdentifierInference.targets" from project "C:\Users\toduc\Downloads\SmartStay\do_an_tot_nghiep.csproj" (target "ProcessFrameworkReferences" depends on it):
   1:5>Done building target "_CheckForLanguageAndFeatureCombinationSupport" in project "do_an_tot_nghiep.csproj".
   1:5>Target "_ComputeToolPackInputsToProcessFrameworkReferences" in file "C:\Program Files\dotnet\sdk\10.0.100\Sdks\Microsoft.NET.Sdk\targets\Microsoft.NET.Publish.targets" from project "C:\Users\toduc\Downloads\SmartStay\do_an_tot_nghiep.csproj" (target "ProcessFrameworkReferences" depends on it):
   1:5>Done building target "_ComputeToolPackInputsToProcessFrameworkReferences" in project "do_an_tot_nghiep.csproj".
   1:5>Target "ResolveRequiredWebAssets" in file "C:\Program Files\dotnet\sdk\10.0.100\Sdks\Microsoft.NET.Sdk.Web.ProjectSystem\targets\Microsoft.NET.Sdk.Web.ProjectSystem.targets" from project "C:\Users\toduc\Downloads\SmartStay\do_an_tot_nghiep.csproj" (target "ProcessFrameworkReferences" depends on it):
   1:5>Done building target "ResolveRequiredWebAssets" in project "do_an_tot_nghiep.csproj".
   1:5>Target "ProcessFrameworkReferences" in file "C:\Program Files\dotnet\sdk\10.0.100\Sdks\Microsoft.NET.Sdk\targets\Microsoft.NET.Sdk.FrameworkReferenceResolution.targets" from project "C:\Users\toduc\Downloads\SmartStay\do_an_tot_nghiep.csproj" (target "CollectPackageReferences" depends on it):
       Using "CheckForDuplicateFrameworkReferences" task from assembly "C:\Program Files\dotnet\sdk\10.0.100\Sdks\Microsoft.NET.Sdk\targets\..\tools\net10.0\Microsoft.NET.Build.Tasks.dll".
       Task "CheckForDuplicateFrameworkReferences"
       Done executing task "CheckForDuplicateFrameworkReferences".
       Using "ProcessFrameworkReferences" task from assembly "C:\Program Files\dotnet\sdk\10.0.100\Sdks\Microsoft.NET.Sdk\targets\..\tools\net10.0\Microsoft.NET.Build.Tasks.dll".
       Task "ProcessFrameworkReferences"
         Found 2 known framework references for target framework .NETCoreApp
         Found 5 known runtime packs for target framework .NETCoreApp
         Selected Microsoft.NETCore.App with RIDs 'linux-arm;linux-arm64;linux-musl-arm64;linux-musl-x64;linux-x64;osx-x64;tizen.4.0.0-armel;tizen.5.0.0-armel;win-arm64;win-x64;win-x86;linux-musl-arm;osx-arm64;linux-s390x;linux-loongarch64;linux-bionic-arm;linux-bionic-arm64;linux-bionic-x64;linux-bionic-x86;linux-ppc64le;freebsd-x64;freebsd-arm64'
         Selected targeting pack 'Microsoft.NETCore.App@8.0.22'
         Added runtime framework 'Microsoft.NETCore.App@8.0.0'
         Selected Microsoft.WindowsDesktop.App with RIDs 'win-x64;win-x86;win-arm64'
         Selected targeting pack 'Microsoft.WindowsDesktop.App@8.0.22'
         Added runtime framework 'Microsoft.WindowsDesktop.App@8.0.0'
         Selected Microsoft.WindowsDesktop.App with RIDs 'win-x64;win-x86;win-arm64'
         Selected targeting pack 'Microsoft.WindowsDesktop.App.WPF@8.0.22'
         Added runtime framework 'Microsoft.WindowsDesktop.App@8.0.0'
         Selected Microsoft.WindowsDesktop.App with RIDs 'win-x64;win-x86;win-arm64'
         Selected targeting pack 'Microsoft.WindowsDesktop.App.WindowsForms@8.0.22'
         Added runtime framework 'Microsoft.WindowsDesktop.App@8.0.0'
         Selected Microsoft.AspNetCore.App with RIDs 'win-x64;win-x86;osx-x64;linux-musl-x64;linux-musl-arm64;linux-x64;linux-arm;linux-arm64;linux-musl-arm;win-arm64;osx-arm64;linux-s390x;linux-loongarch64;linux-ppc64le;freebsd-x64;freebsd-arm64'
         Selected targeting pack 'Microsoft.AspNetCore.App@8.0.22'
         Added runtime framework 'Microsoft.AspNetCore.App@8.0.0'
       Done executing task "ProcessFrameworkReferences".
       Using "ResolveAppHosts" task from assembly "C:\Program Files\dotnet\sdk\10.0.100\Sdks\Microsoft.NET.Sdk\targets\..\tools\net10.0\Microsoft.NET.Build.Tasks.dll".
       Task "ResolveAppHosts"
       Done executing task "ResolveAppHosts".
   1:5>Done building target "ProcessFrameworkReferences" in project "do_an_tot_nghiep.csproj".
   1:5>Target "_CheckForObsoleteDotNetCliToolReferences" in file "C:\Program Files\dotnet\sdk\10.0.100\Sdks\Microsoft.NET.Sdk\targets\Microsoft.NET.ObsoleteReferences.targets" from project "C:\Users\toduc\Downloads\SmartStay\do_an_tot_nghiep.csproj" (target "CollectPackageReferences" depends on it):
   1:5>Done building target "_CheckForObsoleteDotNetCliToolReferences" in project "do_an_tot_nghiep.csproj".
   1:5>Target "CollectPackageReferences" in file "C:\Program Files\dotnet\sdk\10.0.100\NuGet.targets" from project "C:\Users\toduc\Downloads\SmartStay\do_an_tot_nghiep.csproj" (target "_GetRestoreProjectStyle" depends on it):
       Using "CheckForDuplicateNuGetItemsTask" task from assembly "C:\Program Files\dotnet\sdk\10.0.100\NuGet.Build.Tasks.dll".
       Task "CheckForDuplicateNuGetItemsTask"
       Done executing task "CheckForDuplicateNuGetItemsTask".
   1:5>Done building target "CollectPackageReferences" in project "do_an_tot_nghiep.csproj".
   1:5>Target "_GetRestoreProjectStyle" in file "C:\Program Files\dotnet\sdk\10.0.100\NuGet.targets" from project "C:\Users\toduc\Downloads\SmartStay\do_an_tot_nghiep.csproj" (target "_GenerateRestoreSpecs" depends on it):
       Using "GetRestoreProjectStyleTask" task from assembly "C:\Program Files\dotnet\sdk\10.0.100\NuGet.Build.Tasks.dll".
       Task "GetRestoreProjectStyleTask"
       Done executing task "GetRestoreProjectStyleTask".
   1:5>Done building target "_GetRestoreProjectStyle" in project "do_an_tot_nghiep.csproj".
   1:5>Target "_GenerateRestoreSpecs" in file "C:\Program Files\dotnet\sdk\10.0.100\NuGet.targets" from project "C:\Users\toduc\Downloads\SmartStay\do_an_tot_nghiep.csproj" (target "_GenerateRestoreGraphProjectEntry" depends on it):
       Task "Message"
         Restore entry point C:\Users\toduc\Downloads\SmartStay\do_an_tot_nghiep.csproj
       Done executing task "Message".
   1:5>Done building target "_GenerateRestoreSpecs" in project "do_an_tot_nghiep.csproj".
   1:5>Target "_GetRestoreSettingsOverrides" in file "C:\Program Files\dotnet\sdk\10.0.100\NuGet.targets" from project "C:\Users\toduc\Downloads\SmartStay\do_an_tot_nghiep.csproj" (target "_GetRestoreSettings" depends on it):
   1:5>Done building target "_GetRestoreSettingsOverrides" in project "do_an_tot_nghiep.csproj".
   1:5>Target "_GetRestoreSettingsPerFramework" in file "C:\Program Files\dotnet\sdk\10.0.100\NuGet.targets" from project "C:\Users\toduc\Downloads\SmartStay\do_an_tot_nghiep.csproj" (target "_GetRestoreSettingsCurrentProject" depends on it):
   1:5>Done building target "_GetRestoreSettingsPerFramework" in project "do_an_tot_nghiep.csproj".
   1:5>Target "_GetRestoreSettingsCurrentProject" in file "C:\Program Files\dotnet\sdk\10.0.100\NuGet.targets" from project "C:\Users\toduc\Downloads\SmartStay\do_an_tot_nghiep.csproj" (target "_GetRestoreSettings" depends on it):
   1:5>Done building target "_GetRestoreSettingsCurrentProject" in project "do_an_tot_nghiep.csproj".
   1:5>Target "_GetRestoreSettings" in file "C:\Program Files\dotnet\sdk\10.0.100\NuGet.targets" from project "C:\Users\toduc\Downloads\SmartStay\do_an_tot_nghiep.csproj" (target "_GenerateDotnetCliToolReferenceSpecs" depends on it):
       Using "GetRestoreSettingsTask" task from assembly "C:\Program Files\dotnet\sdk\10.0.100\NuGet.Build.Tasks.dll".
       Task "GetRestoreSettingsTask"
         Assembly loaded during TaskRun (NuGet.Build.Tasks.GetRestoreSettingsTask): NuGet.Configuration, Version=7.0.0.0, Culture=neutral, PublicKeyToken=31bf3856ad364e35 (location: C:\Program Files\dotnet\sdk\10.0.100\NuGet.Configuration.dll, MVID: bb10013e-187b-462a-933a-e9beabfb7bea, AssemblyLoadContext: MSBuild plugin C:\Program Files\dotnet\sdk\10.0.100\NuGet.Build.Tasks.dll)
       Done executing task "GetRestoreSettingsTask".
   1:5>Done building target "_GetRestoreSettings" in project "do_an_tot_nghiep.csproj".
   1:5>Target "_GenerateDotnetCliToolReferenceSpecs" in file "C:\Program Files\dotnet\sdk\10.0.100\NuGet.targets" from project "C:\Users\toduc\Downloads\SmartStay\do_an_tot_nghiep.csproj" (target "_GenerateRestoreGraphProjectEntry" depends on it):
       Using "GetRestoreDotnetCliToolsTask" task from assembly "C:\Program Files\dotnet\sdk\10.0.100\NuGet.Build.Tasks.dll".
       Task "GetRestoreDotnetCliToolsTask"
       Done executing task "GetRestoreDotnetCliToolsTask".
   1:5>Done building target "_GenerateDotnetCliToolReferenceSpecs" in project "do_an_tot_nghiep.csproj".
   1:5>Target "_GenerateRestoreGraphProjectEntry" in file "C:\Program Files\dotnet\sdk\10.0.100\NuGet.targets" from project "C:\Users\toduc\Downloads\SmartStay\do_an_tot_nghiep.csproj" (entry point):
   1:5>Done building target "_GenerateRestoreGraphProjectEntry" in project "do_an_tot_nghiep.csproj".
   1:5>Done Building Project "C:\Users\toduc\Downloads\SmartStay\do_an_tot_nghiep.csproj" (_GenerateRestoreGraphProjectEntry target(s)).
     1>Done executing task "MSBuild".
       Task "MSBuild"
         Global Properties:
           ExcludeRestorePackageImports=true
     1>Project "C:\Users\toduc\Downloads\SmartStay\do_an_tot_nghiep.csproj" (1) is building "C:\Users\toduc\Downloads\SmartStay\do_an_tot_nghiep.csproj" (1:6) on node 1 (_GenerateProjectRestoreGraph target(s)).
   1:6>Target "_GetRestoreProjectStyle" skipped. Previously built successfully.
       Target "_GetRestoreProjectStyle" skipped. Previously built successfully.
       Target "_GetRestoreProjectStyle" skipped. Previously built successfully.
   1:6>Target "_GetRestoreTargetFrameworkOverride" in file "C:\Program Files\dotnet\sdk\10.0.100\NuGet.targets" from project "C:\Users\toduc\Downloads\SmartStay\do_an_tot_nghiep.csproj" (target "_GetRestoreTargetFrameworksOutput" depends on it):
   1:6>Done building target "_GetRestoreTargetFrameworkOverride" in project "do_an_tot_nghiep.csproj".
   1:6>Target "_GetRestoreTargetFrameworksOutput" in file "C:\Program Files\dotnet\sdk\10.0.100\NuGet.targets" from project "C:\Users\toduc\Downloads\SmartStay\do_an_tot_nghiep.csproj" (target "_GenerateRestoreProjectSpec" depends on it):
       Using "GetProjectTargetFrameworksTask" task from assembly "C:\Program Files\dotnet\sdk\10.0.100\NuGet.Build.Tasks.dll".
       Task "GetProjectTargetFrameworksTask"
       Done executing task "GetProjectTargetFrameworksTask".
   1:6>Done building target "_GetRestoreTargetFrameworksOutput" in project "do_an_tot_nghiep.csproj".
       Target "_GetRestoreSettings" skipped. Previously built successfully.
   1:6>Target "_GenerateRestoreProjectSpec" in file "C:\Program Files\dotnet\sdk\10.0.100\NuGet.targets" from project "C:\Users\toduc\Downloads\SmartStay\do_an_tot_nghiep.csproj" (target "_GenerateProjectRestoreGraph" depends on it):
       Task "ConvertToAbsolutePath"
       Done executing task "ConvertToAbsolutePath".
   1:6>Done building target "_GenerateRestoreProjectSpec" in project "do_an_tot_nghiep.csproj".
       Target "_GetRestoreProjectStyle" skipped. Previously built successfully.
       Target "CollectPackageReferences" skipped. Previously built successfully.
   1:6>Target "CollectPackageDownloads" in file "C:\Program Files\dotnet\sdk\10.0.100\NuGet.targets" from project "C:\Users\toduc\Downloads\SmartStay\do_an_tot_nghiep.csproj" (target "_CollectRestoreInputs" depends on it):
       Task "CheckForDuplicateNuGetItemsTask"
       Done executing task "CheckForDuplicateNuGetItemsTask".
   1:6>Done building target "CollectPackageDownloads" in project "do_an_tot_nghiep.csproj".
   1:6>Target "CollectFrameworkReferences" in file "C:\Program Files\dotnet\sdk\10.0.100\NuGet.targets" from project "C:\Users\toduc\Downloads\SmartStay\do_an_tot_nghiep.csproj" (target "_CollectRestoreInputs" depends on it):
   1:6>Done building target "CollectFrameworkReferences" in project "do_an_tot_nghiep.csproj".
   1:6>Target "CollectCentralPackageVersions" in file "C:\Program Files\dotnet\sdk\10.0.100\NuGet.targets" from project "C:\Users\toduc\Downloads\SmartStay\do_an_tot_nghiep.csproj" (target "_CollectRestoreInputs" depends on it):
       Task "CheckForDuplicateNuGetItemsTask"
       Done executing task "CheckForDuplicateNuGetItemsTask".
   1:6>Done building target "CollectCentralPackageVersions" in project "do_an_tot_nghiep.csproj".
   1:6>Target "CollectNuGetAuditSuppressions" in file "C:\Program Files\dotnet\sdk\10.0.100\NuGet.targets" from project "C:\Users\toduc\Downloads\SmartStay\do_an_tot_nghiep.csproj" (target "_CollectRestoreInputs" depends on it):
       Task "CheckForDuplicateNuGetItemsTask"
       Done executing task "CheckForDuplicateNuGetItemsTask".
   1:6>Done building target "CollectNuGetAuditSuppressions" in project "do_an_tot_nghiep.csproj".
   1:6>Target "CollectPrunePackageReferences" in file "C:\Program Files\dotnet\sdk\10.0.100\NuGet.targets" from project "C:\Users\toduc\Downloads\SmartStay\do_an_tot_nghiep.csproj" (target "_CollectRestoreInputs" depends on it):
       Task "CheckForDuplicateNuGetItemsTask"
       Done executing task "CheckForDuplicateNuGetItemsTask".
   1:6>Done building target "CollectPrunePackageReferences" in project "do_an_tot_nghiep.csproj".
   1:6>Target "_CollectRestoreInputs" in file "C:\Program Files\dotnet\sdk\10.0.100\NuGet.targets" from project "C:\Users\toduc\Downloads\SmartStay\do_an_tot_nghiep.csproj" (target "_GenerateProjectRestoreGraphPerFramework" depends on it):
   1:6>Done building target "_CollectRestoreInputs" in project "do_an_tot_nghiep.csproj".
   1:6>Target "_GenerateProjectRestoreGraphPerFramework" in file "C:\Program Files\dotnet\sdk\10.0.100\NuGet.targets" from project "C:\Users\toduc\Downloads\SmartStay\do_an_tot_nghiep.csproj" (target "_GenerateProjectRestoreGraphCurrentProject" depends on it):
       Using "GetRestoreProjectReferencesTask" task from assembly "C:\Program Files\dotnet\sdk\10.0.100\NuGet.Build.Tasks.dll".
       Task "GetRestoreProjectReferencesTask"
       Done executing task "GetRestoreProjectReferencesTask".
       Using "GetRestorePackageReferencesTask" task from assembly "C:\Program Files\dotnet\sdk\10.0.100\NuGet.Build.Tasks.dll".
       Task "GetRestorePackageReferencesTask"
       Done executing task "GetRestorePackageReferencesTask".
       Using "GetRestorePackageDownloadsTask" task from assembly "C:\Program Files\dotnet\sdk\10.0.100\NuGet.Build.Tasks.dll".
       Task "GetRestorePackageDownloadsTask"
       Done executing task "GetRestorePackageDownloadsTask".
       Using "GetRestoreFrameworkReferencesTask" task from assembly "C:\Program Files\dotnet\sdk\10.0.100\NuGet.Build.Tasks.dll".
       Task "GetRestoreFrameworkReferencesTask"
       Done executing task "GetRestoreFrameworkReferencesTask".
       Using "GetRestoreNuGetAuditSuppressionsTask" task from assembly "C:\Program Files\dotnet\sdk\10.0.100\NuGet.Build.Tasks.dll".
       Task "GetRestoreNuGetAuditSuppressionsTask"
       Done executing task "GetRestoreNuGetAuditSuppressionsTask".
       Using "GetRestorePrunePackageReferencesTask" task from assembly "C:\Program Files\dotnet\sdk\10.0.100\NuGet.Build.Tasks.dll".
       Task "GetRestorePrunePackageReferencesTask"
       Done executing task "GetRestorePrunePackageReferencesTask".
   1:6>Done building target "_GenerateProjectRestoreGraphPerFramework" in project "do_an_tot_nghiep.csproj".
   1:6>Target "_GenerateProjectRestoreGraphCurrentProject" in file "C:\Program Files\dotnet\sdk\10.0.100\NuGet.targets" from project "C:\Users\toduc\Downloads\SmartStay\do_an_tot_nghiep.csproj" (target "_GenerateRestoreDependencies" depends on it):
   1:6>Done building target "_GenerateProjectRestoreGraphCurrentProject" in project "do_an_tot_nghiep.csproj".
   1:6>Target "_GenerateRestoreDependencies" in file "C:\Program Files\dotnet\sdk\10.0.100\NuGet.targets" from project "C:\Users\toduc\Downloads\SmartStay\do_an_tot_nghiep.csproj" (target "_GenerateProjectRestoreGraph" depends on it):
   1:6>Done building target "_GenerateRestoreDependencies" in project "do_an_tot_nghiep.csproj".
   1:6>Target "_GenerateProjectRestoreGraph" in file "C:\Program Files\dotnet\sdk\10.0.100\NuGet.targets" from project "C:\Users\toduc\Downloads\SmartStay\do_an_tot_nghiep.csproj" (entry point):
   1:6>Done building target "_GenerateProjectRestoreGraph" in project "do_an_tot_nghiep.csproj".
   1:6>Done Building Project "C:\Users\toduc\Downloads\SmartStay\do_an_tot_nghiep.csproj" (_GenerateProjectRestoreGraph target(s)).
     1>Done executing task "MSBuild".
     1>Done building target "_GenerateRestoreGraph" in project "do_an_tot_nghiep.csproj".
     1>Target "_CollectTargetFrameworkForTelemetry" in file "C:\Program Files\dotnet\sdk\10.0.100\Sdks\Microsoft.NET.Sdk\targets\Microsoft.NET.TargetFrameworkInference.targets" from project "C:\Users\toduc\Downloads\SmartStay\do_an_tot_nghiep.csproj" (target "Restore" depends on it):
       Using "AllowEmptyTelemetry" task from assembly "C:\Program Files\dotnet\sdk\10.0.100\Sdks\Microsoft.NET.Sdk\targets\..\tools\net10.0\Microsoft.NET.Build.Tasks.dll".
       Task "AllowEmptyTelemetry"
       Done executing task "AllowEmptyTelemetry".
     1>Done building target "_CollectTargetFrameworkForTelemetry" in project "do_an_tot_nghiep.csproj".
     1>Target "_CheckForUnsupportedNETCoreVersion" in file "C:\Program Files\dotnet\sdk\10.0.100\Sdks\Microsoft.NET.Sdk\targets\Microsoft.NET.TargetFrameworkInference.targets" from project "C:\Users\toduc\Downloads\SmartStay\do_an_tot_nghiep.csproj" (target "Restore" depends on it):
     1>Done building target "_CheckForUnsupportedNETCoreVersion" in project "do_an_tot_nghiep.csproj".
     1>Target "_CheckForUnsupportedCppNETCoreVersion" in file "C:\Program Files\dotnet\sdk\10.0.100\Sdks\Microsoft.NET.Sdk\targets\Microsoft.NET.TargetFrameworkInference.targets" from project "C:\Users\toduc\Downloads\SmartStay\do_an_tot_nghiep.csproj" (target "Restore" depends on it):
     1>Done building target "_CheckForUnsupportedCppNETCoreVersion" in project "do_an_tot_nghiep.csproj".
     1>Target "Restore" in file "C:\Program Files\dotnet\sdk\10.0.100\NuGet.targets" from project "C:\Users\toduc\Downloads\SmartStay\do_an_tot_nghiep.csproj" (entry point):
       Task "RemoveDuplicates"
       Done executing task "RemoveDuplicates".
       Using "RestoreTask" task from assembly "C:\Program Files\dotnet\sdk\10.0.100\NuGet.Build.Tasks.dll".
       Task "RestoreTask"
         Assembly loaded during TaskRun (NuGet.Build.Tasks.RestoreTask): NuGet.Packaging, Version=7.0.0.0, Culture=neutral, PublicKeyToken=31bf3856ad364e35 (location: C:\Program Files\dotnet\sdk\10.0.100\NuGet.Packaging.dll, MVID: 213537d6-d9dc-498e-b0c9-d2ec19128b73, AssemblyLoadContext: MSBuild plugin C:\Program Files\dotnet\sdk\10.0.100\NuGet.Build.Tasks.dll)
         Assembly loaded during TaskRun (NuGet.Build.Tasks.RestoreTask): NuGet.LibraryModel, Version=7.0.0.0, Culture=neutral, PublicKeyToken=31bf3856ad364e35 (location: C:\Program Files\dotnet\sdk\10.0.100\NuGet.LibraryModel.dll, MVID: 32cfc5d8-2340-4201-ac21-280f1a055205, AssemblyLoadContext: MSBuild plugin C:\Program Files\dotnet\sdk\10.0.100\NuGet.Build.Tasks.dll)
         Assembly loaded during TaskRun (NuGet.Build.Tasks.RestoreTask): NuGet.Versioning, Version=7.0.0.0, Culture=neutral, PublicKeyToken=31bf3856ad364e35 (location: C:\Program Files\dotnet\sdk\10.0.100\NuGet.Versioning.dll, MVID: 0b79b7cd-ffbc-46b7-8cd2-ea36ee314822, AssemblyLoadContext: MSBuild plugin C:\Program Files\dotnet\sdk\10.0.100\NuGet.Build.Tasks.dll)
         Assembly loaded during TaskRun (NuGet.Build.Tasks.RestoreTask): NuGet.Frameworks, Version=7.0.0.0, Culture=neutral, PublicKeyToken=31bf3856ad364e35 (location: C:\Program Files\dotnet\sdk\10.0.100\NuGet.Frameworks.dll, MVID: 850f02e4-7dfe-443c-87d1-982613f2ce8f, AssemblyLoadContext: MSBuild plugin C:\Program Files\dotnet\sdk\10.0.100\NuGet.Build.Tasks.dll)
         Assembly loaded during TaskRun (NuGet.Build.Tasks.RestoreTask): NuGet.Protocol, Version=7.0.0.0, Culture=neutral, PublicKeyToken=31bf3856ad364e35 (location: C:\Program Files\dotnet\sdk\10.0.100\NuGet.Protocol.dll, MVID: a915e891-4e64-4171-a698-7803468fc56b, AssemblyLoadContext: MSBuild plugin C:\Program Files\dotnet\sdk\10.0.100\NuGet.Build.Tasks.dll)
         Assembly loaded during TaskRun (NuGet.Build.Tasks.RestoreTask): NuGet.Credentials, Version=7.0.0.0, Culture=neutral, PublicKeyToken=31bf3856ad364e35 (location: C:\Program Files\dotnet\sdk\10.0.100\NuGet.Credentials.dll, MVID: 2f2eee8c-110e-4173-8e92-21e0d350b2d5, AssemblyLoadContext: MSBuild plugin C:\Program Files\dotnet\sdk\10.0.100\NuGet.Build.Tasks.dll)
         Assembly loaded during TaskRun (NuGet.Build.Tasks.RestoreTask): System.Collections.NonGeneric, Version=10.0.0.0, Culture=neutral, PublicKeyToken=b03f5f7f11d50a3a (location: C:\Program Files\dotnet\shared\Microsoft.NETCore.App\10.0.0\System.Collections.NonGeneric.dll, MVID: 83064f20-cedb-4bbc-9eeb-318f9c585640, AssemblyLoadContext: Default)
         X.509 certificate chain validation will use the default trust store selected by .NET for code signing.
         X.509 certificate chain validation will use the default trust store selected by .NET for timestamping.
         Assembly loaded during TaskRun (NuGet.Build.Tasks.RestoreTask): NuGet.DependencyResolver.Core, Version=7.0.0.0, Culture=neutral, PublicKeyToken=31bf3856ad364e35 (location: C:\Program Files\dotnet\sdk\10.0.100\NuGet.DependencyResolver.Core.dll, MVID: 41537a91-3baf-4c2b-b917-0e542bea4f8f, AssemblyLoadContext: MSBuild plugin C:\Program Files\dotnet\sdk\10.0.100\NuGet.Build.Tasks.dll)
         Running restore with 8 concurrent jobs.
         Reading project file C:\Users\toduc\Downloads\SmartStay\do_an_tot_nghiep.csproj.
         Assembly loaded during TaskRun (NuGet.Build.Tasks.RestoreTask): Newtonsoft.Json, Version=13.0.0.0, Culture=neutral, PublicKeyToken=30ad4fe6b2a6aeed (location: C:\Program Files\dotnet\sdk\10.0.100\Newtonsoft.Json.dll, MVID: 7e62198b-eab2-4380-bbac-29171862d1d8, AssemblyLoadContext: MSBuild plugin C:\Program Files\dotnet\sdk\10.0.100\NuGet.Build.Tasks.dll)
         Assembly loaded during TaskRun (NuGet.Build.Tasks.RestoreTask): System.Runtime.Serialization.Primitives, Version=10.0.0.0, Culture=neutral, PublicKeyToken=b03f5f7f11d50a3a (location: C:\Program Files\dotnet\shared\Microsoft.NETCore.App\10.0.0\System.Runtime.Serialization.Primitives.dll, MVID: 838a4272-75cb-4e94-aee1-4d1fe4c1cdd1, AssemblyLoadContext: Default)
         Assembly loaded during TaskRun (NuGet.Build.Tasks.RestoreTask): System.Runtime.Numerics, Version=10.0.0.0, Culture=neutral, PublicKeyToken=b03f5f7f11d50a3a (location: C:\Program Files\dotnet\shared\Microsoft.NETCore.App\10.0.0\System.Runtime.Numerics.dll, MVID: f7819309-7cd8-4dc3-b08c-be78679d77da, AssemblyLoadContext: Default)
         Assembly loaded during TaskRun (NuGet.Build.Tasks.RestoreTask): System.Text.Encodings.Web, Version=10.0.0.0, Culture=neutral, PublicKeyToken=cc7b13ffcd2ddd51 (location: C:\Program Files\dotnet\shared\Microsoft.NETCore.App\10.0.0\System.Text.Encodings.Web.dll, MVID: acfd4df8-de5d-4286-b868-f28acd2b46fb, AssemblyLoadContext: Default)
         Assembly loaded during TaskRun (NuGet.Build.Tasks.RestoreTask): System.Reflection.Emit.Lightweight, Version=10.0.0.0, Culture=neutral, PublicKeyToken=b03f5f7f11d50a3a (location: C:\Program Files\dotnet\shared\Microsoft.NETCore.App\10.0.0\System.Reflection.Emit.Lightweight.dll, MVID: 04a8830f-7779-4293-86e0-cc042d987005, AssemblyLoadContext: Default)
         Assembly loaded during TaskRun (NuGet.Build.Tasks.RestoreTask): System.Reflection.Primitives, Version=10.0.0.0, Culture=neutral, PublicKeyToken=b03f5f7f11d50a3a (location: C:\Program Files\dotnet\shared\Microsoft.NETCore.App\10.0.0\System.Reflection.Primitives.dll, MVID: 01463719-aa35-42f3-848a-8a227ed9c141, AssemblyLoadContext: Default)
         Assembly loaded during TaskRun (NuGet.Build.Tasks.RestoreTask): System.Reflection.Emit.ILGeneration, Version=10.0.0.0, Culture=neutral, PublicKeyToken=b03f5f7f11d50a3a (location: C:\Program Files\dotnet\shared\Microsoft.NETCore.App\10.0.0\System.Reflection.Emit.ILGeneration.dll, MVID: 3891ef81-5b90-4c53-91c2-969ac66c9d49, AssemblyLoadContext: Default)
         The restore inputs for 'do_an_tot_nghiep' have not changed. No further actions are required to complete the restore.
         Committing restore...
         Assets file has not changed. Skipping assets file writing. Path: C:\Users\toduc\Downloads\SmartStay\obj\project.assets.json
         No-Op restore. The cache will not be updated. Path: C:\Users\toduc\Downloads\SmartStay\obj\project.nuget.cache
         Restored C:\Users\toduc\Downloads\SmartStay\do_an_tot_nghiep.csproj (in 326 ms).
         
         NuGet Config files used:
             C:\Users\toduc\AppData\Roaming\NuGet\NuGet.Config
             C:\Program Files (x86)\NuGet\Config\Microsoft.VisualStudio.FallbackLocation.config
             C:\Program Files (x86)\NuGet\Config\Microsoft.VisualStudio.Offline.config
         
         Feeds used:
             https://api.nuget.org/v3/index.json
             C:\Program Files (x86)\Microsoft SDKs\NuGetPackages\
             C:\Program Files\dotnet\library-packs
         All projects are up-to-date for restore.
       Done executing task "RestoreTask".
     1>Done building target "Restore" in project "do_an_tot_nghiep.csproj".
     1>Done Building Project "C:\Users\toduc\Downloads\SmartStay\do_an_tot_nghiep.csproj" (Restore target(s)).
     0>The SDK "Microsoft.NET.Sdk.Web" was successfully resolved by the "DefaultSdkResolver" resolver to location "C:\Program Files\dotnet\sdk\10.0.100\Sdks\Microsoft.NET.Sdk.Web\Sdk" and version "".
       The SDK "Microsoft.NET.Sdk" was successfully resolved by the "DefaultSdkResolver" resolver to location "C:\Program Files\dotnet\sdk\10.0.100\Sdks\Microsoft.NET.Sdk\Sdk" and version "".
       C:\Program Files\dotnet\sdk\10.0.100\Sdks\Microsoft.NET.Sdk\Sdk\Sdk.props(49,11): message : Property 'MSBuildExtensionsPath' with value 'C:\Program Files\dotnet\sdk\10.0.100\' expanded from the environment.
       C:\Program Files\dotnet\sdk\10.0.100\Current\Microsoft.Common.props(60,5): message : Property reassignment: $(MSBuildProjectExtensionsPath)="C:\Users\toduc\Downloads\SmartStay\obj\" (previous value: "obj\") at C:\Program Files\dotnet\sdk\10.0.100\Current\Microsoft.Common.props (60,5)
       C:\Users\toduc\Downloads\SmartStay\obj\do_an_tot_nghiep.csproj.nuget.g.props(7,5): message : Property 'USERPROFILE' with value 'C:\Users\toduc' expanded from the environment.
       C:\Users\toduc\.nuget\packages\swashbuckle.aspnetcore\6.5.0\build\Swashbuckle.AspNetCore.props(3,5): message : Property reassignment: $(OpenApiGenerateDocumentsOnBuild)="false" (previous value: "") at C:\Users\toduc\.nuget\packages\swashbuckle.aspnetcore\6.5.0\build\Swashbuckle.AspNetCore.props (3,5)
       C:\Program Files\dotnet\sdk\10.0.100\Current\Microsoft.Common.props(84,119): message : Property 'MSBuildUserExtensionsPath' with value 'C:\Users\toduc\AppData\Local\Microsoft\MSBuild' expanded from the environment.
       C:\Program Files\dotnet\sdk\10.0.100\Sdks\Microsoft.NET.Sdk\targets\Microsoft.NET.Sdk.props(90,5): message : Property reassignment: $(AssemblySearchPaths)="{CandidateAssemblyFiles};{HintPathFromItem}" (previous value: "{CandidateAssemblyFiles}") at C:\Program Files\dotnet\sdk\10.0.100\Sdks\Microsoft.NET.Sdk\targets\Microsoft.NET.Sdk.props (90,5)
       C:\Program Files\dotnet\sdk\10.0.100\Sdks\Microsoft.NET.Sdk\targets\Microsoft.NET.Sdk.props(91,5): message : Property reassignment: $(AssemblySearchPaths)="{CandidateAssemblyFiles};{HintPathFromItem};{TargetFrameworkDirectory}" (previous value: "{CandidateAssemblyFiles};{HintPathFromItem}") at C:\Program Files\dotnet\sdk\10.0.100\Sdks\Microsoft.NET.Sdk\targets\Microsoft.NET.Sdk.props (91,5)
       C:\Program Files\dotnet\sdk\10.0.100\Sdks\Microsoft.NET.Sdk\targets\Microsoft.NET.Sdk.props(92,5): message : Property reassignment: $(AssemblySearchPaths)="{CandidateAssemblyFiles};{HintPathFromItem};{TargetFrameworkDirectory};{RawFileName}" (previous value: "{CandidateAssemblyFiles};{HintPathFromItem};{TargetFrameworkDirectory}") at C:\Program Files\dotnet\sdk\10.0.100\Sdks\Microsoft.NET.Sdk\targets\Microsoft.NET.Sdk.props (92,5)
       The "DefaultSdkResolver" resolver attempted to resolve the SDK "Microsoft.NET.SDK.WorkloadAutoImportPropsLocator".
       Warnings: null
       Errors: MSB4276: The default SDK resolver failed to resolve SDK "Microsoft.NET.SDK.WorkloadAutoImportPropsLocator" because directory "C:\Program Files\dotnet\sdk\10.0.100\Sdks\Microsoft.NET.SDK.WorkloadAutoImportPropsLocator\Sdk" did not exist.
       The SDK "Microsoft.NET.SDK.WorkloadAutoImportPropsLocator" was successfully resolved by the "Microsoft.DotNet.MSBuildWorkloadSdkResolver" resolver to location "C:\Program Files\dotnet\packs\Microsoft.Android.Sdk.Windows\36.1.2\Sdk" and version "null".
       The SDK "Microsoft.NET.Sdk.Razor" was successfully resolved by the "DefaultSdkResolver" resolver to location "C:\Program Files\dotnet\sdk\10.0.100\Sdks\Microsoft.NET.Sdk.Razor\Sdk" and version "".
       The SDK "Microsoft.NET.Sdk.StaticWebAssets" was successfully resolved by the "DefaultSdkResolver" resolver to location "C:\Program Files\dotnet\sdk\10.0.100\Sdks\Microsoft.NET.Sdk.StaticWebAssets\Sdk" and version "".
       C:\Program Files\dotnet\sdk\10.0.100\Sdks\Microsoft.NET.Sdk.StaticWebAssets\Sdk\Sdk.StaticWebAssets.StaticAssets.ProjectSystem.props(23,5): message : Property reassignment: $(DefaultItemExcludes)=";**\node_modules\**;node_modules\**;**\jspm_packages\**;jspm_packages\**" (previous value: ";**\node_modules\**;node_modules\**") at C:\Program Files\dotnet\sdk\10.0.100\Sdks\Microsoft.NET.Sdk.StaticWebAssets\Sdk\Sdk.StaticWebAssets.StaticAssets.ProjectSystem.props (23,5)
       C:\Program Files\dotnet\sdk\10.0.100\Sdks\Microsoft.NET.Sdk.StaticWebAssets\Sdk\Sdk.StaticWebAssets.StaticAssets.ProjectSystem.props(24,5): message : Property reassignment: $(DefaultItemExcludes)=";**\node_modules\**;node_modules\**;**\jspm_packages\**;jspm_packages\**;**\bower_components\**;bower_components\**" (previous value: ";**\node_modules\**;node_modules\**;**\jspm_packages\**;jspm_packages\**") at C:\Program Files\dotnet\sdk\10.0.100\Sdks\Microsoft.NET.Sdk.StaticWebAssets\Sdk\Sdk.StaticWebAssets.StaticAssets.ProjectSystem.props (24,5)
       C:\Program Files\dotnet\sdk\10.0.100\Sdks\Microsoft.NET.Sdk.StaticWebAssets\Sdk\Sdk.StaticWebAssets.StaticAssets.ProjectSystem.props(25,5): message : Property reassignment: $(DefaultItemExcludes)=";**\node_modules\**;node_modules\**;**\jspm_packages\**;jspm_packages\**;**\bower_components\**;bower_components\**;**\packages.lock.json" (previous value: ";**\node_modules\**;node_modules\**;**\jspm_packages\**;jspm_packages\**;**\bower_components\**;bower_components\**") at C:\Program Files\dotnet\sdk\10.0.100\Sdks\Microsoft.NET.Sdk.StaticWebAssets\Sdk\Sdk.StaticWebAssets.StaticAssets.ProjectSystem.props (25,5)
       The SDK "Microsoft.NET.Sdk.Web.ProjectSystem" was successfully resolved by the "DefaultSdkResolver" resolver to location "C:\Program Files\dotnet\sdk\10.0.100\Sdks\Microsoft.NET.Sdk.Web.ProjectSystem\Sdk" and version "".
       C:\Program Files\dotnet\sdk\10.0.100\Sdks\Microsoft.NET.Sdk.Web.ProjectSystem\targets\Microsoft.NET.Sdk.Web.ProjectSystem.props(16,5): message : Property reassignment: $(OutputType)="Exe" (previous value: "Library") at C:\Program Files\dotnet\sdk\10.0.100\Sdks\Microsoft.NET.Sdk.Web.ProjectSystem\targets\Microsoft.NET.Sdk.Web.ProjectSystem.props (16,5)
       The SDK "Microsoft.NET.Sdk.Publish" was successfully resolved by the "DefaultSdkResolver" resolver to location "C:\Program Files\dotnet\sdk\10.0.100\Sdks\Microsoft.NET.Sdk.Publish\Sdk" and version "".
       C:\Users\toduc\Downloads\SmartStay\do_an_tot_nghiep.csproj(8,5): message : Property reassignment: $(NoWarn)="1701;1702;1591" (previous value: "1701;1702") at C:\Users\toduc\Downloads\SmartStay\do_an_tot_nghiep.csproj (8,5)
       C:\Program Files\dotnet\sdk\10.0.100\Sdks\Microsoft.NET.Sdk\targets\Microsoft.NET.Sdk.ImportPublishProfile.targets(28,5): message : Property reassignment: $(PublishProfileImported)="false" (previous value: "true") at C:\Program Files\dotnet\sdk\10.0.100\Sdks\Microsoft.NET.Sdk\targets\Microsoft.NET.Sdk.ImportPublishProfile.targets (28,5)
       C:\Program Files\dotnet\sdk\10.0.100\Sdks\Microsoft.NET.Sdk\targets\Microsoft.NET.TargetFrameworkInference.targets(81,5): message : Property reassignment: $(TargetPlatformVersion)="" (previous value: "0.0") at C:\Program Files\dotnet\sdk\10.0.100\Sdks\Microsoft.NET.Sdk\targets\Microsoft.NET.TargetFrameworkInference.targets (81,5)
       C:\Program Files\dotnet\sdk\10.0.100\Sdks\Microsoft.NET.Sdk\targets\Microsoft.NET.DefaultOutputPaths.targets(126,5): message : Property reassignment: $(DefaultItemExcludes)=";**\node_modules\**;node_modules\**;**\jspm_packages\**;jspm_packages\**;**\bower_components\**;bower_components\**;**\packages.lock.json;bin\Debug\/**" (previous value: ";**\node_modules\**;node_modules\**;**\jspm_packages\**;jspm_packages\**;**\bower_components\**;bower_components\**;**\packages.lock.json") at C:\Program Files\dotnet\sdk\10.0.100\Sdks\Microsoft.NET.Sdk\targets\Microsoft.NET.DefaultOutputPaths.targets (126,5)
       C:\Program Files\dotnet\sdk\10.0.100\Sdks\Microsoft.NET.Sdk\targets\Microsoft.NET.DefaultOutputPaths.targets(127,5): message : Property reassignment: $(DefaultItemExcludes)=";**\node_modules\**;node_modules\**;**\jspm_packages\**;jspm_packages\**;**\bower_components\**;bower_components\**;**\packages.lock.json;bin\Debug\/**;obj\Debug\/**" (previous value: ";**\node_modules\**;node_modules\**;**\jspm_packages\**;jspm_packages\**;**\bower_components\**;bower_components\**;**\packages.lock.json;bin\Debug\/**") at C:\Program Files\dotnet\sdk\10.0.100\Sdks\Microsoft.NET.Sdk\targets\Microsoft.NET.DefaultOutputPaths.targets (127,5)
       C:\Program Files\dotnet\sdk\10.0.100\Sdks\Microsoft.NET.Sdk\targets\Microsoft.NET.DefaultOutputPaths.targets(142,5): message : Property reassignment: $(OutputPath)="bin\Debug\net8.0\" (previous value: "bin\Debug\") at C:\Program Files\dotnet\sdk\10.0.100\Sdks\Microsoft.NET.Sdk\targets\Microsoft.NET.DefaultOutputPaths.targets (142,5)
       C:\Program Files\dotnet\sdk\10.0.100\Sdks\Microsoft.NET.Sdk\targets\Microsoft.NET.DefaultOutputPaths.targets(147,5): message : Property reassignment: $(IntermediateOutputPath)="obj\Debug\net8.0\" (previous value: "obj\Debug\") at C:\Program Files\dotnet\sdk\10.0.100\Sdks\Microsoft.NET.Sdk\targets\Microsoft.NET.DefaultOutputPaths.targets (147,5)
       The "DefaultSdkResolver" resolver attempted to resolve the SDK "Microsoft.NET.SDK.WorkloadManifestTargetsLocator".
       Warnings: null
       Errors: MSB4276: The default SDK resolver failed to resolve SDK "Microsoft.NET.SDK.WorkloadManifestTargetsLocator" because directory "C:\Program Files\dotnet\sdk\10.0.100\Sdks\Microsoft.NET.SDK.WorkloadManifestTargetsLocator\Sdk" did not exist.
       The SDK "Microsoft.NET.SDK.WorkloadManifestTargetsLocator" was successfully resolved by the "Microsoft.DotNet.MSBuildWorkloadSdkResolver" resolver to location "C:\Program Files\dotnet\sdk-manifests\10.0.100\microsoft.net.sdk.android\36.1.2" and version "null".
       C:\Program Files\dotnet\sdk\10.0.100\Sdks\Microsoft.NET.Sdk\targets\Microsoft.NET.Sdk.BeforeCommon.targets(371,5): message : Property reassignment: $(RoslynTargetsPath)="C:\Program Files\dotnet\sdk\10.0.100\Sdks\Microsoft.NET.Sdk\targets\..\..\..\Roslyn" (previous value: "C:\Program Files\dotnet\sdk\10.0.100\Roslyn") at C:\Program Files\dotnet\sdk\10.0.100\Sdks\Microsoft.NET.Sdk\targets\Microsoft.NET.Sdk.BeforeCommon.targets (371,5)
       C:\Program Files\dotnet\sdk\10.0.100\Roslyn\Microsoft.Managed.Core.targets(6,5): message : Property reassignment: $(_BuildTasksDirectory)="C:\Program Files\dotnet\sdk\10.0.100\Sdks\Microsoft.NET.Sdk\targets\..\..\..\Roslyn\" (previous value: "C:\Program Files\dotnet\sdk\10.0.100\Roslyn\") at C:\Program Files\dotnet\sdk\10.0.100\Roslyn\Microsoft.Managed.Core.targets (6,5)
       C:\Program Files\dotnet\sdk\10.0.100\Roslyn\Microsoft.CSharp.Core.targets(200,5): message : Property reassignment: $(CommandLineArgsForDesignTimeEvaluation)="-langversion:12.0 -define:TRACE" (previous value: "-langversion:12.0") at C:\Program Files\dotnet\sdk\10.0.100\Roslyn\Microsoft.CSharp.Core.targets (200,5)
       C:\Program Files\dotnet\sdk\10.0.100\Roslyn\Microsoft.CSharp.Core.targets(202,5): message : Property reassignment: $(CommandLineArgsForDesignTimeEvaluation)="-langversion:12.0 -define:TRACE -doc:"obj\Debug\net8.0\do_an_tot_nghiep.xml"" (previous value: "-langversion:12.0 -define:TRACE") at C:\Program Files\dotnet\sdk\10.0.100\Roslyn\Microsoft.CSharp.Core.targets (202,5)
       C:\Program Files\dotnet\sdk\10.0.100\Microsoft.Common.CurrentVersion.targets(175,5): message : Property reassignment: $(_DebugSymbolsProduced)="true" (previous value: "false") at C:\Program Files\dotnet\sdk\10.0.100\Microsoft.Common.CurrentVersion.targets (175,5)
       C:\Program Files\dotnet\sdk\10.0.100\Microsoft.Common.CurrentVersion.targets(392,5): message : Property reassignment: $(MSBuildCopyMarkerName)="do_an_to.3584ED03" (previous value: "do_an_tot_nghiep.csproj") at C:\Program Files\dotnet\sdk\10.0.100\Microsoft.Common.CurrentVersion.targets (392,5)
       C:\Program Files\dotnet\sdk\10.0.100\Microsoft.Common.CurrentVersion.targets(393,5): message : Property reassignment: $(MSBuildCopyMarkerName)="do_an_to.3584ED03.Up2Date" (previous value: "do_an_to.3584ED03") at C:\Program Files\dotnet\sdk\10.0.100\Microsoft.Common.CurrentVersion.targets (393,5)
       C:\Program Files\dotnet\sdk\10.0.100\Microsoft.Common.CurrentVersion.targets(541,5): message : Property reassignment: $(ProcessorArchitecture)="msil" (previous value: "") at C:\Program Files\dotnet\sdk\10.0.100\Microsoft.Common.CurrentVersion.targets (541,5)
       C:\Program Files\dotnet\sdk\10.0.100\Microsoft.Common.CurrentVersion.targets(580,5): message : Property reassignment: $(DelaySign)="" (previous value: "false") at C:\Program Files\dotnet\sdk\10.0.100\Microsoft.Common.CurrentVersion.targets (580,5)
       C:\Program Files\dotnet\sdk\10.0.100\Microsoft.Common.CurrentVersion.targets(2606,5): message : Property 'LOCALAPPDATA' with value 'C:\Users\toduc\AppData\Local' expanded from the environment.
       C:\Program Files\dotnet\sdk\10.0.100\Microsoft.Common.CurrentVersion.targets(3934,5): message : Property reassignment: $(_SGenGenerateSerializationAssembliesConfig)="Auto" (previous value: "") at C:\Program Files\dotnet\sdk\10.0.100\Microsoft.Common.CurrentVersion.targets (3934,5)
       C:\Program Files\dotnet\sdk\10.0.100\Microsoft.Common.CurrentVersion.targets(3935,5): message : Property reassignment: $(_SGenGenerateSerializationAssembliesConfig)="Off" (previous value: "Auto") at C:\Program Files\dotnet\sdk\10.0.100\Microsoft.Common.CurrentVersion.targets (3935,5)
       C:\Program Files\dotnet\sdk\10.0.100\Microsoft.Common.CurrentVersion.targets(5146,5): message : Property reassignment: $(_TargetsThatPrepareProjectReferences)="
       C:\Program Files\dotnet\sdk\10.0.100\Microsoft.Common.CurrentVersion.targets(5146,5): message :       AssignProjectConfiguration;
       C:\Program Files\dotnet\sdk\10.0.100\Microsoft.Common.CurrentVersion.targets(5146,5): message :       _SplitProjectReferencesByFileExistence
       C:\Program Files\dotnet\sdk\10.0.100\Microsoft.Common.CurrentVersion.targets(5146,5): message :     " (previous value: "_SplitProjectReferencesByFileExistence") at C:\Program Files\dotnet\sdk\10.0.100\Microsoft.Common.CurrentVersion.targets (5146,5)
       C:\Program Files\dotnet\sdk\10.0.100\Microsoft.Common.CurrentVersion.targets(6959,5): message : Property 'MSBuildExtensionsPath32' with value 'C:\Program Files\dotnet\sdk\10.0.100' expanded from the environment.
       The "NuGetInteractive" property is a global property, and cannot be modified.
       C:\Users\toduc\.nuget\packages\microsoft.extensions.apidescription.server\6.0.5\build\Microsoft.Extensions.ApiDescription.Server.targets(9,5): message : Property reassignment: $(OpenApiGenerateDocuments)="true" (previous value: "") at C:\Users\toduc\.nuget\packages\microsoft.extensions.apidescription.server\6.0.5\build\Microsoft.Extensions.ApiDescription.Server.targets (9,5)
       C:\Program Files\dotnet\sdk\10.0.100\Sdks\Microsoft.NET.Sdk\targets\Microsoft.PackageDependencyResolution.targets(29,5): message : Property reassignment: $(ProjectAssetsCacheFile)="C:\Users\toduc\Downloads\SmartStay\obj\Debug\net8.0\do_an_tot_nghiep.assets.cache" (previous value: "obj\Debug\net8.0\do_an_tot_nghiep.assets.cache") at C:\Program Files\dotnet\sdk\10.0.100\Sdks\Microsoft.NET.Sdk\targets\Microsoft.PackageDependencyResolution.targets (29,5)
       C:\Program Files\dotnet\sdk\10.0.100\Sdks\Microsoft.NET.Sdk\targets\Microsoft.PackageDependencyResolution.targets(80,5): message : Property reassignment: $(ResolveAssemblyReferencesDependsOn)="
       C:\Program Files\dotnet\sdk\10.0.100\Sdks\Microsoft.NET.Sdk\targets\Microsoft.PackageDependencyResolution.targets(80,5): message :       
       C:\Program Files\dotnet\sdk\10.0.100\Sdks\Microsoft.NET.Sdk\targets\Microsoft.PackageDependencyResolution.targets(80,5): message :       ResolveProjectReferences;
       C:\Program Files\dotnet\sdk\10.0.100\Sdks\Microsoft.NET.Sdk\targets\Microsoft.PackageDependencyResolution.targets(80,5): message :       FindInvalidProjectReferences;
       C:\Program Files\dotnet\sdk\10.0.100\Sdks\Microsoft.NET.Sdk\targets\Microsoft.PackageDependencyResolution.targets(80,5): message :       GetFrameworkPaths;
       C:\Program Files\dotnet\sdk\10.0.100\Sdks\Microsoft.NET.Sdk\targets\Microsoft.PackageDependencyResolution.targets(80,5): message :       GetReferenceAssemblyPaths;
       C:\Program Files\dotnet\sdk\10.0.100\Sdks\Microsoft.NET.Sdk\targets\Microsoft.PackageDependencyResolution.targets(80,5): message :       PrepareForBuild;
       C:\Program Files\dotnet\sdk\10.0.100\Sdks\Microsoft.NET.Sdk\targets\Microsoft.PackageDependencyResolution.targets(80,5): message :       ResolveSDKReferences;
       C:\Program Files\dotnet\sdk\10.0.100\Sdks\Microsoft.NET.Sdk\targets\Microsoft.PackageDependencyResolution.targets(80,5): message :       ExpandSDKReferences;
       C:\Program Files\dotnet\sdk\10.0.100\Sdks\Microsoft.NET.Sdk\targets\Microsoft.PackageDependencyResolution.targets(80,5): message :     ;
       C:\Program Files\dotnet\sdk\10.0.100\Sdks\Microsoft.NET.Sdk\targets\Microsoft.PackageDependencyResolution.targets(80,5): message :       ResolvePackageDependenciesForBuild;
       C:\Program Files\dotnet\sdk\10.0.100\Sdks\Microsoft.NET.Sdk\targets\Microsoft.PackageDependencyResolution.targets(80,5): message :       _HandlePackageFileConflicts;
       C:\Program Files\dotnet\sdk\10.0.100\Sdks\Microsoft.NET.Sdk\targets\Microsoft.PackageDependencyResolution.targets(80,5): message :     " (previous value: "
       C:\Program Files\dotnet\sdk\10.0.100\Sdks\Microsoft.NET.Sdk\targets\Microsoft.PackageDependencyResolution.targets(80,5): message :       ResolveProjectReferences;
       C:\Program Files\dotnet\sdk\10.0.100\Sdks\Microsoft.NET.Sdk\targets\Microsoft.PackageDependencyResolution.targets(80,5): message :       FindInvalidProjectReferences;
       C:\Program Files\dotnet\sdk\10.0.100\Sdks\Microsoft.NET.Sdk\targets\Microsoft.PackageDependencyResolution.targets(80,5): message :       GetFrameworkPaths;
       C:\Program Files\dotnet\sdk\10.0.100\Sdks\Microsoft.NET.Sdk\targets\Microsoft.PackageDependencyResolution.targets(80,5): message :       GetReferenceAssemblyPaths;
       C:\Program Files\dotnet\sdk\10.0.100\Sdks\Microsoft.NET.Sdk\targets\Microsoft.PackageDependencyResolution.targets(80,5): message :       PrepareForBuild;
       C:\Program Files\dotnet\sdk\10.0.100\Sdks\Microsoft.NET.Sdk\targets\Microsoft.PackageDependencyResolution.targets(80,5): message :       ResolveSDKReferences;
       C:\Program Files\dotnet\sdk\10.0.100\Sdks\Microsoft.NET.Sdk\targets\Microsoft.PackageDependencyResolution.targets(80,5): message :       ExpandSDKReferences;
       C:\Program Files\dotnet\sdk\10.0.100\Sdks\Microsoft.NET.Sdk\targets\Microsoft.PackageDependencyResolution.targets(80,5): message :     ") at C:\Program Files\dotnet\sdk\10.0.100\Sdks\Microsoft.NET.Sdk\targets\Microsoft.PackageDependencyResolution.targets (80,5)
       C:\Program Files\dotnet\sdk\10.0.100\Sdks\Microsoft.NET.Sdk\targets\Microsoft.PackageDependencyResolution.targets(86,5): message : Property reassignment: $(PrepareResourcesDependsOn)="
       C:\Program Files\dotnet\sdk\10.0.100\Sdks\Microsoft.NET.Sdk\targets\Microsoft.PackageDependencyResolution.targets(86,5): message :       ResolvePackageDependenciesForBuild;
       C:\Program Files\dotnet\sdk\10.0.100\Sdks\Microsoft.NET.Sdk\targets\Microsoft.PackageDependencyResolution.targets(86,5): message :       _HandlePackageFileConflicts;
       C:\Program Files\dotnet\sdk\10.0.100\Sdks\Microsoft.NET.Sdk\targets\Microsoft.PackageDependencyResolution.targets(86,5): message :       
       C:\Program Files\dotnet\sdk\10.0.100\Sdks\Microsoft.NET.Sdk\targets\Microsoft.PackageDependencyResolution.targets(86,5): message :       ;
       C:\Program Files\dotnet\sdk\10.0.100\Sdks\Microsoft.NET.Sdk\targets\Microsoft.PackageDependencyResolution.targets(86,5): message :       PrepareResourceNames;
       C:\Program Files\dotnet\sdk\10.0.100\Sdks\Microsoft.NET.Sdk\targets\Microsoft.PackageDependencyResolution.targets(86,5): message :       ResGen;
       C:\Program Files\dotnet\sdk\10.0.100\Sdks\Microsoft.NET.Sdk\targets\Microsoft.PackageDependencyResolution.targets(86,5): message :       CompileLicxFiles
       C:\Program Files\dotnet\sdk\10.0.100\Sdks\Microsoft.NET.Sdk\targets\Microsoft.PackageDependencyResolution.targets(86,5): message :     
       C:\Program Files\dotnet\sdk\10.0.100\Sdks\Microsoft.NET.Sdk\targets\Microsoft.PackageDependencyResolution.targets(86,5): message :     " (previous value: "
       C:\Program Files\dotnet\sdk\10.0.100\Sdks\Microsoft.NET.Sdk\targets\Microsoft.PackageDependencyResolution.targets(86,5): message :       ;
       C:\Program Files\dotnet\sdk\10.0.100\Sdks\Microsoft.NET.Sdk\targets\Microsoft.PackageDependencyResolution.targets(86,5): message :       PrepareResourceNames;
       C:\Program Files\dotnet\sdk\10.0.100\Sdks\Microsoft.NET.Sdk\targets\Microsoft.PackageDependencyResolution.targets(86,5): message :       ResGen;
       C:\Program Files\dotnet\sdk\10.0.100\Sdks\Microsoft.NET.Sdk\targets\Microsoft.PackageDependencyResolution.targets(86,5): message :       CompileLicxFiles
       C:\Program Files\dotnet\sdk\10.0.100\Sdks\Microsoft.NET.Sdk\targets\Microsoft.PackageDependencyResolution.targets(86,5): message :     ") at C:\Program Files\dotnet\sdk\10.0.100\Sdks\Microsoft.NET.Sdk\targets\Microsoft.PackageDependencyResolution.targets (86,5)
       C:\Program Files\dotnet\sdk\10.0.100\Sdks\Microsoft.NET.Sdk\targets\Microsoft.NET.Sdk.DefaultItems.targets(35,5): message : Property reassignment: $(DefaultItemExcludes)=";**\node_modules\**;node_modules\**;**\jspm_packages\**;jspm_packages\**;**\bower_components\**;bower_components\**;**\packages.lock.json;bin\Debug\/**;obj\Debug\/**;bin\/**" (previous value: ";**\node_modules\**;node_modules\**;**\jspm_packages\**;jspm_packages\**;**\bower_components\**;bower_components\**;**\packages.lock.json;bin\Debug\/**;obj\Debug\/**") at C:\Program Files\dotnet\sdk\10.0.100\Sdks\Microsoft.NET.Sdk\targets\Microsoft.NET.Sdk.DefaultItems.targets (35,5)
       C:\Program Files\dotnet\sdk\10.0.100\Sdks\Microsoft.NET.Sdk\targets\Microsoft.NET.Sdk.DefaultItems.targets(37,5): message : Property reassignment: $(DefaultItemExcludes)=";**\node_modules\**;node_modules\**;**\jspm_packages\**;jspm_packages\**;**\bower_components\**;bower_components\**;**\packages.lock.json;bin\Debug\/**;obj\Debug\/**;bin\/**;obj\/**" (previous value: ";**\node_modules\**;node_modules\**;**\jspm_packages\**;jspm_packages\**;**\bower_components\**;bower_components\**;**\packages.lock.json;bin\Debug\/**;obj\Debug\/**;bin\/**") at C:\Program Files\dotnet\sdk\10.0.100\Sdks\Microsoft.NET.Sdk\targets\Microsoft.NET.Sdk.DefaultItems.targets (37,5)
       C:\Program Files\dotnet\sdk\10.0.100\Sdks\Microsoft.NET.Sdk\targets\Microsoft.NET.Sdk.DefaultItems.targets(40,5): message : Property reassignment: $(DefaultItemExcludes)=";**\node_modules\**;node_modules\**;**\jspm_packages\**;jspm_packages\**;**\bower_components\**;bower_components\**;**\packages.lock.json;bin\Debug\/**;obj\Debug\/**;bin\/**;obj\/**;**/*.user" (previous value: ";**\node_modules\**;node_modules\**;**\jspm_packages\**;jspm_packages\**;**\bower_components\**;bower_components\**;**\packages.lock.json;bin\Debug\/**;obj\Debug\/**;bin\/**;obj\/**") at C:\Program Files\dotnet\sdk\10.0.100\Sdks\Microsoft.NET.Sdk\targets\Microsoft.NET.Sdk.DefaultItems.targets (40,5)
       C:\Program Files\dotnet\sdk\10.0.100\Sdks\Microsoft.NET.Sdk\targets\Microsoft.NET.Sdk.DefaultItems.targets(41,5): message : Property reassignment: $(DefaultItemExcludes)=";**\node_modules\**;node_modules\**;**\jspm_packages\**;jspm_packages\**;**\bower_components\**;bower_components\**;**\packages.lock.json;bin\Debug\/**;obj\Debug\/**;bin\/**;obj\/**;**/*.user;**/*.*proj" (previous value: ";**\node_modules\**;node_modules\**;**\jspm_packages\**;jspm_packages\**;**\bower_components\**;bower_components\**;**\packages.lock.json;bin\Debug\/**;obj\Debug\/**;bin\/**;obj\/**;**/*.user") at C:\Program Files\dotnet\sdk\10.0.100\Sdks\Microsoft.NET.Sdk\targets\Microsoft.NET.Sdk.DefaultItems.targets (41,5)
       C:\Program Files\dotnet\sdk\10.0.100\Sdks\Microsoft.NET.Sdk\targets\Microsoft.NET.Sdk.DefaultItems.targets(42,5): message : Property reassignment: $(DefaultItemExcludes)=";**\node_modules\**;node_modules\**;**\jspm_packages\**;jspm_packages\**;**\bower_components\**;bower_components\**;**\packages.lock.json;bin\Debug\/**;obj\Debug\/**;bin\/**;obj\/**;**/*.user;**/*.*proj;**/*.sln" (previous value: ";**\node_modules\**;node_modules\**;**\jspm_packages\**;jspm_packages\**;**\bower_components\**;bower_components\**;**\packages.lock.json;bin\Debug\/**;obj\Debug\/**;bin\/**;obj\/**;**/*.user;**/*.*proj") at C:\Program Files\dotnet\sdk\10.0.100\Sdks\Microsoft.NET.Sdk\targets\Microsoft.NET.Sdk.DefaultItems.targets (42,5)
       C:\Program Files\dotnet\sdk\10.0.100\Sdks\Microsoft.NET.Sdk\targets\Microsoft.NET.Sdk.DefaultItems.targets(43,5): message : Property reassignment: $(DefaultItemExcludes)=";**\node_modules\**;node_modules\**;**\jspm_packages\**;jspm_packages\**;**\bower_components\**;bower_components\**;**\packages.lock.json;bin\Debug\/**;obj\Debug\/**;bin\/**;obj\/**;**/*.user;**/*.*proj;**/*.sln;**/*.slnx" (previous value: ";**\node_modules\**;node_modules\**;**\jspm_packages\**;jspm_packages\**;**\bower_components\**;bower_components\**;**\packages.lock.json;bin\Debug\/**;obj\Debug\/**;bin\/**;obj\/**;**/*.user;**/*.*proj;**/*.sln") at C:\Program Files\dotnet\sdk\10.0.100\Sdks\Microsoft.NET.Sdk\targets\Microsoft.NET.Sdk.DefaultItems.targets (43,5)
       C:\Program Files\dotnet\sdk\10.0.100\Sdks\Microsoft.NET.Sdk\targets\Microsoft.NET.Sdk.DefaultItems.targets(44,5): message : Property reassignment: $(DefaultItemExcludes)=";**\node_modules\**;node_modules\**;**\jspm_packages\**;jspm_packages\**;**\bower_components\**;bower_components\**;**\packages.lock.json;bin\Debug\/**;obj\Debug\/**;bin\/**;obj\/**;**/*.user;**/*.*proj;**/*.sln;**/*.slnx;**/*.vssscc" (previous value: ";**\node_modules\**;node_modules\**;**\jspm_packages\**;jspm_packages\**;**\bower_components\**;bower_components\**;**\packages.lock.json;bin\Debug\/**;obj\Debug\/**;bin\/**;obj\/**;**/*.user;**/*.*proj;**/*.sln;**/*.slnx") at C:\Program Files\dotnet\sdk\10.0.100\Sdks\Microsoft.NET.Sdk\targets\Microsoft.NET.Sdk.DefaultItems.targets (44,5)
       C:\Program Files\dotnet\sdk\10.0.100\Sdks\Microsoft.NET.Sdk\targets\Microsoft.NET.Sdk.DefaultItems.targets(45,5): message : Property reassignment: $(DefaultItemExcludes)=";**\node_modules\**;node_modules\**;**\jspm_packages\**;jspm_packages\**;**\bower_components\**;bower_components\**;**\packages.lock.json;bin\Debug\/**;obj\Debug\/**;bin\/**;obj\/**;**/*.user;**/*.*proj;**/*.sln;**/*.slnx;**/*.vssscc;**/.DS_Store" (previous value: ";**\node_modules\**;node_modules\**;**\jspm_packages\**;jspm_packages\**;**\bower_components\**;bower_components\**;**\packages.lock.json;bin\Debug\/**;obj\Debug\/**;bin\/**;obj\/**;**/*.user;**/*.*proj;**/*.sln;**/*.slnx;**/*.vssscc") at C:\Program Files\dotnet\sdk\10.0.100\Sdks\Microsoft.NET.Sdk\targets\Microsoft.NET.Sdk.DefaultItems.targets (45,5)
       C:\Program Files\dotnet\sdk\10.0.100\Sdks\Microsoft.NET.Sdk\targets\Microsoft.NET.Sdk.FrameworkReferenceResolution.targets(14,5): message : Property reassignment: $(ResolveAssemblyReferencesDependsOn)="
       C:\Program Files\dotnet\sdk\10.0.100\Sdks\Microsoft.NET.Sdk\targets\Microsoft.NET.Sdk.FrameworkReferenceResolution.targets(14,5): message :       
       C:\Program Files\dotnet\sdk\10.0.100\Sdks\Microsoft.NET.Sdk\targets\Microsoft.NET.Sdk.FrameworkReferenceResolution.targets(14,5): message :       
       C:\Program Files\dotnet\sdk\10.0.100\Sdks\Microsoft.NET.Sdk\targets\Microsoft.NET.Sdk.FrameworkReferenceResolution.targets(14,5): message :       ResolveProjectReferences;
       C:\Program Files\dotnet\sdk\10.0.100\Sdks\Microsoft.NET.Sdk\targets\Microsoft.NET.Sdk.FrameworkReferenceResolution.targets(14,5): message :       FindInvalidProjectReferences;
       C:\Program Files\dotnet\sdk\10.0.100\Sdks\Microsoft.NET.Sdk\targets\Microsoft.NET.Sdk.FrameworkReferenceResolution.targets(14,5): message :       GetFrameworkPaths;
       C:\Program Files\dotnet\sdk\10.0.100\Sdks\Microsoft.NET.Sdk\targets\Microsoft.NET.Sdk.FrameworkReferenceResolution.targets(14,5): message :       GetReferenceAssemblyPaths;
       C:\Program Files\dotnet\sdk\10.0.100\Sdks\Microsoft.NET.Sdk\targets\Microsoft.NET.Sdk.FrameworkReferenceResolution.targets(14,5): message :       PrepareForBuild;
       C:\Program Files\dotnet\sdk\10.0.100\Sdks\Microsoft.NET.Sdk\targets\Microsoft.NET.Sdk.FrameworkReferenceResolution.targets(14,5): message :       ResolveSDKReferences;
       C:\Program Files\dotnet\sdk\10.0.100\Sdks\Microsoft.NET.Sdk\targets\Microsoft.NET.Sdk.FrameworkReferenceResolution.targets(14,5): message :       ExpandSDKReferences;
       C:\Program Files\dotnet\sdk\10.0.100\Sdks\Microsoft.NET.Sdk\targets\Microsoft.NET.Sdk.FrameworkReferenceResolution.targets(14,5): message :     ;
       C:\Program Files\dotnet\sdk\10.0.100\Sdks\Microsoft.NET.Sdk\targets\Microsoft.NET.Sdk.FrameworkReferenceResolution.targets(14,5): message :       ResolvePackageDependenciesForBuild;
       C:\Program Files\dotnet\sdk\10.0.100\Sdks\Microsoft.NET.Sdk\targets\Microsoft.NET.Sdk.FrameworkReferenceResolution.targets(14,5): message :       _HandlePackageFileConflicts;
       C:\Program Files\dotnet\sdk\10.0.100\Sdks\Microsoft.NET.Sdk\targets\Microsoft.NET.Sdk.FrameworkReferenceResolution.targets(14,5): message :     ;
       C:\Program Files\dotnet\sdk\10.0.100\Sdks\Microsoft.NET.Sdk\targets\Microsoft.NET.Sdk.FrameworkReferenceResolution.targets(14,5): message :       ResolveTargetingPackAssets;
       C:\Program Files\dotnet\sdk\10.0.100\Sdks\Microsoft.NET.Sdk\targets\Microsoft.NET.Sdk.FrameworkReferenceResolution.targets(14,5): message :     " (previous value: "
       C:\Program Files\dotnet\sdk\10.0.100\Sdks\Microsoft.NET.Sdk\targets\Microsoft.NET.Sdk.FrameworkReferenceResolution.targets(14,5): message :       
       C:\Program Files\dotnet\sdk\10.0.100\Sdks\Microsoft.NET.Sdk\targets\Microsoft.NET.Sdk.FrameworkReferenceResolution.targets(14,5): message :       ResolveProjectReferences;
       C:\Program Files\dotnet\sdk\10.0.100\Sdks\Microsoft.NET.Sdk\targets\Microsoft.NET.Sdk.FrameworkReferenceResolution.targets(14,5): message :       FindInvalidProjectReferences;
       C:\Program Files\dotnet\sdk\10.0.100\Sdks\Microsoft.NET.Sdk\targets\Microsoft.NET.Sdk.FrameworkReferenceResolution.targets(14,5): message :       GetFrameworkPaths;
       C:\Program Files\dotnet\sdk\10.0.100\Sdks\Microsoft.NET.Sdk\targets\Microsoft.NET.Sdk.FrameworkReferenceResolution.targets(14,5): message :       GetReferenceAssemblyPaths;
       C:\Program Files\dotnet\sdk\10.0.100\Sdks\Microsoft.NET.Sdk\targets\Microsoft.NET.Sdk.FrameworkReferenceResolution.targets(14,5): message :       PrepareForBuild;
       C:\Program Files\dotnet\sdk\10.0.100\Sdks\Microsoft.NET.Sdk\targets\Microsoft.NET.Sdk.FrameworkReferenceResolution.targets(14,5): message :       ResolveSDKReferences;
       C:\Program Files\dotnet\sdk\10.0.100\Sdks\Microsoft.NET.Sdk\targets\Microsoft.NET.Sdk.FrameworkReferenceResolution.targets(14,5): message :       ExpandSDKReferences;
       C:\Program Files\dotnet\sdk\10.0.100\Sdks\Microsoft.NET.Sdk\targets\Microsoft.NET.Sdk.FrameworkReferenceResolution.targets(14,5): message :     ;
       C:\Program Files\dotnet\sdk\10.0.100\Sdks\Microsoft.NET.Sdk\targets\Microsoft.NET.Sdk.FrameworkReferenceResolution.targets(14,5): message :       ResolvePackageDependenciesForBuild;
       C:\Program Files\dotnet\sdk\10.0.100\Sdks\Microsoft.NET.Sdk\targets\Microsoft.NET.Sdk.FrameworkReferenceResolution.targets(14,5): message :       _HandlePackageFileConflicts;
       C:\Program Files\dotnet\sdk\10.0.100\Sdks\Microsoft.NET.Sdk\targets\Microsoft.NET.Sdk.FrameworkReferenceResolution.targets(14,5): message :     ") at C:\Program Files\dotnet\sdk\10.0.100\Sdks\Microsoft.NET.Sdk\targets\Microsoft.NET.Sdk.FrameworkReferenceResolution.targets (14,5)
       C:\Program Files\dotnet\sdk\10.0.100\Sdks\Microsoft.NET.Sdk\targets\Microsoft.NET.Sdk.targets(44,5): message : Property reassignment: $(_GenerateRuntimeConfigurationPropertyInputsCache)="C:\Users\toduc\Downloads\SmartStay\obj\Debug\net8.0\do_an_tot_nghiep.genruntimeconfig.cache" (previous value: "obj\Debug\net8.0\do_an_tot_nghiep.genruntimeconfig.cache") at C:\Program Files\dotnet\sdk\10.0.100\Sdks\Microsoft.NET.Sdk\targets\Microsoft.NET.Sdk.targets (44,5)
       C:\Program Files\dotnet\sdk\10.0.100\Sdks\Microsoft.NET.Sdk\targets\Microsoft.NET.Sdk.targets(46,5): message : Property reassignment: $(_GeneratePublishDependencyFilePropertyInputsCache)="C:\Users\toduc\Downloads\SmartStay\obj\Debug\net8.0\do_an_tot_nghiep.genpublishdeps.cache" (previous value: "obj\Debug\net8.0\do_an_tot_nghiep.genpublishdeps.cache") at C:\Program Files\dotnet\sdk\10.0.100\Sdks\Microsoft.NET.Sdk\targets\Microsoft.NET.Sdk.targets (46,5)
       C:\Program Files\dotnet\sdk\10.0.100\Sdks\Microsoft.NET.Sdk\targets\Microsoft.NET.Sdk.targets(48,5): message : Property reassignment: $(_GenerateSingleFileBundlePropertyInputsCache)="C:\Users\toduc\Downloads\SmartStay\obj\Debug\net8.0\do_an_tot_nghiep.genbundle.cache" (previous value: "obj\Debug\net8.0\do_an_tot_nghiep.genbundle.cache") at C:\Program Files\dotnet\sdk\10.0.100\Sdks\Microsoft.NET.Sdk\targets\Microsoft.NET.Sdk.targets (48,5)
       C:\Program Files\dotnet\sdk\10.0.100\Sdks\Microsoft.NET.Sdk\targets\Microsoft.NET.Sdk.targets(81,5): message : Property reassignment: $(GenerateRuntimeConfigDevFile)="false" (previous value: "true") at C:\Program Files\dotnet\sdk\10.0.100\Sdks\Microsoft.NET.Sdk\targets\Microsoft.NET.Sdk.targets (81,5)
       C:\Program Files\dotnet\sdk\10.0.100\Sdks\Microsoft.NET.Sdk\targets\Microsoft.NET.Sdk.targets(98,5): message : Property reassignment: $(_DefaultUserProfileRuntimeStorePath)="C:\Users\toduc" (previous value: "") at C:\Program Files\dotnet\sdk\10.0.100\Sdks\Microsoft.NET.Sdk\targets\Microsoft.NET.Sdk.targets (98,5)
       C:\Program Files\dotnet\sdk\10.0.100\Sdks\Microsoft.NET.Sdk\targets\Microsoft.NET.Sdk.targets(99,5): message : Property reassignment: $(_DefaultUserProfileRuntimeStorePath)="C:\Users\toduc\.dotnet\store" (previous value: "C:\Users\toduc") at C:\Program Files\dotnet\sdk\10.0.100\Sdks\Microsoft.NET.Sdk\targets\Microsoft.NET.Sdk.targets (99,5)
       C:\Program Files\dotnet\sdk\10.0.100\Sdks\Microsoft.NET.Sdk\targets\Microsoft.NET.Sdk.targets(144,5): message : Property reassignment: $(AvailablePlatforms)="Any CPU,x86,x64,ARM32" (previous value: "Any CPU,x86,x64") at C:\Program Files\dotnet\sdk\10.0.100\Sdks\Microsoft.NET.Sdk\targets\Microsoft.NET.Sdk.targets (144,5)
       C:\Program Files\dotnet\sdk\10.0.100\Sdks\Microsoft.NET.Sdk\targets\Microsoft.NET.Sdk.targets(148,5): message : Property reassignment: $(AvailablePlatforms)="Any CPU,x86,x64,ARM32,ARM64" (previous value: "Any CPU,x86,x64,ARM32") at C:\Program Files\dotnet\sdk\10.0.100\Sdks\Microsoft.NET.Sdk\targets\Microsoft.NET.Sdk.targets (148,5)
       C:\Program Files\dotnet\sdk\10.0.100\Sdks\Microsoft.NET.Sdk\targets\Microsoft.NET.Sdk.targets(204,5): message : Property reassignment: $(CoreBuildDependsOn)="
       C:\Program Files\dotnet\sdk\10.0.100\Sdks\Microsoft.NET.Sdk\targets\Microsoft.NET.Sdk.targets(204,5): message :       _CheckForBuildWithNoBuild;
       C:\Program Files\dotnet\sdk\10.0.100\Sdks\Microsoft.NET.Sdk\targets\Microsoft.NET.Sdk.targets(204,5): message :       
       C:\Program Files\dotnet\sdk\10.0.100\Sdks\Microsoft.NET.Sdk\targets\Microsoft.NET.Sdk.targets(204,5): message :       BuildOnlySettings;
       C:\Program Files\dotnet\sdk\10.0.100\Sdks\Microsoft.NET.Sdk\targets\Microsoft.NET.Sdk.targets(204,5): message :       PrepareForBuild;
       C:\Program Files\dotnet\sdk\10.0.100\Sdks\Microsoft.NET.Sdk\targets\Microsoft.NET.Sdk.targets(204,5): message :       PreBuildEvent;
       C:\Program Files\dotnet\sdk\10.0.100\Sdks\Microsoft.NET.Sdk\targets\Microsoft.NET.Sdk.targets(204,5): message :       ResolveReferences;
       C:\Program Files\dotnet\sdk\10.0.100\Sdks\Microsoft.NET.Sdk\targets\Microsoft.NET.Sdk.targets(204,5): message :       PrepareResources;
       C:\Program Files\dotnet\sdk\10.0.100\Sdks\Microsoft.NET.Sdk\targets\Microsoft.NET.Sdk.targets(204,5): message :       ResolveKeySource;
       C:\Program Files\dotnet\sdk\10.0.100\Sdks\Microsoft.NET.Sdk\targets\Microsoft.NET.Sdk.targets(204,5): message :       Compile;
       C:\Program Files\dotnet\sdk\10.0.100\Sdks\Microsoft.NET.Sdk\targets\Microsoft.NET.Sdk.targets(204,5): message :       ExportWindowsMDFile;
       C:\Program Files\dotnet\sdk\10.0.100\Sdks\Microsoft.NET.Sdk\targets\Microsoft.NET.Sdk.targets(204,5): message :       UnmanagedUnregistration;
       C:\Program Files\dotnet\sdk\10.0.100\Sdks\Microsoft.NET.Sdk\targets\Microsoft.NET.Sdk.targets(204,5): message :       GenerateSerializationAssemblies;
       C:\Program Files\dotnet\sdk\10.0.100\Sdks\Microsoft.NET.Sdk\targets\Microsoft.NET.Sdk.targets(204,5): message :       CreateSatelliteAssemblies;
       C:\Program Files\dotnet\sdk\10.0.100\Sdks\Microsoft.NET.Sdk\targets\Microsoft.NET.Sdk.targets(204,5): message :       GenerateManifests;
       C:\Program Files\dotnet\sdk\10.0.100\Sdks\Microsoft.NET.Sdk\targets\Microsoft.NET.Sdk.targets(204,5): message :       GetTargetPath;
       C:\Program Files\dotnet\sdk\10.0.100\Sdks\Microsoft.NET.Sdk\targets\Microsoft.NET.Sdk.targets(204,5): message :       PrepareForRun;
       C:\Program Files\dotnet\sdk\10.0.100\Sdks\Microsoft.NET.Sdk\targets\Microsoft.NET.Sdk.targets(204,5): message :       UnmanagedRegistration;
       C:\Program Files\dotnet\sdk\10.0.100\Sdks\Microsoft.NET.Sdk\targets\Microsoft.NET.Sdk.targets(204,5): message :       IncrementalClean;
       C:\Program Files\dotnet\sdk\10.0.100\Sdks\Microsoft.NET.Sdk\targets\Microsoft.NET.Sdk.targets(204,5): message :       PostBuildEvent
       C:\Program Files\dotnet\sdk\10.0.100\Sdks\Microsoft.NET.Sdk\targets\Microsoft.NET.Sdk.targets(204,5): message :     ;
       C:\Program Files\dotnet\sdk\10.0.100\Sdks\Microsoft.NET.Sdk\targets\Microsoft.NET.Sdk.targets(204,5): message :       GenerateBuildDependencyFile;
       C:\Program Files\dotnet\sdk\10.0.100\Sdks\Microsoft.NET.Sdk\targets\Microsoft.NET.Sdk.targets(204,5): message :       GenerateBuildRuntimeConfigurationFiles
       C:\Program Files\dotnet\sdk\10.0.100\Sdks\Microsoft.NET.Sdk\targets\Microsoft.NET.Sdk.targets(204,5): message :     " (previous value: "
       C:\Program Files\dotnet\sdk\10.0.100\Sdks\Microsoft.NET.Sdk\targets\Microsoft.NET.Sdk.targets(204,5): message :       BuildOnlySettings;
       C:\Program Files\dotnet\sdk\10.0.100\Sdks\Microsoft.NET.Sdk\targets\Microsoft.NET.Sdk.targets(204,5): message :       PrepareForBuild;
       C:\Program Files\dotnet\sdk\10.0.100\Sdks\Microsoft.NET.Sdk\targets\Microsoft.NET.Sdk.targets(204,5): message :       PreBuildEvent;
       C:\Program Files\dotnet\sdk\10.0.100\Sdks\Microsoft.NET.Sdk\targets\Microsoft.NET.Sdk.targets(204,5): message :       ResolveReferences;
       C:\Program Files\dotnet\sdk\10.0.100\Sdks\Microsoft.NET.Sdk\targets\Microsoft.NET.Sdk.targets(204,5): message :       PrepareResources;
       C:\Program Files\dotnet\sdk\10.0.100\Sdks\Microsoft.NET.Sdk\targets\Microsoft.NET.Sdk.targets(204,5): message :       ResolveKeySource;
       C:\Program Files\dotnet\sdk\10.0.100\Sdks\Microsoft.NET.Sdk\targets\Microsoft.NET.Sdk.targets(204,5): message :       Compile;
       C:\Program Files\dotnet\sdk\10.0.100\Sdks\Microsoft.NET.Sdk\targets\Microsoft.NET.Sdk.targets(204,5): message :       ExportWindowsMDFile;
       C:\Program Files\dotnet\sdk\10.0.100\Sdks\Microsoft.NET.Sdk\targets\Microsoft.NET.Sdk.targets(204,5): message :       UnmanagedUnregistration;
       C:\Program Files\dotnet\sdk\10.0.100\Sdks\Microsoft.NET.Sdk\targets\Microsoft.NET.Sdk.targets(204,5): message :       GenerateSerializationAssemblies;
       C:\Program Files\dotnet\sdk\10.0.100\Sdks\Microsoft.NET.Sdk\targets\Microsoft.NET.Sdk.targets(204,5): message :       CreateSatelliteAssemblies;
       C:\Program Files\dotnet\sdk\10.0.100\Sdks\Microsoft.NET.Sdk\targets\Microsoft.NET.Sdk.targets(204,5): message :       GenerateManifests;
       C:\Program Files\dotnet\sdk\10.0.100\Sdks\Microsoft.NET.Sdk\targets\Microsoft.NET.Sdk.targets(204,5): message :       GetTargetPath;
       C:\Program Files\dotnet\sdk\10.0.100\Sdks\Microsoft.NET.Sdk\targets\Microsoft.NET.Sdk.targets(204,5): message :       PrepareForRun;
       C:\Program Files\dotnet\sdk\10.0.100\Sdks\Microsoft.NET.Sdk\targets\Microsoft.NET.Sdk.targets(204,5): message :       UnmanagedRegistration;
       C:\Program Files\dotnet\sdk\10.0.100\Sdks\Microsoft.NET.Sdk\targets\Microsoft.NET.Sdk.targets(204,5): message :       IncrementalClean;
       C:\Program Files\dotnet\sdk\10.0.100\Sdks\Microsoft.NET.Sdk\targets\Microsoft.NET.Sdk.targets(204,5): message :       PostBuildEvent
       C:\Program Files\dotnet\sdk\10.0.100\Sdks\Microsoft.NET.Sdk\targets\Microsoft.NET.Sdk.targets(204,5): message :     ") at C:\Program Files\dotnet\sdk\10.0.100\Sdks\Microsoft.NET.Sdk\targets\Microsoft.NET.Sdk.targets (204,5)
       C:\Program Files\dotnet\sdk\10.0.100\Sdks\Microsoft.NET.Sdk\targets\Microsoft.NET.Sdk.targets(213,5): message : Property reassignment: $(CoreCleanDependsOn)="
       C:\Program Files\dotnet\sdk\10.0.100\Sdks\Microsoft.NET.Sdk\targets\Microsoft.NET.Sdk.targets(213,5): message :       _SdkBeforeClean;
       C:\Program Files\dotnet\sdk\10.0.100\Sdks\Microsoft.NET.Sdk\targets\Microsoft.NET.Sdk.targets(213,5): message :       
       C:\Program Files\dotnet\sdk\10.0.100\Sdks\Microsoft.NET.Sdk\targets\Microsoft.NET.Sdk.targets(213,5): message :     " (previous value: "") at C:\Program Files\dotnet\sdk\10.0.100\Sdks\Microsoft.NET.Sdk\targets\Microsoft.NET.Sdk.targets (213,5)
       C:\Program Files\dotnet\sdk\10.0.100\Sdks\Microsoft.NET.Sdk\targets\Microsoft.NET.Sdk.targets(220,5): message : Property reassignment: $(RebuildDependsOn)="
       C:\Program Files\dotnet\sdk\10.0.100\Sdks\Microsoft.NET.Sdk\targets\Microsoft.NET.Sdk.targets(220,5): message :       _SdkBeforeRebuild;
       C:\Program Files\dotnet\sdk\10.0.100\Sdks\Microsoft.NET.Sdk\targets\Microsoft.NET.Sdk.targets(220,5): message :       
       C:\Program Files\dotnet\sdk\10.0.100\Sdks\Microsoft.NET.Sdk\targets\Microsoft.NET.Sdk.targets(220,5): message :       BeforeRebuild;
       C:\Program Files\dotnet\sdk\10.0.100\Sdks\Microsoft.NET.Sdk\targets\Microsoft.NET.Sdk.targets(220,5): message :       Clean;
       C:\Program Files\dotnet\sdk\10.0.100\Sdks\Microsoft.NET.Sdk\targets\Microsoft.NET.Sdk.targets(220,5): message :       Build;
       C:\Program Files\dotnet\sdk\10.0.100\Sdks\Microsoft.NET.Sdk\targets\Microsoft.NET.Sdk.targets(220,5): message :       AfterRebuild;
       C:\Program Files\dotnet\sdk\10.0.100\Sdks\Microsoft.NET.Sdk\targets\Microsoft.NET.Sdk.targets(220,5): message :     
       C:\Program Files\dotnet\sdk\10.0.100\Sdks\Microsoft.NET.Sdk\targets\Microsoft.NET.Sdk.targets(220,5): message :     " (previous value: "
       C:\Program Files\dotnet\sdk\10.0.100\Sdks\Microsoft.NET.Sdk\targets\Microsoft.NET.Sdk.targets(220,5): message :       BeforeRebuild;
       C:\Program Files\dotnet\sdk\10.0.100\Sdks\Microsoft.NET.Sdk\targets\Microsoft.NET.Sdk.targets(220,5): message :       Clean;
       C:\Program Files\dotnet\sdk\10.0.100\Sdks\Microsoft.NET.Sdk\targets\Microsoft.NET.Sdk.targets(220,5): message :       Build;
       C:\Program Files\dotnet\sdk\10.0.100\Sdks\Microsoft.NET.Sdk\targets\Microsoft.NET.Sdk.targets(220,5): message :       AfterRebuild;
       C:\Program Files\dotnet\sdk\10.0.100\Sdks\Microsoft.NET.Sdk\targets\Microsoft.NET.Sdk.targets(220,5): message :     ") at C:\Program Files\dotnet\sdk\10.0.100\Sdks\Microsoft.NET.Sdk\targets\Microsoft.NET.Sdk.targets (220,5)
       C:\Program Files\dotnet\sdk\10.0.100\Sdks\Microsoft.NET.Sdk\targets\Microsoft.NET.Sdk.targets(799,5): message : Property reassignment: $(CompileDependsOn)="
       C:\Program Files\dotnet\sdk\10.0.100\Sdks\Microsoft.NET.Sdk\targets\Microsoft.NET.Sdk.targets(799,5): message :       
       C:\Program Files\dotnet\sdk\10.0.100\Sdks\Microsoft.NET.Sdk\targets\Microsoft.NET.Sdk.targets(799,5): message :       ResolveReferences;
       C:\Program Files\dotnet\sdk\10.0.100\Sdks\Microsoft.NET.Sdk\targets\Microsoft.NET.Sdk.targets(799,5): message :       ResolveKeySource;
       C:\Program Files\dotnet\sdk\10.0.100\Sdks\Microsoft.NET.Sdk\targets\Microsoft.NET.Sdk.targets(799,5): message :       SetWin32ManifestProperties;
       C:\Program Files\dotnet\sdk\10.0.100\Sdks\Microsoft.NET.Sdk\targets\Microsoft.NET.Sdk.targets(799,5): message :       _SetPreferNativeArm64Win32ManifestProperties;
       C:\Program Files\dotnet\sdk\10.0.100\Sdks\Microsoft.NET.Sdk\targets\Microsoft.NET.Sdk.targets(799,5): message :       FindReferenceAssembliesForReferences;
       C:\Program Files\dotnet\sdk\10.0.100\Sdks\Microsoft.NET.Sdk\targets\Microsoft.NET.Sdk.targets(799,5): message :       _GenerateCompileInputs;
       C:\Program Files\dotnet\sdk\10.0.100\Sdks\Microsoft.NET.Sdk\targets\Microsoft.NET.Sdk.targets(799,5): message :       BeforeCompile;
       C:\Program Files\dotnet\sdk\10.0.100\Sdks\Microsoft.NET.Sdk\targets\Microsoft.NET.Sdk.targets(799,5): message :       _TimeStampBeforeCompile;
       C:\Program Files\dotnet\sdk\10.0.100\Sdks\Microsoft.NET.Sdk\targets\Microsoft.NET.Sdk.targets(799,5): message :       _GenerateCompileDependencyCache;
       C:\Program Files\dotnet\sdk\10.0.100\Sdks\Microsoft.NET.Sdk\targets\Microsoft.NET.Sdk.targets(799,5): message :       CoreCompile;
       C:\Program Files\dotnet\sdk\10.0.100\Sdks\Microsoft.NET.Sdk\targets\Microsoft.NET.Sdk.targets(799,5): message :       _TimeStampAfterCompile;
       C:\Program Files\dotnet\sdk\10.0.100\Sdks\Microsoft.NET.Sdk\targets\Microsoft.NET.Sdk.targets(799,5): message :       AfterCompile;
       C:\Program Files\dotnet\sdk\10.0.100\Sdks\Microsoft.NET.Sdk\targets\Microsoft.NET.Sdk.targets(799,5): message :     ;
       C:\Program Files\dotnet\sdk\10.0.100\Sdks\Microsoft.NET.Sdk\targets\Microsoft.NET.Sdk.targets(799,5): message :       _CreateAppHost;
       C:\Program Files\dotnet\sdk\10.0.100\Sdks\Microsoft.NET.Sdk\targets\Microsoft.NET.Sdk.targets(799,5): message :       _CreateComHost;
       C:\Program Files\dotnet\sdk\10.0.100\Sdks\Microsoft.NET.Sdk\targets\Microsoft.NET.Sdk.targets(799,5): message :       _GetIjwHostPaths;
       C:\Program Files\dotnet\sdk\10.0.100\Sdks\Microsoft.NET.Sdk\targets\Microsoft.NET.Sdk.targets(799,5): message :     " (previous value: "
       C:\Program Files\dotnet\sdk\10.0.100\Sdks\Microsoft.NET.Sdk\targets\Microsoft.NET.Sdk.targets(799,5): message :       ResolveReferences;
       C:\Program Files\dotnet\sdk\10.0.100\Sdks\Microsoft.NET.Sdk\targets\Microsoft.NET.Sdk.targets(799,5): message :       ResolveKeySource;
       C:\Program Files\dotnet\sdk\10.0.100\Sdks\Microsoft.NET.Sdk\targets\Microsoft.NET.Sdk.targets(799,5): message :       SetWin32ManifestProperties;
       C:\Program Files\dotnet\sdk\10.0.100\Sdks\Microsoft.NET.Sdk\targets\Microsoft.NET.Sdk.targets(799,5): message :       _SetPreferNativeArm64Win32ManifestProperties;
       C:\Program Files\dotnet\sdk\10.0.100\Sdks\Microsoft.NET.Sdk\targets\Microsoft.NET.Sdk.targets(799,5): message :       FindReferenceAssembliesForReferences;
       C:\Program Files\dotnet\sdk\10.0.100\Sdks\Microsoft.NET.Sdk\targets\Microsoft.NET.Sdk.targets(799,5): message :       _GenerateCompileInputs;
       C:\Program Files\dotnet\sdk\10.0.100\Sdks\Microsoft.NET.Sdk\targets\Microsoft.NET.Sdk.targets(799,5): message :       BeforeCompile;
       C:\Program Files\dotnet\sdk\10.0.100\Sdks\Microsoft.NET.Sdk\targets\Microsoft.NET.Sdk.targets(799,5): message :       _TimeStampBeforeCompile;
       C:\Program Files\dotnet\sdk\10.0.100\Sdks\Microsoft.NET.Sdk\targets\Microsoft.NET.Sdk.targets(799,5): message :       _GenerateCompileDependencyCache;
       C:\Program Files\dotnet\sdk\10.0.100\Sdks\Microsoft.NET.Sdk\targets\Microsoft.NET.Sdk.targets(799,5): message :       CoreCompile;
       C:\Program Files\dotnet\sdk\10.0.100\Sdks\Microsoft.NET.Sdk\targets\Microsoft.NET.Sdk.targets(799,5): message :       _TimeStampAfterCompile;
       C:\Program Files\dotnet\sdk\10.0.100\Sdks\Microsoft.NET.Sdk\targets\Microsoft.NET.Sdk.targets(799,5): message :       AfterCompile;
       C:\Program Files\dotnet\sdk\10.0.100\Sdks\Microsoft.NET.Sdk\targets\Microsoft.NET.Sdk.targets(799,5): message :     ") at C:\Program Files\dotnet\sdk\10.0.100\Sdks\Microsoft.NET.Sdk\targets\Microsoft.NET.Sdk.targets (799,5)
       C:\Program Files\dotnet\sdk\10.0.100\Sdks\Microsoft.NET.Sdk\targets\Microsoft.NET.Sdk.targets(1131,5): message : Property reassignment: $(CreateSatelliteAssembliesDependsOn)="
       C:\Program Files\dotnet\sdk\10.0.100\Sdks\Microsoft.NET.Sdk\targets\Microsoft.NET.Sdk.targets(1131,5): message :       
       C:\Program Files\dotnet\sdk\10.0.100\Sdks\Microsoft.NET.Sdk\targets\Microsoft.NET.Sdk.targets(1131,5): message :       ;
       C:\Program Files\dotnet\sdk\10.0.100\Sdks\Microsoft.NET.Sdk\targets\Microsoft.NET.Sdk.targets(1131,5): message :       _GenerateSatelliteAssemblyInputs;
       C:\Program Files\dotnet\sdk\10.0.100\Sdks\Microsoft.NET.Sdk\targets\Microsoft.NET.Sdk.targets(1131,5): message :       ComputeIntermediateSatelliteAssemblies;
       C:\Program Files\dotnet\sdk\10.0.100\Sdks\Microsoft.NET.Sdk\targets\Microsoft.NET.Sdk.targets(1131,5): message :       GenerateSatelliteAssemblies
       C:\Program Files\dotnet\sdk\10.0.100\Sdks\Microsoft.NET.Sdk\targets\Microsoft.NET.Sdk.targets(1131,5): message :     ;
       C:\Program Files\dotnet\sdk\10.0.100\Sdks\Microsoft.NET.Sdk\targets\Microsoft.NET.Sdk.targets(1131,5): message :       CoreGenerateSatelliteAssemblies
       C:\Program Files\dotnet\sdk\10.0.100\Sdks\Microsoft.NET.Sdk\targets\Microsoft.NET.Sdk.targets(1131,5): message :     " (previous value: "
       C:\Program Files\dotnet\sdk\10.0.100\Sdks\Microsoft.NET.Sdk\targets\Microsoft.NET.Sdk.targets(1131,5): message :       ;
       C:\Program Files\dotnet\sdk\10.0.100\Sdks\Microsoft.NET.Sdk\targets\Microsoft.NET.Sdk.targets(1131,5): message :       _GenerateSatelliteAssemblyInputs;
       C:\Program Files\dotnet\sdk\10.0.100\Sdks\Microsoft.NET.Sdk\targets\Microsoft.NET.Sdk.targets(1131,5): message :       ComputeIntermediateSatelliteAssemblies;
       C:\Program Files\dotnet\sdk\10.0.100\Sdks\Microsoft.NET.Sdk\targets\Microsoft.NET.Sdk.targets(1131,5): message :       GenerateSatelliteAssemblies
       C:\Program Files\dotnet\sdk\10.0.100\Sdks\Microsoft.NET.Sdk\targets\Microsoft.NET.Sdk.targets(1131,5): message :     ") at C:\Program Files\dotnet\sdk\10.0.100\Sdks\Microsoft.NET.Sdk\targets\Microsoft.NET.Sdk.targets (1131,5)
       C:\Program Files\dotnet\sdk\10.0.100\Sdks\Microsoft.SourceLink.GitLab\build\Microsoft.SourceLink.GitLab.targets(12,5): message : Property reassignment: $(SourceLinkUrlInitializerTargets)=";_InitializeGitHubSourceLinkUrl;_InitializeGitLabSourceLinkUrl" (previous value: ";_InitializeGitHubSourceLinkUrl") at C:\Program Files\dotnet\sdk\10.0.100\Sdks\Microsoft.SourceLink.GitLab\build\Microsoft.SourceLink.GitLab.targets (12,5)
       C:\Program Files\dotnet\sdk\10.0.100\Sdks\Microsoft.SourceLink.GitLab\build\Microsoft.SourceLink.GitLab.targets(13,5): message : Property reassignment: $(SourceControlManagerUrlTranslationTargets)=";TranslateGitHubUrlsInSourceControlInformation;TranslateGitLabUrlsInSourceControlInformation" (previous value: ";TranslateGitHubUrlsInSourceControlInformation") at C:\Program Files\dotnet\sdk\10.0.100\Sdks\Microsoft.SourceLink.GitLab\build\Microsoft.SourceLink.GitLab.targets (13,5)
       C:\Program Files\dotnet\sdk\10.0.100\Sdks\Microsoft.SourceLink.AzureRepos.Git\build\Microsoft.SourceLink.AzureRepos.Git.targets(12,5): message : Property reassignment: $(SourceLinkUrlInitializerTargets)=";_InitializeGitHubSourceLinkUrl;_InitializeGitLabSourceLinkUrl;_InitializeAzureReposGitSourceLinkUrl" (previous value: ";_InitializeGitHubSourceLinkUrl;_InitializeGitLabSourceLinkUrl") at C:\Program Files\dotnet\sdk\10.0.100\Sdks\Microsoft.SourceLink.AzureRepos.Git\build\Microsoft.SourceLink.AzureRepos.Git.targets (12,5)
       C:\Program Files\dotnet\sdk\10.0.100\Sdks\Microsoft.SourceLink.AzureRepos.Git\build\Microsoft.SourceLink.AzureRepos.Git.targets(13,5): message : Property reassignment: $(SourceControlManagerUrlTranslationTargets)=";TranslateGitHubUrlsInSourceControlInformation;TranslateGitLabUrlsInSourceControlInformation;TranslateAzureReposGitUrlsInSourceControlInformation" (previous value: ";TranslateGitHubUrlsInSourceControlInformation;TranslateGitLabUrlsInSourceControlInformation") at C:\Program Files\dotnet\sdk\10.0.100\Sdks\Microsoft.SourceLink.AzureRepos.Git\build\Microsoft.SourceLink.AzureRepos.Git.targets (13,5)
       C:\Program Files\dotnet\sdk\10.0.100\Sdks\Microsoft.SourceLink.Bitbucket.Git\build\Microsoft.SourceLink.Bitbucket.Git.targets(12,5): message : Property reassignment: $(SourceLinkUrlInitializerTargets)=";_InitializeGitHubSourceLinkUrl;_InitializeGitLabSourceLinkUrl;_InitializeAzureReposGitSourceLinkUrl;_InitializeBitbucketGitSourceLinkUrl" (previous value: ";_InitializeGitHubSourceLinkUrl;_InitializeGitLabSourceLinkUrl;_InitializeAzureReposGitSourceLinkUrl") at C:\Program Files\dotnet\sdk\10.0.100\Sdks\Microsoft.SourceLink.Bitbucket.Git\build\Microsoft.SourceLink.Bitbucket.Git.targets (12,5)
       C:\Program Files\dotnet\sdk\10.0.100\Sdks\Microsoft.SourceLink.Bitbucket.Git\build\Microsoft.SourceLink.Bitbucket.Git.targets(13,5): message : Property reassignment: $(SourceControlManagerUrlTranslationTargets)=";TranslateGitHubUrlsInSourceControlInformation;TranslateGitLabUrlsInSourceControlInformation;TranslateAzureReposGitUrlsInSourceControlInformation;TranslateBitbucketGitUrlsInSourceControlInformation" (previous value: ";TranslateGitHubUrlsInSourceControlInformation;TranslateGitLabUrlsInSourceControlInformation;TranslateAzureReposGitUrlsInSourceControlInformation") at C:\Program Files\dotnet\sdk\10.0.100\Sdks\Microsoft.SourceLink.Bitbucket.Git\build\Microsoft.SourceLink.Bitbucket.Git.targets (13,5)
       C:\Program Files\dotnet\sdk\10.0.100\Sdks\Microsoft.NET.Sdk\targets\Microsoft.NET.DesignerSupport.targets(21,5): message : Property reassignment: $(DesignerRuntimeImplementationProjectOutputGroupDependsOn)="
       C:\Program Files\dotnet\sdk\10.0.100\Sdks\Microsoft.NET.Sdk\targets\Microsoft.NET.DesignerSupport.targets(21,5): message :       
       C:\Program Files\dotnet\sdk\10.0.100\Sdks\Microsoft.NET.Sdk\targets\Microsoft.NET.DesignerSupport.targets(21,5): message :       ;
       C:\Program Files\dotnet\sdk\10.0.100\Sdks\Microsoft.NET.Sdk\targets\Microsoft.NET.DesignerSupport.targets(21,5): message :       
       C:\Program Files\dotnet\sdk\10.0.100\Sdks\Microsoft.NET.Sdk\targets\Microsoft.NET.DesignerSupport.targets(21,5): message :       ;
       C:\Program Files\dotnet\sdk\10.0.100\Sdks\Microsoft.NET.Sdk\targets\Microsoft.NET.DesignerSupport.targets(21,5): message :       BuildOnlySettings;
       C:\Program Files\dotnet\sdk\10.0.100\Sdks\Microsoft.NET.Sdk\targets\Microsoft.NET.DesignerSupport.targets(21,5): message :       PrepareForBuild;
       C:\Program Files\dotnet\sdk\10.0.100\Sdks\Microsoft.NET.Sdk\targets\Microsoft.NET.DesignerSupport.targets(21,5): message :       AssignTargetPaths;
       C:\Program Files\dotnet\sdk\10.0.100\Sdks\Microsoft.NET.Sdk\targets\Microsoft.NET.DesignerSupport.targets(21,5): message :       ResolveReferences
       C:\Program Files\dotnet\sdk\10.0.100\Sdks\Microsoft.NET.Sdk\targets\Microsoft.NET.DesignerSupport.targets(21,5): message :     
       C:\Program Files\dotnet\sdk\10.0.100\Sdks\Microsoft.NET.Sdk\targets\Microsoft.NET.DesignerSupport.targets(21,5): message :     ;
       C:\Program Files\dotnet\sdk\10.0.100\Sdks\Microsoft.NET.Sdk\targets\Microsoft.NET.DesignerSupport.targets(21,5): message :       _GenerateDesignerDepsFile;
       C:\Program Files\dotnet\sdk\10.0.100\Sdks\Microsoft.NET.Sdk\targets\Microsoft.NET.DesignerSupport.targets(21,5): message :       _GenerateDesignerRuntimeConfigFile;
       C:\Program Files\dotnet\sdk\10.0.100\Sdks\Microsoft.NET.Sdk\targets\Microsoft.NET.DesignerSupport.targets(21,5): message :       GetCopyToOutputDirectoryItems;
       C:\Program Files\dotnet\sdk\10.0.100\Sdks\Microsoft.NET.Sdk\targets\Microsoft.NET.DesignerSupport.targets(21,5): message :       _GatherDesignerShadowCopyFiles;
       C:\Program Files\dotnet\sdk\10.0.100\Sdks\Microsoft.NET.Sdk\targets\Microsoft.NET.DesignerSupport.targets(21,5): message :     " (previous value: "
       C:\Program Files\dotnet\sdk\10.0.100\Sdks\Microsoft.NET.Sdk\targets\Microsoft.NET.DesignerSupport.targets(21,5): message :       ;
       C:\Program Files\dotnet\sdk\10.0.100\Sdks\Microsoft.NET.Sdk\targets\Microsoft.NET.DesignerSupport.targets(21,5): message :       
       C:\Program Files\dotnet\sdk\10.0.100\Sdks\Microsoft.NET.Sdk\targets\Microsoft.NET.DesignerSupport.targets(21,5): message :       ;
       C:\Program Files\dotnet\sdk\10.0.100\Sdks\Microsoft.NET.Sdk\targets\Microsoft.NET.DesignerSupport.targets(21,5): message :       BuildOnlySettings;
       C:\Program Files\dotnet\sdk\10.0.100\Sdks\Microsoft.NET.Sdk\targets\Microsoft.NET.DesignerSupport.targets(21,5): message :       PrepareForBuild;
       C:\Program Files\dotnet\sdk\10.0.100\Sdks\Microsoft.NET.Sdk\targets\Microsoft.NET.DesignerSupport.targets(21,5): message :       AssignTargetPaths;
       C:\Program Files\dotnet\sdk\10.0.100\Sdks\Microsoft.NET.Sdk\targets\Microsoft.NET.DesignerSupport.targets(21,5): message :       ResolveReferences
       C:\Program Files\dotnet\sdk\10.0.100\Sdks\Microsoft.NET.Sdk\targets\Microsoft.NET.DesignerSupport.targets(21,5): message :     
       C:\Program Files\dotnet\sdk\10.0.100\Sdks\Microsoft.NET.Sdk\targets\Microsoft.NET.DesignerSupport.targets(21,5): message :     ") at C:\Program Files\dotnet\sdk\10.0.100\Sdks\Microsoft.NET.Sdk\targets\Microsoft.NET.DesignerSupport.targets (21,5)
       C:\Program Files\dotnet\sdk\10.0.100\Sdks\Microsoft.NET.Sdk\targets\Microsoft.NET.Sdk.CSharp.targets(31,5): message : Property reassignment: $(DefineConstants)="TRACE;DEBUG" (previous value: "TRACE") at C:\Program Files\dotnet\sdk\10.0.100\Sdks\Microsoft.NET.Sdk\targets\Microsoft.NET.Sdk.CSharp.targets (31,5)
       C:\Program Files\dotnet\sdk\10.0.100\Sdks\Microsoft.NET.Sdk\targets\Microsoft.NET.Sdk.CSharp.targets(45,5): message : Property reassignment: $(WarningsAsErrors)=";NU1605;SYSLIB0011" (previous value: ";NU1605") at C:\Program Files\dotnet\sdk\10.0.100\Sdks\Microsoft.NET.Sdk\targets\Microsoft.NET.Sdk.CSharp.targets (45,5)
       C:\Program Files\dotnet\sdk\10.0.100\NuGet.Build.Tasks.Pack.targets(34,5): message : Property reassignment: $(PackageDescription)="Package Description" (previous value: "") at C:\Program Files\dotnet\sdk\10.0.100\NuGet.Build.Tasks.Pack.targets (34,5)
       C:\Program Files\dotnet\sdk\10.0.100\NuGet.Build.Tasks.Pack.targets(59,5): message : Property reassignment: $(GenerateNuspecDependsOn)="Build;_LoadPackInputItems; _GetTargetFrameworksOutput; _WalkEachTargetPerFramework; _GetPackageFiles; " (previous value: "_LoadPackInputItems; _GetTargetFrameworksOutput; _WalkEachTargetPerFramework; _GetPackageFiles; ") at C:\Program Files\dotnet\sdk\10.0.100\NuGet.Build.Tasks.Pack.targets (59,5)
       C:\Program Files\dotnet\sdk\10.0.100\Sdks\Microsoft.NET.Sdk\Sdk\Sdk.targets(59,5): message : Property reassignment: $(_IsNotSetContainersTargetsDir)="true" (previous value: "false") at C:\Program Files\dotnet\sdk\10.0.100\Sdks\Microsoft.NET.Sdk\Sdk\Sdk.targets (59,5)
       C:\Program Files\dotnet\sdk\10.0.100\Containers\build\Microsoft.NET.Build.Containers.targets(5,5): message : Property reassignment: $(_IsSDKContainerAllowedVersion)="true" (previous value: "false") at C:\Program Files\dotnet\sdk\10.0.100\Containers\build\Microsoft.NET.Build.Containers.targets (5,5)
       C:\Program Files\dotnet\sdk\10.0.100\Containers\build\Microsoft.NET.Build.Containers.targets(15,5): message : Property reassignment: $(_ContainerIsTargetingNet8TFM)="true" (previous value: "false") at C:\Program Files\dotnet\sdk\10.0.100\Containers\build\Microsoft.NET.Build.Containers.targets (15,5)
       C:\Program Files\dotnet\sdk\10.0.100\Sdks\Microsoft.NET.Sdk.StaticWebAssets\targets\Sdk.StaticWebAssets.CurrentVersion.targets(37,18): message : Property 'DOTNET_HOST_PATH' with value 'C:\Program Files\dotnet\dotnet.exe' expanded from the environment.
       C:\Program Files\dotnet\sdk\10.0.100\Sdks\Microsoft.NET.Sdk.StaticWebAssets\targets\Microsoft.NET.Sdk.StaticWebAssets.targets(286,5): message : Property reassignment: $(PrepareForRunDependsOn)="StaticWebAssetsPrepareForRun;
       C:\Program Files\dotnet\sdk\10.0.100\Sdks\Microsoft.NET.Sdk.StaticWebAssets\targets\Microsoft.NET.Sdk.StaticWebAssets.targets(286,5): message :       CopyFilesToOutputDirectory
       C:\Program Files\dotnet\sdk\10.0.100\Sdks\Microsoft.NET.Sdk.StaticWebAssets\targets\Microsoft.NET.Sdk.StaticWebAssets.targets(286,5): message :     " (previous value: "
       C:\Program Files\dotnet\sdk\10.0.100\Sdks\Microsoft.NET.Sdk.StaticWebAssets\targets\Microsoft.NET.Sdk.StaticWebAssets.targets(286,5): message :       CopyFilesToOutputDirectory
       C:\Program Files\dotnet\sdk\10.0.100\Sdks\Microsoft.NET.Sdk.StaticWebAssets\targets\Microsoft.NET.Sdk.StaticWebAssets.targets(286,5): message :     ") at C:\Program Files\dotnet\sdk\10.0.100\Sdks\Microsoft.NET.Sdk.StaticWebAssets\targets\Microsoft.NET.Sdk.StaticWebAssets.targets (286,5)
       C:\Program Files\dotnet\sdk\10.0.100\Sdks\Microsoft.NET.Sdk.StaticWebAssets\targets\Microsoft.NET.Sdk.StaticWebAssets.targets(323,5): message : Property reassignment: $(GetCopyToOutputDirectoryItemsDependsOn)="
       C:\Program Files\dotnet\sdk\10.0.100\Sdks\Microsoft.NET.Sdk.StaticWebAssets\targets\Microsoft.NET.Sdk.StaticWebAssets.targets(323,5): message :       AssignTargetPaths;
       C:\Program Files\dotnet\sdk\10.0.100\Sdks\Microsoft.NET.Sdk.StaticWebAssets\targets\Microsoft.NET.Sdk.StaticWebAssets.targets(323,5): message :       
       C:\Program Files\dotnet\sdk\10.0.100\Sdks\Microsoft.NET.Sdk.StaticWebAssets\targets\Microsoft.NET.Sdk.StaticWebAssets.targets(323,5): message :       AssignProjectConfiguration;
       C:\Program Files\dotnet\sdk\10.0.100\Sdks\Microsoft.NET.Sdk.StaticWebAssets\targets\Microsoft.NET.Sdk.StaticWebAssets.targets(323,5): message :       _SplitProjectReferencesByFileExistence
       C:\Program Files\dotnet\sdk\10.0.100\Sdks\Microsoft.NET.Sdk.StaticWebAssets\targets\Microsoft.NET.Sdk.StaticWebAssets.targets(323,5): message :     ;
       C:\Program Files\dotnet\sdk\10.0.100\Sdks\Microsoft.NET.Sdk.StaticWebAssets\targets\Microsoft.NET.Sdk.StaticWebAssets.targets(323,5): message :       _GetProjectReferenceTargetFrameworkProperties;
       C:\Program Files\dotnet\sdk\10.0.100\Sdks\Microsoft.NET.Sdk.StaticWebAssets\targets\Microsoft.NET.Sdk.StaticWebAssets.targets(323,5): message :       _PopulateCommonStateForGetCopyToOutputDirectoryItems
       C:\Program Files\dotnet\sdk\10.0.100\Sdks\Microsoft.NET.Sdk.StaticWebAssets\targets\Microsoft.NET.Sdk.StaticWebAssets.targets(323,5): message :     ;AddStaticWebAssetsManifest;AddStaticWebAssetEndpointsBuildManifest" (previous value: "
       C:\Program Files\dotnet\sdk\10.0.100\Sdks\Microsoft.NET.Sdk.StaticWebAssets\targets\Microsoft.NET.Sdk.StaticWebAssets.targets(323,5): message :       AssignTargetPaths;
       C:\Program Files\dotnet\sdk\10.0.100\Sdks\Microsoft.NET.Sdk.StaticWebAssets\targets\Microsoft.NET.Sdk.StaticWebAssets.targets(323,5): message :       
       C:\Program Files\dotnet\sdk\10.0.100\Sdks\Microsoft.NET.Sdk.StaticWebAssets\targets\Microsoft.NET.Sdk.StaticWebAssets.targets(323,5): message :       AssignProjectConfiguration;
       C:\Program Files\dotnet\sdk\10.0.100\Sdks\Microsoft.NET.Sdk.StaticWebAssets\targets\Microsoft.NET.Sdk.StaticWebAssets.targets(323,5): message :       _SplitProjectReferencesByFileExistence
       C:\Program Files\dotnet\sdk\10.0.100\Sdks\Microsoft.NET.Sdk.StaticWebAssets\targets\Microsoft.NET.Sdk.StaticWebAssets.targets(323,5): message :     ;
       C:\Program Files\dotnet\sdk\10.0.100\Sdks\Microsoft.NET.Sdk.StaticWebAssets\targets\Microsoft.NET.Sdk.StaticWebAssets.targets(323,5): message :       _GetProjectReferenceTargetFrameworkProperties;
       C:\Program Files\dotnet\sdk\10.0.100\Sdks\Microsoft.NET.Sdk.StaticWebAssets\targets\Microsoft.NET.Sdk.StaticWebAssets.targets(323,5): message :       _PopulateCommonStateForGetCopyToOutputDirectoryItems
       C:\Program Files\dotnet\sdk\10.0.100\Sdks\Microsoft.NET.Sdk.StaticWebAssets\targets\Microsoft.NET.Sdk.StaticWebAssets.targets(323,5): message :     ") at C:\Program Files\dotnet\sdk\10.0.100\Sdks\Microsoft.NET.Sdk.StaticWebAssets\targets\Microsoft.NET.Sdk.StaticWebAssets.targets (323,5)
       C:\Program Files\dotnet\sdk\10.0.100\Sdks\Microsoft.NET.Sdk.StaticWebAssets\targets\Microsoft.NET.Sdk.StaticWebAssets.Pack.targets(46,5): message : Property reassignment: $(GenerateNuspecDependsOn)="
       C:\Program Files\dotnet\sdk\10.0.100\Sdks\Microsoft.NET.Sdk.StaticWebAssets\targets\Microsoft.NET.Sdk.StaticWebAssets.Pack.targets(46,5): message :       IncludeStaticWebAssetsPackItems;
       C:\Program Files\dotnet\sdk\10.0.100\Sdks\Microsoft.NET.Sdk.StaticWebAssets\targets\Microsoft.NET.Sdk.StaticWebAssets.Pack.targets(46,5): message :       Build;_LoadPackInputItems; _GetTargetFrameworksOutput; _WalkEachTargetPerFramework; _GetPackageFiles; ;
       C:\Program Files\dotnet\sdk\10.0.100\Sdks\Microsoft.NET.Sdk.StaticWebAssets\targets\Microsoft.NET.Sdk.StaticWebAssets.Pack.targets(46,5): message :     " (previous value: "Build;_LoadPackInputItems; _GetTargetFrameworksOutput; _WalkEachTargetPerFramework; _GetPackageFiles; ") at C:\Program Files\dotnet\sdk\10.0.100\Sdks\Microsoft.NET.Sdk.StaticWebAssets\targets\Microsoft.NET.Sdk.StaticWebAssets.Pack.targets (46,5)
       C:\Program Files\dotnet\sdk\10.0.100\Sdks\Microsoft.NET.Sdk.StaticWebAssets\targets\Microsoft.NET.Sdk.StaticWebAssets.Pack.targets(55,5): message : Property reassignment: $(IncludeStaticWebAssetsPackItemsDependsOn)="
       C:\Program Files\dotnet\sdk\10.0.100\Sdks\Microsoft.NET.Sdk.StaticWebAssets\targets\Microsoft.NET.Sdk.StaticWebAssets.Pack.targets(55,5): message :       Build;
       C:\Program Files\dotnet\sdk\10.0.100\Sdks\Microsoft.NET.Sdk.StaticWebAssets\targets\Microsoft.NET.Sdk.StaticWebAssets.Pack.targets(55,5): message :       ResolveStaticWebAssetsConfiguration;LoadStaticWebAssetsBuildManifest
       C:\Program Files\dotnet\sdk\10.0.100\Sdks\Microsoft.NET.Sdk.StaticWebAssets\targets\Microsoft.NET.Sdk.StaticWebAssets.Pack.targets(55,5): message :     ;
       C:\Program Files\dotnet\sdk\10.0.100\Sdks\Microsoft.NET.Sdk.StaticWebAssets\targets\Microsoft.NET.Sdk.StaticWebAssets.Pack.targets(55,5): message :     " (previous value: "
       C:\Program Files\dotnet\sdk\10.0.100\Sdks\Microsoft.NET.Sdk.StaticWebAssets\targets\Microsoft.NET.Sdk.StaticWebAssets.Pack.targets(55,5): message :       ResolveStaticWebAssetsConfiguration;LoadStaticWebAssetsBuildManifest
       C:\Program Files\dotnet\sdk\10.0.100\Sdks\Microsoft.NET.Sdk.StaticWebAssets\targets\Microsoft.NET.Sdk.StaticWebAssets.Pack.targets(55,5): message :     ") at C:\Program Files\dotnet\sdk\10.0.100\Sdks\Microsoft.NET.Sdk.StaticWebAssets\targets\Microsoft.NET.Sdk.StaticWebAssets.Pack.targets (55,5)
       C:\Program Files\dotnet\sdk\10.0.100\Sdks\Microsoft.NET.Sdk.StaticWebAssets\targets\Microsoft.NET.Sdk.StaticWebAssets.ScopedCss.targets(55,3): message : Property reassignment: $(ResolveStaticWebAssetsInputsDependsOn)="
       C:\Program Files\dotnet\sdk\10.0.100\Sdks\Microsoft.NET.Sdk.StaticWebAssets\targets\Microsoft.NET.Sdk.StaticWebAssets.ScopedCss.targets(55,3): message :     
       C:\Program Files\dotnet\sdk\10.0.100\Sdks\Microsoft.NET.Sdk.StaticWebAssets\targets\Microsoft.NET.Sdk.StaticWebAssets.ScopedCss.targets(55,3): message :       ResolveCoreStaticWebAssets;
       C:\Program Files\dotnet\sdk\10.0.100\Sdks\Microsoft.NET.Sdk.StaticWebAssets\targets\Microsoft.NET.Sdk.StaticWebAssets.ScopedCss.targets(55,3): message :       GenerateComputedBuildStaticWebAssets;
       C:\Program Files\dotnet\sdk\10.0.100\Sdks\Microsoft.NET.Sdk.StaticWebAssets\targets\Microsoft.NET.Sdk.StaticWebAssets.ScopedCss.targets(55,3): message :       
       C:\Program Files\dotnet\sdk\10.0.100\Sdks\Microsoft.NET.Sdk.StaticWebAssets\targets\Microsoft.NET.Sdk.StaticWebAssets.ScopedCss.targets(55,3): message :     ;
       C:\Program Files\dotnet\sdk\10.0.100\Sdks\Microsoft.NET.Sdk.StaticWebAssets\targets\Microsoft.NET.Sdk.StaticWebAssets.ScopedCss.targets(55,3): message :     ResolveScopedCssAssets;
       C:\Program Files\dotnet\sdk\10.0.100\Sdks\Microsoft.NET.Sdk.StaticWebAssets\targets\Microsoft.NET.Sdk.StaticWebAssets.ScopedCss.targets(55,3): message :   " (previous value: "
       C:\Program Files\dotnet\sdk\10.0.100\Sdks\Microsoft.NET.Sdk.StaticWebAssets\targets\Microsoft.NET.Sdk.StaticWebAssets.ScopedCss.targets(55,3): message :       ResolveCoreStaticWebAssets;
       C:\Program Files\dotnet\sdk\10.0.100\Sdks\Microsoft.NET.Sdk.StaticWebAssets\targets\Microsoft.NET.Sdk.StaticWebAssets.ScopedCss.targets(55,3): message :       GenerateComputedBuildStaticWebAssets;
       C:\Program Files\dotnet\sdk\10.0.100\Sdks\Microsoft.NET.Sdk.StaticWebAssets\targets\Microsoft.NET.Sdk.StaticWebAssets.ScopedCss.targets(55,3): message :       
       C:\Program Files\dotnet\sdk\10.0.100\Sdks\Microsoft.NET.Sdk.StaticWebAssets\targets\Microsoft.NET.Sdk.StaticWebAssets.ScopedCss.targets(55,3): message :     ") at C:\Program Files\dotnet\sdk\10.0.100\Sdks\Microsoft.NET.Sdk.StaticWebAssets\targets\Microsoft.NET.Sdk.StaticWebAssets.ScopedCss.targets (55,3)
       C:\Program Files\dotnet\sdk\10.0.100\Sdks\Microsoft.NET.Sdk.StaticWebAssets\targets\Microsoft.NET.Sdk.StaticWebAssets.ScopedCss.targets(88,3): message : Property reassignment: $(GenerateComputedBuildStaticWebAssetsDependsOn)="
       C:\Program Files\dotnet\sdk\10.0.100\Sdks\Microsoft.NET.Sdk.StaticWebAssets\targets\Microsoft.NET.Sdk.StaticWebAssets.ScopedCss.targets(88,3): message :     ResolveCoreStaticWebAssets;;
       C:\Program Files\dotnet\sdk\10.0.100\Sdks\Microsoft.NET.Sdk.StaticWebAssets\targets\Microsoft.NET.Sdk.StaticWebAssets.ScopedCss.targets(88,3): message :     BundleScopedCssFiles;
       C:\Program Files\dotnet\sdk\10.0.100\Sdks\Microsoft.NET.Sdk.StaticWebAssets\targets\Microsoft.NET.Sdk.StaticWebAssets.ScopedCss.targets(88,3): message :   " (previous value: "ResolveCoreStaticWebAssets;") at C:\Program Files\dotnet\sdk\10.0.100\Sdks\Microsoft.NET.Sdk.StaticWebAssets\targets\Microsoft.NET.Sdk.StaticWebAssets.ScopedCss.targets (88,3)
       C:\Program Files\dotnet\sdk\10.0.100\Sdks\Microsoft.NET.Sdk.StaticWebAssets\targets\Microsoft.NET.Sdk.StaticWebAssets.JSModules.targets(37,5): message : Property reassignment: $(ResolveCoreStaticWebAssetsDependsOn)="
       C:\Program Files\dotnet\sdk\10.0.100\Sdks\Microsoft.NET.Sdk.StaticWebAssets\targets\Microsoft.NET.Sdk.StaticWebAssets.JSModules.targets(37,5): message :       
       C:\Program Files\dotnet\sdk\10.0.100\Sdks\Microsoft.NET.Sdk.StaticWebAssets\targets\Microsoft.NET.Sdk.StaticWebAssets.JSModules.targets(37,5): message :       UpdateExistingPackageStaticWebAssets;
       C:\Program Files\dotnet\sdk\10.0.100\Sdks\Microsoft.NET.Sdk.StaticWebAssets\targets\Microsoft.NET.Sdk.StaticWebAssets.JSModules.targets(37,5): message :       ResolveProjectStaticWebAssets;
       C:\Program Files\dotnet\sdk\10.0.100\Sdks\Microsoft.NET.Sdk.StaticWebAssets\targets\Microsoft.NET.Sdk.StaticWebAssets.JSModules.targets(37,5): message :       ResolveEmbeddedProjectsStaticWebAssets;
       C:\Program Files\dotnet\sdk\10.0.100\Sdks\Microsoft.NET.Sdk.StaticWebAssets\targets\Microsoft.NET.Sdk.StaticWebAssets.JSModules.targets(37,5): message :       ResolveReferencedProjectsStaticWebAssets;
       C:\Program Files\dotnet\sdk\10.0.100\Sdks\Microsoft.NET.Sdk.StaticWebAssets\targets\Microsoft.NET.Sdk.StaticWebAssets.JSModules.targets(37,5): message :       ;
       C:\Program Files\dotnet\sdk\10.0.100\Sdks\Microsoft.NET.Sdk.StaticWebAssets\targets\Microsoft.NET.Sdk.StaticWebAssets.JSModules.targets(37,5): message :     ;
       C:\Program Files\dotnet\sdk\10.0.100\Sdks\Microsoft.NET.Sdk.StaticWebAssets\targets\Microsoft.NET.Sdk.StaticWebAssets.JSModules.targets(37,5): message :       ResolveJsInitializerModuleStaticWebAssets;
       C:\Program Files\dotnet\sdk\10.0.100\Sdks\Microsoft.NET.Sdk.StaticWebAssets\targets\Microsoft.NET.Sdk.StaticWebAssets.JSModules.targets(37,5): message :     " (previous value: "
       C:\Program Files\dotnet\sdk\10.0.100\Sdks\Microsoft.NET.Sdk.StaticWebAssets\targets\Microsoft.NET.Sdk.StaticWebAssets.JSModules.targets(37,5): message :       UpdateExistingPackageStaticWebAssets;
       C:\Program Files\dotnet\sdk\10.0.100\Sdks\Microsoft.NET.Sdk.StaticWebAssets\targets\Microsoft.NET.Sdk.StaticWebAssets.JSModules.targets(37,5): message :       ResolveProjectStaticWebAssets;
       C:\Program Files\dotnet\sdk\10.0.100\Sdks\Microsoft.NET.Sdk.StaticWebAssets\targets\Microsoft.NET.Sdk.StaticWebAssets.JSModules.targets(37,5): message :       ResolveEmbeddedProjectsStaticWebAssets;
       C:\Program Files\dotnet\sdk\10.0.100\Sdks\Microsoft.NET.Sdk.StaticWebAssets\targets\Microsoft.NET.Sdk.StaticWebAssets.JSModules.targets(37,5): message :       ResolveReferencedProjectsStaticWebAssets;
       C:\Program Files\dotnet\sdk\10.0.100\Sdks\Microsoft.NET.Sdk.StaticWebAssets\targets\Microsoft.NET.Sdk.StaticWebAssets.JSModules.targets(37,5): message :       ;
       C:\Program Files\dotnet\sdk\10.0.100\Sdks\Microsoft.NET.Sdk.StaticWebAssets\targets\Microsoft.NET.Sdk.StaticWebAssets.JSModules.targets(37,5): message :     ") at C:\Program Files\dotnet\sdk\10.0.100\Sdks\Microsoft.NET.Sdk.StaticWebAssets\targets\Microsoft.NET.Sdk.StaticWebAssets.JSModules.targets (37,5)
       C:\Program Files\dotnet\sdk\10.0.100\Sdks\Microsoft.NET.Sdk.StaticWebAssets\targets\Microsoft.NET.Sdk.StaticWebAssets.JSModules.targets(42,5): message : Property reassignment: $(ResolveCoreStaticWebAssetsDependsOn)="
       C:\Program Files\dotnet\sdk\10.0.100\Sdks\Microsoft.NET.Sdk.StaticWebAssets\targets\Microsoft.NET.Sdk.StaticWebAssets.JSModules.targets(42,5): message :       
       C:\Program Files\dotnet\sdk\10.0.100\Sdks\Microsoft.NET.Sdk.StaticWebAssets\targets\Microsoft.NET.Sdk.StaticWebAssets.JSModules.targets(42,5): message :       
       C:\Program Files\dotnet\sdk\10.0.100\Sdks\Microsoft.NET.Sdk.StaticWebAssets\targets\Microsoft.NET.Sdk.StaticWebAssets.JSModules.targets(42,5): message :       UpdateExistingPackageStaticWebAssets;
       C:\Program Files\dotnet\sdk\10.0.100\Sdks\Microsoft.NET.Sdk.StaticWebAssets\targets\Microsoft.NET.Sdk.StaticWebAssets.JSModules.targets(42,5): message :       ResolveProjectStaticWebAssets;
       C:\Program Files\dotnet\sdk\10.0.100\Sdks\Microsoft.NET.Sdk.StaticWebAssets\targets\Microsoft.NET.Sdk.StaticWebAssets.JSModules.targets(42,5): message :       ResolveEmbeddedProjectsStaticWebAssets;
       C:\Program Files\dotnet\sdk\10.0.100\Sdks\Microsoft.NET.Sdk.StaticWebAssets\targets\Microsoft.NET.Sdk.StaticWebAssets.JSModules.targets(42,5): message :       ResolveReferencedProjectsStaticWebAssets;
       C:\Program Files\dotnet\sdk\10.0.100\Sdks\Microsoft.NET.Sdk.StaticWebAssets\targets\Microsoft.NET.Sdk.StaticWebAssets.JSModules.targets(42,5): message :       ;
       C:\Program Files\dotnet\sdk\10.0.100\Sdks\Microsoft.NET.Sdk.StaticWebAssets\targets\Microsoft.NET.Sdk.StaticWebAssets.JSModules.targets(42,5): message :     ;
       C:\Program Files\dotnet\sdk\10.0.100\Sdks\Microsoft.NET.Sdk.StaticWebAssets\targets\Microsoft.NET.Sdk.StaticWebAssets.JSModules.targets(42,5): message :       ResolveJsInitializerModuleStaticWebAssets;
       C:\Program Files\dotnet\sdk\10.0.100\Sdks\Microsoft.NET.Sdk.StaticWebAssets\targets\Microsoft.NET.Sdk.StaticWebAssets.JSModules.targets(42,5): message :     ;
       C:\Program Files\dotnet\sdk\10.0.100\Sdks\Microsoft.NET.Sdk.StaticWebAssets\targets\Microsoft.NET.Sdk.StaticWebAssets.JSModules.targets(42,5): message :       ResolveJSModuleStaticWebAssets;
       C:\Program Files\dotnet\sdk\10.0.100\Sdks\Microsoft.NET.Sdk.StaticWebAssets\targets\Microsoft.NET.Sdk.StaticWebAssets.JSModules.targets(42,5): message :     " (previous value: "
       C:\Program Files\dotnet\sdk\10.0.100\Sdks\Microsoft.NET.Sdk.StaticWebAssets\targets\Microsoft.NET.Sdk.StaticWebAssets.JSModules.targets(42,5): message :       
       C:\Program Files\dotnet\sdk\10.0.100\Sdks\Microsoft.NET.Sdk.StaticWebAssets\targets\Microsoft.NET.Sdk.StaticWebAssets.JSModules.targets(42,5): message :       UpdateExistingPackageStaticWebAssets;
       C:\Program Files\dotnet\sdk\10.0.100\Sdks\Microsoft.NET.Sdk.StaticWebAssets\targets\Microsoft.NET.Sdk.StaticWebAssets.JSModules.targets(42,5): message :       ResolveProjectStaticWebAssets;
       C:\Program Files\dotnet\sdk\10.0.100\Sdks\Microsoft.NET.Sdk.StaticWebAssets\targets\Microsoft.NET.Sdk.StaticWebAssets.JSModules.targets(42,5): message :       ResolveEmbeddedProjectsStaticWebAssets;
       C:\Program Files\dotnet\sdk\10.0.100\Sdks\Microsoft.NET.Sdk.StaticWebAssets\targets\Microsoft.NET.Sdk.StaticWebAssets.JSModules.targets(42,5): message :       ResolveReferencedProjectsStaticWebAssets;
       C:\Program Files\dotnet\sdk\10.0.100\Sdks\Microsoft.NET.Sdk.StaticWebAssets\targets\Microsoft.NET.Sdk.StaticWebAssets.JSModules.targets(42,5): message :       ;
       C:\Program Files\dotnet\sdk\10.0.100\Sdks\Microsoft.NET.Sdk.StaticWebAssets\targets\Microsoft.NET.Sdk.StaticWebAssets.JSModules.targets(42,5): message :     ;
       C:\Program Files\dotnet\sdk\10.0.100\Sdks\Microsoft.NET.Sdk.StaticWebAssets\targets\Microsoft.NET.Sdk.StaticWebAssets.JSModules.targets(42,5): message :       ResolveJsInitializerModuleStaticWebAssets;
       C:\Program Files\dotnet\sdk\10.0.100\Sdks\Microsoft.NET.Sdk.StaticWebAssets\targets\Microsoft.NET.Sdk.StaticWebAssets.JSModules.targets(42,5): message :     ") at C:\Program Files\dotnet\sdk\10.0.100\Sdks\Microsoft.NET.Sdk.StaticWebAssets\targets\Microsoft.NET.Sdk.StaticWebAssets.JSModules.targets (42,5)
       C:\Program Files\dotnet\sdk\10.0.100\Sdks\Microsoft.NET.Sdk.StaticWebAssets\targets\Microsoft.NET.Sdk.StaticWebAssets.JSModules.targets(57,5): message : Property reassignment: $(ResolveStaticWebAssetsInputsDependsOn)="
       C:\Program Files\dotnet\sdk\10.0.100\Sdks\Microsoft.NET.Sdk.StaticWebAssets\targets\Microsoft.NET.Sdk.StaticWebAssets.JSModules.targets(57,5): message :       ResolveJSModuleManifestBuildStaticWebAssets;
       C:\Program Files\dotnet\sdk\10.0.100\Sdks\Microsoft.NET.Sdk.StaticWebAssets\targets\Microsoft.NET.Sdk.StaticWebAssets.JSModules.targets(57,5): message :       
       C:\Program Files\dotnet\sdk\10.0.100\Sdks\Microsoft.NET.Sdk.StaticWebAssets\targets\Microsoft.NET.Sdk.StaticWebAssets.JSModules.targets(57,5): message :     
       C:\Program Files\dotnet\sdk\10.0.100\Sdks\Microsoft.NET.Sdk.StaticWebAssets\targets\Microsoft.NET.Sdk.StaticWebAssets.JSModules.targets(57,5): message :       ResolveCoreStaticWebAssets;
       C:\Program Files\dotnet\sdk\10.0.100\Sdks\Microsoft.NET.Sdk.StaticWebAssets\targets\Microsoft.NET.Sdk.StaticWebAssets.JSModules.targets(57,5): message :       GenerateComputedBuildStaticWebAssets;
       C:\Program Files\dotnet\sdk\10.0.100\Sdks\Microsoft.NET.Sdk.StaticWebAssets\targets\Microsoft.NET.Sdk.StaticWebAssets.JSModules.targets(57,5): message :       
       C:\Program Files\dotnet\sdk\10.0.100\Sdks\Microsoft.NET.Sdk.StaticWebAssets\targets\Microsoft.NET.Sdk.StaticWebAssets.JSModules.targets(57,5): message :     ;
       C:\Program Files\dotnet\sdk\10.0.100\Sdks\Microsoft.NET.Sdk.StaticWebAssets\targets\Microsoft.NET.Sdk.StaticWebAssets.JSModules.targets(57,5): message :     ResolveScopedCssAssets;
       C:\Program Files\dotnet\sdk\10.0.100\Sdks\Microsoft.NET.Sdk.StaticWebAssets\targets\Microsoft.NET.Sdk.StaticWebAssets.JSModules.targets(57,5): message :   
       C:\Program Files\dotnet\sdk\10.0.100\Sdks\Microsoft.NET.Sdk.StaticWebAssets\targets\Microsoft.NET.Sdk.StaticWebAssets.JSModules.targets(57,5): message :     " (previous value: "
       C:\Program Files\dotnet\sdk\10.0.100\Sdks\Microsoft.NET.Sdk.StaticWebAssets\targets\Microsoft.NET.Sdk.StaticWebAssets.JSModules.targets(57,5): message :     
       C:\Program Files\dotnet\sdk\10.0.100\Sdks\Microsoft.NET.Sdk.StaticWebAssets\targets\Microsoft.NET.Sdk.StaticWebAssets.JSModules.targets(57,5): message :       ResolveCoreStaticWebAssets;
       C:\Program Files\dotnet\sdk\10.0.100\Sdks\Microsoft.NET.Sdk.StaticWebAssets\targets\Microsoft.NET.Sdk.StaticWebAssets.JSModules.targets(57,5): message :       GenerateComputedBuildStaticWebAssets;
       C:\Program Files\dotnet\sdk\10.0.100\Sdks\Microsoft.NET.Sdk.StaticWebAssets\targets\Microsoft.NET.Sdk.StaticWebAssets.JSModules.targets(57,5): message :       
       C:\Program Files\dotnet\sdk\10.0.100\Sdks\Microsoft.NET.Sdk.StaticWebAssets\targets\Microsoft.NET.Sdk.StaticWebAssets.JSModules.targets(57,5): message :     ;
       C:\Program Files\dotnet\sdk\10.0.100\Sdks\Microsoft.NET.Sdk.StaticWebAssets\targets\Microsoft.NET.Sdk.StaticWebAssets.JSModules.targets(57,5): message :     ResolveScopedCssAssets;
       C:\Program Files\dotnet\sdk\10.0.100\Sdks\Microsoft.NET.Sdk.StaticWebAssets\targets\Microsoft.NET.Sdk.StaticWebAssets.JSModules.targets(57,5): message :   ") at C:\Program Files\dotnet\sdk\10.0.100\Sdks\Microsoft.NET.Sdk.StaticWebAssets\targets\Microsoft.NET.Sdk.StaticWebAssets.JSModules.targets (57,5)
       C:\Program Files\dotnet\sdk\10.0.100\Sdks\Microsoft.NET.Sdk.StaticWebAssets\targets\Microsoft.NET.Sdk.StaticWebAssets.JSModules.targets(76,5): message : Property reassignment: $(ResolvePublishStaticWebAssetsDependsOn)="
       C:\Program Files\dotnet\sdk\10.0.100\Sdks\Microsoft.NET.Sdk.StaticWebAssets\targets\Microsoft.NET.Sdk.StaticWebAssets.JSModules.targets(76,5): message :       ResolveJSModuleManifestPublishStaticWebAssets;
       C:\Program Files\dotnet\sdk\10.0.100\Sdks\Microsoft.NET.Sdk.StaticWebAssets\targets\Microsoft.NET.Sdk.StaticWebAssets.JSModules.targets(76,5): message :       
       C:\Program Files\dotnet\sdk\10.0.100\Sdks\Microsoft.NET.Sdk.StaticWebAssets\targets\Microsoft.NET.Sdk.StaticWebAssets.JSModules.targets(76,5): message :       ResolveCorePublishStaticWebAssets;
       C:\Program Files\dotnet\sdk\10.0.100\Sdks\Microsoft.NET.Sdk.StaticWebAssets\targets\Microsoft.NET.Sdk.StaticWebAssets.JSModules.targets(76,5): message :       GenerateComputedPublishStaticWebAssets;
       C:\Program Files\dotnet\sdk\10.0.100\Sdks\Microsoft.NET.Sdk.StaticWebAssets\targets\Microsoft.NET.Sdk.StaticWebAssets.JSModules.targets(76,5): message :       ;
       C:\Program Files\dotnet\sdk\10.0.100\Sdks\Microsoft.NET.Sdk.StaticWebAssets\targets\Microsoft.NET.Sdk.StaticWebAssets.JSModules.targets(76,5): message :     
       C:\Program Files\dotnet\sdk\10.0.100\Sdks\Microsoft.NET.Sdk.StaticWebAssets\targets\Microsoft.NET.Sdk.StaticWebAssets.JSModules.targets(76,5): message :     " (previous value: "
       C:\Program Files\dotnet\sdk\10.0.100\Sdks\Microsoft.NET.Sdk.StaticWebAssets\targets\Microsoft.NET.Sdk.StaticWebAssets.JSModules.targets(76,5): message :       ResolveCorePublishStaticWebAssets;
       C:\Program Files\dotnet\sdk\10.0.100\Sdks\Microsoft.NET.Sdk.StaticWebAssets\targets\Microsoft.NET.Sdk.StaticWebAssets.JSModules.targets(76,5): message :       GenerateComputedPublishStaticWebAssets;
       C:\Program Files\dotnet\sdk\10.0.100\Sdks\Microsoft.NET.Sdk.StaticWebAssets\targets\Microsoft.NET.Sdk.StaticWebAssets.JSModules.targets(76,5): message :       ;
       C:\Program Files\dotnet\sdk\10.0.100\Sdks\Microsoft.NET.Sdk.StaticWebAssets\targets\Microsoft.NET.Sdk.StaticWebAssets.JSModules.targets(76,5): message :     ") at C:\Program Files\dotnet\sdk\10.0.100\Sdks\Microsoft.NET.Sdk.StaticWebAssets\targets\Microsoft.NET.Sdk.StaticWebAssets.JSModules.targets (76,5)
       C:\Program Files\dotnet\sdk\10.0.100\Sdks\Microsoft.NET.Sdk.StaticWebAssets\targets\Microsoft.NET.Sdk.StaticWebAssets.Compression.targets(185,5): message : Property reassignment: $(ResolveBuildRelatedStaticWebAssetsDependsOn)="
       C:\Program Files\dotnet\sdk\10.0.100\Sdks\Microsoft.NET.Sdk.StaticWebAssets\targets\Microsoft.NET.Sdk.StaticWebAssets.Compression.targets(185,5): message :       ResolveBuildCompressedStaticWebAssets;
       C:\Program Files\dotnet\sdk\10.0.100\Sdks\Microsoft.NET.Sdk.StaticWebAssets\targets\Microsoft.NET.Sdk.StaticWebAssets.Compression.targets(185,5): message :       
       C:\Program Files\dotnet\sdk\10.0.100\Sdks\Microsoft.NET.Sdk.StaticWebAssets\targets\Microsoft.NET.Sdk.StaticWebAssets.Compression.targets(185,5): message :       ResolveStaticWebAssetsInputs;
       C:\Program Files\dotnet\sdk\10.0.100\Sdks\Microsoft.NET.Sdk.StaticWebAssets\targets\Microsoft.NET.Sdk.StaticWebAssets.Compression.targets(185,5): message :       
       C:\Program Files\dotnet\sdk\10.0.100\Sdks\Microsoft.NET.Sdk.StaticWebAssets\targets\Microsoft.NET.Sdk.StaticWebAssets.Compression.targets(185,5): message :     
       C:\Program Files\dotnet\sdk\10.0.100\Sdks\Microsoft.NET.Sdk.StaticWebAssets\targets\Microsoft.NET.Sdk.StaticWebAssets.Compression.targets(185,5): message :     " (previous value: "
       C:\Program Files\dotnet\sdk\10.0.100\Sdks\Microsoft.NET.Sdk.StaticWebAssets\targets\Microsoft.NET.Sdk.StaticWebAssets.Compression.targets(185,5): message :       ResolveStaticWebAssetsInputs;
       C:\Program Files\dotnet\sdk\10.0.100\Sdks\Microsoft.NET.Sdk.StaticWebAssets\targets\Microsoft.NET.Sdk.StaticWebAssets.Compression.targets(185,5): message :       
       C:\Program Files\dotnet\sdk\10.0.100\Sdks\Microsoft.NET.Sdk.StaticWebAssets\targets\Microsoft.NET.Sdk.StaticWebAssets.Compression.targets(185,5): message :     ") at C:\Program Files\dotnet\sdk\10.0.100\Sdks\Microsoft.NET.Sdk.StaticWebAssets\targets\Microsoft.NET.Sdk.StaticWebAssets.Compression.targets (185,5)
       C:\Program Files\dotnet\sdk\10.0.100\Sdks\Microsoft.NET.Sdk.StaticWebAssets\targets\Microsoft.NET.Sdk.StaticWebAssets.Compression.targets(204,5): message : Property reassignment: $(ResolvePublishRelatedStaticWebAssetsDependsOn)="
       C:\Program Files\dotnet\sdk\10.0.100\Sdks\Microsoft.NET.Sdk.StaticWebAssets\targets\Microsoft.NET.Sdk.StaticWebAssets.Compression.targets(204,5): message :       ResolvePublishCompressedStaticWebAssets;
       C:\Program Files\dotnet\sdk\10.0.100\Sdks\Microsoft.NET.Sdk.StaticWebAssets\targets\Microsoft.NET.Sdk.StaticWebAssets.Compression.targets(204,5): message :       
       C:\Program Files\dotnet\sdk\10.0.100\Sdks\Microsoft.NET.Sdk.StaticWebAssets\targets\Microsoft.NET.Sdk.StaticWebAssets.Compression.targets(204,5): message :     " (previous value: "") at C:\Program Files\dotnet\sdk\10.0.100\Sdks\Microsoft.NET.Sdk.StaticWebAssets\targets\Microsoft.NET.Sdk.StaticWebAssets.Compression.targets (204,5)
       C:\Program Files\dotnet\sdk\10.0.100\Sdks\Microsoft.NET.Sdk.Razor\targets\Sdk.Razor.CurrentVersion.targets(220,5): message : Property reassignment: $(DebugSymbolsProjectOutputGroupDependsOn)="
       C:\Program Files\dotnet\sdk\10.0.100\Sdks\Microsoft.NET.Sdk.Razor\targets\Sdk.Razor.CurrentVersion.targets(220,5): message :       ;
       C:\Program Files\dotnet\sdk\10.0.100\Sdks\Microsoft.NET.Sdk.Razor\targets\Sdk.Razor.CurrentVersion.targets(220,5): message :       _RazorAddDebugSymbolsProjectOutputGroupOutput
       C:\Program Files\dotnet\sdk\10.0.100\Sdks\Microsoft.NET.Sdk.Razor\targets\Sdk.Razor.CurrentVersion.targets(220,5): message :     " (previous value: "") at C:\Program Files\dotnet\sdk\10.0.100\Sdks\Microsoft.NET.Sdk.Razor\targets\Sdk.Razor.CurrentVersion.targets (220,5)
       C:\Program Files\dotnet\sdk\10.0.100\Sdks\Microsoft.NET.Sdk.Razor\targets\Sdk.Razor.CurrentVersion.targets(225,5): message : Property reassignment: $(PrepareForBuildDependsOn)="
       C:\Program Files\dotnet\sdk\10.0.100\Sdks\Microsoft.NET.Sdk.Razor\targets\Sdk.Razor.CurrentVersion.targets(225,5): message :       ;GetFrameworkPaths;GetReferenceAssemblyPaths;AssignLinkMetadata;
       C:\Program Files\dotnet\sdk\10.0.100\Sdks\Microsoft.NET.Sdk.Razor\targets\Sdk.Razor.CurrentVersion.targets(225,5): message :       ResolveRazorGenerateInputs
       C:\Program Files\dotnet\sdk\10.0.100\Sdks\Microsoft.NET.Sdk.Razor\targets\Sdk.Razor.CurrentVersion.targets(225,5): message :     " (previous value: ";GetFrameworkPaths;GetReferenceAssemblyPaths;AssignLinkMetadata") at C:\Program Files\dotnet\sdk\10.0.100\Sdks\Microsoft.NET.Sdk.Razor\targets\Sdk.Razor.CurrentVersion.targets (225,5)
       C:\Program Files\dotnet\sdk\10.0.100\Sdks\Microsoft.NET.Sdk.Razor\targets\Sdk.Razor.CurrentVersion.targets(230,5): message : Property reassignment: $(GenerateNuspecDependsOn)="
       C:\Program Files\dotnet\sdk\10.0.100\Sdks\Microsoft.NET.Sdk.Razor\targets\Sdk.Razor.CurrentVersion.targets(230,5): message :       ResolveRazorGenerateInputs;
       C:\Program Files\dotnet\sdk\10.0.100\Sdks\Microsoft.NET.Sdk.Razor\targets\Sdk.Razor.CurrentVersion.targets(230,5): message :       
       C:\Program Files\dotnet\sdk\10.0.100\Sdks\Microsoft.NET.Sdk.Razor\targets\Sdk.Razor.CurrentVersion.targets(230,5): message :       IncludeStaticWebAssetsPackItems;
       C:\Program Files\dotnet\sdk\10.0.100\Sdks\Microsoft.NET.Sdk.Razor\targets\Sdk.Razor.CurrentVersion.targets(230,5): message :       Build;_LoadPackInputItems; _GetTargetFrameworksOutput; _WalkEachTargetPerFramework; _GetPackageFiles; ;
       C:\Program Files\dotnet\sdk\10.0.100\Sdks\Microsoft.NET.Sdk.Razor\targets\Sdk.Razor.CurrentVersion.targets(230,5): message :     
       C:\Program Files\dotnet\sdk\10.0.100\Sdks\Microsoft.NET.Sdk.Razor\targets\Sdk.Razor.CurrentVersion.targets(230,5): message :     " (previous value: "
       C:\Program Files\dotnet\sdk\10.0.100\Sdks\Microsoft.NET.Sdk.Razor\targets\Sdk.Razor.CurrentVersion.targets(230,5): message :       IncludeStaticWebAssetsPackItems;
       C:\Program Files\dotnet\sdk\10.0.100\Sdks\Microsoft.NET.Sdk.Razor\targets\Sdk.Razor.CurrentVersion.targets(230,5): message :       Build;_LoadPackInputItems; _GetTargetFrameworksOutput; _WalkEachTargetPerFramework; _GetPackageFiles; ;
       C:\Program Files\dotnet\sdk\10.0.100\Sdks\Microsoft.NET.Sdk.Razor\targets\Sdk.Razor.CurrentVersion.targets(230,5): message :     ") at C:\Program Files\dotnet\sdk\10.0.100\Sdks\Microsoft.NET.Sdk.Razor\targets\Sdk.Razor.CurrentVersion.targets (230,5)
       C:\Program Files\dotnet\sdk\10.0.100\Sdks\Microsoft.NET.Sdk.Razor\targets\Sdk.Razor.CurrentVersion.targets(235,5): message : Property reassignment: $(PrepareForRunDependsOn)="
       C:\Program Files\dotnet\sdk\10.0.100\Sdks\Microsoft.NET.Sdk.Razor\targets\Sdk.Razor.CurrentVersion.targets(235,5): message :       _RazorPrepareForRun;
       C:\Program Files\dotnet\sdk\10.0.100\Sdks\Microsoft.NET.Sdk.Razor\targets\Sdk.Razor.CurrentVersion.targets(235,5): message :       StaticWebAssetsPrepareForRun;
       C:\Program Files\dotnet\sdk\10.0.100\Sdks\Microsoft.NET.Sdk.Razor\targets\Sdk.Razor.CurrentVersion.targets(235,5): message :       CopyFilesToOutputDirectory
       C:\Program Files\dotnet\sdk\10.0.100\Sdks\Microsoft.NET.Sdk.Razor\targets\Sdk.Razor.CurrentVersion.targets(235,5): message :     
       C:\Program Files\dotnet\sdk\10.0.100\Sdks\Microsoft.NET.Sdk.Razor\targets\Sdk.Razor.CurrentVersion.targets(235,5): message :     " (previous value: "StaticWebAssetsPrepareForRun;
       C:\Program Files\dotnet\sdk\10.0.100\Sdks\Microsoft.NET.Sdk.Razor\targets\Sdk.Razor.CurrentVersion.targets(235,5): message :       CopyFilesToOutputDirectory
       C:\Program Files\dotnet\sdk\10.0.100\Sdks\Microsoft.NET.Sdk.Razor\targets\Sdk.Razor.CurrentVersion.targets(235,5): message :     ") at C:\Program Files\dotnet\sdk\10.0.100\Sdks\Microsoft.NET.Sdk.Razor\targets\Sdk.Razor.CurrentVersion.targets (235,5)
       C:\Program Files\dotnet\sdk\10.0.100\Sdks\Microsoft.NET.Sdk.Razor\targets\Sdk.Razor.CurrentVersion.targets(326,5): message : Property reassignment: $(UseRazorBuildServer)="true" (previous value: "") at C:\Program Files\dotnet\sdk\10.0.100\Sdks\Microsoft.NET.Sdk.Razor\targets\Sdk.Razor.CurrentVersion.targets (326,5)
       C:\Program Files\dotnet\sdk\10.0.100\Sdks\Microsoft.NET.Sdk.Razor\targets\Sdk.Razor.CurrentVersion.targets(332,5): message : Property reassignment: $(_RazorDebugSymbolsProduced)="true" (previous value: "false") at C:\Program Files\dotnet\sdk\10.0.100\Sdks\Microsoft.NET.Sdk.Razor\targets\Sdk.Razor.CurrentVersion.targets (332,5)
       C:\Program Files\dotnet\sdk\10.0.100\Sdks\Microsoft.NET.Sdk.Razor\targets\Microsoft.NET.Sdk.Razor.GenerateAssemblyInfo.targets(36,5): message : Property reassignment: $(GenerateRazorTargetAssemblyInfoDependsOn)="
       C:\Program Files\dotnet\sdk\10.0.100\Sdks\Microsoft.NET.Sdk.Razor\targets\Microsoft.NET.Sdk.Razor.GenerateAssemblyInfo.targets(36,5): message :       _ResolveMvcAssemblyAttributes;
       C:\Program Files\dotnet\sdk\10.0.100\Sdks\Microsoft.NET.Sdk.Razor\targets\Microsoft.NET.Sdk.Razor.GenerateAssemblyInfo.targets(36,5): message :       
       C:\Program Files\dotnet\sdk\10.0.100\Sdks\Microsoft.NET.Sdk.Razor\targets\Microsoft.NET.Sdk.Razor.GenerateAssemblyInfo.targets(36,5): message :       GetRazorTargetAssemblyAttributes;
       C:\Program Files\dotnet\sdk\10.0.100\Sdks\Microsoft.NET.Sdk.Razor\targets\Microsoft.NET.Sdk.Razor.GenerateAssemblyInfo.targets(36,5): message :       _CreateRazorTargetAssemblyInfoInputsCacheFile;
       C:\Program Files\dotnet\sdk\10.0.100\Sdks\Microsoft.NET.Sdk.Razor\targets\Microsoft.NET.Sdk.Razor.GenerateAssemblyInfo.targets(36,5): message :       CoreGenerateRazorTargetAssemblyInfo
       C:\Program Files\dotnet\sdk\10.0.100\Sdks\Microsoft.NET.Sdk.Razor\targets\Microsoft.NET.Sdk.Razor.GenerateAssemblyInfo.targets(36,5): message :     
       C:\Program Files\dotnet\sdk\10.0.100\Sdks\Microsoft.NET.Sdk.Razor\targets\Microsoft.NET.Sdk.Razor.GenerateAssemblyInfo.targets(36,5): message :     " (previous value: "
       C:\Program Files\dotnet\sdk\10.0.100\Sdks\Microsoft.NET.Sdk.Razor\targets\Microsoft.NET.Sdk.Razor.GenerateAssemblyInfo.targets(36,5): message :       GetRazorTargetAssemblyAttributes;
       C:\Program Files\dotnet\sdk\10.0.100\Sdks\Microsoft.NET.Sdk.Razor\targets\Microsoft.NET.Sdk.Razor.GenerateAssemblyInfo.targets(36,5): message :       _CreateRazorTargetAssemblyInfoInputsCacheFile;
       C:\Program Files\dotnet\sdk\10.0.100\Sdks\Microsoft.NET.Sdk.Razor\targets\Microsoft.NET.Sdk.Razor.GenerateAssemblyInfo.targets(36,5): message :       CoreGenerateRazorTargetAssemblyInfo
       C:\Program Files\dotnet\sdk\10.0.100\Sdks\Microsoft.NET.Sdk.Razor\targets\Microsoft.NET.Sdk.Razor.GenerateAssemblyInfo.targets(36,5): message :     ") at C:\Program Files\dotnet\sdk\10.0.100\Sdks\Microsoft.NET.Sdk.Razor\targets\Microsoft.NET.Sdk.Razor.GenerateAssemblyInfo.targets (36,5)
       C:\Program Files\dotnet\sdk\10.0.100\Sdks\Microsoft.NET.Sdk.Razor\targets\Microsoft.NET.Sdk.Razor.GenerateAssemblyInfo.targets(181,5): message : Property reassignment: $(CoreCompileDependsOn)="
       C:\Program Files\dotnet\sdk\10.0.100\Sdks\Microsoft.NET.Sdk.Razor\targets\Microsoft.NET.Sdk.Razor.GenerateAssemblyInfo.targets(181,5): message :       ;_ComputeNonExistentFileProperty;ResolveCodeAnalysisRuleSet;
       C:\Program Files\dotnet\sdk\10.0.100\Sdks\Microsoft.NET.Sdk.Razor\targets\Microsoft.NET.Sdk.Razor.GenerateAssemblyInfo.targets(181,5): message :       _GenerateRazorAssemblyInfo
       C:\Program Files\dotnet\sdk\10.0.100\Sdks\Microsoft.NET.Sdk.Razor\targets\Microsoft.NET.Sdk.Razor.GenerateAssemblyInfo.targets(181,5): message :     " (previous value: ";_ComputeNonExistentFileProperty;ResolveCodeAnalysisRuleSet") at C:\Program Files\dotnet\sdk\10.0.100\Sdks\Microsoft.NET.Sdk.Razor\targets\Microsoft.NET.Sdk.Razor.GenerateAssemblyInfo.targets (181,5)
       C:\Program Files\dotnet\sdk\10.0.100\Sdks\Microsoft.NET.Sdk.Razor\targets\Microsoft.NET.Sdk.Razor.GenerateAssemblyInfo.targets(189,5): message : Property reassignment: $(_GenerateRazorAssemblyInfoDependsOn)="
       C:\Program Files\dotnet\sdk\10.0.100\Sdks\Microsoft.NET.Sdk.Razor\targets\Microsoft.NET.Sdk.Razor.GenerateAssemblyInfo.targets(189,5): message :       _ResolveMvcAssemblyAttributes;
       C:\Program Files\dotnet\sdk\10.0.100\Sdks\Microsoft.NET.Sdk.Razor\targets\Microsoft.NET.Sdk.Razor.GenerateAssemblyInfo.targets(189,5): message :       RazorGetAssemblyAttributes;PrepareForBuild;_CoreGenerateRazorAssemblyInfo;
       C:\Program Files\dotnet\sdk\10.0.100\Sdks\Microsoft.NET.Sdk.Razor\targets\Microsoft.NET.Sdk.Razor.GenerateAssemblyInfo.targets(189,5): message :     " (previous value: "RazorGetAssemblyAttributes;PrepareForBuild;_CoreGenerateRazorAssemblyInfo") at C:\Program Files\dotnet\sdk\10.0.100\Sdks\Microsoft.NET.Sdk.Razor\targets\Microsoft.NET.Sdk.Razor.GenerateAssemblyInfo.targets (189,5)
       C:\Program Files\dotnet\sdk\10.0.100\Sdks\Microsoft.NET.Sdk.Razor\targets\Microsoft.NET.Sdk.Razor.MvcApplicationPartsDiscovery.targets(22,5): message : Property reassignment: $(CoreCompileDependsOn)="
       C:\Program Files\dotnet\sdk\10.0.100\Sdks\Microsoft.NET.Sdk.Razor\targets\Microsoft.NET.Sdk.Razor.MvcApplicationPartsDiscovery.targets(22,5): message :       _DiscoverMvcApplicationParts;
       C:\Program Files\dotnet\sdk\10.0.100\Sdks\Microsoft.NET.Sdk.Razor\targets\Microsoft.NET.Sdk.Razor.MvcApplicationPartsDiscovery.targets(22,5): message :       
       C:\Program Files\dotnet\sdk\10.0.100\Sdks\Microsoft.NET.Sdk.Razor\targets\Microsoft.NET.Sdk.Razor.MvcApplicationPartsDiscovery.targets(22,5): message :       ;_ComputeNonExistentFileProperty;ResolveCodeAnalysisRuleSet;
       C:\Program Files\dotnet\sdk\10.0.100\Sdks\Microsoft.NET.Sdk.Razor\targets\Microsoft.NET.Sdk.Razor.MvcApplicationPartsDiscovery.targets(22,5): message :       _GenerateRazorAssemblyInfo
       C:\Program Files\dotnet\sdk\10.0.100\Sdks\Microsoft.NET.Sdk.Razor\targets\Microsoft.NET.Sdk.Razor.MvcApplicationPartsDiscovery.targets(22,5): message :     ;
       C:\Program Files\dotnet\sdk\10.0.100\Sdks\Microsoft.NET.Sdk.Razor\targets\Microsoft.NET.Sdk.Razor.MvcApplicationPartsDiscovery.targets(22,5): message :     " (previous value: "
       C:\Program Files\dotnet\sdk\10.0.100\Sdks\Microsoft.NET.Sdk.Razor\targets\Microsoft.NET.Sdk.Razor.MvcApplicationPartsDiscovery.targets(22,5): message :       ;_ComputeNonExistentFileProperty;ResolveCodeAnalysisRuleSet;
       C:\Program Files\dotnet\sdk\10.0.100\Sdks\Microsoft.NET.Sdk.Razor\targets\Microsoft.NET.Sdk.Razor.MvcApplicationPartsDiscovery.targets(22,5): message :       _GenerateRazorAssemblyInfo
       C:\Program Files\dotnet\sdk\10.0.100\Sdks\Microsoft.NET.Sdk.Razor\targets\Microsoft.NET.Sdk.Razor.MvcApplicationPartsDiscovery.targets(22,5): message :     ") at C:\Program Files\dotnet\sdk\10.0.100\Sdks\Microsoft.NET.Sdk.Razor\targets\Microsoft.NET.Sdk.Razor.MvcApplicationPartsDiscovery.targets (22,5)
       C:\Program Files\dotnet\sdk\10.0.100\Sdks\Microsoft.NET.Sdk.Razor\targets\Sdk.Razor.CurrentVersion.targets(884,5): message : Property reassignment: $(RazorDesignTimeTargets)="C:\Program Files\dotnet\sdk\10.0.100\Sdks\Microsoft.NET.Sdk.Razor\targets\Microsoft.NET.Sdk.Razor.DesignTime.targets" (previous value: "C:\Program Files\dotnet\sdk\10.0.100\\Microsoft\VisualStudio\Razor\Microsoft.NET.Sdk.Razor.DesignTime.targets") at C:\Program Files\dotnet\sdk\10.0.100\Sdks\Microsoft.NET.Sdk.Razor\targets\Sdk.Razor.CurrentVersion.targets (884,5)
       C:\Program Files\dotnet\sdk\10.0.100\Sdks\Microsoft.NET.Sdk.Web.ProjectSystem\targets\Microsoft.NET.Sdk.Web.ProjectSystem.targets(21,5): message : Property reassignment: $(RunWorkingDirectory)="C:\Users\toduc\Downloads\SmartStay" (previous value: "") at C:\Program Files\dotnet\sdk\10.0.100\Sdks\Microsoft.NET.Sdk.Web.ProjectSystem\targets\Microsoft.NET.Sdk.Web.ProjectSystem.targets (21,5)
       C:\Program Files\dotnet\sdk\10.0.100\Sdks\Microsoft.NET.Sdk.Publish\targets\Microsoft.NET.Sdk.Publish.targets(60,5): message : Property reassignment: $(PublishProfileImported)="true" (previous value: "false") at C:\Program Files\dotnet\sdk\10.0.100\Sdks\Microsoft.NET.Sdk.Publish\targets\Microsoft.NET.Sdk.Publish.targets (60,5)
       C:\Program Files\dotnet\sdk\10.0.100\Sdks\Microsoft.NET.Sdk.Publish\targets\Microsoft.NET.Sdk.Publish.targets(81,5): message : Property reassignment: $(PublishConfiguration)="Debug" (previous value: "") at C:\Program Files\dotnet\sdk\10.0.100\Sdks\Microsoft.NET.Sdk.Publish\targets\Microsoft.NET.Sdk.Publish.targets (81,5)
       C:\Program Files\dotnet\sdk\10.0.100\Sdks\Microsoft.NET.Sdk.Publish\targets\Microsoft.NET.Sdk.Publish.targets(87,5): message : Property reassignment: $(BaseIntermediateOutputPath)="C:\Users\toduc\Downloads\SmartStay\obj\" (previous value: "obj\") at C:\Program Files\dotnet\sdk\10.0.100\Sdks\Microsoft.NET.Sdk.Publish\targets\Microsoft.NET.Sdk.Publish.targets (87,5)
       Overriding target "ResolveFrameworkReferences" in project "C:\Program Files\dotnet\sdk\10.0.100\Microsoft.Common.CurrentVersion.targets" with target "ResolveFrameworkReferences" from project "C:\Program Files\dotnet\sdk\10.0.100\Sdks\Microsoft.NET.Sdk\targets\Microsoft.NET.Sdk.FrameworkReferenceResolution.targets".
       Overriding target "GenerateSupportedTargetFrameworkAlias" in project "C:\Program Files\dotnet\sdk\10.0.100\Microsoft.Common.CurrentVersion.targets" with target "GenerateSupportedTargetFrameworkAlias" from project "C:\Program Files\dotnet\sdk\10.0.100\Sdks\Microsoft.NET.Sdk\targets\Microsoft.NET.Sdk.targets".
       Overriding target "GetReferenceAssemblyPaths" in project "C:\Program Files\dotnet\sdk\10.0.100\Microsoft.Common.CurrentVersion.targets" with target "GetReferenceAssemblyPaths" from project "C:\Program Files\dotnet\sdk\10.0.100\Sdks\Microsoft.NET.Sdk\targets\Microsoft.NET.DisableStandardFrameworkResolution.targets".
       Overriding target "GetFrameworkPaths" in project "C:\Program Files\dotnet\sdk\10.0.100\Microsoft.Common.CurrentVersion.targets" with target "GetFrameworkPaths" from project "C:\Program Files\dotnet\sdk\10.0.100\Sdks\Microsoft.NET.Sdk\targets\Microsoft.NET.DisableStandardFrameworkResolution.targets".
       Overriding target "DesignerRuntimeImplementationProjectOutputGroup" in project "C:\Program Files\dotnet\sdk\10.0.100\Microsoft.Common.CurrentVersion.targets" with target "DesignerRuntimeImplementationProjectOutputGroup" from project "C:\Program Files\dotnet\sdk\10.0.100\Sdks\Microsoft.NET.Sdk\targets\Microsoft.NET.DesignerSupport.targets".
       Overriding target "Publish" in project "C:\Program Files\dotnet\sdk\10.0.100\Microsoft.Common.CurrentVersion.targets" with target "Publish" from project "C:\Program Files\dotnet\sdk\10.0.100\Sdks\Microsoft.NET.Sdk\targets\Microsoft.NET.Publish.targets".
       Overriding target "ResolveReadyToRunCompilers" in project "C:\Program Files\dotnet\sdk\10.0.100\Sdks\Microsoft.NET.Sdk\targets\Microsoft.NET.CrossGen.targets" with target "ResolveReadyToRunCompilers" from project "C:\Program Files\dotnet\sdk\10.0.100\Sdks\Microsoft.NET.Sdk\targets\Microsoft.NET.Publish.targets".
       Overriding target "GetCopyToPublishDirectoryItems" in project "C:\Program Files\dotnet\sdk\10.0.100\Microsoft.Common.CurrentVersion.targets" with target "GetCopyToPublishDirectoryItems" from project "C:\Program Files\dotnet\sdk\10.0.100\Sdks\Microsoft.NET.Sdk\targets\Microsoft.NET.Publish.targets".
       Overriding target "Run" in project "C:\Program Files\dotnet\sdk\10.0.100\Microsoft.Common.CurrentVersion.targets" with target "Run" from project "C:\Program Files\dotnet\sdk\10.0.100\Sdks\Microsoft.NET.Sdk\targets\Microsoft.NET.Sdk.targets".
       Overriding target "BeforePublish" in project "C:\Program Files\dotnet\sdk\10.0.100\Microsoft.Common.CurrentVersion.targets" with target "BeforePublish" from project "C:\Program Files\dotnet\sdk\10.0.100\Sdks\Microsoft.NET.Sdk.Publish\targets\Microsoft.NET.Sdk.Publish.targets".
       Overriding target "AfterPublish" in project "C:\Program Files\dotnet\sdk\10.0.100\Microsoft.Common.CurrentVersion.targets" with target "AfterPublish" from project "C:\Program Files\dotnet\sdk\10.0.100\Sdks\Microsoft.NET.Sdk.Publish\targets\Microsoft.NET.Sdk.Publish.targets".
       The target "ResolveNuGetPackageAssets" listed in an AfterTargets attribute at "C:\Users\toduc\.nuget\packages\system.text.json\8.0.0\buildTransitive\net6.0\System.Text.Json.targets (11,11)" does not exist in the project, and will be ignored.
       The target "ResolveNuGetPackageAssets" listed in an AfterTargets attribute at "C:\Users\toduc\.nuget\packages\system.text.json\8.0.0\buildTransitive\net6.0\System.Text.Json.targets (23,11)" does not exist in the project, and will be ignored.
       The target "ResolveNuGetPackageAssets" listed in an AfterTargets attribute at "C:\Users\toduc\.nuget\packages\microsoft.extensions.options\8.0.2\buildTransitive\net6.0\Microsoft.Extensions.Options.targets (11,11)" does not exist in the project, and will be ignored.
       The target "ResolveNuGetPackageAssets" listed in an AfterTargets attribute at "C:\Users\toduc\.nuget\packages\microsoft.extensions.options\8.0.2\buildTransitive\net6.0\Microsoft.Extensions.Options.targets (23,11)" does not exist in the project, and will be ignored.
       The target "ResolveNuGetPackageAssets" listed in an AfterTargets attribute at "C:\Users\toduc\.nuget\packages\microsoft.extensions.logging.abstractions\8.0.2\buildTransitive\net6.0\Microsoft.Extensions.Logging.Abstractions.targets (11,11)" does not exist in the project, and will be ignored.
       The target "ResolveNuGetPackageAssets" listed in an AfterTargets attribute at "C:\Users\toduc\.nuget\packages\microsoft.extensions.logging.abstractions\8.0.2\buildTransitive\net6.0\Microsoft.Extensions.Logging.Abstractions.targets (23,11)" does not exist in the project, and will be ignored.
       The target "CollectUpToDateCheckInputDesignTime" listed in a BeforeTargets attribute at "C:\Program Files\dotnet\sdk\10.0.100\Sdks\Microsoft.NET.Sdk.StaticWebAssets\targets\Microsoft.NET.Sdk.StaticWebAssets.ScopedCss.targets (171,5)" does not exist in the project, and will be ignored.
       The target "CollectUpToDateCheckBuiltDesignTime" listed in a BeforeTargets attribute at "C:\Program Files\dotnet\sdk\10.0.100\Sdks\Microsoft.NET.Sdk.StaticWebAssets\targets\Microsoft.NET.Sdk.StaticWebAssets.ScopedCss.targets (171,5)" does not exist in the project, and will be ignored.
       The target "RazorGenerateComponentDeclaration" listed in an AfterTargets attribute at "C:\Program Files\dotnet\sdk\10.0.100\Sdks\Microsoft.NET.Sdk.Razor\targets\Microsoft.NET.Sdk.Razor.DesignTime.targets (55,53)" does not exist in the project, and will be ignored.
   1:7>Project "C:\Users\toduc\Downloads\SmartStay\do_an_tot_nghiep.csproj" on node 1 (default targets).
   1:7>Target "_CollectTargetFrameworkForTelemetry" in file "C:\Program Files\dotnet\sdk\10.0.100\Sdks\Microsoft.NET.Sdk\targets\Microsoft.NET.TargetFrameworkInference.targets" from project "C:\Users\toduc\Downloads\SmartStay\do_an_tot_nghiep.csproj" (target "_CheckForInvalidConfigurationAndPlatform" depends on it):
   1:7>Using "AllowEmptyTelemetry" task from assembly "C:\Program Files\dotnet\sdk\10.0.100\Sdks\Microsoft.NET.Sdk\targets\..\tools\net10.0\Microsoft.NET.Build.Tasks.dll".
       Task "AllowEmptyTelemetry"
       Done executing task "AllowEmptyTelemetry".
   1:7>Done building target "_CollectTargetFrameworkForTelemetry" in project "do_an_tot_nghiep.csproj".
   1:7>Target "_CheckForUnsupportedNETCoreVersion" in file "C:\Program Files\dotnet\sdk\10.0.100\Sdks\Microsoft.NET.Sdk\targets\Microsoft.NET.TargetFrameworkInference.targets" from project "C:\Users\toduc\Downloads\SmartStay\do_an_tot_nghiep.csproj" (target "_CheckForInvalidConfigurationAndPlatform" depends on it):
   1:7>Done building target "_CheckForUnsupportedNETCoreVersion" in project "do_an_tot_nghiep.csproj".
   1:7>Target "_CheckForUnsupportedCppNETCoreVersion" in file "C:\Program Files\dotnet\sdk\10.0.100\Sdks\Microsoft.NET.Sdk\targets\Microsoft.NET.TargetFrameworkInference.targets" from project "C:\Users\toduc\Downloads\SmartStay\do_an_tot_nghiep.csproj" (target "_CheckForInvalidConfigurationAndPlatform" depends on it):
   1:7>Done building target "_CheckForUnsupportedCppNETCoreVersion" in project "do_an_tot_nghiep.csproj".
   1:7>Target "_CheckForUnsupportedArtifactsPath" in file "C:\Program Files\dotnet\sdk\10.0.100\Sdks\Microsoft.NET.Sdk\targets\Microsoft.NET.DefaultOutputPaths.targets" from project "C:\Users\toduc\Downloads\SmartStay\do_an_tot_nghiep.csproj" (target "_CheckForInvalidConfigurationAndPlatform" depends on it):
   1:7>Done building target "_CheckForUnsupportedArtifactsPath" in project "do_an_tot_nghiep.csproj".
   1:7>Target "_CheckRIDAsserts" in file "C:\Program Files\dotnet\sdk\10.0.100\Sdks\Microsoft.NET.Sdk\targets\Microsoft.NET.RuntimeIdentifierInference.targets" from project "C:\Users\toduc\Downloads\SmartStay\do_an_tot_nghiep.csproj" (target "_CheckForUnsupportedAppHostUsage" depends on it):
   1:7>Done building target "_CheckRIDAsserts" in project "do_an_tot_nghiep.csproj".
   1:7>Target "_CheckForUnsupportedAppHostUsage" in file "C:\Program Files\dotnet\sdk\10.0.100\Sdks\Microsoft.NET.Sdk\targets\Microsoft.NET.RuntimeIdentifierInference.targets" from project "C:\Users\toduc\Downloads\SmartStay\do_an_tot_nghiep.csproj" (target "_CheckForInvalidConfigurationAndPlatform" depends on it):
   1:7>Done building target "_CheckForUnsupportedAppHostUsage" in project "do_an_tot_nghiep.csproj".
   1:7>Target "_CheckForUnsupportedHostingUsage" in file "C:\Program Files\dotnet\sdk\10.0.100\Sdks\Microsoft.NET.Sdk\targets\Microsoft.NET.RuntimeIdentifierInference.targets" from project "C:\Users\toduc\Downloads\SmartStay\do_an_tot_nghiep.csproj" (target "_CheckForInvalidConfigurationAndPlatform" depends on it):
   1:7>Done building target "_CheckForUnsupportedHostingUsage" in project "do_an_tot_nghiep.csproj".
   1:7>Target "_CheckAndUnsetUnsupportedPrefer32Bit" in file "C:\Program Files\dotnet\sdk\10.0.100\Sdks\Microsoft.NET.Sdk\targets\Microsoft.NET.RuntimeIdentifierInference.targets" from project "C:\Users\toduc\Downloads\SmartStay\do_an_tot_nghiep.csproj" (target "_CheckForInvalidConfigurationAndPlatform" depends on it):
   1:7>Done building target "_CheckAndUnsetUnsupportedPrefer32Bit" in project "do_an_tot_nghiep.csproj".
   1:7>Target "_CheckForLanguageAndFeatureCombinationSupport" in file "C:\Program Files\dotnet\sdk\10.0.100\Sdks\Microsoft.NET.Sdk\targets\Microsoft.NET.RuntimeIdentifierInference.targets" from project "C:\Users\toduc\Downloads\SmartStay\do_an_tot_nghiep.csproj" (target "_CheckForInvalidConfigurationAndPlatform" depends on it):
   1:7>Done building target "_CheckForLanguageAndFeatureCombinationSupport" in project "do_an_tot_nghiep.csproj".
   1:7>Target "UpdateAspNetToFrameworkReference" in file "C:\Program Files\dotnet\sdk\10.0.100\Sdks\Microsoft.NET.Sdk\targets\Microsoft.NET.Sdk.DefaultItems.Shared.targets" from project "C:\Users\toduc\Downloads\SmartStay\do_an_tot_nghiep.csproj" (target "ApplyImplicitVersions" depends on it):
       Using "CheckIfPackageReferenceShouldBeFrameworkReference" task from assembly "C:\Program Files\dotnet\sdk\10.0.100\Sdks\Microsoft.NET.Sdk\targets\..\tools\net10.0\Microsoft.NET.Build.Tasks.dll".
       Task "CheckIfPackageReferenceShouldBeFrameworkReference"
       Done executing task "CheckIfPackageReferenceShouldBeFrameworkReference".
       Task "CheckIfPackageReferenceShouldBeFrameworkReference"
       Done executing task "CheckIfPackageReferenceShouldBeFrameworkReference".
   1:7>Done building target "UpdateAspNetToFrameworkReference" in project "do_an_tot_nghiep.csproj".
   1:7>Target "CheckForImplicitPackageReferenceOverrides" in file "C:\Program Files\dotnet\sdk\10.0.100\Sdks\Microsoft.NET.Sdk\targets\Microsoft.NET.Sdk.DefaultItems.Shared.targets" from project "C:\Users\toduc\Downloads\SmartStay\do_an_tot_nghiep.csproj" (target "ApplyImplicitVersions" depends on it):
       Using "CheckForImplicitPackageReferenceOverrides" task from assembly "C:\Program Files\dotnet\sdk\10.0.100\Sdks\Microsoft.NET.Sdk\targets\..\tools\net10.0\Microsoft.NET.Build.Tasks.dll".
       Task "CheckForImplicitPackageReferenceOverrides"
       Done executing task "CheckForImplicitPackageReferenceOverrides".
   1:7>Done building target "CheckForImplicitPackageReferenceOverrides" in project "do_an_tot_nghiep.csproj".
   1:7>Target "ApplyImplicitVersions" in file "C:\Program Files\dotnet\sdk\10.0.100\Sdks\Microsoft.NET.Sdk\targets\Microsoft.NET.Sdk.DefaultItems.Shared.targets" from project "C:\Users\toduc\Downloads\SmartStay\do_an_tot_nghiep.csproj" (target "CollectPackageReferences" depends on it):
       Using "ApplyImplicitVersions" task from assembly "C:\Program Files\dotnet\sdk\10.0.100\Sdks\Microsoft.NET.Sdk\targets\..\tools\net10.0\Microsoft.NET.Build.Tasks.dll".
       Task "ApplyImplicitVersions"
       Done executing task "ApplyImplicitVersions".
   1:7>Done building target "ApplyImplicitVersions" in project "do_an_tot_nghiep.csproj".
       Target "CheckForImplicitPackageReferenceOverrides" skipped. Previously built successfully.
   1:7>Target "_ComputeToolPackInputsToProcessFrameworkReferences" in file "C:\Program Files\dotnet\sdk\10.0.100\Sdks\Microsoft.NET.Sdk\targets\Microsoft.NET.Publish.targets" from project "C:\Users\toduc\Downloads\SmartStay\do_an_tot_nghiep.csproj" (target "ProcessFrameworkReferences" depends on it):
   1:7>Done building target "_ComputeToolPackInputsToProcessFrameworkReferences" in project "do_an_tot_nghiep.csproj".
   1:7>Target "ResolveRequiredWebAssets" in file "C:\Program Files\dotnet\sdk\10.0.100\Sdks\Microsoft.NET.Sdk.Web.ProjectSystem\targets\Microsoft.NET.Sdk.Web.ProjectSystem.targets" from project "C:\Users\toduc\Downloads\SmartStay\do_an_tot_nghiep.csproj" (target "ProcessFrameworkReferences" depends on it):
   1:7>Done building target "ResolveRequiredWebAssets" in project "do_an_tot_nghiep.csproj".
   1:7>Target "ProcessFrameworkReferences" in file "C:\Program Files\dotnet\sdk\10.0.100\Sdks\Microsoft.NET.Sdk\targets\Microsoft.NET.Sdk.FrameworkReferenceResolution.targets" from project "C:\Users\toduc\Downloads\SmartStay\do_an_tot_nghiep.csproj" (target "CollectPackageReferences" depends on it):
       Using "CheckForDuplicateFrameworkReferences" task from assembly "C:\Program Files\dotnet\sdk\10.0.100\Sdks\Microsoft.NET.Sdk\targets\..\tools\net10.0\Microsoft.NET.Build.Tasks.dll".
       Task "CheckForDuplicateFrameworkReferences"
       Done executing task "CheckForDuplicateFrameworkReferences".
       Using "ProcessFrameworkReferences" task from assembly "C:\Program Files\dotnet\sdk\10.0.100\Sdks\Microsoft.NET.Sdk\targets\..\tools\net10.0\Microsoft.NET.Build.Tasks.dll".
       Task "ProcessFrameworkReferences"
         Found 2 known framework references for target framework .NETCoreApp
         Found 5 known runtime packs for target framework .NETCoreApp
         Selected Microsoft.NETCore.App with RIDs 'linux-arm;linux-arm64;linux-musl-arm64;linux-musl-x64;linux-x64;osx-x64;tizen.4.0.0-armel;tizen.5.0.0-armel;win-arm64;win-x64;win-x86;linux-musl-arm;osx-arm64;linux-s390x;linux-loongarch64;linux-bionic-arm;linux-bionic-arm64;linux-bionic-x64;linux-bionic-x86;linux-ppc64le;freebsd-x64;freebsd-arm64'
         Selected targeting pack 'Microsoft.NETCore.App@8.0.22'
         Added runtime framework 'Microsoft.NETCore.App@8.0.0'
         Selected Microsoft.WindowsDesktop.App with RIDs 'win-x64;win-x86;win-arm64'
         Selected targeting pack 'Microsoft.WindowsDesktop.App@8.0.22'
         Added runtime framework 'Microsoft.WindowsDesktop.App@8.0.0'
         Selected Microsoft.WindowsDesktop.App with RIDs 'win-x64;win-x86;win-arm64'
         Selected targeting pack 'Microsoft.WindowsDesktop.App.WPF@8.0.22'
         Added runtime framework 'Microsoft.WindowsDesktop.App@8.0.0'
         Selected Microsoft.WindowsDesktop.App with RIDs 'win-x64;win-x86;win-arm64'
         Selected targeting pack 'Microsoft.WindowsDesktop.App.WindowsForms@8.0.22'
         Added runtime framework 'Microsoft.WindowsDesktop.App@8.0.0'
         Selected Microsoft.AspNetCore.App with RIDs 'win-x64;win-x86;osx-x64;linux-musl-x64;linux-musl-arm64;linux-x64;linux-arm;linux-arm64;linux-musl-arm;win-arm64;osx-arm64;linux-s390x;linux-loongarch64;linux-ppc64le;freebsd-x64;freebsd-arm64'
         Selected targeting pack 'Microsoft.AspNetCore.App@8.0.22'
         Added runtime framework 'Microsoft.AspNetCore.App@8.0.0'
       Done executing task "ProcessFrameworkReferences".
       Using "ResolveAppHosts" task from assembly "C:\Program Files\dotnet\sdk\10.0.100\Sdks\Microsoft.NET.Sdk\targets\..\tools\net10.0\Microsoft.NET.Build.Tasks.dll".
       Task "ResolveAppHosts"
       Done executing task "ResolveAppHosts".
   1:7>Done building target "ProcessFrameworkReferences" in project "do_an_tot_nghiep.csproj".
   1:7>Target "_CheckForObsoleteDotNetCliToolReferences" in file "C:\Program Files\dotnet\sdk\10.0.100\Sdks\Microsoft.NET.Sdk\targets\Microsoft.NET.ObsoleteReferences.targets" from project "C:\Users\toduc\Downloads\SmartStay\do_an_tot_nghiep.csproj" (target "CollectPackageReferences" depends on it):
   1:7>Done building target "_CheckForObsoleteDotNetCliToolReferences" in project "do_an_tot_nghiep.csproj".
   1:7>Target "CollectPackageReferences" in file "C:\Program Files\dotnet\sdk\10.0.100\NuGet.targets" from project "C:\Users\toduc\Downloads\SmartStay\do_an_tot_nghiep.csproj" (target "_GetRestoreProjectStyle" depends on it):
       Using "CheckForDuplicateNuGetItemsTask" task from assembly "C:\Program Files\dotnet\sdk\10.0.100\NuGet.Build.Tasks.dll".
       Task "CheckForDuplicateNuGetItemsTask"
       Done executing task "CheckForDuplicateNuGetItemsTask".
   1:7>Done building target "CollectPackageReferences" in project "do_an_tot_nghiep.csproj".
   1:7>Target "_GetRestoreProjectStyle" in file "C:\Program Files\dotnet\sdk\10.0.100\NuGet.targets" from project "C:\Users\toduc\Downloads\SmartStay\do_an_tot_nghiep.csproj" (target "EnableIntermediateOutputPathMismatchWarning" depends on it):
       Using "GetRestoreProjectStyleTask" task from assembly "C:\Program Files\dotnet\sdk\10.0.100\NuGet.Build.Tasks.dll".
       Task "GetRestoreProjectStyleTask"
       Done executing task "GetRestoreProjectStyleTask".
   1:7>Done building target "_GetRestoreProjectStyle" in project "do_an_tot_nghiep.csproj".
   1:7>Target "EnableIntermediateOutputPathMismatchWarning" in file "C:\Program Files\dotnet\sdk\10.0.100\NuGet.targets" from project "C:\Users\toduc\Downloads\SmartStay\do_an_tot_nghiep.csproj" (target "_CheckForInvalidConfigurationAndPlatform" depends on it):
   1:7>Done building target "EnableIntermediateOutputPathMismatchWarning" in project "do_an_tot_nghiep.csproj".
       Target "ApplyImplicitVersions" skipped. Previously built successfully.
       Target "CheckForImplicitPackageReferenceOverrides" skipped. Previously built successfully.
   1:7>Target "CheckForDuplicateItems" in file "C:\Program Files\dotnet\sdk\10.0.100\Sdks\Microsoft.NET.Sdk\targets\Microsoft.NET.Sdk.DefaultItems.Shared.targets" from project "C:\Users\toduc\Downloads\SmartStay\do_an_tot_nghiep.csproj" (target "_CheckForInvalidConfigurationAndPlatform" depends on it):
       Using "CheckForDuplicateItems" task from assembly "C:\Program Files\dotnet\sdk\10.0.100\Sdks\Microsoft.NET.Sdk\targets\..\tools\net10.0\Microsoft.NET.Build.Tasks.dll".
       Task "CheckForDuplicateItems"
       Done executing task "CheckForDuplicateItems".
       Task "CheckForDuplicateItems"
       Done executing task "CheckForDuplicateItems".
       Task "CheckForDuplicateItems"
       Done executing task "CheckForDuplicateItems".
   1:7>Done building target "CheckForDuplicateItems" in project "do_an_tot_nghiep.csproj".
       Target "ProcessFrameworkReferences" skipped. Previously built successfully.
   1:7>Target "_CheckForInvalidConfigurationAndPlatform" in file "C:\Program Files\dotnet\sdk\10.0.100\Microsoft.Common.CurrentVersion.targets" from project "C:\Users\toduc\Downloads\SmartStay\do_an_tot_nghiep.csproj" (target "BeforeBuild" depends on it):
       Task "Message"
         Configuration=Debug
       Done executing task "Message".
       Task "Message"
         Platform=AnyCPU
       Done executing task "Message".
   1:7>Done building target "_CheckForInvalidConfigurationAndPlatform" in project "do_an_tot_nghiep.csproj".
   1:7>Target "ValidateCommandLineProperties" in file "C:\Program Files\dotnet\sdk\10.0.100\Sdks\Microsoft.NET.Sdk\targets\Microsoft.NET.Sdk.targets" from project "C:\Users\toduc\Downloads\SmartStay\do_an_tot_nghiep.csproj" (target "BeforeBuild" depends on it):
   1:7>Done building target "ValidateCommandLineProperties" in project "do_an_tot_nghiep.csproj".
   1:7>Target "BeforeBuild" in file "C:\Program Files\dotnet\sdk\10.0.100\Microsoft.Common.CurrentVersion.targets" from project "C:\Users\toduc\Downloads\SmartStay\do_an_tot_nghiep.csproj" (target "Build" depends on it):
   1:7>Done building target "BeforeBuild" in project "do_an_tot_nghiep.csproj".
   1:7>Target "BuildOnlySettings" in file "C:\Program Files\dotnet\sdk\10.0.100\Microsoft.Common.CurrentVersion.targets" from project "C:\Users\toduc\Downloads\SmartStay\do_an_tot_nghiep.csproj" (target "CoreBuild" depends on it):
       C:\Program Files\dotnet\sdk\10.0.100\Microsoft.Common.CurrentVersion.targets(1168,7): message : Property reassignment: $(BuildingProject)="true" (previous value: "false") at C:\Program Files\dotnet\sdk\10.0.100\Microsoft.Common.CurrentVersion.targets (1168,7) [C:\Users\toduc\Downloads\SmartStay\do_an_tot_nghiep.csproj]
   1:7>Done building target "BuildOnlySettings" in project "do_an_tot_nghiep.csproj".
   1:7>Target "GetFrameworkPaths" in file "C:\Program Files\dotnet\sdk\10.0.100\Sdks\Microsoft.NET.Sdk\targets\Microsoft.NET.DisableStandardFrameworkResolution.targets" from project "C:\Users\toduc\Downloads\SmartStay\do_an_tot_nghiep.csproj" (target "PrepareForBuild" depends on it):
   1:7>Done building target "GetFrameworkPaths" in project "do_an_tot_nghiep.csproj".
   1:7>Target "GetReferenceAssemblyPaths" in file "C:\Program Files\dotnet\sdk\10.0.100\Sdks\Microsoft.NET.Sdk\targets\Microsoft.NET.DisableStandardFrameworkResolution.targets" from project "C:\Users\toduc\Downloads\SmartStay\do_an_tot_nghiep.csproj" (target "PrepareForBuild" depends on it):
   1:7>Done building target "GetReferenceAssemblyPaths" in project "do_an_tot_nghiep.csproj".
   1:7>Target "ResolveRazorGenerateInputs" in file "C:\Program Files\dotnet\sdk\10.0.100\Sdks\Microsoft.NET.Sdk.Razor\targets\Sdk.Razor.CurrentVersion.targets" from project "C:\Users\toduc\Downloads\SmartStay\do_an_tot_nghiep.csproj" (target "PrepareForBuild" depends on it):
   1:7>Done building target "ResolveRazorGenerateInputs" in project "do_an_tot_nghiep.csproj".
   1:7>Target "PrepareForBuild" in file "C:\Program Files\dotnet\sdk\10.0.100\Microsoft.Common.CurrentVersion.targets" from project "C:\Users\toduc\Downloads\SmartStay\do_an_tot_nghiep.csproj" (target "CoreBuild" depends on it):
       Using "FindAppConfigFile" task from assembly "Microsoft.Build.Tasks.Core, Version=15.1.0.0, Culture=neutral, PublicKeyToken=b03f5f7f11d50a3a".
       Task "FindAppConfigFile"
       Done executing task "FindAppConfigFile".
       Using "MakeDir" task from assembly "Microsoft.Build.Tasks.Core, Version=15.1.0.0, Culture=neutral, PublicKeyToken=b03f5f7f11d50a3a".
       Task "MakeDir"
       Done executing task "MakeDir".
   1:7>Done building target "PrepareForBuild" in project "do_an_tot_nghiep.csproj".
   1:7>Target "GenerateTargetFrameworkDefineConstants" in file "C:\Program Files\dotnet\sdk\10.0.100\Sdks\Microsoft.NET.Sdk\targets\Microsoft.NET.Sdk.BeforeCommon.targets" from project "C:\Users\toduc\Downloads\SmartStay\do_an_tot_nghiep.csproj" (target "AddImplicitDefineConstants" depends on it):
   1:7>Done building target "GenerateTargetFrameworkDefineConstants" in project "do_an_tot_nghiep.csproj".
   1:7>Target "GenerateNETCompatibleDefineConstants" in file "C:\Program Files\dotnet\sdk\10.0.100\Sdks\Microsoft.NET.Sdk\targets\Microsoft.NET.Sdk.BeforeCommon.targets" from project "C:\Users\toduc\Downloads\SmartStay\do_an_tot_nghiep.csproj" (target "AddImplicitDefineConstants" depends on it):
   1:7>Done building target "GenerateNETCompatibleDefineConstants" in project "do_an_tot_nghiep.csproj".
   1:7>Target "AddImplicitDefineConstants" in file "C:\Program Files\dotnet\sdk\10.0.100\Sdks\Microsoft.NET.Sdk\targets\Microsoft.NET.Sdk.BeforeCommon.targets" from project "C:\Users\toduc\Downloads\SmartStay\do_an_tot_nghiep.csproj" (target "CoreBuild" depends on it):
       C:\Program Files\dotnet\sdk\10.0.100\Sdks\Microsoft.NET.Sdk\targets\Microsoft.NET.Sdk.BeforeCommon.targets(295,7): message : Property reassignment: $(DefineConstants)="TRACE;DEBUG;NET;NET8_0;NETCOREAPP;NET5_0_OR_GREATER;NET6_0_OR_GREATER;NET7_0_OR_GREATER;NET8_0_OR_GREATER;NETCOREAPP1_0_OR_GREATER;NETCOREAPP1_1_OR_GREATER;NETCOREAPP2_0_OR_GREATER;NETCOREAPP2_1_OR_GREATER;NETCOREAPP2_2_OR_GREATER;NETCOREAPP3_0_OR_GREATER;NETCOREAPP3_1_OR_GREATER" (previous value: "TRACE;DEBUG") at C:\Program Files\dotnet\sdk\10.0.100\Sdks\Microsoft.NET.Sdk\targets\Microsoft.NET.Sdk.BeforeCommon.targets (295,7) [C:\Users\toduc\Downloads\SmartStay\do_an_tot_nghiep.csproj]
   1:7>Done building target "AddImplicitDefineConstants" in project "do_an_tot_nghiep.csproj".
   1:7>Target "ResolveRazorComponentInputs" in file "C:\Program Files\dotnet\sdk\10.0.100\Sdks\Microsoft.NET.Sdk.Razor\targets\Sdk.Razor.CurrentVersion.targets" from project "C:\Users\toduc\Downloads\SmartStay\do_an_tot_nghiep.csproj" (target "_AddEmbeddedValidationAttribute" depends on it):
   1:7>Done building target "ResolveRazorComponentInputs" in project "do_an_tot_nghiep.csproj".
       Target "ResolveRazorGenerateInputs" skipped. Previously built successfully.
   1:7>Target "_AddEmbeddedValidationAttribute" in file "C:\Program Files\dotnet\sdk\10.0.100\Sdks\Microsoft.NET.Sdk.Razor\targets\Sdk.Razor.CurrentVersion.targets" from project "C:\Users\toduc\Downloads\SmartStay\do_an_tot_nghiep.csproj" (target "GenerateGlobalUsings" depends on it):
   1:7>Done building target "_AddEmbeddedValidationAttribute" in project "do_an_tot_nghiep.csproj".
   1:7>Target "GenerateGlobalUsings" in file "C:\Program Files\dotnet\sdk\10.0.100\Sdks\Microsoft.NET.Sdk\targets\Microsoft.NET.GenerateGlobalUsings.targets" from project "C:\Users\toduc\Downloads\SmartStay\do_an_tot_nghiep.csproj" (target "CoreBuild" depends on it):
       Using "GenerateGlobalUsings" task from assembly "C:\Program Files\dotnet\sdk\10.0.100\Sdks\Microsoft.NET.Sdk\targets\..\tools\net10.0\Microsoft.NET.Build.Tasks.dll".
       Task "GenerateGlobalUsings"
       Done executing task "GenerateGlobalUsings".
       Using "WriteLinesToFile" task from assembly "Microsoft.Build.Tasks.Core, Version=15.1.0.0, Culture=neutral, PublicKeyToken=b03f5f7f11d50a3a".
       Task "WriteLinesToFile"
         Skipping write to file "obj\Debug\net8.0\do_an_tot_nghiep.GlobalUsings.g.cs" because content would not change.
       Done executing task "WriteLinesToFile".
   1:7>Done building target "GenerateGlobalUsings" in project "do_an_tot_nghiep.csproj".
   1:7>Target "BeforeResolveReferences" in file "C:\Program Files\dotnet\sdk\10.0.100\Microsoft.Common.CurrentVersion.targets" from project "C:\Users\toduc\Downloads\SmartStay\do_an_tot_nghiep.csproj" (target "ResolveReferences" depends on it):
   1:7>Done building target "BeforeResolveReferences" in project "do_an_tot_nghiep.csproj".
   1:7>Target "IgnoreJavaScriptOutputAssembly" in file "C:\Program Files\dotnet\sdk\10.0.100\Microsoft.Common.CurrentVersion.targets" from project "C:\Users\toduc\Downloads\SmartStay\do_an_tot_nghiep.csproj" (target "AssignProjectConfiguration" depends on it):
   1:7>Done building target "IgnoreJavaScriptOutputAssembly" in project "do_an_tot_nghiep.csproj".
       Target "ProcessFrameworkReferences" skipped. Previously built successfully.
   1:7>Target "_DefaultMicrosoftNETPlatformLibrary" in file "C:\Program Files\dotnet\sdk\10.0.100\Sdks\Microsoft.NET.Sdk\targets\Microsoft.NET.Sdk.Shared.targets" from project "C:\Users\toduc\Downloads\SmartStay\do_an_tot_nghiep.csproj" (target "ResolvePackageAssets" depends on it):
   1:7>Done building target "_DefaultMicrosoftNETPlatformLibrary" in project "do_an_tot_nghiep.csproj".
   1:7>Target "_ComputePackageReferencePublish" in file "C:\Program Files\dotnet\sdk\10.0.100\Sdks\Microsoft.NET.Sdk\targets\Microsoft.NET.Sdk.Shared.targets" from project "C:\Users\toduc\Downloads\SmartStay\do_an_tot_nghiep.csproj" (target "ResolvePackageAssets" depends on it):
   1:7>Done building target "_ComputePackageReferencePublish" in project "do_an_tot_nghiep.csproj".
   1:7>Target "ResolvePackageAssets" in file "C:\Program Files\dotnet\sdk\10.0.100\Sdks\Microsoft.NET.Sdk\targets\Microsoft.PackageDependencyResolution.targets" from project "C:\Users\toduc\Downloads\SmartStay\do_an_tot_nghiep.csproj" (target "ResolveLockFileReferences" depends on it):
       Using "ResolvePackageAssets" task from assembly "C:\Program Files\dotnet\sdk\10.0.100\Sdks\Microsoft.NET.Sdk\targets\..\tools\net10.0\Microsoft.NET.Build.Tasks.dll".
       Task "ResolvePackageAssets"
       Done executing task "ResolvePackageAssets".
   1:7>Done building target "ResolvePackageAssets" in project "do_an_tot_nghiep.csproj".
   1:7>Target "_CheckForTransitiveWindowsDesktopDependencies" in file "C:\Program Files\dotnet\sdk\10.0.100\Sdks\Microsoft.NET.Sdk\targets\Microsoft.NET.Sdk.DefaultItems.Shared.targets" from project "C:\Users\toduc\Downloads\SmartStay\do_an_tot_nghiep.csproj" (target "ResolveLockFileReferences" depends on it):
   1:7>Done building target "_CheckForTransitiveWindowsDesktopDependencies" in project "do_an_tot_nghiep.csproj".
   1:7>Target "AddTransitiveFrameworkReferences" in file "C:\Program Files\dotnet\sdk\10.0.100\Sdks\Microsoft.NET.Sdk\targets\Microsoft.NET.Sdk.FrameworkReferenceResolution.targets" from project "C:\Users\toduc\Downloads\SmartStay\do_an_tot_nghiep.csproj" (target "ResolveLockFileReferences" depends on it):
   1:7>Done building target "AddTransitiveFrameworkReferences" in project "do_an_tot_nghiep.csproj".
   1:7>Target "ResolveLockFileReferences" in file "C:\Program Files\dotnet\sdk\10.0.100\Sdks\Microsoft.NET.Sdk\targets\Microsoft.PackageDependencyResolution.targets" from project "C:\Users\toduc\Downloads\SmartStay\do_an_tot_nghiep.csproj" (target "ResolvePackageDependenciesForBuild" depends on it):
       Using "JoinItems" task from assembly "C:\Program Files\dotnet\sdk\10.0.100\Sdks\Microsoft.NET.Sdk\targets\..\tools\net10.0\Microsoft.NET.Build.Tasks.dll".
       Task "JoinItems"
       Done executing task "JoinItems".
   1:7>Done building target "ResolveLockFileReferences" in project "do_an_tot_nghiep.csproj".
       Target "ResolvePackageAssets" skipped. Previously built successfully.
   1:7>Target "ResolveLockFileAnalyzers" in file "C:\Program Files\dotnet\sdk\10.0.100\Sdks\Microsoft.NET.Sdk\targets\Microsoft.PackageDependencyResolution.targets" from project "C:\Users\toduc\Downloads\SmartStay\do_an_tot_nghiep.csproj" (target "ResolvePackageDependenciesForBuild" depends on it):
   1:7>Done building target "ResolveLockFileAnalyzers" in project "do_an_tot_nghiep.csproj".
       Target "ResolvePackageAssets" skipped. Previously built successfully.
   1:7>Target "ResolveLockFileCopyLocalFiles" in file "C:\Program Files\dotnet\sdk\10.0.100\Sdks\Microsoft.NET.Sdk\targets\Microsoft.PackageDependencyResolution.targets" from project "C:\Users\toduc\Downloads\SmartStay\do_an_tot_nghiep.csproj" (target "ResolvePackageDependenciesForBuild" depends on it):
   1:7>Done building target "ResolveLockFileCopyLocalFiles" in project "do_an_tot_nghiep.csproj".
       Target "ResolvePackageAssets" skipped. Previously built successfully.
   1:7>Target "IncludeTransitiveProjectReferences" in file "C:\Program Files\dotnet\sdk\10.0.100\Sdks\Microsoft.NET.Sdk\targets\Microsoft.PackageDependencyResolution.targets" from project "C:\Users\toduc\Downloads\SmartStay\do_an_tot_nghiep.csproj" (target "ResolvePackageDependenciesForBuild" depends on it):
   1:7>Done building target "IncludeTransitiveProjectReferences" in project "do_an_tot_nghiep.csproj".
   1:7>Target "ResolvePackageDependenciesForBuild" in file "C:\Program Files\dotnet\sdk\10.0.100\Sdks\Microsoft.NET.Sdk\targets\Microsoft.PackageDependencyResolution.targets" from project "C:\Users\toduc\Downloads\SmartStay\do_an_tot_nghiep.csproj" (target "AssignProjectConfiguration" depends on it):
   1:7>Done building target "ResolvePackageDependenciesForBuild" in project "do_an_tot_nghiep.csproj".
   1:7>Target "_SplitProjectReferencesByFileExistence" in file "C:\Program Files\dotnet\sdk\10.0.100\Microsoft.Common.CurrentVersion.targets" from project "C:\Users\toduc\Downloads\SmartStay\do_an_tot_nghiep.csproj" (target "PrepareProjectReferences" depends on it):
   1:7>Done building target "_SplitProjectReferencesByFileExistence" in project "do_an_tot_nghiep.csproj".
   1:7>Target "_AddOutputPathToGlobalPropertiesToRemove" in file "C:\Program Files\dotnet\sdk\10.0.100\Microsoft.Common.CurrentVersion.targets" from project "C:\Users\toduc\Downloads\SmartStay\do_an_tot_nghiep.csproj" (target "_GetProjectReferenceTargetFrameworkProperties" depends on it):
   1:7>Done building target "_AddOutputPathToGlobalPropertiesToRemove" in project "do_an_tot_nghiep.csproj".
   1:7>Target "_GetProjectReferenceTargetFrameworkProperties" in file "C:\Program Files\dotnet\sdk\10.0.100\Microsoft.Common.CurrentVersion.targets" from project "C:\Users\toduc\Downloads\SmartStay\do_an_tot_nghiep.csproj" (target "PrepareProjectReferences" depends on it):
       Task "MSBuild"
       Done executing task "MSBuild".
       Using "SetRidAgnosticValueForProjects" task from assembly "Microsoft.Build.Tasks.Core, Version=15.1.0.0, Culture=neutral, PublicKeyToken=b03f5f7f11d50a3a".
       Task "SetRidAgnosticValueForProjects"
       Done executing task "SetRidAgnosticValueForProjects".
   1:7>Done building target "_GetProjectReferenceTargetFrameworkProperties" in project "do_an_tot_nghiep.csproj".
   1:7>Target "_CalculateIsVSTestTestProject" in file "C:\Program Files\dotnet\sdk\10.0.100\Sdks\Microsoft.NET.Sdk\targets\Microsoft.NET.Sdk.targets" from project "C:\Users\toduc\Downloads\SmartStay\do_an_tot_nghiep.csproj" (target "ValidateExecutableReferences" depends on it):
   1:7>Done building target "_CalculateIsVSTestTestProject" in project "do_an_tot_nghiep.csproj".
   1:7>Target "ValidateExecutableReferences" in file "C:\Program Files\dotnet\sdk\10.0.100\Sdks\Microsoft.NET.Sdk\targets\Microsoft.NET.Sdk.targets" from project "C:\Users\toduc\Downloads\SmartStay\do_an_tot_nghiep.csproj" (target "PrepareProjectReferences" depends on it):
       Using "ValidateExecutableReferences" task from assembly "C:\Program Files\dotnet\sdk\10.0.100\Sdks\Microsoft.NET.Sdk\targets\..\tools\net10.0\Microsoft.NET.Build.Tasks.dll".
       Task "ValidateExecutableReferences"
       Done executing task "ValidateExecutableReferences".
   1:7>Done building target "ValidateExecutableReferences" in project "do_an_tot_nghiep.csproj".
   1:7>Target "PrepareProjectReferences" in file "C:\Program Files\dotnet\sdk\10.0.100\Microsoft.Common.CurrentVersion.targets" from project "C:\Users\toduc\Downloads\SmartStay\do_an_tot_nghiep.csproj" (target "ResolveProjectReferences" depends on it):
   1:7>Done building target "PrepareProjectReferences" in project "do_an_tot_nghiep.csproj".
   1:7>Target "ResolveProjectReferences" in file "C:\Program Files\dotnet\sdk\10.0.100\Microsoft.Common.CurrentVersion.targets" from project "C:\Users\toduc\Downloads\SmartStay\do_an_tot_nghiep.csproj" (target "ResolveReferences" depends on it):
   1:7>Done building target "ResolveProjectReferences" in project "do_an_tot_nghiep.csproj".
       Target "ResolveProjectReferences" skipped. Previously built successfully.
       Target "GetFrameworkPaths" skipped. Previously built successfully.
       Target "GetReferenceAssemblyPaths" skipped. Previously built successfully.
       Target "PrepareForBuild" skipped. Previously built successfully.
   1:7>Target "ResolveSDKReferences" in file "C:\Program Files\dotnet\sdk\10.0.100\Microsoft.Common.CurrentVersion.targets" from project "C:\Users\toduc\Downloads\SmartStay\do_an_tot_nghiep.csproj" (target "ResolveAssemblyReferences" depends on it):
   1:7>Done building target "ResolveSDKReferences" in project "do_an_tot_nghiep.csproj".
       Target "ResolveSDKReferences" skipped. Previously built successfully.
   1:7>Target "ExpandSDKReferences" in file "C:\Program Files\dotnet\sdk\10.0.100\Microsoft.Common.CurrentVersion.targets" from project "C:\Users\toduc\Downloads\SmartStay\do_an_tot_nghiep.csproj" (target "ResolveAssemblyReferences" depends on it):
   1:7>Done building target "ExpandSDKReferences" in project "do_an_tot_nghiep.csproj".
       Target "ResolvePackageDependenciesForBuild" skipped. Previously built successfully.
       Target "GetFrameworkPaths" skipped. Previously built successfully.
       Target "GetReferenceAssemblyPaths" skipped. Previously built successfully.
       Target "ProcessFrameworkReferences" skipped. Previously built successfully.
       Target "ResolvePackageAssets" skipped. Previously built successfully.
   1:7>Target "ResolveFrameworkReferences" in file "C:\Program Files\dotnet\sdk\10.0.100\Sdks\Microsoft.NET.Sdk\targets\Microsoft.NET.Sdk.FrameworkReferenceResolution.targets" from project "C:\Users\toduc\Downloads\SmartStay\do_an_tot_nghiep.csproj" (target "ResolveTargetingPackAssets" depends on it):
       Using "GetPackageDirectory" task from assembly "C:\Program Files\dotnet\sdk\10.0.100\Sdks\Microsoft.NET.Sdk\targets\..\tools\net10.0\Microsoft.NET.Build.Tasks.dll".
       Task "GetPackageDirectory"
       Done executing task "GetPackageDirectory".
       Task "GetPackageDirectory"
       Done executing task "GetPackageDirectory".
       Task "GetPackageDirectory"
       Done executing task "GetPackageDirectory".
       Task "GetPackageDirectory"
       Done executing task "GetPackageDirectory".
       Task "GetPackageDirectory"
       Done executing task "GetPackageDirectory".
       Task "GetPackageDirectory"
       Done executing task "GetPackageDirectory".
       Task "GetPackageDirectory"
       Done executing task "GetPackageDirectory".
       Task "GetPackageDirectory"
       Done executing task "GetPackageDirectory".
       Task "GetPackageDirectory"
       Done executing task "GetPackageDirectory".
       Task "GetPackageDirectory"
       Done executing task "GetPackageDirectory".
       Using "ResolveFrameworkReferences" task from assembly "C:\Program Files\dotnet\sdk\10.0.100\Sdks\Microsoft.NET.Sdk\targets\..\tools\net10.0\Microsoft.NET.Build.Tasks.dll".
       Task "ResolveFrameworkReferences"
       Done executing task "ResolveFrameworkReferences".
   1:7>Done building target "ResolveFrameworkReferences" in project "do_an_tot_nghiep.csproj".
   1:7>Target "ResolveTargetingPackAssets" in file "C:\Program Files\dotnet\sdk\10.0.100\Sdks\Microsoft.NET.Sdk\targets\Microsoft.NET.Sdk.FrameworkReferenceResolution.targets" from project "C:\Users\toduc\Downloads\SmartStay\do_an_tot_nghiep.csproj" (target "_HandlePackageFileConflicts" depends on it):
       Using "ResolveTargetingPackAssets" task from assembly "C:\Program Files\dotnet\sdk\10.0.100\Sdks\Microsoft.NET.Sdk\targets\..\tools\net10.0\Microsoft.NET.Build.Tasks.dll".
       Task "ResolveTargetingPackAssets"
       Done executing task "ResolveTargetingPackAssets".
   1:7>Done building target "ResolveTargetingPackAssets" in project "do_an_tot_nghiep.csproj".
   1:7>Target "ResolveOffByDefaultAnalyzers" in file "C:\Program Files\dotnet\sdk\10.0.100\Sdks\Microsoft.NET.Sdk\targets\Microsoft.NET.Sdk.FrameworkReferenceResolution.targets" from project "C:\Users\toduc\Downloads\SmartStay\do_an_tot_nghiep.csproj" (target "_HandlePackageFileConflicts" depends on it):
   1:7>Done building target "ResolveOffByDefaultAnalyzers" in project "do_an_tot_nghiep.csproj".
   1:7>Target "_HandlePackageFileConflicts" in file "C:\Program Files\dotnet\sdk\10.0.100\Sdks\Microsoft.NET.Sdk\targets\Microsoft.NET.ConflictResolution.targets" from project "C:\Users\toduc\Downloads\SmartStay\do_an_tot_nghiep.csproj" (target "ResolveAssemblyReferences" depends on it):
       Using "ResolvePackageFileConflicts" task from assembly "C:\Program Files\dotnet\sdk\10.0.100\Sdks\Microsoft.NET.Sdk\targets\..\tools\net10.0\Microsoft.NET.Build.Tasks.dll".
       Task "ResolvePackageFileConflicts"
         Encountered conflict between 'Reference:C:\Users\toduc\.nuget\packages\system.diagnostics.diagnosticsource\6.0.0\lib\net6.0\System.Diagnostics.DiagnosticSource.dll' and 'Reference:C:\Program Files\dotnet\packs\Microsoft.NETCore.App.Ref\8.0.22\ref/net8.0/System.Diagnostics.DiagnosticSource.dll'. Choosing 'Reference:C:\Program Files\dotnet\packs\Microsoft.NETCore.App.Ref\8.0.22\ref/net8.0/System.Diagnostics.DiagnosticSource.dll' because AssemblyVersion '8.0.0.0' is greater than '6.0.0.0'.
         Encountered conflict between 'Reference:C:\Users\toduc\.nuget\packages\system.runtime.compilerservices.unsafe\6.0.0\lib\net6.0\System.Runtime.CompilerServices.Unsafe.dll' and 'Reference:C:\Program Files\dotnet\packs\Microsoft.NETCore.App.Ref\8.0.22\ref/net8.0/System.Runtime.CompilerServices.Unsafe.dll'. Choosing 'Reference:C:\Program Files\dotnet\packs\Microsoft.NETCore.App.Ref\8.0.22\ref/net8.0/System.Runtime.CompilerServices.Unsafe.dll' because AssemblyVersion '8.0.0.0' is greater than '6.0.0.0'.
         Encountered conflict between 'Reference:C:\Users\toduc\.nuget\packages\system.security.cryptography.cng\5.0.0\ref\netcoreapp3.0\System.Security.Cryptography.Cng.dll' and 'Reference:C:\Program Files\dotnet\packs\Microsoft.NETCore.App.Ref\8.0.22\ref/net8.0/System.Security.Cryptography.Cng.dll'. Choosing 'Reference:C:\Program Files\dotnet\packs\Microsoft.NETCore.App.Ref\8.0.22\ref/net8.0/System.Security.Cryptography.Cng.dll' because AssemblyVersion '8.0.0.0' is greater than '5.0.0.0'.
         Encountered conflict between 'Reference:C:\Users\toduc\.nuget\packages\system.text.encodings.web\8.0.0\lib\net8.0\System.Text.Encodings.Web.dll' and 'Reference:C:\Program Files\dotnet\packs\Microsoft.NETCore.App.Ref\8.0.22\ref/net8.0/System.Text.Encodings.Web.dll'. Choosing 'Reference:C:\Program Files\dotnet\packs\Microsoft.NETCore.App.Ref\8.0.22\ref/net8.0/System.Text.Encodings.Web.dll' because file version '8.0.2225.52707' is greater than '8.0.23.53103'.
         Encountered conflict between 'Reference:C:\Users\toduc\.nuget\packages\system.text.json\8.0.0\lib\net8.0\System.Text.Json.dll' and 'Reference:C:\Program Files\dotnet\packs\Microsoft.NETCore.App.Ref\8.0.22\ref/net8.0/System.Text.Json.dll'. Choosing 'Reference:C:\Program Files\dotnet\packs\Microsoft.NETCore.App.Ref\8.0.22\ref/net8.0/System.Text.Json.dll' because file version '8.0.2225.52707' is greater than '8.0.23.53103'.
         Encountered conflict between 'Reference:C:\Users\toduc\.nuget\packages\microsoft.extensions.dependencyinjection.abstractions\8.0.2\lib\net8.0\Microsoft.Extensions.DependencyInjection.Abstractions.dll' and 'Reference:C:\Program Files\dotnet\packs\Microsoft.AspNetCore.App.Ref\8.0.22\ref\net8.0\Microsoft.Extensions.DependencyInjection.Abstractions.dll'. Choosing 'Reference:C:\Program Files\dotnet\packs\Microsoft.AspNetCore.App.Ref\8.0.22\ref\net8.0\Microsoft.Extensions.DependencyInjection.Abstractions.dll' because file version '8.0.2225.52707' is greater than '8.0.1024.46610'.
         Encountered conflict between 'Reference:C:\Users\toduc\.nuget\packages\microsoft.extensions.logging.abstractions\8.0.2\lib\net8.0\Microsoft.Extensions.Logging.Abstractions.dll' and 'Reference:C:\Program Files\dotnet\packs\Microsoft.AspNetCore.App.Ref\8.0.22\ref\net8.0\Microsoft.Extensions.Logging.Abstractions.dll'. Choosing 'Reference:C:\Program Files\dotnet\packs\Microsoft.AspNetCore.App.Ref\8.0.22\ref\net8.0\Microsoft.Extensions.Logging.Abstractions.dll' because file version '8.0.2225.52707' is greater than '8.0.1024.46610'.
         Encountered conflict between 'Reference:C:\Users\toduc\.nuget\packages\microsoft.extensions.options\8.0.2\lib\net8.0\Microsoft.Extensions.Options.dll' and 'Reference:C:\Program Files\dotnet\packs\Microsoft.AspNetCore.App.Ref\8.0.22\ref\net8.0\Microsoft.Extensions.Options.dll'. Choosing 'Reference:C:\Program Files\dotnet\packs\Microsoft.AspNetCore.App.Ref\8.0.22\ref\net8.0\Microsoft.Extensions.Options.dll' because file version '8.0.2225.52707' is greater than '8.0.224.6711'.
         Encountered conflict between 'Analyzer:C:\Users\toduc\.nuget\packages\system.text.json\8.0.0\analyzers\dotnet\roslyn4.4\cs\System.Text.Json.SourceGeneration.dll' and 'Analyzer:C:\Program Files\dotnet\packs\Microsoft.NETCore.App.Ref\8.0.22\analyzers/dotnet/cs/System.Text.Json.SourceGeneration.dll'. Choosing 'Analyzer:C:\Program Files\dotnet\packs\Microsoft.NETCore.App.Ref\8.0.22\analyzers/dotnet/cs/System.Text.Json.SourceGeneration.dll' because AssemblyVersion '8.0.13.2707' is greater than '8.0.9.3103'.
         Encountered conflict between 'Analyzer:C:\Users\toduc\.nuget\packages\microsoft.extensions.logging.abstractions\8.0.2\analyzers\dotnet\roslyn4.4\cs\Microsoft.Extensions.Logging.Generators.dll' and 'Analyzer:C:\Program Files\dotnet\packs\Microsoft.AspNetCore.App.Ref\8.0.22\analyzers/dotnet/roslyn4.4/cs/Microsoft.Extensions.Logging.Generators.dll'. Choosing 'Analyzer:C:\Program Files\dotnet\packs\Microsoft.AspNetCore.App.Ref\8.0.22\analyzers/dotnet/roslyn4.4/cs/Microsoft.Extensions.Logging.Generators.dll' because AssemblyVersion '8.0.13.2707' is greater than '8.0.10.46610'.
         Encountered conflict between 'Analyzer:C:\Users\toduc\.nuget\packages\microsoft.extensions.options\8.0.2\analyzers\dotnet\roslyn4.4\cs\Microsoft.Extensions.Options.SourceGeneration.dll' and 'Analyzer:C:\Program Files\dotnet\packs\Microsoft.AspNetCore.App.Ref\8.0.22\analyzers/dotnet/roslyn4.4/cs/Microsoft.Extensions.Options.SourceGeneration.dll'. Choosing 'Analyzer:C:\Program Files\dotnet\packs\Microsoft.AspNetCore.App.Ref\8.0.22\analyzers/dotnet/roslyn4.4/cs/Microsoft.Extensions.Options.SourceGeneration.dll' because AssemblyVersion '8.0.13.2707' is greater than '8.0.10.6711'.
         Encountered conflict between 'Platform:Microsoft.Extensions.DependencyInjection.Abstractions.dll' and 'CopyLocal:C:\Users\toduc\.nuget\packages\microsoft.extensions.dependencyinjection.abstractions\8.0.2\lib\net8.0\Microsoft.Extensions.DependencyInjection.Abstractions.dll'. Choosing 'CopyLocal:C:\Users\toduc\.nuget\packages\microsoft.extensions.dependencyinjection.abstractions\8.0.2\lib\net8.0\Microsoft.Extensions.DependencyInjection.Abstractions.dll' because file version '8.0.1024.46610' is greater than '8.0.23.53103'.
         Encountered conflict between 'Platform:Microsoft.Extensions.Logging.Abstractions.dll' and 'CopyLocal:C:\Users\toduc\.nuget\packages\microsoft.extensions.logging.abstractions\8.0.2\lib\net8.0\Microsoft.Extensions.Logging.Abstractions.dll'. Choosing 'CopyLocal:C:\Users\toduc\.nuget\packages\microsoft.extensions.logging.abstractions\8.0.2\lib\net8.0\Microsoft.Extensions.Logging.Abstractions.dll' because file version '8.0.1024.46610' is greater than '8.0.23.53103'.
         Encountered conflict between 'Platform:Microsoft.Extensions.Options.dll' and 'CopyLocal:C:\Users\toduc\.nuget\packages\microsoft.extensions.options\8.0.2\lib\net8.0\Microsoft.Extensions.Options.dll'. Choosing 'CopyLocal:C:\Users\toduc\.nuget\packages\microsoft.extensions.options\8.0.2\lib\net8.0\Microsoft.Extensions.Options.dll' because file version '8.0.224.6711' is greater than '8.0.23.53103'.
         Encountered conflict between 'Platform:System.Collections.Immutable.dll' and 'CopyLocal:C:\Users\toduc\.nuget\packages\system.collections.immutable\6.0.0\lib\net6.0\System.Collections.Immutable.dll'. Choosing 'Platform:System.Collections.Immutable.dll' because AssemblyVersion '8.0.0.0' is greater than '6.0.0.0'.
         Encountered conflict between 'Platform:System.Diagnostics.DiagnosticSource.dll' and 'CopyLocal:C:\Users\toduc\.nuget\packages\system.diagnostics.diagnosticsource\6.0.0\lib\net6.0\System.Diagnostics.DiagnosticSource.dll'. Choosing 'Platform:System.Diagnostics.DiagnosticSource.dll' because AssemblyVersion '8.0.0.0' is greater than '6.0.0.0'.
         Encountered conflict between 'Platform:System.Formats.Asn1.dll' and 'CopyLocal:C:\Users\toduc\.nuget\packages\system.formats.asn1\5.0.0\lib\netstandard2.0\System.Formats.Asn1.dll'. Choosing 'Platform:System.Formats.Asn1.dll' because AssemblyVersion '8.0.0.0' is greater than '5.0.0.0'.
         Encountered conflict between 'Platform:System.Reflection.Metadata.dll' and 'CopyLocal:C:\Users\toduc\.nuget\packages\system.reflection.metadata\6.0.1\lib\net6.0\System.Reflection.Metadata.dll'. Choosing 'Platform:System.Reflection.Metadata.dll' because AssemblyVersion '8.0.0.0' is greater than '6.0.0.0'.
         Encountered conflict between 'Platform:System.Runtime.CompilerServices.Unsafe.dll' and 'CopyLocal:C:\Users\toduc\.nuget\packages\system.runtime.compilerservices.unsafe\6.0.0\lib\net6.0\System.Runtime.CompilerServices.Unsafe.dll'. Choosing 'Platform:System.Runtime.CompilerServices.Unsafe.dll' because AssemblyVersion '8.0.0.0' is greater than '6.0.0.0'.
         Encountered conflict between 'Platform:System.Security.AccessControl.dll' and 'CopyLocal:C:\Users\toduc\.nuget\packages\system.security.accesscontrol\6.0.0\lib\net6.0\System.Security.AccessControl.dll'. Choosing 'Platform:System.Security.AccessControl.dll' because AssemblyVersion '8.0.0.0' is greater than '6.0.0.0'.
         Encountered conflict between 'Platform:System.Security.Cryptography.Cng.dll' and 'CopyLocal:C:\Users\toduc\.nuget\packages\system.security.cryptography.cng\5.0.0\lib\netcoreapp3.0\System.Security.Cryptography.Cng.dll'. Choosing 'Platform:System.Security.Cryptography.Cng.dll' because AssemblyVersion '8.0.0.0' is greater than '5.0.0.0'.
         Encountered conflict between 'Platform:System.Security.Principal.Windows.dll' and 'CopyLocal:C:\Users\toduc\.nuget\packages\system.security.principal.windows\5.0.0\lib\netstandard2.0\System.Security.Principal.Windows.dll'. Choosing 'Platform:System.Security.Principal.Windows.dll' because AssemblyVersion '8.0.0.0' is greater than '5.0.0.0'.
         Encountered conflict between 'Platform:System.Text.Encoding.CodePages.dll' and 'CopyLocal:C:\Users\toduc\.nuget\packages\system.text.encoding.codepages\6.0.0\lib\net6.0\System.Text.Encoding.CodePages.dll'. Choosing 'Platform:System.Text.Encoding.CodePages.dll' because AssemblyVersion '8.0.0.0' is greater than '6.0.0.0'.
         Encountered conflict between 'Platform:System.Text.Encodings.Web.dll' and 'CopyLocal:C:\Users\toduc\.nuget\packages\system.text.encodings.web\8.0.0\lib\net8.0\System.Text.Encodings.Web.dll'. Choosing 'Platform:System.Text.Encodings.Web.dll' because file version '8.0.2225.52707' is greater than '8.0.23.53103'.
         Encountered conflict between 'Platform:System.Text.Json.dll' and 'CopyLocal:C:\Users\toduc\.nuget\packages\system.text.json\8.0.0\lib\net8.0\System.Text.Json.dll'. Choosing 'Platform:System.Text.Json.dll' because file version '8.0.2225.52707' is greater than '8.0.23.53103'.
         Encountered conflict between 'Platform:System.Threading.Channels.dll' and 'CopyLocal:C:\Users\toduc\.nuget\packages\system.threading.channels\6.0.0\lib\net6.0\System.Threading.Channels.dll'. Choosing 'Platform:System.Threading.Channels.dll' because AssemblyVersion '8.0.0.0' is greater than '6.0.0.0'.
         Encountered conflict between 'Platform:System.Security.AccessControl.dll' and 'CopyLocal:C:\Users\toduc\.nuget\packages\system.security.accesscontrol\6.0.0\runtimes\win\lib\net6.0\System.Security.AccessControl.dll'. Choosing 'Platform:System.Security.AccessControl.dll' because AssemblyVersion '8.0.0.0' is greater than '6.0.0.0'.
         Encountered conflict between 'Platform:System.Security.Cryptography.Cng.dll' and 'CopyLocal:C:\Users\toduc\.nuget\packages\system.security.cryptography.cng\5.0.0\runtimes\win\lib\netcoreapp3.0\System.Security.Cryptography.Cng.dll'. Choosing 'Platform:System.Security.Cryptography.Cng.dll' because AssemblyVersion '8.0.0.0' is greater than '5.0.0.0'.
         Encountered conflict between 'Platform:System.Security.Principal.Windows.dll' and 'CopyLocal:C:\Users\toduc\.nuget\packages\system.security.principal.windows\5.0.0\runtimes\unix\lib\netcoreapp2.1\System.Security.Principal.Windows.dll'. Choosing 'Platform:System.Security.Principal.Windows.dll' because AssemblyVersion '8.0.0.0' is greater than '5.0.0.0'.
         Encountered conflict between 'Platform:System.Security.Principal.Windows.dll' and 'CopyLocal:C:\Users\toduc\.nuget\packages\system.security.principal.windows\5.0.0\runtimes\win\lib\netcoreapp2.1\System.Security.Principal.Windows.dll'. Choosing 'Platform:System.Security.Principal.Windows.dll' because AssemblyVersion '8.0.0.0' is greater than '5.0.0.0'.
         Encountered conflict between 'Platform:System.Text.Encoding.CodePages.dll' and 'CopyLocal:C:\Users\toduc\.nuget\packages\system.text.encoding.codepages\6.0.0\runtimes\win\lib\net6.0\System.Text.Encoding.CodePages.dll'. Choosing 'Platform:System.Text.Encoding.CodePages.dll' because AssemblyVersion '8.0.0.0' is greater than '6.0.0.0'.
         Encountered conflict between 'Platform:System.Text.Encodings.Web.dll' and 'CopyLocal:C:\Users\toduc\.nuget\packages\system.text.encodings.web\8.0.0\runtimes\browser\lib\net8.0\System.Text.Encodings.Web.dll'. Choosing 'Platform:System.Text.Encodings.Web.dll' because file version '8.0.2225.52707' is greater than '8.0.23.53103'.
         Encountered conflict between 'Platform:mscorlib.dll' and 'Platform:mscorlib.dll'. Could not determine winner due to equal file and assembly versions.
         Encountered conflict between 'Platform:Microsoft.VisualBasic.dll' and 'Platform:Microsoft.VisualBasic.dll'. Could not determine winner due to equal file and assembly versions.
         Encountered conflict between 'Platform:System.dll' and 'Platform:System.dll'. Could not determine winner due to equal file and assembly versions.
         Encountered conflict between 'Platform:System.ComponentModel.DataAnnotations.dll' and 'Platform:System.ComponentModel.DataAnnotations.dll'. Could not determine winner due to equal file and assembly versions.
         Encountered conflict between 'Platform:System.Configuration.dll' and 'Platform:System.Configuration.dll'. Could not determine winner due to equal file and assembly versions.
         Encountered conflict between 'Platform:System.Core.dll' and 'Platform:System.Core.dll'. Could not determine winner due to equal file and assembly versions.
         Encountered conflict between 'Platform:System.Data.dll' and 'Platform:System.Data.dll'. Could not determine winner due to equal file and assembly versions.
         Encountered conflict between 'Platform:System.Drawing.dll' and 'Platform:System.Drawing.dll'. Could not determine winner due to equal file and assembly versions.
         Encountered conflict between 'Platform:System.IO.Compression.FileSystem.dll' and 'Platform:System.IO.Compression.FileSystem.dll'. Could not determine winner due to equal file and assembly versions.
         Encountered conflict between 'Platform:System.Net.dll' and 'Platform:System.Net.dll'. Could not determine winner due to equal file and assembly versions.
         Encountered conflict between 'Platform:System.Numerics.dll' and 'Platform:System.Numerics.dll'. Could not determine winner due to equal file and assembly versions.
         Encountered conflict between 'Platform:System.Runtime.Serialization.dll' and 'Platform:System.Runtime.Serialization.dll'. Could not determine winner due to equal file and assembly versions.
         Encountered conflict between 'Platform:System.Security.dll' and 'Platform:System.Security.dll'. Could not determine winner due to equal file and assembly versions.
         Encountered conflict between 'Platform:System.ServiceProcess.dll' and 'Platform:System.ServiceProcess.dll'. Could not determine winner due to equal file and assembly versions.
         Encountered conflict between 'Platform:System.ServiceModel.Web.dll' and 'Platform:System.ServiceModel.Web.dll'. Could not determine winner due to equal file and assembly versions.
         Encountered conflict between 'Platform:System.Transactions.dll' and 'Platform:System.Transactions.dll'. Could not determine winner due to equal file and assembly versions.
         Encountered conflict between 'Platform:System.Web.dll' and 'Platform:System.Web.dll'. Could not determine winner due to equal file and assembly versions.
         Encountered conflict between 'Platform:System.Windows.dll' and 'Platform:System.Windows.dll'. Could not determine winner due to equal file and assembly versions.
         Encountered conflict between 'Platform:System.Xml.dll' and 'Platform:System.Xml.dll'. Could not determine winner due to equal file and assembly versions.
         Encountered conflict between 'Platform:System.Xml.Serialization.dll' and 'Platform:System.Xml.Serialization.dll'. Could not determine winner due to equal file and assembly versions.
         Encountered conflict between 'Platform:System.Xml.Linq.dll' and 'Platform:System.Xml.Linq.dll'. Could not determine winner due to equal file and assembly versions.
         Encountered conflict between 'Platform:WindowsBase.dll' and 'Platform:WindowsBase.dll'. Could not determine winner due to equal file and assembly versions.
         Encountered conflict between 'Platform:netstandard.dll' and 'Platform:netstandard.dll'. Could not determine winner due to equal file and assembly versions.
         Encountered conflict between 'Platform:System.Private.CoreLib.dll' and 'Platform:System.Private.CoreLib.dll'. Could not determine winner due to equal file and assembly versions.
         Encountered conflict between 'Platform:System.Private.DataContractSerialization.dll' and 'Platform:System.Private.DataContractSerialization.dll'. Could not determine winner due to equal file and assembly versions.
         Encountered conflict between 'Platform:System.Private.Uri.dll' and 'Platform:System.Private.Uri.dll'. Could not determine winner due to equal file and assembly versions.
         Encountered conflict between 'Platform:System.Private.Xml.dll' and 'Platform:System.Private.Xml.dll'. Could not determine winner due to equal file and assembly versions.
         Encountered conflict between 'Platform:System.Private.Xml.Linq.dll' and 'Platform:System.Private.Xml.Linq.dll'. Could not determine winner due to equal file and assembly versions.
         Encountered conflict between 'Platform:mscordaccore_amd64_amd64_8.0.2225.52707.dll' and 'Platform:mscordaccore_amd64_amd64_8.0.2225.52707.dll'. Could not determine winner due to equal file and assembly versions.
       Done executing task "ResolvePackageFileConflicts".
   1:7>Done building target "_HandlePackageFileConflicts" in project "do_an_tot_nghiep.csproj".
       Target "ResolveTargetingPackAssets" skipped. Previously built successfully.
   1:7>Target "ResolveAssemblyReferences" in file "C:\Program Files\dotnet\sdk\10.0.100\Microsoft.Common.CurrentVersion.targets" from project "C:\Users\toduc\Downloads\SmartStay\do_an_tot_nghiep.csproj" (target "ResolveReferences" depends on it):
       Using "ResolveAssemblyReference" task from assembly "Microsoft.Build.Tasks.Core, Version=15.1.0.0, Culture=neutral, PublicKeyToken=b03f5f7f11d50a3a".
       Task "ResolveAssemblyReference"
         TargetFrameworkMoniker:
             .NETCoreApp,Version=v8.0
         TargetFrameworkMonikerDisplayName:
             .NET 8.0
         TargetedRuntimeVersion:
             
         Assemblies:
             C:\Users\toduc\.nuget\packages\azure.core\1.25.0\lib\net5.0\Azure.Core.dll
                 Private = 'false'
                 HintPath = 'C:\Users\toduc\.nuget\packages\azure.core\1.25.0\lib\net5.0\Azure.Core.dll'
             C:\Users\toduc\.nuget\packages\azure.identity\1.7.0\lib\netstandard2.0\Azure.Identity.dll
                 Private = 'false'
                 HintPath = 'C:\Users\toduc\.nuget\packages\azure.identity\1.7.0\lib\netstandard2.0\Azure.Identity.dll'
             C:\Users\toduc\.nuget\packages\microsoft.bcl.asyncinterfaces\6.0.0\lib\netstandard2.1\Microsoft.Bcl.AsyncInterfaces.dll
                 Private = 'false'
                 HintPath = 'C:\Users\toduc\.nuget\packages\microsoft.bcl.asyncinterfaces\6.0.0\lib\netstandard2.1\Microsoft.Bcl.AsyncInterfaces.dll'
             C:\Users\toduc\.nuget\packages\microsoft.data.sqlclient\5.1.1\ref\net6.0\Microsoft.Data.SqlClient.dll
                 Private = 'false'
                 HintPath = 'C:\Users\toduc\.nuget\packages\microsoft.data.sqlclient\5.1.1\ref\net6.0\Microsoft.Data.SqlClient.dll'
             C:\Users\toduc\.nuget\packages\microsoft.entityframeworkcore\8.0.0\lib\net8.0\Microsoft.EntityFrameworkCore.dll
                 Private = 'false'
                 HintPath = 'C:\Users\toduc\.nuget\packages\microsoft.entityframeworkcore\8.0.0\lib\net8.0\Microsoft.EntityFrameworkCore.dll'
             C:\Users\toduc\.nuget\packages\microsoft.entityframeworkcore.abstractions\8.0.0\lib\net8.0\Microsoft.EntityFrameworkCore.Abstractions.dll
                 Private = 'false'
                 HintPath = 'C:\Users\toduc\.nuget\packages\microsoft.entityframeworkcore.abstractions\8.0.0\lib\net8.0\Microsoft.EntityFrameworkCore.Abstractions.dll'
             C:\Users\toduc\.nuget\packages\microsoft.entityframeworkcore.relational\8.0.0\lib\net8.0\Microsoft.EntityFrameworkCore.Relational.dll
                 Private = 'false'
                 HintPath = 'C:\Users\toduc\.nuget\packages\microsoft.entityframeworkcore.relational\8.0.0\lib\net8.0\Microsoft.EntityFrameworkCore.Relational.dll'
             C:\Users\toduc\.nuget\packages\microsoft.entityframeworkcore.sqlserver\8.0.0\lib\net8.0\Microsoft.EntityFrameworkCore.SqlServer.dll
                 Private = 'false'
                 HintPath = 'C:\Users\toduc\.nuget\packages\microsoft.entityframeworkcore.sqlserver\8.0.0\lib\net8.0\Microsoft.EntityFrameworkCore.SqlServer.dll'
             C:\Users\toduc\.nuget\packages\microsoft.identity.client\4.47.2\lib\netcoreapp2.1\Microsoft.Identity.Client.dll
                 Private = 'false'
                 HintPath = 'C:\Users\toduc\.nuget\packages\microsoft.identity.client\4.47.2\lib\netcoreapp2.1\Microsoft.Identity.Client.dll'
             C:\Users\toduc\.nuget\packages\microsoft.identity.client.extensions.msal\2.19.3\lib\netcoreapp2.1\Microsoft.Identity.Client.Extensions.Msal.dll
                 Private = 'false'
                 HintPath = 'C:\Users\toduc\.nuget\packages\microsoft.identity.client.extensions.msal\2.19.3\lib\netcoreapp2.1\Microsoft.Identity.Client.Extensions.Msal.dll'
             C:\Users\toduc\.nuget\packages\microsoft.identitymodel.abstractions\6.24.0\lib\net6.0\Microsoft.IdentityModel.Abstractions.dll
                 Private = 'false'
                 HintPath = 'C:\Users\toduc\.nuget\packages\microsoft.identitymodel.abstractions\6.24.0\lib\net6.0\Microsoft.IdentityModel.Abstractions.dll'
             C:\Users\toduc\.nuget\packages\microsoft.identitymodel.jsonwebtokens\6.24.0\lib\net6.0\Microsoft.IdentityModel.JsonWebTokens.dll
                 Private = 'false'
                 HintPath = 'C:\Users\toduc\.nuget\packages\microsoft.identitymodel.jsonwebtokens\6.24.0\lib\net6.0\Microsoft.IdentityModel.JsonWebTokens.dll'
             C:\Users\toduc\.nuget\packages\microsoft.identitymodel.logging\6.24.0\lib\net6.0\Microsoft.IdentityModel.Logging.dll
                 Private = 'false'
                 HintPath = 'C:\Users\toduc\.nuget\packages\microsoft.identitymodel.logging\6.24.0\lib\net6.0\Microsoft.IdentityModel.Logging.dll'
             C:\Users\toduc\.nuget\packages\microsoft.identitymodel.protocols\6.24.0\lib\net6.0\Microsoft.IdentityModel.Protocols.dll
                 Private = 'false'
                 HintPath = 'C:\Users\toduc\.nuget\packages\microsoft.identitymodel.protocols\6.24.0\lib\net6.0\Microsoft.IdentityModel.Protocols.dll'
             C:\Users\toduc\.nuget\packages\microsoft.identitymodel.protocols.openidconnect\6.24.0\lib\net6.0\Microsoft.IdentityModel.Protocols.OpenIdConnect.dll
                 Private = 'false'
                 HintPath = 'C:\Users\toduc\.nuget\packages\microsoft.identitymodel.protocols.openidconnect\6.24.0\lib\net6.0\Microsoft.IdentityModel.Protocols.OpenIdConnect.dll'
             C:\Users\toduc\.nuget\packages\microsoft.identitymodel.tokens\6.24.0\lib\net6.0\Microsoft.IdentityModel.Tokens.dll
                 Private = 'false'
                 HintPath = 'C:\Users\toduc\.nuget\packages\microsoft.identitymodel.tokens\6.24.0\lib\net6.0\Microsoft.IdentityModel.Tokens.dll'
             C:\Users\toduc\.nuget\packages\microsoft.openapi\1.2.3\lib\netstandard2.0\Microsoft.OpenApi.dll
                 Private = 'false'
                 HintPath = 'C:\Users\toduc\.nuget\packages\microsoft.openapi\1.2.3\lib\netstandard2.0\Microsoft.OpenApi.dll'
             C:\Users\toduc\.nuget\packages\microsoft.sqlserver.server\1.0.0\lib\netstandard2.0\Microsoft.SqlServer.Server.dll
                 Private = 'false'
                 HintPath = 'C:\Users\toduc\.nuget\packages\microsoft.sqlserver.server\1.0.0\lib\netstandard2.0\Microsoft.SqlServer.Server.dll'
             C:\Users\toduc\.nuget\packages\swashbuckle.aspnetcore.swagger\6.5.0\lib\net7.0\Swashbuckle.AspNetCore.Swagger.dll
                 Private = 'false'
                 HintPath = 'C:\Users\toduc\.nuget\packages\swashbuckle.aspnetcore.swagger\6.5.0\lib\net7.0\Swashbuckle.AspNetCore.Swagger.dll'
             C:\Users\toduc\.nuget\packages\swashbuckle.aspnetcore.swaggergen\6.5.0\lib\net7.0\Swashbuckle.AspNetCore.SwaggerGen.dll
                 Private = 'false'
                 HintPath = 'C:\Users\toduc\.nuget\packages\swashbuckle.aspnetcore.swaggergen\6.5.0\lib\net7.0\Swashbuckle.AspNetCore.SwaggerGen.dll'
             C:\Users\toduc\.nuget\packages\swashbuckle.aspnetcore.swaggerui\6.5.0\lib\net7.0\Swashbuckle.AspNetCore.SwaggerUI.dll
                 Private = 'false'
                 HintPath = 'C:\Users\toduc\.nuget\packages\swashbuckle.aspnetcore.swaggerui\6.5.0\lib\net7.0\Swashbuckle.AspNetCore.SwaggerUI.dll'
             C:\Users\toduc\.nuget\packages\system.identitymodel.tokens.jwt\6.24.0\lib\net6.0\System.IdentityModel.Tokens.Jwt.dll
                 Private = 'false'
                 HintPath = 'C:\Users\toduc\.nuget\packages\system.identitymodel.tokens.jwt\6.24.0\lib\net6.0\System.IdentityModel.Tokens.Jwt.dll'
             C:\Users\toduc\.nuget\packages\system.memory.data\1.0.2\lib\netstandard2.0\System.Memory.Data.dll
                 Private = 'false'
                 HintPath = 'C:\Users\toduc\.nuget\packages\system.memory.data\1.0.2\lib\netstandard2.0\System.Memory.Data.dll'
             C:\Users\toduc\.nuget\packages\system.security.cryptography.protecteddata\6.0.0\lib\net6.0\System.Security.Cryptography.ProtectedData.dll
                 Private = 'false'
                 HintPath = 'C:\Users\toduc\.nuget\packages\system.security.cryptography.protecteddata\6.0.0\lib\net6.0\System.Security.Cryptography.ProtectedData.dll'
             C:\Program Files\dotnet\packs\Microsoft.NETCore.App.Ref\8.0.22\ref/net8.0/Microsoft.CSharp.dll
                 Private = 'false'
             C:\Program Files\dotnet\packs\Microsoft.NETCore.App.Ref\8.0.22\ref/net8.0/Microsoft.VisualBasic.Core.dll
                 Private = 'false'
             C:\Program Files\dotnet\packs\Microsoft.NETCore.App.Ref\8.0.22\ref/net8.0/Microsoft.VisualBasic.dll
                 Private = 'false'
             C:\Program Files\dotnet\packs\Microsoft.NETCore.App.Ref\8.0.22\ref/net8.0/Microsoft.Win32.Primitives.dll
                 Private = 'false'
             C:\Program Files\dotnet\packs\Microsoft.NETCore.App.Ref\8.0.22\ref/net8.0/Microsoft.Win32.Registry.dll
                 Private = 'false'
             C:\Program Files\dotnet\packs\Microsoft.NETCore.App.Ref\8.0.22\ref/net8.0/System.AppContext.dll
                 Private = 'false'
             C:\Program Files\dotnet\packs\Microsoft.NETCore.App.Ref\8.0.22\ref/net8.0/System.Buffers.dll
                 Private = 'false'
             C:\Program Files\dotnet\packs\Microsoft.NETCore.App.Ref\8.0.22\ref/net8.0/System.Collections.Concurrent.dll
                 Private = 'false'
             C:\Program Files\dotnet\packs\Microsoft.NETCore.App.Ref\8.0.22\ref/net8.0/System.Collections.Immutable.dll
                 Private = 'false'
             C:\Program Files\dotnet\packs\Microsoft.NETCore.App.Ref\8.0.22\ref/net8.0/System.Collections.NonGeneric.dll
                 Private = 'false'
             C:\Program Files\dotnet\packs\Microsoft.NETCore.App.Ref\8.0.22\ref/net8.0/System.Collections.Specialized.dll
                 Private = 'false'
             C:\Program Files\dotnet\packs\Microsoft.NETCore.App.Ref\8.0.22\ref/net8.0/System.Collections.dll
                 Private = 'false'
             C:\Program Files\dotnet\packs\Microsoft.NETCore.App.Ref\8.0.22\ref/net8.0/System.ComponentModel.Annotations.dll
                 Private = 'false'
             C:\Program Files\dotnet\packs\Microsoft.NETCore.App.Ref\8.0.22\ref/net8.0/System.ComponentModel.DataAnnotations.dll
                 Private = 'false'
             C:\Program Files\dotnet\packs\Microsoft.NETCore.App.Ref\8.0.22\ref/net8.0/System.ComponentModel.EventBasedAsync.dll
                 Private = 'false'
             C:\Program Files\dotnet\packs\Microsoft.NETCore.App.Ref\8.0.22\ref/net8.0/System.ComponentModel.Primitives.dll
                 Private = 'false'
             C:\Program Files\dotnet\packs\Microsoft.NETCore.App.Ref\8.0.22\ref/net8.0/System.ComponentModel.TypeConverter.dll
                 Private = 'false'
             C:\Program Files\dotnet\packs\Microsoft.NETCore.App.Ref\8.0.22\ref/net8.0/System.ComponentModel.dll
                 Private = 'false'
             C:\Program Files\dotnet\packs\Microsoft.NETCore.App.Ref\8.0.22\ref/net8.0/System.Configuration.dll
                 Private = 'false'
             C:\Program Files\dotnet\packs\Microsoft.NETCore.App.Ref\8.0.22\ref/net8.0/System.Console.dll
                 Private = 'false'
             C:\Program Files\dotnet\packs\Microsoft.NETCore.App.Ref\8.0.22\ref/net8.0/System.Core.dll
                 Private = 'false'
             C:\Program Files\dotnet\packs\Microsoft.NETCore.App.Ref\8.0.22\ref/net8.0/System.Data.Common.dll
                 Private = 'false'
             C:\Program Files\dotnet\packs\Microsoft.NETCore.App.Ref\8.0.22\ref/net8.0/System.Data.DataSetExtensions.dll
                 Private = 'false'
             C:\Program Files\dotnet\packs\Microsoft.NETCore.App.Ref\8.0.22\ref/net8.0/System.Data.dll
                 Private = 'false'
             C:\Program Files\dotnet\packs\Microsoft.NETCore.App.Ref\8.0.22\ref/net8.0/System.Diagnostics.Contracts.dll
                 Private = 'false'
             C:\Program Files\dotnet\packs\Microsoft.NETCore.App.Ref\8.0.22\ref/net8.0/System.Diagnostics.Debug.dll
                 Private = 'false'
             C:\Program Files\dotnet\packs\Microsoft.NETCore.App.Ref\8.0.22\ref/net8.0/System.Diagnostics.DiagnosticSource.dll
                 Private = 'false'
             C:\Program Files\dotnet\packs\Microsoft.NETCore.App.Ref\8.0.22\ref/net8.0/System.Diagnostics.FileVersionInfo.dll
                 Private = 'false'
             C:\Program Files\dotnet\packs\Microsoft.NETCore.App.Ref\8.0.22\ref/net8.0/System.Diagnostics.Process.dll
                 Private = 'false'
             C:\Program Files\dotnet\packs\Microsoft.NETCore.App.Ref\8.0.22\ref/net8.0/System.Diagnostics.StackTrace.dll
                 Private = 'false'
             C:\Program Files\dotnet\packs\Microsoft.NETCore.App.Ref\8.0.22\ref/net8.0/System.Diagnostics.TextWriterTraceListener.dll
                 Private = 'false'
             C:\Program Files\dotnet\packs\Microsoft.NETCore.App.Ref\8.0.22\ref/net8.0/System.Diagnostics.Tools.dll
                 Private = 'false'
             C:\Program Files\dotnet\packs\Microsoft.NETCore.App.Ref\8.0.22\ref/net8.0/System.Diagnostics.TraceSource.dll
                 Private = 'false'
             C:\Program Files\dotnet\packs\Microsoft.NETCore.App.Ref\8.0.22\ref/net8.0/System.Diagnostics.Tracing.dll
                 Private = 'false'
             C:\Program Files\dotnet\packs\Microsoft.NETCore.App.Ref\8.0.22\ref/net8.0/System.Drawing.Primitives.dll
                 Private = 'false'
             C:\Program Files\dotnet\packs\Microsoft.NETCore.App.Ref\8.0.22\ref/net8.0/System.Drawing.dll
                 Private = 'false'
             C:\Program Files\dotnet\packs\Microsoft.NETCore.App.Ref\8.0.22\ref/net8.0/System.Dynamic.Runtime.dll
                 Private = 'false'
             C:\Program Files\dotnet\packs\Microsoft.NETCore.App.Ref\8.0.22\ref/net8.0/System.Formats.Asn1.dll
                 Private = 'false'
             C:\Program Files\dotnet\packs\Microsoft.NETCore.App.Ref\8.0.22\ref/net8.0/System.Formats.Tar.dll
                 Private = 'false'
             C:\Program Files\dotnet\packs\Microsoft.NETCore.App.Ref\8.0.22\ref/net8.0/System.Globalization.Calendars.dll
                 Private = 'false'
             C:\Program Files\dotnet\packs\Microsoft.NETCore.App.Ref\8.0.22\ref/net8.0/System.Globalization.Extensions.dll
                 Private = 'false'
             C:\Program Files\dotnet\packs\Microsoft.NETCore.App.Ref\8.0.22\ref/net8.0/System.Globalization.dll
                 Private = 'false'
             C:\Program Files\dotnet\packs\Microsoft.NETCore.App.Ref\8.0.22\ref/net8.0/System.IO.Compression.Brotli.dll
                 Private = 'false'
             C:\Program Files\dotnet\packs\Microsoft.NETCore.App.Ref\8.0.22\ref/net8.0/System.IO.Compression.FileSystem.dll
                 Private = 'false'
             C:\Program Files\dotnet\packs\Microsoft.NETCore.App.Ref\8.0.22\ref/net8.0/System.IO.Compression.ZipFile.dll
                 Private = 'false'
             C:\Program Files\dotnet\packs\Microsoft.NETCore.App.Ref\8.0.22\ref/net8.0/System.IO.Compression.dll
                 Private = 'false'
             C:\Program Files\dotnet\packs\Microsoft.NETCore.App.Ref\8.0.22\ref/net8.0/System.IO.FileSystem.AccessControl.dll
                 Private = 'false'
             C:\Program Files\dotnet\packs\Microsoft.NETCore.App.Ref\8.0.22\ref/net8.0/System.IO.FileSystem.DriveInfo.dll
                 Private = 'false'
             C:\Program Files\dotnet\packs\Microsoft.NETCore.App.Ref\8.0.22\ref/net8.0/System.IO.FileSystem.Primitives.dll
                 Private = 'false'
             C:\Program Files\dotnet\packs\Microsoft.NETCore.App.Ref\8.0.22\ref/net8.0/System.IO.FileSystem.Watcher.dll
                 Private = 'false'
             C:\Program Files\dotnet\packs\Microsoft.NETCore.App.Ref\8.0.22\ref/net8.0/System.IO.FileSystem.dll
                 Private = 'false'
             C:\Program Files\dotnet\packs\Microsoft.NETCore.App.Ref\8.0.22\ref/net8.0/System.IO.IsolatedStorage.dll
                 Private = 'false'
             C:\Program Files\dotnet\packs\Microsoft.NETCore.App.Ref\8.0.22\ref/net8.0/System.IO.MemoryMappedFiles.dll
                 Private = 'false'
             C:\Program Files\dotnet\packs\Microsoft.NETCore.App.Ref\8.0.22\ref/net8.0/System.IO.Pipes.AccessControl.dll
                 Private = 'false'
             C:\Program Files\dotnet\packs\Microsoft.NETCore.App.Ref\8.0.22\ref/net8.0/System.IO.Pipes.dll
                 Private = 'false'
             C:\Program Files\dotnet\packs\Microsoft.NETCore.App.Ref\8.0.22\ref/net8.0/System.IO.UnmanagedMemoryStream.dll
                 Private = 'false'
             C:\Program Files\dotnet\packs\Microsoft.NETCore.App.Ref\8.0.22\ref/net8.0/System.IO.dll
                 Private = 'false'
             C:\Program Files\dotnet\packs\Microsoft.NETCore.App.Ref\8.0.22\ref/net8.0/System.Linq.Expressions.dll
                 Private = 'false'
             C:\Program Files\dotnet\packs\Microsoft.NETCore.App.Ref\8.0.22\ref/net8.0/System.Linq.Parallel.dll
                 Private = 'false'
             C:\Program Files\dotnet\packs\Microsoft.NETCore.App.Ref\8.0.22\ref/net8.0/System.Linq.Queryable.dll
                 Private = 'false'
             C:\Program Files\dotnet\packs\Microsoft.NETCore.App.Ref\8.0.22\ref/net8.0/System.Linq.dll
                 Private = 'false'
             C:\Program Files\dotnet\packs\Microsoft.NETCore.App.Ref\8.0.22\ref/net8.0/System.Memory.dll
                 Private = 'false'
             C:\Program Files\dotnet\packs\Microsoft.NETCore.App.Ref\8.0.22\ref/net8.0/System.Net.Http.Json.dll
                 Private = 'false'
             C:\Program Files\dotnet\packs\Microsoft.NETCore.App.Ref\8.0.22\ref/net8.0/System.Net.Http.dll
                 Private = 'false'
             C:\Program Files\dotnet\packs\Microsoft.NETCore.App.Ref\8.0.22\ref/net8.0/System.Net.HttpListener.dll
                 Private = 'false'
             C:\Program Files\dotnet\packs\Microsoft.NETCore.App.Ref\8.0.22\ref/net8.0/System.Net.Mail.dll
                 Private = 'false'
             C:\Program Files\dotnet\packs\Microsoft.NETCore.App.Ref\8.0.22\ref/net8.0/System.Net.NameResolution.dll
                 Private = 'false'
             C:\Program Files\dotnet\packs\Microsoft.NETCore.App.Ref\8.0.22\ref/net8.0/System.Net.NetworkInformation.dll
                 Private = 'false'
             C:\Program Files\dotnet\packs\Microsoft.NETCore.App.Ref\8.0.22\ref/net8.0/System.Net.Ping.dll
                 Private = 'false'
             C:\Program Files\dotnet\packs\Microsoft.NETCore.App.Ref\8.0.22\ref/net8.0/System.Net.Primitives.dll
                 Private = 'false'
             C:\Program Files\dotnet\packs\Microsoft.NETCore.App.Ref\8.0.22\ref/net8.0/System.Net.Quic.dll
                 Private = 'false'
             C:\Program Files\dotnet\packs\Microsoft.NETCore.App.Ref\8.0.22\ref/net8.0/System.Net.Requests.dll
                 Private = 'false'
             C:\Program Files\dotnet\packs\Microsoft.NETCore.App.Ref\8.0.22\ref/net8.0/System.Net.Security.dll
                 Private = 'false'
             C:\Program Files\dotnet\packs\Microsoft.NETCore.App.Ref\8.0.22\ref/net8.0/System.Net.ServicePoint.dll
                 Private = 'false'
             C:\Program Files\dotnet\packs\Microsoft.NETCore.App.Ref\8.0.22\ref/net8.0/System.Net.Sockets.dll
                 Private = 'false'
             C:\Program Files\dotnet\packs\Microsoft.NETCore.App.Ref\8.0.22\ref/net8.0/System.Net.WebClient.dll
                 Private = 'false'
             C:\Program Files\dotnet\packs\Microsoft.NETCore.App.Ref\8.0.22\ref/net8.0/System.Net.WebHeaderCollection.dll
                 Private = 'false'
             C:\Program Files\dotnet\packs\Microsoft.NETCore.App.Ref\8.0.22\ref/net8.0/System.Net.WebProxy.dll
                 Private = 'false'
             C:\Program Files\dotnet\packs\Microsoft.NETCore.App.Ref\8.0.22\ref/net8.0/System.Net.WebSockets.Client.dll
                 Private = 'false'
             C:\Program Files\dotnet\packs\Microsoft.NETCore.App.Ref\8.0.22\ref/net8.0/System.Net.WebSockets.dll
                 Private = 'false'
             C:\Program Files\dotnet\packs\Microsoft.NETCore.App.Ref\8.0.22\ref/net8.0/System.Net.dll
                 Private = 'false'
             C:\Program Files\dotnet\packs\Microsoft.NETCore.App.Ref\8.0.22\ref/net8.0/System.Numerics.Vectors.dll
                 Private = 'false'
             C:\Program Files\dotnet\packs\Microsoft.NETCore.App.Ref\8.0.22\ref/net8.0/System.Numerics.dll
                 Private = 'false'
             C:\Program Files\dotnet\packs\Microsoft.NETCore.App.Ref\8.0.22\ref/net8.0/System.ObjectModel.dll
                 Private = 'false'
             C:\Program Files\dotnet\packs\Microsoft.NETCore.App.Ref\8.0.22\ref/net8.0/System.Reflection.DispatchProxy.dll
                 Private = 'false'
             C:\Program Files\dotnet\packs\Microsoft.NETCore.App.Ref\8.0.22\ref/net8.0/System.Reflection.Emit.ILGeneration.dll
                 Private = 'false'
             C:\Program Files\dotnet\packs\Microsoft.NETCore.App.Ref\8.0.22\ref/net8.0/System.Reflection.Emit.Lightweight.dll
                 Private = 'false'
             C:\Program Files\dotnet\packs\Microsoft.NETCore.App.Ref\8.0.22\ref/net8.0/System.Reflection.Emit.dll
                 Private = 'false'
             C:\Program Files\dotnet\packs\Microsoft.NETCore.App.Ref\8.0.22\ref/net8.0/System.Reflection.Extensions.dll
                 Private = 'false'
             C:\Program Files\dotnet\packs\Microsoft.NETCore.App.Ref\8.0.22\ref/net8.0/System.Reflection.Metadata.dll
                 Private = 'false'
             C:\Program Files\dotnet\packs\Microsoft.NETCore.App.Ref\8.0.22\ref/net8.0/System.Reflection.Primitives.dll
                 Private = 'false'
             C:\Program Files\dotnet\packs\Microsoft.NETCore.App.Ref\8.0.22\ref/net8.0/System.Reflection.TypeExtensions.dll
                 Private = 'false'
             C:\Program Files\dotnet\packs\Microsoft.NETCore.App.Ref\8.0.22\ref/net8.0/System.Reflection.dll
                 Private = 'false'
             C:\Program Files\dotnet\packs\Microsoft.NETCore.App.Ref\8.0.22\ref/net8.0/System.Resources.Reader.dll
                 Private = 'false'
             C:\Program Files\dotnet\packs\Microsoft.NETCore.App.Ref\8.0.22\ref/net8.0/System.Resources.ResourceManager.dll
                 Private = 'false'
             C:\Program Files\dotnet\packs\Microsoft.NETCore.App.Ref\8.0.22\ref/net8.0/System.Resources.Writer.dll
                 Private = 'false'
             C:\Program Files\dotnet\packs\Microsoft.NETCore.App.Ref\8.0.22\ref/net8.0/System.Runtime.CompilerServices.Unsafe.dll
                 Private = 'false'
             C:\Program Files\dotnet\packs\Microsoft.NETCore.App.Ref\8.0.22\ref/net8.0/System.Runtime.CompilerServices.VisualC.dll
                 Private = 'false'
             C:\Program Files\dotnet\packs\Microsoft.NETCore.App.Ref\8.0.22\ref/net8.0/System.Runtime.Extensions.dll
                 Private = 'false'
             C:\Program Files\dotnet\packs\Microsoft.NETCore.App.Ref\8.0.22\ref/net8.0/System.Runtime.Handles.dll
                 Private = 'false'
             C:\Program Files\dotnet\packs\Microsoft.NETCore.App.Ref\8.0.22\ref/net8.0/System.Runtime.InteropServices.JavaScript.dll
                 Private = 'false'
             C:\Program Files\dotnet\packs\Microsoft.NETCore.App.Ref\8.0.22\ref/net8.0/System.Runtime.InteropServices.RuntimeInformation.dll
                 Private = 'false'
             C:\Program Files\dotnet\packs\Microsoft.NETCore.App.Ref\8.0.22\ref/net8.0/System.Runtime.InteropServices.dll
                 Private = 'false'
             C:\Program Files\dotnet\packs\Microsoft.NETCore.App.Ref\8.0.22\ref/net8.0/System.Runtime.Intrinsics.dll
                 Private = 'false'
             C:\Program Files\dotnet\packs\Microsoft.NETCore.App.Ref\8.0.22\ref/net8.0/System.Runtime.Loader.dll
                 Private = 'false'
             C:\Program Files\dotnet\packs\Microsoft.NETCore.App.Ref\8.0.22\ref/net8.0/System.Runtime.Numerics.dll
                 Private = 'false'
             C:\Program Files\dotnet\packs\Microsoft.NETCore.App.Ref\8.0.22\ref/net8.0/System.Runtime.Serialization.Formatters.dll
                 Private = 'false'
             C:\Program Files\dotnet\packs\Microsoft.NETCore.App.Ref\8.0.22\ref/net8.0/System.Runtime.Serialization.Json.dll
                 Private = 'false'
             C:\Program Files\dotnet\packs\Microsoft.NETCore.App.Ref\8.0.22\ref/net8.0/System.Runtime.Serialization.Primitives.dll
                 Private = 'false'
             C:\Program Files\dotnet\packs\Microsoft.NETCore.App.Ref\8.0.22\ref/net8.0/System.Runtime.Serialization.Xml.dll
                 Private = 'false'
             C:\Program Files\dotnet\packs\Microsoft.NETCore.App.Ref\8.0.22\ref/net8.0/System.Runtime.Serialization.dll
                 Private = 'false'
             C:\Program Files\dotnet\packs\Microsoft.NETCore.App.Ref\8.0.22\ref/net8.0/System.Runtime.dll
                 Private = 'false'
             C:\Program Files\dotnet\packs\Microsoft.NETCore.App.Ref\8.0.22\ref/net8.0/System.Security.AccessControl.dll
                 Private = 'false'
             C:\Program Files\dotnet\packs\Microsoft.NETCore.App.Ref\8.0.22\ref/net8.0/System.Security.Claims.dll
                 Private = 'false'
             C:\Program Files\dotnet\packs\Microsoft.NETCore.App.Ref\8.0.22\ref/net8.0/System.Security.Cryptography.Algorithms.dll
                 Private = 'false'
             C:\Program Files\dotnet\packs\Microsoft.NETCore.App.Ref\8.0.22\ref/net8.0/System.Security.Cryptography.Cng.dll
                 Private = 'false'
             C:\Program Files\dotnet\packs\Microsoft.NETCore.App.Ref\8.0.22\ref/net8.0/System.Security.Cryptography.Csp.dll
                 Private = 'false'
             C:\Program Files\dotnet\packs\Microsoft.NETCore.App.Ref\8.0.22\ref/net8.0/System.Security.Cryptography.Encoding.dll
                 Private = 'false'
             C:\Program Files\dotnet\packs\Microsoft.NETCore.App.Ref\8.0.22\ref/net8.0/System.Security.Cryptography.OpenSsl.dll
                 Private = 'false'
             C:\Program Files\dotnet\packs\Microsoft.NETCore.App.Ref\8.0.22\ref/net8.0/System.Security.Cryptography.Primitives.dll
                 Private = 'false'
             C:\Program Files\dotnet\packs\Microsoft.NETCore.App.Ref\8.0.22\ref/net8.0/System.Security.Cryptography.X509Certificates.dll
                 Private = 'false'
             C:\Program Files\dotnet\packs\Microsoft.NETCore.App.Ref\8.0.22\ref/net8.0/System.Security.Cryptography.dll
                 Private = 'false'
             C:\Program Files\dotnet\packs\Microsoft.NETCore.App.Ref\8.0.22\ref/net8.0/System.Security.Principal.Windows.dll
                 Private = 'false'
             C:\Program Files\dotnet\packs\Microsoft.NETCore.App.Ref\8.0.22\ref/net8.0/System.Security.Principal.dll
                 Private = 'false'
             C:\Program Files\dotnet\packs\Microsoft.NETCore.App.Ref\8.0.22\ref/net8.0/System.Security.SecureString.dll
                 Private = 'false'
             C:\Program Files\dotnet\packs\Microsoft.NETCore.App.Ref\8.0.22\ref/net8.0/System.Security.dll
                 Private = 'false'
             C:\Program Files\dotnet\packs\Microsoft.NETCore.App.Ref\8.0.22\ref/net8.0/System.ServiceModel.Web.dll
                 Private = 'false'
             C:\Program Files\dotnet\packs\Microsoft.NETCore.App.Ref\8.0.22\ref/net8.0/System.ServiceProcess.dll
                 Private = 'false'
             C:\Program Files\dotnet\packs\Microsoft.NETCore.App.Ref\8.0.22\ref/net8.0/System.Text.Encoding.CodePages.dll
                 Private = 'false'
             C:\Program Files\dotnet\packs\Microsoft.NETCore.App.Ref\8.0.22\ref/net8.0/System.Text.Encoding.Extensions.dll
                 Private = 'false'
             C:\Program Files\dotnet\packs\Microsoft.NETCore.App.Ref\8.0.22\ref/net8.0/System.Text.Encoding.dll
                 Private = 'false'
             C:\Program Files\dotnet\packs\Microsoft.NETCore.App.Ref\8.0.22\ref/net8.0/System.Text.Encodings.Web.dll
                 Private = 'false'
             C:\Program Files\dotnet\packs\Microsoft.NETCore.App.Ref\8.0.22\ref/net8.0/System.Text.Json.dll
                 Private = 'false'
             C:\Program Files\dotnet\packs\Microsoft.NETCore.App.Ref\8.0.22\ref/net8.0/System.Text.RegularExpressions.dll
                 Private = 'false'
             C:\Program Files\dotnet\packs\Microsoft.NETCore.App.Ref\8.0.22\ref/net8.0/System.Threading.Channels.dll
                 Private = 'false'
             C:\Program Files\dotnet\packs\Microsoft.NETCore.App.Ref\8.0.22\ref/net8.0/System.Threading.Overlapped.dll
                 Private = 'false'
             C:\Program Files\dotnet\packs\Microsoft.NETCore.App.Ref\8.0.22\ref/net8.0/System.Threading.Tasks.Dataflow.dll
                 Private = 'false'
             C:\Program Files\dotnet\packs\Microsoft.NETCore.App.Ref\8.0.22\ref/net8.0/System.Threading.Tasks.Extensions.dll
                 Private = 'false'
             C:\Program Files\dotnet\packs\Microsoft.NETCore.App.Ref\8.0.22\ref/net8.0/System.Threading.Tasks.Parallel.dll
                 Private = 'false'
             C:\Program Files\dotnet\packs\Microsoft.NETCore.App.Ref\8.0.22\ref/net8.0/System.Threading.Tasks.dll
                 Private = 'false'
             C:\Program Files\dotnet\packs\Microsoft.NETCore.App.Ref\8.0.22\ref/net8.0/System.Threading.Thread.dll
                 Private = 'false'
             C:\Program Files\dotnet\packs\Microsoft.NETCore.App.Ref\8.0.22\ref/net8.0/System.Threading.ThreadPool.dll
                 Private = 'false'
             C:\Program Files\dotnet\packs\Microsoft.NETCore.App.Ref\8.0.22\ref/net8.0/System.Threading.Timer.dll
                 Private = 'false'
             C:\Program Files\dotnet\packs\Microsoft.NETCore.App.Ref\8.0.22\ref/net8.0/System.Threading.dll
                 Private = 'false'
             C:\Program Files\dotnet\packs\Microsoft.NETCore.App.Ref\8.0.22\ref/net8.0/System.Transactions.Local.dll
                 Private = 'false'
             C:\Program Files\dotnet\packs\Microsoft.NETCore.App.Ref\8.0.22\ref/net8.0/System.Transactions.dll
                 Private = 'false'
             C:\Program Files\dotnet\packs\Microsoft.NETCore.App.Ref\8.0.22\ref/net8.0/System.ValueTuple.dll
                 Private = 'false'
             C:\Program Files\dotnet\packs\Microsoft.NETCore.App.Ref\8.0.22\ref/net8.0/System.Web.HttpUtility.dll
                 Private = 'false'
             C:\Program Files\dotnet\packs\Microsoft.NETCore.App.Ref\8.0.22\ref/net8.0/System.Web.dll
                 Private = 'false'
             C:\Program Files\dotnet\packs\Microsoft.NETCore.App.Ref\8.0.22\ref/net8.0/System.Windows.dll
                 Private = 'false'
             C:\Program Files\dotnet\packs\Microsoft.NETCore.App.Ref\8.0.22\ref/net8.0/System.Xml.Linq.dll
                 Private = 'false'
             C:\Program Files\dotnet\packs\Microsoft.NETCore.App.Ref\8.0.22\ref/net8.0/System.Xml.ReaderWriter.dll
                 Private = 'false'
             C:\Program Files\dotnet\packs\Microsoft.NETCore.App.Ref\8.0.22\ref/net8.0/System.Xml.Serialization.dll
                 Private = 'false'
             C:\Program Files\dotnet\packs\Microsoft.NETCore.App.Ref\8.0.22\ref/net8.0/System.Xml.XDocument.dll
                 Private = 'false'
             C:\Program Files\dotnet\packs\Microsoft.NETCore.App.Ref\8.0.22\ref/net8.0/System.Xml.XPath.XDocument.dll
                 Private = 'false'
             C:\Program Files\dotnet\packs\Microsoft.NETCore.App.Ref\8.0.22\ref/net8.0/System.Xml.XPath.dll
                 Private = 'false'
             C:\Program Files\dotnet\packs\Microsoft.NETCore.App.Ref\8.0.22\ref/net8.0/System.Xml.XmlDocument.dll
                 Private = 'false'
             C:\Program Files\dotnet\packs\Microsoft.NETCore.App.Ref\8.0.22\ref/net8.0/System.Xml.XmlSerializer.dll
                 Private = 'false'
             C:\Program Files\dotnet\packs\Microsoft.NETCore.App.Ref\8.0.22\ref/net8.0/System.Xml.dll
                 Private = 'false'
             C:\Program Files\dotnet\packs\Microsoft.NETCore.App.Ref\8.0.22\ref/net8.0/System.dll
                 Private = 'false'
             C:\Program Files\dotnet\packs\Microsoft.NETCore.App.Ref\8.0.22\ref/net8.0/WindowsBase.dll
                 Private = 'false'
             C:\Program Files\dotnet\packs\Microsoft.NETCore.App.Ref\8.0.22\ref/net8.0/mscorlib.dll
                 Private = 'false'
             C:\Program Files\dotnet\packs\Microsoft.NETCore.App.Ref\8.0.22\ref/net8.0/netstandard.dll
                 Private = 'false'
             C:\Program Files\dotnet\packs\Microsoft.AspNetCore.App.Ref\8.0.22\ref\net8.0\Microsoft.AspNetCore.Antiforgery.dll
                 Private = 'false'
             C:\Program Files\dotnet\packs\Microsoft.AspNetCore.App.Ref\8.0.22\ref\net8.0\Microsoft.AspNetCore.Authentication.Abstractions.dll
                 Private = 'false'
             C:\Program Files\dotnet\packs\Microsoft.AspNetCore.App.Ref\8.0.22\ref\net8.0\Microsoft.AspNetCore.Authentication.BearerToken.dll
                 Private = 'false'
             C:\Program Files\dotnet\packs\Microsoft.AspNetCore.App.Ref\8.0.22\ref\net8.0\Microsoft.AspNetCore.Authentication.Cookies.dll
                 Private = 'false'
             C:\Program Files\dotnet\packs\Microsoft.AspNetCore.App.Ref\8.0.22\ref\net8.0\Microsoft.AspNetCore.Authentication.Core.dll
                 Private = 'false'
             C:\Program Files\dotnet\packs\Microsoft.AspNetCore.App.Ref\8.0.22\ref\net8.0\Microsoft.AspNetCore.Authentication.OAuth.dll
                 Private = 'false'
             C:\Program Files\dotnet\packs\Microsoft.AspNetCore.App.Ref\8.0.22\ref\net8.0\Microsoft.AspNetCore.Authentication.dll
                 Private = 'false'
             C:\Program Files\dotnet\packs\Microsoft.AspNetCore.App.Ref\8.0.22\ref\net8.0\Microsoft.AspNetCore.Authorization.Policy.dll
                 Private = 'false'
             C:\Program Files\dotnet\packs\Microsoft.AspNetCore.App.Ref\8.0.22\ref\net8.0\Microsoft.AspNetCore.Authorization.dll
                 Private = 'false'
             C:\Program Files\dotnet\packs\Microsoft.AspNetCore.App.Ref\8.0.22\ref\net8.0\Microsoft.AspNetCore.Components.Authorization.dll
                 Private = 'false'
             C:\Program Files\dotnet\packs\Microsoft.AspNetCore.App.Ref\8.0.22\ref\net8.0\Microsoft.AspNetCore.Components.Endpoints.dll
                 Private = 'false'
             C:\Program Files\dotnet\packs\Microsoft.AspNetCore.App.Ref\8.0.22\ref\net8.0\Microsoft.AspNetCore.Components.Forms.dll
                 Private = 'false'
             C:\Program Files\dotnet\packs\Microsoft.AspNetCore.App.Ref\8.0.22\ref\net8.0\Microsoft.AspNetCore.Components.Server.dll
                 Private = 'false'
             C:\Program Files\dotnet\packs\Microsoft.AspNetCore.App.Ref\8.0.22\ref\net8.0\Microsoft.AspNetCore.Components.Web.dll
                 Private = 'false'
             C:\Program Files\dotnet\packs\Microsoft.AspNetCore.App.Ref\8.0.22\ref\net8.0\Microsoft.AspNetCore.Components.dll
                 Private = 'false'
             C:\Program Files\dotnet\packs\Microsoft.AspNetCore.App.Ref\8.0.22\ref\net8.0\Microsoft.AspNetCore.Connections.Abstractions.dll
                 Private = 'false'
             C:\Program Files\dotnet\packs\Microsoft.AspNetCore.App.Ref\8.0.22\ref\net8.0\Microsoft.AspNetCore.CookiePolicy.dll
                 Private = 'false'
             C:\Program Files\dotnet\packs\Microsoft.AspNetCore.App.Ref\8.0.22\ref\net8.0\Microsoft.AspNetCore.Cors.dll
                 Private = 'false'
             C:\Program Files\dotnet\packs\Microsoft.AspNetCore.App.Ref\8.0.22\ref\net8.0\Microsoft.AspNetCore.Cryptography.Internal.dll
                 Private = 'false'
             C:\Program Files\dotnet\packs\Microsoft.AspNetCore.App.Ref\8.0.22\ref\net8.0\Microsoft.AspNetCore.Cryptography.KeyDerivation.dll
                 Private = 'false'
             C:\Program Files\dotnet\packs\Microsoft.AspNetCore.App.Ref\8.0.22\ref\net8.0\Microsoft.AspNetCore.DataProtection.Abstractions.dll
                 Private = 'false'
             C:\Program Files\dotnet\packs\Microsoft.AspNetCore.App.Ref\8.0.22\ref\net8.0\Microsoft.AspNetCore.DataProtection.Extensions.dll
                 Private = 'false'
             C:\Program Files\dotnet\packs\Microsoft.AspNetCore.App.Ref\8.0.22\ref\net8.0\Microsoft.AspNetCore.DataProtection.dll
                 Private = 'false'
             C:\Program Files\dotnet\packs\Microsoft.AspNetCore.App.Ref\8.0.22\ref\net8.0\Microsoft.AspNetCore.Diagnostics.Abstractions.dll
                 Private = 'false'
             C:\Program Files\dotnet\packs\Microsoft.AspNetCore.App.Ref\8.0.22\ref\net8.0\Microsoft.AspNetCore.Diagnostics.HealthChecks.dll
                 Private = 'false'
             C:\Program Files\dotnet\packs\Microsoft.AspNetCore.App.Ref\8.0.22\ref\net8.0\Microsoft.AspNetCore.Diagnostics.dll
                 Private = 'false'
             C:\Program Files\dotnet\packs\Microsoft.AspNetCore.App.Ref\8.0.22\ref\net8.0\Microsoft.AspNetCore.HostFiltering.dll
                 Private = 'false'
             C:\Program Files\dotnet\packs\Microsoft.AspNetCore.App.Ref\8.0.22\ref\net8.0\Microsoft.AspNetCore.Hosting.Abstractions.dll
                 Private = 'false'
             C:\Program Files\dotnet\packs\Microsoft.AspNetCore.App.Ref\8.0.22\ref\net8.0\Microsoft.AspNetCore.Hosting.Server.Abstractions.dll
                 Private = 'false'
             C:\Program Files\dotnet\packs\Microsoft.AspNetCore.App.Ref\8.0.22\ref\net8.0\Microsoft.AspNetCore.Hosting.dll
                 Private = 'false'
             C:\Program Files\dotnet\packs\Microsoft.AspNetCore.App.Ref\8.0.22\ref\net8.0\Microsoft.AspNetCore.Html.Abstractions.dll
                 Private = 'false'
             C:\Program Files\dotnet\packs\Microsoft.AspNetCore.App.Ref\8.0.22\ref\net8.0\Microsoft.AspNetCore.Http.Abstractions.dll
                 Private = 'false'
             C:\Program Files\dotnet\packs\Microsoft.AspNetCore.App.Ref\8.0.22\ref\net8.0\Microsoft.AspNetCore.Http.Connections.Common.dll
                 Private = 'false'
             C:\Program Files\dotnet\packs\Microsoft.AspNetCore.App.Ref\8.0.22\ref\net8.0\Microsoft.AspNetCore.Http.Connections.dll
                 Private = 'false'
             C:\Program Files\dotnet\packs\Microsoft.AspNetCore.App.Ref\8.0.22\ref\net8.0\Microsoft.AspNetCore.Http.Extensions.dll
                 Private = 'false'
             C:\Program Files\dotnet\packs\Microsoft.AspNetCore.App.Ref\8.0.22\ref\net8.0\Microsoft.AspNetCore.Http.Features.dll
                 Private = 'false'
             C:\Program Files\dotnet\packs\Microsoft.AspNetCore.App.Ref\8.0.22\ref\net8.0\Microsoft.AspNetCore.Http.Results.dll
                 Private = 'false'
             C:\Program Files\dotnet\packs\Microsoft.AspNetCore.App.Ref\8.0.22\ref\net8.0\Microsoft.AspNetCore.Http.dll
                 Private = 'false'
             C:\Program Files\dotnet\packs\Microsoft.AspNetCore.App.Ref\8.0.22\ref\net8.0\Microsoft.AspNetCore.HttpLogging.dll
                 Private = 'false'
             C:\Program Files\dotnet\packs\Microsoft.AspNetCore.App.Ref\8.0.22\ref\net8.0\Microsoft.AspNetCore.HttpOverrides.dll
                 Private = 'false'
             C:\Program Files\dotnet\packs\Microsoft.AspNetCore.App.Ref\8.0.22\ref\net8.0\Microsoft.AspNetCore.HttpsPolicy.dll
                 Private = 'false'
             C:\Program Files\dotnet\packs\Microsoft.AspNetCore.App.Ref\8.0.22\ref\net8.0\Microsoft.AspNetCore.Identity.dll
                 Private = 'false'
             C:\Program Files\dotnet\packs\Microsoft.AspNetCore.App.Ref\8.0.22\ref\net8.0\Microsoft.AspNetCore.Localization.Routing.dll
                 Private = 'false'
             C:\Program Files\dotnet\packs\Microsoft.AspNetCore.App.Ref\8.0.22\ref\net8.0\Microsoft.AspNetCore.Localization.dll
                 Private = 'false'
             C:\Program Files\dotnet\packs\Microsoft.AspNetCore.App.Ref\8.0.22\ref\net8.0\Microsoft.AspNetCore.Metadata.dll
                 Private = 'false'
             C:\Program Files\dotnet\packs\Microsoft.AspNetCore.App.Ref\8.0.22\ref\net8.0\Microsoft.AspNetCore.Mvc.Abstractions.dll
                 Private = 'false'
             C:\Program Files\dotnet\packs\Microsoft.AspNetCore.App.Ref\8.0.22\ref\net8.0\Microsoft.AspNetCore.Mvc.ApiExplorer.dll
                 Private = 'false'
             C:\Program Files\dotnet\packs\Microsoft.AspNetCore.App.Ref\8.0.22\ref\net8.0\Microsoft.AspNetCore.Mvc.Core.dll
                 Private = 'false'
             C:\Program Files\dotnet\packs\Microsoft.AspNetCore.App.Ref\8.0.22\ref\net8.0\Microsoft.AspNetCore.Mvc.Cors.dll
                 Private = 'false'
             C:\Program Files\dotnet\packs\Microsoft.AspNetCore.App.Ref\8.0.22\ref\net8.0\Microsoft.AspNetCore.Mvc.DataAnnotations.dll
                 Private = 'false'
             C:\Program Files\dotnet\packs\Microsoft.AspNetCore.App.Ref\8.0.22\ref\net8.0\Microsoft.AspNetCore.Mvc.Formatters.Json.dll
                 Private = 'false'
             C:\Program Files\dotnet\packs\Microsoft.AspNetCore.App.Ref\8.0.22\ref\net8.0\Microsoft.AspNetCore.Mvc.Formatters.Xml.dll
                 Private = 'false'
             C:\Program Files\dotnet\packs\Microsoft.AspNetCore.App.Ref\8.0.22\ref\net8.0\Microsoft.AspNetCore.Mvc.Localization.dll
                 Private = 'false'
             C:\Program Files\dotnet\packs\Microsoft.AspNetCore.App.Ref\8.0.22\ref\net8.0\Microsoft.AspNetCore.Mvc.Razor.dll
                 Private = 'false'
             C:\Program Files\dotnet\packs\Microsoft.AspNetCore.App.Ref\8.0.22\ref\net8.0\Microsoft.AspNetCore.Mvc.RazorPages.dll
                 Private = 'false'
             C:\Program Files\dotnet\packs\Microsoft.AspNetCore.App.Ref\8.0.22\ref\net8.0\Microsoft.AspNetCore.Mvc.TagHelpers.dll
                 Private = 'false'
             C:\Program Files\dotnet\packs\Microsoft.AspNetCore.App.Ref\8.0.22\ref\net8.0\Microsoft.AspNetCore.Mvc.ViewFeatures.dll
                 Private = 'false'
             C:\Program Files\dotnet\packs\Microsoft.AspNetCore.App.Ref\8.0.22\ref\net8.0\Microsoft.AspNetCore.Mvc.dll
                 Private = 'false'
             C:\Program Files\dotnet\packs\Microsoft.AspNetCore.App.Ref\8.0.22\ref\net8.0\Microsoft.AspNetCore.OutputCaching.dll
                 Private = 'false'
             C:\Program Files\dotnet\packs\Microsoft.AspNetCore.App.Ref\8.0.22\ref\net8.0\Microsoft.AspNetCore.RateLimiting.dll
                 Private = 'false'
             C:\Program Files\dotnet\packs\Microsoft.AspNetCore.App.Ref\8.0.22\ref\net8.0\Microsoft.AspNetCore.Razor.Runtime.dll
                 Private = 'false'
             C:\Program Files\dotnet\packs\Microsoft.AspNetCore.App.Ref\8.0.22\ref\net8.0\Microsoft.AspNetCore.Razor.dll
                 Private = 'false'
             C:\Program Files\dotnet\packs\Microsoft.AspNetCore.App.Ref\8.0.22\ref\net8.0\Microsoft.AspNetCore.RequestDecompression.dll
                 Private = 'false'
             C:\Program Files\dotnet\packs\Microsoft.AspNetCore.App.Ref\8.0.22\ref\net8.0\Microsoft.AspNetCore.ResponseCaching.Abstractions.dll
                 Private = 'false'
             C:\Program Files\dotnet\packs\Microsoft.AspNetCore.App.Ref\8.0.22\ref\net8.0\Microsoft.AspNetCore.ResponseCaching.dll
                 Private = 'false'
             C:\Program Files\dotnet\packs\Microsoft.AspNetCore.App.Ref\8.0.22\ref\net8.0\Microsoft.AspNetCore.ResponseCompression.dll
                 Private = 'false'
             C:\Program Files\dotnet\packs\Microsoft.AspNetCore.App.Ref\8.0.22\ref\net8.0\Microsoft.AspNetCore.Rewrite.dll
                 Private = 'false'
             C:\Program Files\dotnet\packs\Microsoft.AspNetCore.App.Ref\8.0.22\ref\net8.0\Microsoft.AspNetCore.Routing.Abstractions.dll
                 Private = 'false'
             C:\Program Files\dotnet\packs\Microsoft.AspNetCore.App.Ref\8.0.22\ref\net8.0\Microsoft.AspNetCore.Routing.dll
                 Private = 'false'
             C:\Program Files\dotnet\packs\Microsoft.AspNetCore.App.Ref\8.0.22\ref\net8.0\Microsoft.AspNetCore.Server.HttpSys.dll
                 Private = 'false'
             C:\Program Files\dotnet\packs\Microsoft.AspNetCore.App.Ref\8.0.22\ref\net8.0\Microsoft.AspNetCore.Server.IIS.dll
                 Private = 'false'
             C:\Program Files\dotnet\packs\Microsoft.AspNetCore.App.Ref\8.0.22\ref\net8.0\Microsoft.AspNetCore.Server.IISIntegration.dll
                 Private = 'false'
             C:\Program Files\dotnet\packs\Microsoft.AspNetCore.App.Ref\8.0.22\ref\net8.0\Microsoft.AspNetCore.Server.Kestrel.Core.dll
                 Private = 'false'
             C:\Program Files\dotnet\packs\Microsoft.AspNetCore.App.Ref\8.0.22\ref\net8.0\Microsoft.AspNetCore.Server.Kestrel.Transport.NamedPipes.dll
                 Private = 'false'
             C:\Program Files\dotnet\packs\Microsoft.AspNetCore.App.Ref\8.0.22\ref\net8.0\Microsoft.AspNetCore.Server.Kestrel.Transport.Quic.dll
                 Private = 'false'
             C:\Program Files\dotnet\packs\Microsoft.AspNetCore.App.Ref\8.0.22\ref\net8.0\Microsoft.AspNetCore.Server.Kestrel.Transport.Sockets.dll
                 Private = 'false'
             C:\Program Files\dotnet\packs\Microsoft.AspNetCore.App.Ref\8.0.22\ref\net8.0\Microsoft.AspNetCore.Server.Kestrel.dll
                 Private = 'false'
             C:\Program Files\dotnet\packs\Microsoft.AspNetCore.App.Ref\8.0.22\ref\net8.0\Microsoft.AspNetCore.Session.dll
                 Private = 'false'
             C:\Program Files\dotnet\packs\Microsoft.AspNetCore.App.Ref\8.0.22\ref\net8.0\Microsoft.AspNetCore.SignalR.Common.dll
                 Private = 'false'
             C:\Program Files\dotnet\packs\Microsoft.AspNetCore.App.Ref\8.0.22\ref\net8.0\Microsoft.AspNetCore.SignalR.Core.dll
                 Private = 'false'
             C:\Program Files\dotnet\packs\Microsoft.AspNetCore.App.Ref\8.0.22\ref\net8.0\Microsoft.AspNetCore.SignalR.Protocols.Json.dll
                 Private = 'false'
             C:\Program Files\dotnet\packs\Microsoft.AspNetCore.App.Ref\8.0.22\ref\net8.0\Microsoft.AspNetCore.SignalR.dll
                 Private = 'false'
             C:\Program Files\dotnet\packs\Microsoft.AspNetCore.App.Ref\8.0.22\ref\net8.0\Microsoft.AspNetCore.StaticFiles.dll
                 Private = 'false'
             C:\Program Files\dotnet\packs\Microsoft.AspNetCore.App.Ref\8.0.22\ref\net8.0\Microsoft.AspNetCore.WebSockets.dll
                 Private = 'false'
             C:\Program Files\dotnet\packs\Microsoft.AspNetCore.App.Ref\8.0.22\ref\net8.0\Microsoft.AspNetCore.WebUtilities.dll
                 Private = 'false'
             C:\Program Files\dotnet\packs\Microsoft.AspNetCore.App.Ref\8.0.22\ref\net8.0\Microsoft.AspNetCore.dll
                 Private = 'false'
             C:\Program Files\dotnet\packs\Microsoft.AspNetCore.App.Ref\8.0.22\ref\net8.0\Microsoft.Extensions.Caching.Abstractions.dll
                 Private = 'false'
             C:\Program Files\dotnet\packs\Microsoft.AspNetCore.App.Ref\8.0.22\ref\net8.0\Microsoft.Extensions.Caching.Memory.dll
                 Private = 'false'
             C:\Program Files\dotnet\packs\Microsoft.AspNetCore.App.Ref\8.0.22\ref\net8.0\Microsoft.Extensions.Configuration.Abstractions.dll
                 Private = 'false'
             C:\Program Files\dotnet\packs\Microsoft.AspNetCore.App.Ref\8.0.22\ref\net8.0\Microsoft.Extensions.Configuration.Binder.dll
                 Private = 'false'
             C:\Program Files\dotnet\packs\Microsoft.AspNetCore.App.Ref\8.0.22\ref\net8.0\Microsoft.Extensions.Configuration.CommandLine.dll
                 Private = 'false'
             C:\Program Files\dotnet\packs\Microsoft.AspNetCore.App.Ref\8.0.22\ref\net8.0\Microsoft.Extensions.Configuration.EnvironmentVariables.dll
                 Private = 'false'
             C:\Program Files\dotnet\packs\Microsoft.AspNetCore.App.Ref\8.0.22\ref\net8.0\Microsoft.Extensions.Configuration.FileExtensions.dll
                 Private = 'false'
             C:\Program Files\dotnet\packs\Microsoft.AspNetCore.App.Ref\8.0.22\ref\net8.0\Microsoft.Extensions.Configuration.Ini.dll
                 Private = 'false'
             C:\Program Files\dotnet\packs\Microsoft.AspNetCore.App.Ref\8.0.22\ref\net8.0\Microsoft.Extensions.Configuration.Json.dll
                 Private = 'false'
             C:\Program Files\dotnet\packs\Microsoft.AspNetCore.App.Ref\8.0.22\ref\net8.0\Microsoft.Extensions.Configuration.KeyPerFile.dll
                 Private = 'false'
             C:\Program Files\dotnet\packs\Microsoft.AspNetCore.App.Ref\8.0.22\ref\net8.0\Microsoft.Extensions.Configuration.UserSecrets.dll
                 Private = 'false'
             C:\Program Files\dotnet\packs\Microsoft.AspNetCore.App.Ref\8.0.22\ref\net8.0\Microsoft.Extensions.Configuration.Xml.dll
                 Private = 'false'
             C:\Program Files\dotnet\packs\Microsoft.AspNetCore.App.Ref\8.0.22\ref\net8.0\Microsoft.Extensions.Configuration.dll
                 Private = 'false'
             C:\Program Files\dotnet\packs\Microsoft.AspNetCore.App.Ref\8.0.22\ref\net8.0\Microsoft.Extensions.DependencyInjection.Abstractions.dll
                 Private = 'false'
             C:\Program Files\dotnet\packs\Microsoft.AspNetCore.App.Ref\8.0.22\ref\net8.0\Microsoft.Extensions.DependencyInjection.dll
                 Private = 'false'
             C:\Program Files\dotnet\packs\Microsoft.AspNetCore.App.Ref\8.0.22\ref\net8.0\Microsoft.Extensions.Diagnostics.Abstractions.dll
                 Private = 'false'
             C:\Program Files\dotnet\packs\Microsoft.AspNetCore.App.Ref\8.0.22\ref\net8.0\Microsoft.Extensions.Diagnostics.HealthChecks.Abstractions.dll
                 Private = 'false'
             C:\Program Files\dotnet\packs\Microsoft.AspNetCore.App.Ref\8.0.22\ref\net8.0\Microsoft.Extensions.Diagnostics.HealthChecks.dll
                 Private = 'false'
             C:\Program Files\dotnet\packs\Microsoft.AspNetCore.App.Ref\8.0.22\ref\net8.0\Microsoft.Extensions.Diagnostics.dll
                 Private = 'false'
             C:\Program Files\dotnet\packs\Microsoft.AspNetCore.App.Ref\8.0.22\ref\net8.0\Microsoft.Extensions.Features.dll
                 Private = 'false'
             C:\Program Files\dotnet\packs\Microsoft.AspNetCore.App.Ref\8.0.22\ref\net8.0\Microsoft.Extensions.FileProviders.Abstractions.dll
                 Private = 'false'
             C:\Program Files\dotnet\packs\Microsoft.AspNetCore.App.Ref\8.0.22\ref\net8.0\Microsoft.Extensions.FileProviders.Composite.dll
                 Private = 'false'
             C:\Program Files\dotnet\packs\Microsoft.AspNetCore.App.Ref\8.0.22\ref\net8.0\Microsoft.Extensions.FileProviders.Embedded.dll
                 Private = 'false'
             C:\Program Files\dotnet\packs\Microsoft.AspNetCore.App.Ref\8.0.22\ref\net8.0\Microsoft.Extensions.FileProviders.Physical.dll
                 Private = 'false'
             C:\Program Files\dotnet\packs\Microsoft.AspNetCore.App.Ref\8.0.22\ref\net8.0\Microsoft.Extensions.FileSystemGlobbing.dll
                 Private = 'false'
             C:\Program Files\dotnet\packs\Microsoft.AspNetCore.App.Ref\8.0.22\ref\net8.0\Microsoft.Extensions.Hosting.Abstractions.dll
                 Private = 'false'
             C:\Program Files\dotnet\packs\Microsoft.AspNetCore.App.Ref\8.0.22\ref\net8.0\Microsoft.Extensions.Hosting.dll
                 Private = 'false'
             C:\Program Files\dotnet\packs\Microsoft.AspNetCore.App.Ref\8.0.22\ref\net8.0\Microsoft.Extensions.Http.dll
                 Private = 'false'
             C:\Program Files\dotnet\packs\Microsoft.AspNetCore.App.Ref\8.0.22\ref\net8.0\Microsoft.Extensions.Identity.Core.dll
                 Private = 'false'
             C:\Program Files\dotnet\packs\Microsoft.AspNetCore.App.Ref\8.0.22\ref\net8.0\Microsoft.Extensions.Identity.Stores.dll
                 Private = 'false'
             C:\Program Files\dotnet\packs\Microsoft.AspNetCore.App.Ref\8.0.22\ref\net8.0\Microsoft.Extensions.Localization.Abstractions.dll
                 Private = 'false'
             C:\Program Files\dotnet\packs\Microsoft.AspNetCore.App.Ref\8.0.22\ref\net8.0\Microsoft.Extensions.Localization.dll
                 Private = 'false'
             C:\Program Files\dotnet\packs\Microsoft.AspNetCore.App.Ref\8.0.22\ref\net8.0\Microsoft.Extensions.Logging.Abstractions.dll
                 Private = 'false'
             C:\Program Files\dotnet\packs\Microsoft.AspNetCore.App.Ref\8.0.22\ref\net8.0\Microsoft.Extensions.Logging.Configuration.dll
                 Private = 'false'
             C:\Program Files\dotnet\packs\Microsoft.AspNetCore.App.Ref\8.0.22\ref\net8.0\Microsoft.Extensions.Logging.Console.dll
                 Private = 'false'
             C:\Program Files\dotnet\packs\Microsoft.AspNetCore.App.Ref\8.0.22\ref\net8.0\Microsoft.Extensions.Logging.Debug.dll
                 Private = 'false'
             C:\Program Files\dotnet\packs\Microsoft.AspNetCore.App.Ref\8.0.22\ref\net8.0\Microsoft.Extensions.Logging.EventLog.dll
                 Private = 'false'
             C:\Program Files\dotnet\packs\Microsoft.AspNetCore.App.Ref\8.0.22\ref\net8.0\Microsoft.Extensions.Logging.EventSource.dll
                 Private = 'false'
             C:\Program Files\dotnet\packs\Microsoft.AspNetCore.App.Ref\8.0.22\ref\net8.0\Microsoft.Extensions.Logging.TraceSource.dll
                 Private = 'false'
             C:\Program Files\dotnet\packs\Microsoft.AspNetCore.App.Ref\8.0.22\ref\net8.0\Microsoft.Extensions.Logging.dll
                 Private = 'false'
             C:\Program Files\dotnet\packs\Microsoft.AspNetCore.App.Ref\8.0.22\ref\net8.0\Microsoft.Extensions.ObjectPool.dll
                 Private = 'false'
             C:\Program Files\dotnet\packs\Microsoft.AspNetCore.App.Ref\8.0.22\ref\net8.0\Microsoft.Extensions.Options.ConfigurationExtensions.dll
                 Private = 'false'
             C:\Program Files\dotnet\packs\Microsoft.AspNetCore.App.Ref\8.0.22\ref\net8.0\Microsoft.Extensions.Options.DataAnnotations.dll
                 Private = 'false'
             C:\Program Files\dotnet\packs\Microsoft.AspNetCore.App.Ref\8.0.22\ref\net8.0\Microsoft.Extensions.Options.dll
                 Private = 'false'
             C:\Program Files\dotnet\packs\Microsoft.AspNetCore.App.Ref\8.0.22\ref\net8.0\Microsoft.Extensions.Primitives.dll
                 Private = 'false'
             C:\Program Files\dotnet\packs\Microsoft.AspNetCore.App.Ref\8.0.22\ref\net8.0\Microsoft.Extensions.WebEncoders.dll
                 Private = 'false'
             C:\Program Files\dotnet\packs\Microsoft.AspNetCore.App.Ref\8.0.22\ref\net8.0\Microsoft.JSInterop.dll
                 Private = 'false'
             C:\Program Files\dotnet\packs\Microsoft.AspNetCore.App.Ref\8.0.22\ref\net8.0\Microsoft.Net.Http.Headers.dll
                 Private = 'false'
             C:\Program Files\dotnet\packs\Microsoft.AspNetCore.App.Ref\8.0.22\ref\net8.0\System.Diagnostics.EventLog.dll
                 Private = 'false'
             C:\Program Files\dotnet\packs\Microsoft.AspNetCore.App.Ref\8.0.22\ref\net8.0\System.IO.Pipelines.dll
                 Private = 'false'
             C:\Program Files\dotnet\packs\Microsoft.AspNetCore.App.Ref\8.0.22\ref\net8.0\System.Security.Cryptography.Xml.dll
                 Private = 'false'
             C:\Program Files\dotnet\packs\Microsoft.AspNetCore.App.Ref\8.0.22\ref\net8.0\System.Threading.RateLimiting.dll
                 Private = 'false'
         AssemblyFiles:
         CandidateAssemblyFiles:
         TargetFrameworkDirectories:
             
         NonCultureResourceDirectories:
             
         InstalledAssemblyTables:
         IgnoreInstalledAssemblyTable:
             False
         SearchPaths:
             {CandidateAssemblyFiles}
             {HintPathFromItem}
             {TargetFrameworkDirectory}
             {RawFileName}
         AllowedAssemblyExtensions:
             .winmd
             .dll
             .exe
         AllowedRelatedFileExtensions:
             .pdb
             .xml
             .pri
             .dll.config
             .exe.config
         AppConfigFile:
             
         AutoUnify:
             True
         EnableCustomCulture:
             False
         EnableCustomCulture:
             False
         CopyLocalDependenciesWhenParentReferenceInGac:
             True
         FindDependencies:
             True
         TargetProcessorArchitecture:
             msil
         StateFile:
             obj\Debug\net8.0\do_an_tot_nghiep.csproj.AssemblyReference.cache
         InstalledAssemblySubsetTables:
         IgnoreInstalledAssemblySubsetTable:
             False
         TargetFrameworkSubsets:
         FullTargetFrameworkSubsetNames:
             Full
         ProfileName:
             
         FullFrameworkFolders:
         LatestTargetFrameworkDirectories:
         ProfileTablesLocation:
         Primary reference "Azure.Core, Version=1.25.0.0, Culture=neutral, PublicKeyToken=92742159e12e44c8".
             Resolved file path is "C:\Users\toduc\.nuget\packages\azure.core\1.25.0\lib\net5.0\Azure.Core.dll".
             Reference found at search path location "{HintPathFromItem}".
             This reference is not "CopyLocal" because at least one source item had "Private" set to "false" and no source items had "Private" set to "true".
         Primary reference "Azure.Identity, Version=1.7.0.0, Culture=neutral, PublicKeyToken=92742159e12e44c8".
             Resolved file path is "C:\Users\toduc\.nuget\packages\azure.identity\1.7.0\lib\netstandard2.0\Azure.Identity.dll".
             Reference found at search path location "{HintPathFromItem}".
             This reference is not "CopyLocal" because at least one source item had "Private" set to "false" and no source items had "Private" set to "true".
         Primary reference "Microsoft.Bcl.AsyncInterfaces, Version=6.0.0.0, Culture=neutral, PublicKeyToken=cc7b13ffcd2ddd51".
             Resolved file path is "C:\Users\toduc\.nuget\packages\microsoft.bcl.asyncinterfaces\6.0.0\lib\netstandard2.1\Microsoft.Bcl.AsyncInterfaces.dll".
             Reference found at search path location "{HintPathFromItem}".
             This reference is not "CopyLocal" because at least one source item had "Private" set to "false" and no source items had "Private" set to "true".
         Primary reference "Microsoft.Data.SqlClient, Version=5.0.0.0, Culture=neutral, PublicKeyToken=23ec7fc2d6eaa4a5".
             Resolved file path is "C:\Users\toduc\.nuget\packages\microsoft.data.sqlclient\5.1.1\ref\net6.0\Microsoft.Data.SqlClient.dll".
             Reference found at search path location "{HintPathFromItem}".
             This reference is not "CopyLocal" because at least one source item had "Private" set to "false" and no source items had "Private" set to "true".
         Primary reference "Microsoft.EntityFrameworkCore, Version=8.0.0.0, Culture=neutral, PublicKeyToken=adb9793829ddae60".
             Resolved file path is "C:\Users\toduc\.nuget\packages\microsoft.entityframeworkcore\8.0.0\lib\net8.0\Microsoft.EntityFrameworkCore.dll".
             Reference found at search path location "{HintPathFromItem}".
             This reference is not "CopyLocal" because at least one source item had "Private" set to "false" and no source items had "Private" set to "true".
         Primary reference "Microsoft.EntityFrameworkCore.Abstractions, Version=8.0.0.0, Culture=neutral, PublicKeyToken=adb9793829ddae60".
             Resolved file path is "C:\Users\toduc\.nuget\packages\microsoft.entityframeworkcore.abstractions\8.0.0\lib\net8.0\Microsoft.EntityFrameworkCore.Abstractions.dll".
             Reference found at search path location "{HintPathFromItem}".
             This reference is not "CopyLocal" because at least one source item had "Private" set to "false" and no source items had "Private" set to "true".
         Primary reference "Microsoft.EntityFrameworkCore.Relational, Version=8.0.0.0, Culture=neutral, PublicKeyToken=adb9793829ddae60".
             Resolved file path is "C:\Users\toduc\.nuget\packages\microsoft.entityframeworkcore.relational\8.0.0\lib\net8.0\Microsoft.EntityFrameworkCore.Relational.dll".
             Reference found at search path location "{HintPathFromItem}".
             This reference is not "CopyLocal" because at least one source item had "Private" set to "false" and no source items had "Private" set to "true".
         Primary reference "Microsoft.EntityFrameworkCore.SqlServer, Version=8.0.0.0, Culture=neutral, PublicKeyToken=adb9793829ddae60".
             Resolved file path is "C:\Users\toduc\.nuget\packages\microsoft.entityframeworkcore.sqlserver\8.0.0\lib\net8.0\Microsoft.EntityFrameworkCore.SqlServer.dll".
             Reference found at search path location "{HintPathFromItem}".
             This reference is not "CopyLocal" because at least one source item had "Private" set to "false" and no source items had "Private" set to "true".
         Primary reference "Microsoft.Identity.Client, Version=4.47.2.0, Culture=neutral, PublicKeyToken=0a613f4dd989e8ae".
             Resolved file path is "C:\Users\toduc\.nuget\packages\microsoft.identity.client\4.47.2\lib\netcoreapp2.1\Microsoft.Identity.Client.dll".
             Reference found at search path location "{HintPathFromItem}".
             This reference is not "CopyLocal" because at least one source item had "Private" set to "false" and no source items had "Private" set to "true".
         Primary reference "Microsoft.Identity.Client.Extensions.Msal, Version=2.19.3.0, Culture=neutral, PublicKeyToken=0a613f4dd989e8ae".
             Resolved file path is "C:\Users\toduc\.nuget\packages\microsoft.identity.client.extensions.msal\2.19.3\lib\netcoreapp2.1\Microsoft.Identity.Client.Extensions.Msal.dll".
             Reference found at search path location "{HintPathFromItem}".
             This reference is not "CopyLocal" because at least one source item had "Private" set to "false" and no source items had "Private" set to "true".
         Primary reference "Microsoft.IdentityModel.Abstractions, Version=6.24.0.0, Culture=neutral, PublicKeyToken=31bf3856ad364e35".
             Resolved file path is "C:\Users\toduc\.nuget\packages\microsoft.identitymodel.abstractions\6.24.0\lib\net6.0\Microsoft.IdentityModel.Abstractions.dll".
             Reference found at search path location "{HintPathFromItem}".
             This reference is not "CopyLocal" because at least one source item had "Private" set to "false" and no source items had "Private" set to "true".
         Primary reference "Microsoft.IdentityModel.JsonWebTokens, Version=6.24.0.0, Culture=neutral, PublicKeyToken=31bf3856ad364e35".
             Resolved file path is "C:\Users\toduc\.nuget\packages\microsoft.identitymodel.jsonwebtokens\6.24.0\lib\net6.0\Microsoft.IdentityModel.JsonWebTokens.dll".
             Reference found at search path location "{HintPathFromItem}".
             This reference is not "CopyLocal" because at least one source item had "Private" set to "false" and no source items had "Private" set to "true".
         Primary reference "Microsoft.IdentityModel.Logging, Version=6.24.0.0, Culture=neutral, PublicKeyToken=31bf3856ad364e35".
             Resolved file path is "C:\Users\toduc\.nuget\packages\microsoft.identitymodel.logging\6.24.0\lib\net6.0\Microsoft.IdentityModel.Logging.dll".
             Reference found at search path location "{HintPathFromItem}".
             This reference is not "CopyLocal" because at least one source item had "Private" set to "false" and no source items had "Private" set to "true".
         Primary reference "Microsoft.IdentityModel.Protocols, Version=6.24.0.0, Culture=neutral, PublicKeyToken=31bf3856ad364e35".
             Resolved file path is "C:\Users\toduc\.nuget\packages\microsoft.identitymodel.protocols\6.24.0\lib\net6.0\Microsoft.IdentityModel.Protocols.dll".
             Reference found at search path location "{HintPathFromItem}".
             This reference is not "CopyLocal" because at least one source item had "Private" set to "false" and no source items had "Private" set to "true".
         Primary reference "Microsoft.IdentityModel.Protocols.OpenIdConnect, Version=6.24.0.0, Culture=neutral, PublicKeyToken=31bf3856ad364e35".
             Resolved file path is "C:\Users\toduc\.nuget\packages\microsoft.identitymodel.protocols.openidconnect\6.24.0\lib\net6.0\Microsoft.IdentityModel.Protocols.OpenIdConnect.dll".
             Reference found at search path location "{HintPathFromItem}".
             This reference is not "CopyLocal" because at least one source item had "Private" set to "false" and no source items had "Private" set to "true".
         Primary reference "Microsoft.IdentityModel.Tokens, Version=6.24.0.0, Culture=neutral, PublicKeyToken=31bf3856ad364e35".
             Resolved file path is "C:\Users\toduc\.nuget\packages\microsoft.identitymodel.tokens\6.24.0\lib\net6.0\Microsoft.IdentityModel.Tokens.dll".
             Reference found at search path location "{HintPathFromItem}".
             This reference is not "CopyLocal" because at least one source item had "Private" set to "false" and no source items had "Private" set to "true".
         Primary reference "Microsoft.OpenApi, Version=1.2.3.0, Culture=neutral, PublicKeyToken=3f5743946376f042".
             Resolved file path is "C:\Users\toduc\.nuget\packages\microsoft.openapi\1.2.3\lib\netstandard2.0\Microsoft.OpenApi.dll".
             Reference found at search path location "{HintPathFromItem}".
             This reference is not "CopyLocal" because at least one source item had "Private" set to "false" and no source items had "Private" set to "true".
         Primary reference "Microsoft.SqlServer.Server, Version=1.0.0.0, Culture=neutral, PublicKeyToken=23ec7fc2d6eaa4a5".
             Resolved file path is "C:\Users\toduc\.nuget\packages\microsoft.sqlserver.server\1.0.0\lib\netstandard2.0\Microsoft.SqlServer.Server.dll".
             Reference found at search path location "{HintPathFromItem}".
             This reference is not "CopyLocal" because at least one source item had "Private" set to "false" and no source items had "Private" set to "true".
         Primary reference "Swashbuckle.AspNetCore.Swagger, Version=6.5.0.0, Culture=neutral, PublicKeyToken=62657d7474907593".
             Resolved file path is "C:\Users\toduc\.nuget\packages\swashbuckle.aspnetcore.swagger\6.5.0\lib\net7.0\Swashbuckle.AspNetCore.Swagger.dll".
             Reference found at search path location "{HintPathFromItem}".
             This reference is not "CopyLocal" because at least one source item had "Private" set to "false" and no source items had "Private" set to "true".
         Primary reference "Swashbuckle.AspNetCore.SwaggerGen, Version=6.5.0.0, Culture=neutral, PublicKeyToken=d84d99fb0135530a".
             Resolved file path is "C:\Users\toduc\.nuget\packages\swashbuckle.aspnetcore.swaggergen\6.5.0\lib\net7.0\Swashbuckle.AspNetCore.SwaggerGen.dll".
             Reference found at search path location "{HintPathFromItem}".
             This reference is not "CopyLocal" because at least one source item had "Private" set to "false" and no source items had "Private" set to "true".
         Primary reference "Swashbuckle.AspNetCore.SwaggerUI, Version=6.5.0.0, Culture=neutral, PublicKeyToken=4232c99127b3c254".
             Resolved file path is "C:\Users\toduc\.nuget\packages\swashbuckle.aspnetcore.swaggerui\6.5.0\lib\net7.0\Swashbuckle.AspNetCore.SwaggerUI.dll".
             Reference found at search path location "{HintPathFromItem}".
             This reference is not "CopyLocal" because at least one source item had "Private" set to "false" and no source items had "Private" set to "true".
         Primary reference "System.IdentityModel.Tokens.Jwt, Version=6.24.0.0, Culture=neutral, PublicKeyToken=31bf3856ad364e35".
             Resolved file path is "C:\Users\toduc\.nuget\packages\system.identitymodel.tokens.jwt\6.24.0\lib\net6.0\System.IdentityModel.Tokens.Jwt.dll".
             Reference found at search path location "{HintPathFromItem}".
             This reference is not "CopyLocal" because at least one source item had "Private" set to "false" and no source items had "Private" set to "true".
         Primary reference "System.Memory.Data, Version=1.0.2.0, Culture=neutral, PublicKeyToken=cc7b13ffcd2ddd51".
             Resolved file path is "C:\Users\toduc\.nuget\packages\system.memory.data\1.0.2\lib\netstandard2.0\System.Memory.Data.dll".
             Reference found at search path location "{HintPathFromItem}".
             This reference is not "CopyLocal" because at least one source item had "Private" set to "false" and no source items had "Private" set to "true".
         Primary reference "System.Security.Cryptography.ProtectedData, Version=6.0.0.0, Culture=neutral, PublicKeyToken=b03f5f7f11d50a3a".
             Resolved file path is "C:\Users\toduc\.nuget\packages\system.security.cryptography.protecteddata\6.0.0\lib\net6.0\System.Security.Cryptography.ProtectedData.dll".
             Reference found at search path location "{HintPathFromItem}".
             This reference is not "CopyLocal" because at least one source item had "Private" set to "false" and no source items had "Private" set to "true".
         Primary reference "Microsoft.CSharp, Version=8.0.0.0, Culture=neutral, PublicKeyToken=b03f5f7f11d50a3a".
             Resolved file path is "C:\Program Files\dotnet\packs\Microsoft.NETCore.App.Ref\8.0.22\ref\net8.0\Microsoft.CSharp.dll".
             Reference found at search path location "{RawFileName}".
             This reference is not "CopyLocal" because at least one source item had "Private" set to "false" and no source items had "Private" set to "true".
         Primary reference "Microsoft.VisualBasic.Core, Version=13.0.0.0, Culture=neutral, PublicKeyToken=b03f5f7f11d50a3a".
             Resolved file path is "C:\Program Files\dotnet\packs\Microsoft.NETCore.App.Ref\8.0.22\ref\net8.0\Microsoft.VisualBasic.Core.dll".
             Reference found at search path location "{RawFileName}".
             This reference is not "CopyLocal" because at least one source item had "Private" set to "false" and no source items had "Private" set to "true".
         Primary reference "Microsoft.VisualBasic, Version=10.0.0.0, Culture=neutral, PublicKeyToken=b03f5f7f11d50a3a".
             Resolved file path is "C:\Program Files\dotnet\packs\Microsoft.NETCore.App.Ref\8.0.22\ref\net8.0\Microsoft.VisualBasic.dll".
             Reference found at search path location "{RawFileName}".
             This reference is not "CopyLocal" because at least one source item had "Private" set to "false" and no source items had "Private" set to "true".
         Primary reference "Microsoft.Win32.Primitives, Version=8.0.0.0, Culture=neutral, PublicKeyToken=b03f5f7f11d50a3a".
             Resolved file path is "C:\Program Files\dotnet\packs\Microsoft.NETCore.App.Ref\8.0.22\ref\net8.0\Microsoft.Win32.Primitives.dll".
             Reference found at search path location "{RawFileName}".
             This reference is not "CopyLocal" because at least one source item had "Private" set to "false" and no source items had "Private" set to "true".
         Primary reference "Microsoft.Win32.Registry, Version=8.0.0.0, Culture=neutral, PublicKeyToken=b03f5f7f11d50a3a".
             Resolved file path is "C:\Program Files\dotnet\packs\Microsoft.NETCore.App.Ref\8.0.22\ref\net8.0\Microsoft.Win32.Registry.dll".
             Reference found at search path location "{RawFileName}".
             This reference is not "CopyLocal" because at least one source item had "Private" set to "false" and no source items had "Private" set to "true".
         Primary reference "System.AppContext, Version=8.0.0.0, Culture=neutral, PublicKeyToken=b03f5f7f11d50a3a".
             Resolved file path is "C:\Program Files\dotnet\packs\Microsoft.NETCore.App.Ref\8.0.22\ref\net8.0\System.AppContext.dll".
             Reference found at search path location "{RawFileName}".
             This reference is not "CopyLocal" because at least one source item had "Private" set to "false" and no source items had "Private" set to "true".
         Primary reference "System.Buffers, Version=8.0.0.0, Culture=neutral, PublicKeyToken=cc7b13ffcd2ddd51".
             Resolved file path is "C:\Program Files\dotnet\packs\Microsoft.NETCore.App.Ref\8.0.22\ref\net8.0\System.Buffers.dll".
             Reference found at search path location "{RawFileName}".
             This reference is not "CopyLocal" because at least one source item had "Private" set to "false" and no source items had "Private" set to "true".
         Primary reference "System.Collections.Concurrent, Version=8.0.0.0, Culture=neutral, PublicKeyToken=b03f5f7f11d50a3a".
             Resolved file path is "C:\Program Files\dotnet\packs\Microsoft.NETCore.App.Ref\8.0.22\ref\net8.0\System.Collections.Concurrent.dll".
             Reference found at search path location "{RawFileName}".
             This reference is not "CopyLocal" because at least one source item had "Private" set to "false" and no source items had "Private" set to "true".
         Primary reference "System.Collections.Immutable, Version=8.0.0.0, Culture=neutral, PublicKeyToken=b03f5f7f11d50a3a".
             Resolved file path is "C:\Program Files\dotnet\packs\Microsoft.NETCore.App.Ref\8.0.22\ref\net8.0\System.Collections.Immutable.dll".
             Reference found at search path location "{RawFileName}".
             This reference is not "CopyLocal" because at least one source item had "Private" set to "false" and no source items had "Private" set to "true".
         Primary reference "System.Collections.NonGeneric, Version=8.0.0.0, Culture=neutral, PublicKeyToken=b03f5f7f11d50a3a".
             Resolved file path is "C:\Program Files\dotnet\packs\Microsoft.NETCore.App.Ref\8.0.22\ref\net8.0\System.Collections.NonGeneric.dll".
             Reference found at search path location "{RawFileName}".
             This reference is not "CopyLocal" because at least one source item had "Private" set to "false" and no source items had "Private" set to "true".
         Primary reference "System.Collections.Specialized, Version=8.0.0.0, Culture=neutral, PublicKeyToken=b03f5f7f11d50a3a".
             Resolved file path is "C:\Program Files\dotnet\packs\Microsoft.NETCore.App.Ref\8.0.22\ref\net8.0\System.Collections.Specialized.dll".
             Reference found at search path location "{RawFileName}".
             This reference is not "CopyLocal" because at least one source item had "Private" set to "false" and no source items had "Private" set to "true".
         Primary reference "System.Collections, Version=8.0.0.0, Culture=neutral, PublicKeyToken=b03f5f7f11d50a3a".
             Resolved file path is "C:\Program Files\dotnet\packs\Microsoft.NETCore.App.Ref\8.0.22\ref\net8.0\System.Collections.dll".
             Reference found at search path location "{RawFileName}".
             This reference is not "CopyLocal" because at least one source item had "Private" set to "false" and no source items had "Private" set to "true".
         Primary reference "System.ComponentModel.Annotations, Version=8.0.0.0, Culture=neutral, PublicKeyToken=b03f5f7f11d50a3a".
             Resolved file path is "C:\Program Files\dotnet\packs\Microsoft.NETCore.App.Ref\8.0.22\ref\net8.0\System.ComponentModel.Annotations.dll".
             Reference found at search path location "{RawFileName}".
             This reference is not "CopyLocal" because at least one source item had "Private" set to "false" and no source items had "Private" set to "true".
         Primary reference "System.ComponentModel.DataAnnotations, Version=4.0.0.0, Culture=neutral, PublicKeyToken=31bf3856ad364e35".
             Resolved file path is "C:\Program Files\dotnet\packs\Microsoft.NETCore.App.Ref\8.0.22\ref\net8.0\System.ComponentModel.DataAnnotations.dll".
             Reference found at search path location "{RawFileName}".
             This reference is not "CopyLocal" because at least one source item had "Private" set to "false" and no source items had "Private" set to "true".
         Primary reference "System.ComponentModel.EventBasedAsync, Version=8.0.0.0, Culture=neutral, PublicKeyToken=b03f5f7f11d50a3a".
             Resolved file path is "C:\Program Files\dotnet\packs\Microsoft.NETCore.App.Ref\8.0.22\ref\net8.0\System.ComponentModel.EventBasedAsync.dll".
             Reference found at search path location "{RawFileName}".
             This reference is not "CopyLocal" because at least one source item had "Private" set to "false" and no source items had "Private" set to "true".
         Primary reference "System.ComponentModel.Primitives, Version=8.0.0.0, Culture=neutral, PublicKeyToken=b03f5f7f11d50a3a".
             Resolved file path is "C:\Program Files\dotnet\packs\Microsoft.NETCore.App.Ref\8.0.22\ref\net8.0\System.ComponentModel.Primitives.dll".
             Reference found at search path location "{RawFileName}".
             This reference is not "CopyLocal" because at least one source item had "Private" set to "false" and no source items had "Private" set to "true".
         Primary reference "System.ComponentModel.TypeConverter, Version=8.0.0.0, Culture=neutral, PublicKeyToken=b03f5f7f11d50a3a".
             Resolved file path is "C:\Program Files\dotnet\packs\Microsoft.NETCore.App.Ref\8.0.22\ref\net8.0\System.ComponentModel.TypeConverter.dll".
             Reference found at search path location "{RawFileName}".
             This reference is not "CopyLocal" because at least one source item had "Private" set to "false" and no source items had "Private" set to "true".
         Primary reference "System.ComponentModel, Version=8.0.0.0, Culture=neutral, PublicKeyToken=b03f5f7f11d50a3a".
             Resolved file path is "C:\Program Files\dotnet\packs\Microsoft.NETCore.App.Ref\8.0.22\ref\net8.0\System.ComponentModel.dll".
             Reference found at search path location "{RawFileName}".
             This reference is not "CopyLocal" because at least one source item had "Private" set to "false" and no source items had "Private" set to "true".
         Primary reference "System.Configuration, Version=4.0.0.0, Culture=neutral, PublicKeyToken=b03f5f7f11d50a3a".
             Resolved file path is "C:\Program Files\dotnet\packs\Microsoft.NETCore.App.Ref\8.0.22\ref\net8.0\System.Configuration.dll".
             Reference found at search path location "{RawFileName}".
             This reference is not "CopyLocal" because at least one source item had "Private" set to "false" and no source items had "Private" set to "true".
         Primary reference "System.Console, Version=8.0.0.0, Culture=neutral, PublicKeyToken=b03f5f7f11d50a3a".
             Resolved file path is "C:\Program Files\dotnet\packs\Microsoft.NETCore.App.Ref\8.0.22\ref\net8.0\System.Console.dll".
             Reference found at search path location "{RawFileName}".
             This reference is not "CopyLocal" because at least one source item had "Private" set to "false" and no source items had "Private" set to "true".
         Primary reference "System.Core, Version=4.0.0.0, Culture=neutral, PublicKeyToken=b77a5c561934e089".
             Resolved file path is "C:\Program Files\dotnet\packs\Microsoft.NETCore.App.Ref\8.0.22\ref\net8.0\System.Core.dll".
             Reference found at search path location "{RawFileName}".
             This reference is not "CopyLocal" because at least one source item had "Private" set to "false" and no source items had "Private" set to "true".
         Primary reference "System.Data.Common, Version=8.0.0.0, Culture=neutral, PublicKeyToken=b03f5f7f11d50a3a".
             Resolved file path is "C:\Program Files\dotnet\packs\Microsoft.NETCore.App.Ref\8.0.22\ref\net8.0\System.Data.Common.dll".
             Reference found at search path location "{RawFileName}".
             This reference is not "CopyLocal" because at least one source item had "Private" set to "false" and no source items had "Private" set to "true".
         Primary reference "System.Data.DataSetExtensions, Version=8.0.0.0, Culture=neutral, PublicKeyToken=b77a5c561934e089".
             Resolved file path is "C:\Program Files\dotnet\packs\Microsoft.NETCore.App.Ref\8.0.22\ref\net8.0\System.Data.DataSetExtensions.dll".
             Reference found at search path location "{RawFileName}".
             This reference is not "CopyLocal" because at least one source item had "Private" set to "false" and no source items had "Private" set to "true".
         Primary reference "System.Data, Version=4.0.0.0, Culture=neutral, PublicKeyToken=b77a5c561934e089".
             Resolved file path is "C:\Program Files\dotnet\packs\Microsoft.NETCore.App.Ref\8.0.22\ref\net8.0\System.Data.dll".
             Reference found at search path location "{RawFileName}".
             This reference is not "CopyLocal" because at least one source item had "Private" set to "false" and no source items had "Private" set to "true".
         Primary reference "System.Diagnostics.Contracts, Version=8.0.0.0, Culture=neutral, PublicKeyToken=b03f5f7f11d50a3a".
             Resolved file path is "C:\Program Files\dotnet\packs\Microsoft.NETCore.App.Ref\8.0.22\ref\net8.0\System.Diagnostics.Contracts.dll".
             Reference found at search path location "{RawFileName}".
             This reference is not "CopyLocal" because at least one source item had "Private" set to "false" and no source items had "Private" set to "true".
         Primary reference "System.Diagnostics.Debug, Version=8.0.0.0, Culture=neutral, PublicKeyToken=b03f5f7f11d50a3a".
             Resolved file path is "C:\Program Files\dotnet\packs\Microsoft.NETCore.App.Ref\8.0.22\ref\net8.0\System.Diagnostics.Debug.dll".
             Reference found at search path location "{RawFileName}".
             This reference is not "CopyLocal" because at least one source item had "Private" set to "false" and no source items had "Private" set to "true".
         Primary reference "System.Diagnostics.DiagnosticSource, Version=8.0.0.0, Culture=neutral, PublicKeyToken=cc7b13ffcd2ddd51".
             Resolved file path is "C:\Program Files\dotnet\packs\Microsoft.NETCore.App.Ref\8.0.22\ref\net8.0\System.Diagnostics.DiagnosticSource.dll".
             Reference found at search path location "{RawFileName}".
             This reference is not "CopyLocal" because at least one source item had "Private" set to "false" and no source items had "Private" set to "true".
         Primary reference "System.Diagnostics.FileVersionInfo, Version=8.0.0.0, Culture=neutral, PublicKeyToken=b03f5f7f11d50a3a".
             Resolved file path is "C:\Program Files\dotnet\packs\Microsoft.NETCore.App.Ref\8.0.22\ref\net8.0\System.Diagnostics.FileVersionInfo.dll".
             Reference found at search path location "{RawFileName}".
             This reference is not "CopyLocal" because at least one source item had "Private" set to "false" and no source items had "Private" set to "true".
         Primary reference "System.Diagnostics.Process, Version=8.0.0.0, Culture=neutral, PublicKeyToken=b03f5f7f11d50a3a".
             Resolved file path is "C:\Program Files\dotnet\packs\Microsoft.NETCore.App.Ref\8.0.22\ref\net8.0\System.Diagnostics.Process.dll".
             Reference found at search path location "{RawFileName}".
             This reference is not "CopyLocal" because at least one source item had "Private" set to "false" and no source items had "Private" set to "true".
         Primary reference "System.Diagnostics.StackTrace, Version=8.0.0.0, Culture=neutral, PublicKeyToken=b03f5f7f11d50a3a".
             Resolved file path is "C:\Program Files\dotnet\packs\Microsoft.NETCore.App.Ref\8.0.22\ref\net8.0\System.Diagnostics.StackTrace.dll".
             Reference found at search path location "{RawFileName}".
             This reference is not "CopyLocal" because at least one source item had "Private" set to "false" and no source items had "Private" set to "true".
         Primary reference "System.Diagnostics.TextWriterTraceListener, Version=8.0.0.0, Culture=neutral, PublicKeyToken=b03f5f7f11d50a3a".
             Resolved file path is "C:\Program Files\dotnet\packs\Microsoft.NETCore.App.Ref\8.0.22\ref\net8.0\System.Diagnostics.TextWriterTraceListener.dll".
             Reference found at search path location "{RawFileName}".
             This reference is not "CopyLocal" because at least one source item had "Private" set to "false" and no source items had "Private" set to "true".
         Primary reference "System.Diagnostics.Tools, Version=8.0.0.0, Culture=neutral, PublicKeyToken=b03f5f7f11d50a3a".
             Resolved file path is "C:\Program Files\dotnet\packs\Microsoft.NETCore.App.Ref\8.0.22\ref\net8.0\System.Diagnostics.Tools.dll".
             Reference found at search path location "{RawFileName}".
             This reference is not "CopyLocal" because at least one source item had "Private" set to "false" and no source items had "Private" set to "true".
         Primary reference "System.Diagnostics.TraceSource, Version=8.0.0.0, Culture=neutral, PublicKeyToken=b03f5f7f11d50a3a".
             Resolved file path is "C:\Program Files\dotnet\packs\Microsoft.NETCore.App.Ref\8.0.22\ref\net8.0\System.Diagnostics.TraceSource.dll".
             Reference found at search path location "{RawFileName}".
             This reference is not "CopyLocal" because at least one source item had "Private" set to "false" and no source items had "Private" set to "true".
         Primary reference "System.Diagnostics.Tracing, Version=8.0.0.0, Culture=neutral, PublicKeyToken=b03f5f7f11d50a3a".
             Resolved file path is "C:\Program Files\dotnet\packs\Microsoft.NETCore.App.Ref\8.0.22\ref\net8.0\System.Diagnostics.Tracing.dll".
             Reference found at search path location "{RawFileName}".
             This reference is not "CopyLocal" because at least one source item had "Private" set to "false" and no source items had "Private" set to "true".
         Primary reference "System.Drawing.Primitives, Version=8.0.0.0, Culture=neutral, PublicKeyToken=b03f5f7f11d50a3a".
             Resolved file path is "C:\Program Files\dotnet\packs\Microsoft.NETCore.App.Ref\8.0.22\ref\net8.0\System.Drawing.Primitives.dll".
             Reference found at search path location "{RawFileName}".
             This reference is not "CopyLocal" because at least one source item had "Private" set to "false" and no source items had "Private" set to "true".
         Primary reference "System.Drawing, Version=4.0.0.0, Culture=neutral, PublicKeyToken=b03f5f7f11d50a3a".
             Resolved file path is "C:\Program Files\dotnet\packs\Microsoft.NETCore.App.Ref\8.0.22\ref\net8.0\System.Drawing.dll".
             Reference found at search path location "{RawFileName}".
             This reference is not "CopyLocal" because at least one source item had "Private" set to "false" and no source items had "Private" set to "true".
         Primary reference "System.Dynamic.Runtime, Version=8.0.0.0, Culture=neutral, PublicKeyToken=b03f5f7f11d50a3a".
             Resolved file path is "C:\Program Files\dotnet\packs\Microsoft.NETCore.App.Ref\8.0.22\ref\net8.0\System.Dynamic.Runtime.dll".
             Reference found at search path location "{RawFileName}".
             This reference is not "CopyLocal" because at least one source item had "Private" set to "false" and no source items had "Private" set to "true".
         Primary reference "System.Formats.Asn1, Version=8.0.0.0, Culture=neutral, PublicKeyToken=cc7b13ffcd2ddd51".
             Resolved file path is "C:\Program Files\dotnet\packs\Microsoft.NETCore.App.Ref\8.0.22\ref\net8.0\System.Formats.Asn1.dll".
             Reference found at search path location "{RawFileName}".
             This reference is not "CopyLocal" because at least one source item had "Private" set to "false" and no source items had "Private" set to "true".
         Primary reference "System.Formats.Tar, Version=8.0.0.0, Culture=neutral, PublicKeyToken=cc7b13ffcd2ddd51".
             Resolved file path is "C:\Program Files\dotnet\packs\Microsoft.NETCore.App.Ref\8.0.22\ref\net8.0\System.Formats.Tar.dll".
             Reference found at search path location "{RawFileName}".
             This reference is not "CopyLocal" because at least one source item had "Private" set to "false" and no source items had "Private" set to "true".
         Primary reference "System.Globalization.Calendars, Version=8.0.0.0, Culture=neutral, PublicKeyToken=b03f5f7f11d50a3a".
             Resolved file path is "C:\Program Files\dotnet\packs\Microsoft.NETCore.App.Ref\8.0.22\ref\net8.0\System.Globalization.Calendars.dll".
             Reference found at search path location "{RawFileName}".
             This reference is not "CopyLocal" because at least one source item had "Private" set to "false" and no source items had "Private" set to "true".
         Primary reference "System.Globalization.Extensions, Version=8.0.0.0, Culture=neutral, PublicKeyToken=b03f5f7f11d50a3a".
             Resolved file path is "C:\Program Files\dotnet\packs\Microsoft.NETCore.App.Ref\8.0.22\ref\net8.0\System.Globalization.Extensions.dll".
             Reference found at search path location "{RawFileName}".
             This reference is not "CopyLocal" because at least one source item had "Private" set to "false" and no source items had "Private" set to "true".
         Primary reference "System.Globalization, Version=8.0.0.0, Culture=neutral, PublicKeyToken=b03f5f7f11d50a3a".
             Resolved file path is "C:\Program Files\dotnet\packs\Microsoft.NETCore.App.Ref\8.0.22\ref\net8.0\System.Globalization.dll".
             Reference found at search path location "{RawFileName}".
             This reference is not "CopyLocal" because at least one source item had "Private" set to "false" and no source items had "Private" set to "true".
         Primary reference "System.IO.Compression.Brotli, Version=8.0.0.0, Culture=neutral, PublicKeyToken=b77a5c561934e089".
             Resolved file path is "C:\Program Files\dotnet\packs\Microsoft.NETCore.App.Ref\8.0.22\ref\net8.0\System.IO.Compression.Brotli.dll".
             Reference found at search path location "{RawFileName}".
             This reference is not "CopyLocal" because at least one source item had "Private" set to "false" and no source items had "Private" set to "true".
         Primary reference "System.IO.Compression.FileSystem, Version=4.0.0.0, Culture=neutral, PublicKeyToken=b77a5c561934e089".
             Resolved file path is "C:\Program Files\dotnet\packs\Microsoft.NETCore.App.Ref\8.0.22\ref\net8.0\System.IO.Compression.FileSystem.dll".
             Reference found at search path location "{RawFileName}".
             This reference is not "CopyLocal" because at least one source item had "Private" set to "false" and no source items had "Private" set to "true".
         Primary reference "System.IO.Compression.ZipFile, Version=8.0.0.0, Culture=neutral, PublicKeyToken=b77a5c561934e089".
             Resolved file path is "C:\Program Files\dotnet\packs\Microsoft.NETCore.App.Ref\8.0.22\ref\net8.0\System.IO.Compression.ZipFile.dll".
             Reference found at search path location "{RawFileName}".
             This reference is not "CopyLocal" because at least one source item had "Private" set to "false" and no source items had "Private" set to "true".
         Primary reference "System.IO.Compression, Version=8.0.0.0, Culture=neutral, PublicKeyToken=b77a5c561934e089".
             Resolved file path is "C:\Program Files\dotnet\packs\Microsoft.NETCore.App.Ref\8.0.22\ref\net8.0\System.IO.Compression.dll".
             Reference found at search path location "{RawFileName}".
             This reference is not "CopyLocal" because at least one source item had "Private" set to "false" and no source items had "Private" set to "true".
         Primary reference "System.IO.FileSystem.AccessControl, Version=8.0.0.0, Culture=neutral, PublicKeyToken=b03f5f7f11d50a3a".
             Resolved file path is "C:\Program Files\dotnet\packs\Microsoft.NETCore.App.Ref\8.0.22\ref\net8.0\System.IO.FileSystem.AccessControl.dll".
             Reference found at search path location "{RawFileName}".
             This reference is not "CopyLocal" because at least one source item had "Private" set to "false" and no source items had "Private" set to "true".
         Primary reference "System.IO.FileSystem.DriveInfo, Version=8.0.0.0, Culture=neutral, PublicKeyToken=b03f5f7f11d50a3a".
             Resolved file path is "C:\Program Files\dotnet\packs\Microsoft.NETCore.App.Ref\8.0.22\ref\net8.0\System.IO.FileSystem.DriveInfo.dll".
             Reference found at search path location "{RawFileName}".
             This reference is not "CopyLocal" because at least one source item had "Private" set to "false" and no source items had "Private" set to "true".
         Primary reference "System.IO.FileSystem.Primitives, Version=8.0.0.0, Culture=neutral, PublicKeyToken=b03f5f7f11d50a3a".
             Resolved file path is "C:\Program Files\dotnet\packs\Microsoft.NETCore.App.Ref\8.0.22\ref\net8.0\System.IO.FileSystem.Primitives.dll".
             Reference found at search path location "{RawFileName}".
             This reference is not "CopyLocal" because at least one source item had "Private" set to "false" and no source items had "Private" set to "true".
         Primary reference "System.IO.FileSystem.Watcher, Version=8.0.0.0, Culture=neutral, PublicKeyToken=b03f5f7f11d50a3a".
             Resolved file path is "C:\Program Files\dotnet\packs\Microsoft.NETCore.App.Ref\8.0.22\ref\net8.0\System.IO.FileSystem.Watcher.dll".
             Reference found at search path location "{RawFileName}".
             This reference is not "CopyLocal" because at least one source item had "Private" set to "false" and no source items had "Private" set to "true".
         Primary reference "System.IO.FileSystem, Version=8.0.0.0, Culture=neutral, PublicKeyToken=b03f5f7f11d50a3a".
             Resolved file path is "C:\Program Files\dotnet\packs\Microsoft.NETCore.App.Ref\8.0.22\ref\net8.0\System.IO.FileSystem.dll".
             Reference found at search path location "{RawFileName}".
             This reference is not "CopyLocal" because at least one source item had "Private" set to "false" and no source items had "Private" set to "true".
         Primary reference "System.IO.IsolatedStorage, Version=8.0.0.0, Culture=neutral, PublicKeyToken=b03f5f7f11d50a3a".
             Resolved file path is "C:\Program Files\dotnet\packs\Microsoft.NETCore.App.Ref\8.0.22\ref\net8.0\System.IO.IsolatedStorage.dll".
             Reference found at search path location "{RawFileName}".
             This reference is not "CopyLocal" because at least one source item had "Private" set to "false" and no source items had "Private" set to "true".
         Primary reference "System.IO.MemoryMappedFiles, Version=8.0.0.0, Culture=neutral, PublicKeyToken=b03f5f7f11d50a3a".
             Resolved file path is "C:\Program Files\dotnet\packs\Microsoft.NETCore.App.Ref\8.0.22\ref\net8.0\System.IO.MemoryMappedFiles.dll".
             Reference found at search path location "{RawFileName}".
             This reference is not "CopyLocal" because at least one source item had "Private" set to "false" and no source items had "Private" set to "true".
         Primary reference "System.IO.Pipes.AccessControl, Version=8.0.0.0, Culture=neutral, PublicKeyToken=b03f5f7f11d50a3a".
             Resolved file path is "C:\Program Files\dotnet\packs\Microsoft.NETCore.App.Ref\8.0.22\ref\net8.0\System.IO.Pipes.AccessControl.dll".
             Reference found at search path location "{RawFileName}".
             This reference is not "CopyLocal" because at least one source item had "Private" set to "false" and no source items had "Private" set to "true".
         Primary reference "System.IO.Pipes, Version=8.0.0.0, Culture=neutral, PublicKeyToken=b03f5f7f11d50a3a".
             Resolved file path is "C:\Program Files\dotnet\packs\Microsoft.NETCore.App.Ref\8.0.22\ref\net8.0\System.IO.Pipes.dll".
             Reference found at search path location "{RawFileName}".
             This reference is not "CopyLocal" because at least one source item had "Private" set to "false" and no source items had "Private" set to "true".
         Primary reference "System.IO.UnmanagedMemoryStream, Version=8.0.0.0, Culture=neutral, PublicKeyToken=b03f5f7f11d50a3a".
             Resolved file path is "C:\Program Files\dotnet\packs\Microsoft.NETCore.App.Ref\8.0.22\ref\net8.0\System.IO.UnmanagedMemoryStream.dll".
             Reference found at search path location "{RawFileName}".
             This reference is not "CopyLocal" because at least one source item had "Private" set to "false" and no source items had "Private" set to "true".
         Primary reference "System.IO, Version=8.0.0.0, Culture=neutral, PublicKeyToken=b03f5f7f11d50a3a".
             Resolved file path is "C:\Program Files\dotnet\packs\Microsoft.NETCore.App.Ref\8.0.22\ref\net8.0\System.IO.dll".
             Reference found at search path location "{RawFileName}".
             This reference is not "CopyLocal" because at least one source item had "Private" set to "false" and no source items had "Private" set to "true".
         Primary reference "System.Linq.Expressions, Version=8.0.0.0, Culture=neutral, PublicKeyToken=b03f5f7f11d50a3a".
             Resolved file path is "C:\Program Files\dotnet\packs\Microsoft.NETCore.App.Ref\8.0.22\ref\net8.0\System.Linq.Expressions.dll".
             Reference found at search path location "{RawFileName}".
             This reference is not "CopyLocal" because at least one source item had "Private" set to "false" and no source items had "Private" set to "true".
         Primary reference "System.Linq.Parallel, Version=8.0.0.0, Culture=neutral, PublicKeyToken=b03f5f7f11d50a3a".
             Resolved file path is "C:\Program Files\dotnet\packs\Microsoft.NETCore.App.Ref\8.0.22\ref\net8.0\System.Linq.Parallel.dll".
             Reference found at search path location "{RawFileName}".
             This reference is not "CopyLocal" because at least one source item had "Private" set to "false" and no source items had "Private" set to "true".
         Primary reference "System.Linq.Queryable, Version=8.0.0.0, Culture=neutral, PublicKeyToken=b03f5f7f11d50a3a".
             Resolved file path is "C:\Program Files\dotnet\packs\Microsoft.NETCore.App.Ref\8.0.22\ref\net8.0\System.Linq.Queryable.dll".
             Reference found at search path location "{RawFileName}".
             This reference is not "CopyLocal" because at least one source item had "Private" set to "false" and no source items had "Private" set to "true".
         Primary reference "System.Linq, Version=8.0.0.0, Culture=neutral, PublicKeyToken=b03f5f7f11d50a3a".
             Resolved file path is "C:\Program Files\dotnet\packs\Microsoft.NETCore.App.Ref\8.0.22\ref\net8.0\System.Linq.dll".
             Reference found at search path location "{RawFileName}".
             This reference is not "CopyLocal" because at least one source item had "Private" set to "false" and no source items had "Private" set to "true".
         Primary reference "System.Memory, Version=8.0.0.0, Culture=neutral, PublicKeyToken=cc7b13ffcd2ddd51".
             Resolved file path is "C:\Program Files\dotnet\packs\Microsoft.NETCore.App.Ref\8.0.22\ref\net8.0\System.Memory.dll".
             Reference found at search path location "{RawFileName}".
             This reference is not "CopyLocal" because at least one source item had "Private" set to "false" and no source items had "Private" set to "true".
         Primary reference "System.Net.Http.Json, Version=8.0.0.0, Culture=neutral, PublicKeyToken=cc7b13ffcd2ddd51".
             Resolved file path is "C:\Program Files\dotnet\packs\Microsoft.NETCore.App.Ref\8.0.22\ref\net8.0\System.Net.Http.Json.dll".
             Reference found at search path location "{RawFileName}".
             This reference is not "CopyLocal" because at least one source item had "Private" set to "false" and no source items had "Private" set to "true".
         Primary reference "System.Net.Http, Version=8.0.0.0, Culture=neutral, PublicKeyToken=b03f5f7f11d50a3a".
             Resolved file path is "C:\Program Files\dotnet\packs\Microsoft.NETCore.App.Ref\8.0.22\ref\net8.0\System.Net.Http.dll".
             Reference found at search path location "{RawFileName}".
             This reference is not "CopyLocal" because at least one source item had "Private" set to "false" and no source items had "Private" set to "true".
         Primary reference "System.Net.HttpListener, Version=8.0.0.0, Culture=neutral, PublicKeyToken=cc7b13ffcd2ddd51".
             Resolved file path is "C:\Program Files\dotnet\packs\Microsoft.NETCore.App.Ref\8.0.22\ref\net8.0\System.Net.HttpListener.dll".
             Reference found at search path location "{RawFileName}".
             This reference is not "CopyLocal" because at least one source item had "Private" set to "false" and no source items had "Private" set to "true".
         Primary reference "System.Net.Mail, Version=8.0.0.0, Culture=neutral, PublicKeyToken=cc7b13ffcd2ddd51".
             Resolved file path is "C:\Program Files\dotnet\packs\Microsoft.NETCore.App.Ref\8.0.22\ref\net8.0\System.Net.Mail.dll".
             Reference found at search path location "{RawFileName}".
             This reference is not "CopyLocal" because at least one source item had "Private" set to "false" and no source items had "Private" set to "true".
         Primary reference "System.Net.NameResolution, Version=8.0.0.0, Culture=neutral, PublicKeyToken=b03f5f7f11d50a3a".
             Resolved file path is "C:\Program Files\dotnet\packs\Microsoft.NETCore.App.Ref\8.0.22\ref\net8.0\System.Net.NameResolution.dll".
             Reference found at search path location "{RawFileName}".
             This reference is not "CopyLocal" because at least one source item had "Private" set to "false" and no source items had "Private" set to "true".
         Primary reference "System.Net.NetworkInformation, Version=8.0.0.0, Culture=neutral, PublicKeyToken=b03f5f7f11d50a3a".
             Resolved file path is "C:\Program Files\dotnet\packs\Microsoft.NETCore.App.Ref\8.0.22\ref\net8.0\System.Net.NetworkInformation.dll".
             Reference found at search path location "{RawFileName}".
             This reference is not "CopyLocal" because at least one source item had "Private" set to "false" and no source items had "Private" set to "true".
         Primary reference "System.Net.Ping, Version=8.0.0.0, Culture=neutral, PublicKeyToken=b03f5f7f11d50a3a".
             Resolved file path is "C:\Program Files\dotnet\packs\Microsoft.NETCore.App.Ref\8.0.22\ref\net8.0\System.Net.Ping.dll".
             Reference found at search path location "{RawFileName}".
             This reference is not "CopyLocal" because at least one source item had "Private" set to "false" and no source items had "Private" set to "true".
         Primary reference "System.Net.Primitives, Version=8.0.0.0, Culture=neutral, PublicKeyToken=b03f5f7f11d50a3a".
             Resolved file path is "C:\Program Files\dotnet\packs\Microsoft.NETCore.App.Ref\8.0.22\ref\net8.0\System.Net.Primitives.dll".
             Reference found at search path location "{RawFileName}".
             This reference is not "CopyLocal" because at least one source item had "Private" set to "false" and no source items had "Private" set to "true".
         Primary reference "System.Net.Quic, Version=8.0.0.0, Culture=neutral, PublicKeyToken=b03f5f7f11d50a3a".
             Resolved file path is "C:\Program Files\dotnet\packs\Microsoft.NETCore.App.Ref\8.0.22\ref\net8.0\System.Net.Quic.dll".
             Reference found at search path location "{RawFileName}".
             This reference is not "CopyLocal" because at least one source item had "Private" set to "false" and no source items had "Private" set to "true".
         Primary reference "System.Net.Requests, Version=8.0.0.0, Culture=neutral, PublicKeyToken=b03f5f7f11d50a3a".
             Resolved file path is "C:\Program Files\dotnet\packs\Microsoft.NETCore.App.Ref\8.0.22\ref\net8.0\System.Net.Requests.dll".
             Reference found at search path location "{RawFileName}".
             This reference is not "CopyLocal" because at least one source item had "Private" set to "false" and no source items had "Private" set to "true".
         Primary reference "System.Net.Security, Version=8.0.0.0, Culture=neutral, PublicKeyToken=b03f5f7f11d50a3a".
             Resolved file path is "C:\Program Files\dotnet\packs\Microsoft.NETCore.App.Ref\8.0.22\ref\net8.0\System.Net.Security.dll".
             Reference found at search path location "{RawFileName}".
             This reference is not "CopyLocal" because at least one source item had "Private" set to "false" and no source items had "Private" set to "true".
         Primary reference "System.Net.ServicePoint, Version=8.0.0.0, Culture=neutral, PublicKeyToken=cc7b13ffcd2ddd51".
             Resolved file path is "C:\Program Files\dotnet\packs\Microsoft.NETCore.App.Ref\8.0.22\ref\net8.0\System.Net.ServicePoint.dll".
             Reference found at search path location "{RawFileName}".
             This reference is not "CopyLocal" because at least one source item had "Private" set to "false" and no source items had "Private" set to "true".
         Primary reference "System.Net.Sockets, Version=8.0.0.0, Culture=neutral, PublicKeyToken=b03f5f7f11d50a3a".
             Resolved file path is "C:\Program Files\dotnet\packs\Microsoft.NETCore.App.Ref\8.0.22\ref\net8.0\System.Net.Sockets.dll".
             Reference found at search path location "{RawFileName}".
             This reference is not "CopyLocal" because at least one source item had "Private" set to "false" and no source items had "Private" set to "true".
         Primary reference "System.Net.WebClient, Version=8.0.0.0, Culture=neutral, PublicKeyToken=cc7b13ffcd2ddd51".
             Resolved file path is "C:\Program Files\dotnet\packs\Microsoft.NETCore.App.Ref\8.0.22\ref\net8.0\System.Net.WebClient.dll".
             Reference found at search path location "{RawFileName}".
             This reference is not "CopyLocal" because at least one source item had "Private" set to "false" and no source items had "Private" set to "true".
         Primary reference "System.Net.WebHeaderCollection, Version=8.0.0.0, Culture=neutral, PublicKeyToken=b03f5f7f11d50a3a".
             Resolved file path is "C:\Program Files\dotnet\packs\Microsoft.NETCore.App.Ref\8.0.22\ref\net8.0\System.Net.WebHeaderCollection.dll".
             Reference found at search path location "{RawFileName}".
             This reference is not "CopyLocal" because at least one source item had "Private" set to "false" and no source items had "Private" set to "true".
         Primary reference "System.Net.WebProxy, Version=8.0.0.0, Culture=neutral, PublicKeyToken=cc7b13ffcd2ddd51".
             Resolved file path is "C:\Program Files\dotnet\packs\Microsoft.NETCore.App.Ref\8.0.22\ref\net8.0\System.Net.WebProxy.dll".
             Reference found at search path location "{RawFileName}".
             This reference is not "CopyLocal" because at least one source item had "Private" set to "false" and no source items had "Private" set to "true".
         Primary reference "System.Net.WebSockets.Client, Version=8.0.0.0, Culture=neutral, PublicKeyToken=b03f5f7f11d50a3a".
             Resolved file path is "C:\Program Files\dotnet\packs\Microsoft.NETCore.App.Ref\8.0.22\ref\net8.0\System.Net.WebSockets.Client.dll".
             Reference found at search path location "{RawFileName}".
             This reference is not "CopyLocal" because at least one source item had "Private" set to "false" and no source items had "Private" set to "true".
         Primary reference "System.Net.WebSockets, Version=8.0.0.0, Culture=neutral, PublicKeyToken=b03f5f7f11d50a3a".
             Resolved file path is "C:\Program Files\dotnet\packs\Microsoft.NETCore.App.Ref\8.0.22\ref\net8.0\System.Net.WebSockets.dll".
             Reference found at search path location "{RawFileName}".
             This reference is not "CopyLocal" because at least one source item had "Private" set to "false" and no source items had "Private" set to "true".
         Primary reference "System.Net, Version=4.0.0.0, Culture=neutral, PublicKeyToken=b03f5f7f11d50a3a".
             Resolved file path is "C:\Program Files\dotnet\packs\Microsoft.NETCore.App.Ref\8.0.22\ref\net8.0\System.Net.dll".
             Reference found at search path location "{RawFileName}".
             This reference is not "CopyLocal" because at least one source item had "Private" set to "false" and no source items had "Private" set to "true".
         Primary reference "System.Numerics.Vectors, Version=8.0.0.0, Culture=neutral, PublicKeyToken=b03f5f7f11d50a3a".
             Resolved file path is "C:\Program Files\dotnet\packs\Microsoft.NETCore.App.Ref\8.0.22\ref\net8.0\System.Numerics.Vectors.dll".
             Reference found at search path location "{RawFileName}".
             This reference is not "CopyLocal" because at least one source item had "Private" set to "false" and no source items had "Private" set to "true".
         Primary reference "System.Numerics, Version=4.0.0.0, Culture=neutral, PublicKeyToken=b77a5c561934e089".
             Resolved file path is "C:\Program Files\dotnet\packs\Microsoft.NETCore.App.Ref\8.0.22\ref\net8.0\System.Numerics.dll".
             Reference found at search path location "{RawFileName}".
             This reference is not "CopyLocal" because at least one source item had "Private" set to "false" and no source items had "Private" set to "true".
         Primary reference "System.ObjectModel, Version=8.0.0.0, Culture=neutral, PublicKeyToken=b03f5f7f11d50a3a".
             Resolved file path is "C:\Program Files\dotnet\packs\Microsoft.NETCore.App.Ref\8.0.22\ref\net8.0\System.ObjectModel.dll".
             Reference found at search path location "{RawFileName}".
             This reference is not "CopyLocal" because at least one source item had "Private" set to "false" and no source items had "Private" set to "true".
         Primary reference "System.Reflection.DispatchProxy, Version=8.0.0.0, Culture=neutral, PublicKeyToken=b03f5f7f11d50a3a".
             Resolved file path is "C:\Program Files\dotnet\packs\Microsoft.NETCore.App.Ref\8.0.22\ref\net8.0\System.Reflection.DispatchProxy.dll".
             Reference found at search path location "{RawFileName}".
             This reference is not "CopyLocal" because at least one source item had "Private" set to "false" and no source items had "Private" set to "true".
         Primary reference "System.Reflection.Emit.ILGeneration, Version=8.0.0.0, Culture=neutral, PublicKeyToken=b03f5f7f11d50a3a".
             Resolved file path is "C:\Program Files\dotnet\packs\Microsoft.NETCore.App.Ref\8.0.22\ref\net8.0\System.Reflection.Emit.ILGeneration.dll".
             Reference found at search path location "{RawFileName}".
             This reference is not "CopyLocal" because at least one source item had "Private" set to "false" and no source items had "Private" set to "true".
         Primary reference "System.Reflection.Emit.Lightweight, Version=8.0.0.0, Culture=neutral, PublicKeyToken=b03f5f7f11d50a3a".
             Resolved file path is "C:\Program Files\dotnet\packs\Microsoft.NETCore.App.Ref\8.0.22\ref\net8.0\System.Reflection.Emit.Lightweight.dll".
             Reference found at search path location "{RawFileName}".
             This reference is not "CopyLocal" because at least one source item had "Private" set to "false" and no source items had "Private" set to "true".
         Primary reference "System.Reflection.Emit, Version=8.0.0.0, Culture=neutral, PublicKeyToken=b03f5f7f11d50a3a".
             Resolved file path is "C:\Program Files\dotnet\packs\Microsoft.NETCore.App.Ref\8.0.22\ref\net8.0\System.Reflection.Emit.dll".
             Reference found at search path location "{RawFileName}".
             This reference is not "CopyLocal" because at least one source item had "Private" set to "false" and no source items had "Private" set to "true".
         Primary reference "System.Reflection.Extensions, Version=8.0.0.0, Culture=neutral, PublicKeyToken=b03f5f7f11d50a3a".
             Resolved file path is "C:\Program Files\dotnet\packs\Microsoft.NETCore.App.Ref\8.0.22\ref\net8.0\System.Reflection.Extensions.dll".
             Reference found at search path location "{RawFileName}".
             This reference is not "CopyLocal" because at least one source item had "Private" set to "false" and no source items had "Private" set to "true".
         Primary reference "System.Reflection.Metadata, Version=8.0.0.0, Culture=neutral, PublicKeyToken=b03f5f7f11d50a3a".
             Resolved file path is "C:\Program Files\dotnet\packs\Microsoft.NETCore.App.Ref\8.0.22\ref\net8.0\System.Reflection.Metadata.dll".
             Reference found at search path location "{RawFileName}".
             This reference is not "CopyLocal" because at least one source item had "Private" set to "false" and no source items had "Private" set to "true".
         Primary reference "System.Reflection.Primitives, Version=8.0.0.0, Culture=neutral, PublicKeyToken=b03f5f7f11d50a3a".
             Resolved file path is "C:\Program Files\dotnet\packs\Microsoft.NETCore.App.Ref\8.0.22\ref\net8.0\System.Reflection.Primitives.dll".
             Reference found at search path location "{RawFileName}".
             This reference is not "CopyLocal" because at least one source item had "Private" set to "false" and no source items had "Private" set to "true".
         Primary reference "System.Reflection.TypeExtensions, Version=8.0.0.0, Culture=neutral, PublicKeyToken=b03f5f7f11d50a3a".
             Resolved file path is "C:\Program Files\dotnet\packs\Microsoft.NETCore.App.Ref\8.0.22\ref\net8.0\System.Reflection.TypeExtensions.dll".
             Reference found at search path location "{RawFileName}".
             This reference is not "CopyLocal" because at least one source item had "Private" set to "false" and no source items had "Private" set to "true".
         Primary reference "System.Reflection, Version=8.0.0.0, Culture=neutral, PublicKeyToken=b03f5f7f11d50a3a".
             Resolved file path is "C:\Program Files\dotnet\packs\Microsoft.NETCore.App.Ref\8.0.22\ref\net8.0\System.Reflection.dll".
             Reference found at search path location "{RawFileName}".
             This reference is not "CopyLocal" because at least one source item had "Private" set to "false" and no source items had "Private" set to "true".
         Primary reference "System.Resources.Reader, Version=8.0.0.0, Culture=neutral, PublicKeyToken=b03f5f7f11d50a3a".
             Resolved file path is "C:\Program Files\dotnet\packs\Microsoft.NETCore.App.Ref\8.0.22\ref\net8.0\System.Resources.Reader.dll".
             Reference found at search path location "{RawFileName}".
             This reference is not "CopyLocal" because at least one source item had "Private" set to "false" and no source items had "Private" set to "true".
         Primary reference "System.Resources.ResourceManager, Version=8.0.0.0, Culture=neutral, PublicKeyToken=b03f5f7f11d50a3a".
             Resolved file path is "C:\Program Files\dotnet\packs\Microsoft.NETCore.App.Ref\8.0.22\ref\net8.0\System.Resources.ResourceManager.dll".
             Reference found at search path location "{RawFileName}".
             This reference is not "CopyLocal" because at least one source item had "Private" set to "false" and no source items had "Private" set to "true".
         Primary reference "System.Resources.Writer, Version=8.0.0.0, Culture=neutral, PublicKeyToken=b03f5f7f11d50a3a".
             Resolved file path is "C:\Program Files\dotnet\packs\Microsoft.NETCore.App.Ref\8.0.22\ref\net8.0\System.Resources.Writer.dll".
             Reference found at search path location "{RawFileName}".
             This reference is not "CopyLocal" because at least one source item had "Private" set to "false" and no source items had "Private" set to "true".
         Primary reference "System.Runtime.CompilerServices.Unsafe, Version=8.0.0.0, Culture=neutral, PublicKeyToken=b03f5f7f11d50a3a".
             Resolved file path is "C:\Program Files\dotnet\packs\Microsoft.NETCore.App.Ref\8.0.22\ref\net8.0\System.Runtime.CompilerServices.Unsafe.dll".
             Reference found at search path location "{RawFileName}".
             This reference is not "CopyLocal" because at least one source item had "Private" set to "false" and no source items had "Private" set to "true".
         Primary reference "System.Runtime.CompilerServices.VisualC, Version=8.0.0.0, Culture=neutral, PublicKeyToken=b03f5f7f11d50a3a".
             Resolved file path is "C:\Program Files\dotnet\packs\Microsoft.NETCore.App.Ref\8.0.22\ref\net8.0\System.Runtime.CompilerServices.VisualC.dll".
             Reference found at search path location "{RawFileName}".
             This reference is not "CopyLocal" because at least one source item had "Private" set to "false" and no source items had "Private" set to "true".
         Primary reference "System.Runtime.Extensions, Version=8.0.0.0, Culture=neutral, PublicKeyToken=b03f5f7f11d50a3a".
             Resolved file path is "C:\Program Files\dotnet\packs\Microsoft.NETCore.App.Ref\8.0.22\ref\net8.0\System.Runtime.Extensions.dll".
             Reference found at search path location "{RawFileName}".
             This reference is not "CopyLocal" because at least one source item had "Private" set to "false" and no source items had "Private" set to "true".
         Primary reference "System.Runtime.Handles, Version=8.0.0.0, Culture=neutral, PublicKeyToken=b03f5f7f11d50a3a".
             Resolved file path is "C:\Program Files\dotnet\packs\Microsoft.NETCore.App.Ref\8.0.22\ref\net8.0\System.Runtime.Handles.dll".
             Reference found at search path location "{RawFileName}".
             This reference is not "CopyLocal" because at least one source item had "Private" set to "false" and no source items had "Private" set to "true".
         Primary reference "System.Runtime.InteropServices.JavaScript, Version=8.0.0.0, Culture=neutral, PublicKeyToken=b03f5f7f11d50a3a".
             Resolved file path is "C:\Program Files\dotnet\packs\Microsoft.NETCore.App.Ref\8.0.22\ref\net8.0\System.Runtime.InteropServices.JavaScript.dll".
             Reference found at search path location "{RawFileName}".
             This reference is not "CopyLocal" because at least one source item had "Private" set to "false" and no source items had "Private" set to "true".
         Primary reference "System.Runtime.InteropServices.RuntimeInformation, Version=8.0.0.0, Culture=neutral, PublicKeyToken=b03f5f7f11d50a3a".
             Resolved file path is "C:\Program Files\dotnet\packs\Microsoft.NETCore.App.Ref\8.0.22\ref\net8.0\System.Runtime.InteropServices.RuntimeInformation.dll".
             Reference found at search path location "{RawFileName}".
             This reference is not "CopyLocal" because at least one source item had "Private" set to "false" and no source items had "Private" set to "true".
         Primary reference "System.Runtime.InteropServices, Version=8.0.0.0, Culture=neutral, PublicKeyToken=b03f5f7f11d50a3a".
             Resolved file path is "C:\Program Files\dotnet\packs\Microsoft.NETCore.App.Ref\8.0.22\ref\net8.0\System.Runtime.InteropServices.dll".
             Reference found at search path location "{RawFileName}".
             This reference is not "CopyLocal" because at least one source item had "Private" set to "false" and no source items had "Private" set to "true".
         Primary reference "System.Runtime.Intrinsics, Version=8.0.0.0, Culture=neutral, PublicKeyToken=cc7b13ffcd2ddd51".
             Resolved file path is "C:\Program Files\dotnet\packs\Microsoft.NETCore.App.Ref\8.0.22\ref\net8.0\System.Runtime.Intrinsics.dll".
             Reference found at search path location "{RawFileName}".
             This reference is not "CopyLocal" because at least one source item had "Private" set to "false" and no source items had "Private" set to "true".
         Primary reference "System.Runtime.Loader, Version=8.0.0.0, Culture=neutral, PublicKeyToken=b03f5f7f11d50a3a".
             Resolved file path is "C:\Program Files\dotnet\packs\Microsoft.NETCore.App.Ref\8.0.22\ref\net8.0\System.Runtime.Loader.dll".
             Reference found at search path location "{RawFileName}".
             This reference is not "CopyLocal" because at least one source item had "Private" set to "false" and no source items had "Private" set to "true".
         Primary reference "System.Runtime.Numerics, Version=8.0.0.0, Culture=neutral, PublicKeyToken=b03f5f7f11d50a3a".
             Resolved file path is "C:\Program Files\dotnet\packs\Microsoft.NETCore.App.Ref\8.0.22\ref\net8.0\System.Runtime.Numerics.dll".
             Reference found at search path location "{RawFileName}".
             This reference is not "CopyLocal" because at least one source item had "Private" set to "false" and no source items had "Private" set to "true".
         Primary reference "System.Runtime.Serialization.Formatters, Version=8.0.0.0, Culture=neutral, PublicKeyToken=b03f5f7f11d50a3a".
             Resolved file path is "C:\Program Files\dotnet\packs\Microsoft.NETCore.App.Ref\8.0.22\ref\net8.0\System.Runtime.Serialization.Formatters.dll".
             Reference found at search path location "{RawFileName}".
             This reference is not "CopyLocal" because at least one source item had "Private" set to "false" and no source items had "Private" set to "true".
         Primary reference "System.Runtime.Serialization.Json, Version=8.0.0.0, Culture=neutral, PublicKeyToken=b03f5f7f11d50a3a".
             Resolved file path is "C:\Program Files\dotnet\packs\Microsoft.NETCore.App.Ref\8.0.22\ref\net8.0\System.Runtime.Serialization.Json.dll".
             Reference found at search path location "{RawFileName}".
             This reference is not "CopyLocal" because at least one source item had "Private" set to "false" and no source items had "Private" set to "true".
         Primary reference "System.Runtime.Serialization.Primitives, Version=8.0.0.0, Culture=neutral, PublicKeyToken=b03f5f7f11d50a3a".
             Resolved file path is "C:\Program Files\dotnet\packs\Microsoft.NETCore.App.Ref\8.0.22\ref\net8.0\System.Runtime.Serialization.Primitives.dll".
             Reference found at search path location "{RawFileName}".
             This reference is not "CopyLocal" because at least one source item had "Private" set to "false" and no source items had "Private" set to "true".
         Primary reference "System.Runtime.Serialization.Xml, Version=8.0.0.0, Culture=neutral, PublicKeyToken=b03f5f7f11d50a3a".
             Resolved file path is "C:\Program Files\dotnet\packs\Microsoft.NETCore.App.Ref\8.0.22\ref\net8.0\System.Runtime.Serialization.Xml.dll".
             Reference found at search path location "{RawFileName}".
             This reference is not "CopyLocal" because at least one source item had "Private" set to "false" and no source items had "Private" set to "true".
         Primary reference "System.Runtime.Serialization, Version=4.0.0.0, Culture=neutral, PublicKeyToken=b77a5c561934e089".
             Resolved file path is "C:\Program Files\dotnet\packs\Microsoft.NETCore.App.Ref\8.0.22\ref\net8.0\System.Runtime.Serialization.dll".
             Reference found at search path location "{RawFileName}".
             This reference is not "CopyLocal" because at least one source item had "Private" set to "false" and no source items had "Private" set to "true".
         Primary reference "System.Runtime, Version=8.0.0.0, Culture=neutral, PublicKeyToken=b03f5f7f11d50a3a".
             Resolved file path is "C:\Program Files\dotnet\packs\Microsoft.NETCore.App.Ref\8.0.22\ref\net8.0\System.Runtime.dll".
             Reference found at search path location "{RawFileName}".
             This reference is not "CopyLocal" because at least one source item had "Private" set to "false" and no source items had "Private" set to "true".
         Primary reference "System.Security.AccessControl, Version=8.0.0.0, Culture=neutral, PublicKeyToken=b03f5f7f11d50a3a".
             Resolved file path is "C:\Program Files\dotnet\packs\Microsoft.NETCore.App.Ref\8.0.22\ref\net8.0\System.Security.AccessControl.dll".
             Reference found at search path location "{RawFileName}".
             This reference is not "CopyLocal" because at least one source item had "Private" set to "false" and no source items had "Private" set to "true".
         Primary reference "System.Security.Claims, Version=8.0.0.0, Culture=neutral, PublicKeyToken=b03f5f7f11d50a3a".
             Resolved file path is "C:\Program Files\dotnet\packs\Microsoft.NETCore.App.Ref\8.0.22\ref\net8.0\System.Security.Claims.dll".
             Reference found at search path location "{RawFileName}".
             This reference is not "CopyLocal" because at least one source item had "Private" set to "false" and no source items had "Private" set to "true".
         Primary reference "System.Security.Cryptography.Algorithms, Version=8.0.0.0, Culture=neutral, PublicKeyToken=b03f5f7f11d50a3a".
             Resolved file path is "C:\Program Files\dotnet\packs\Microsoft.NETCore.App.Ref\8.0.22\ref\net8.0\System.Security.Cryptography.Algorithms.dll".
             Reference found at search path location "{RawFileName}".
             This reference is not "CopyLocal" because at least one source item had "Private" set to "false" and no source items had "Private" set to "true".
         Primary reference "System.Security.Cryptography.Cng, Version=8.0.0.0, Culture=neutral, PublicKeyToken=b03f5f7f11d50a3a".
             Resolved file path is "C:\Program Files\dotnet\packs\Microsoft.NETCore.App.Ref\8.0.22\ref\net8.0\System.Security.Cryptography.Cng.dll".
             Reference found at search path location "{RawFileName}".
             This reference is not "CopyLocal" because at least one source item had "Private" set to "false" and no source items had "Private" set to "true".
         Primary reference "System.Security.Cryptography.Csp, Version=8.0.0.0, Culture=neutral, PublicKeyToken=b03f5f7f11d50a3a".
             Resolved file path is "C:\Program Files\dotnet\packs\Microsoft.NETCore.App.Ref\8.0.22\ref\net8.0\System.Security.Cryptography.Csp.dll".
             Reference found at search path location "{RawFileName}".
             This reference is not "CopyLocal" because at least one source item had "Private" set to "false" and no source items had "Private" set to "true".
         Primary reference "System.Security.Cryptography.Encoding, Version=8.0.0.0, Culture=neutral, PublicKeyToken=b03f5f7f11d50a3a".
             Resolved file path is "C:\Program Files\dotnet\packs\Microsoft.NETCore.App.Ref\8.0.22\ref\net8.0\System.Security.Cryptography.Encoding.dll".
             Reference found at search path location "{RawFileName}".
             This reference is not "CopyLocal" because at least one source item had "Private" set to "false" and no source items had "Private" set to "true".
         Primary reference "System.Security.Cryptography.OpenSsl, Version=8.0.0.0, Culture=neutral, PublicKeyToken=b03f5f7f11d50a3a".
             Resolved file path is "C:\Program Files\dotnet\packs\Microsoft.NETCore.App.Ref\8.0.22\ref\net8.0\System.Security.Cryptography.OpenSsl.dll".
             Reference found at search path location "{RawFileName}".
             This reference is not "CopyLocal" because at least one source item had "Private" set to "false" and no source items had "Private" set to "true".
         Primary reference "System.Security.Cryptography.Primitives, Version=8.0.0.0, Culture=neutral, PublicKeyToken=b03f5f7f11d50a3a".
             Resolved file path is "C:\Program Files\dotnet\packs\Microsoft.NETCore.App.Ref\8.0.22\ref\net8.0\System.Security.Cryptography.Primitives.dll".
             Reference found at search path location "{RawFileName}".
             This reference is not "CopyLocal" because at least one source item had "Private" set to "false" and no source items had "Private" set to "true".
         Primary reference "System.Security.Cryptography.X509Certificates, Version=8.0.0.0, Culture=neutral, PublicKeyToken=b03f5f7f11d50a3a".
             Resolved file path is "C:\Program Files\dotnet\packs\Microsoft.NETCore.App.Ref\8.0.22\ref\net8.0\System.Security.Cryptography.X509Certificates.dll".
             Reference found at search path location "{RawFileName}".
             This reference is not "CopyLocal" because at least one source item had "Private" set to "false" and no source items had "Private" set to "true".
         Primary reference "System.Security.Cryptography, Version=8.0.0.0, Culture=neutral, PublicKeyToken=b03f5f7f11d50a3a".
             Resolved file path is "C:\Program Files\dotnet\packs\Microsoft.NETCore.App.Ref\8.0.22\ref\net8.0\System.Security.Cryptography.dll".
             Reference found at search path location "{RawFileName}".
             This reference is not "CopyLocal" because at least one source item had "Private" set to "false" and no source items had "Private" set to "true".
         Primary reference "System.Security.Principal.Windows, Version=8.0.0.0, Culture=neutral, PublicKeyToken=b03f5f7f11d50a3a".
             Resolved file path is "C:\Program Files\dotnet\packs\Microsoft.NETCore.App.Ref\8.0.22\ref\net8.0\System.Security.Principal.Windows.dll".
             Reference found at search path location "{RawFileName}".
             This reference is not "CopyLocal" because at least one source item had "Private" set to "false" and no source items had "Private" set to "true".
         Primary reference "System.Security.Principal, Version=8.0.0.0, Culture=neutral, PublicKeyToken=b03f5f7f11d50a3a".
             Resolved file path is "C:\Program Files\dotnet\packs\Microsoft.NETCore.App.Ref\8.0.22\ref\net8.0\System.Security.Principal.dll".
             Reference found at search path location "{RawFileName}".
             This reference is not "CopyLocal" because at least one source item had "Private" set to "false" and no source items had "Private" set to "true".
         Primary reference "System.Security.SecureString, Version=8.0.0.0, Culture=neutral, PublicKeyToken=b03f5f7f11d50a3a".
             Resolved file path is "C:\Program Files\dotnet\packs\Microsoft.NETCore.App.Ref\8.0.22\ref\net8.0\System.Security.SecureString.dll".
             Reference found at search path location "{RawFileName}".
             This reference is not "CopyLocal" because at least one source item had "Private" set to "false" and no source items had "Private" set to "true".
         Primary reference "System.Security, Version=4.0.0.0, Culture=neutral, PublicKeyToken=b03f5f7f11d50a3a".
             Resolved file path is "C:\Program Files\dotnet\packs\Microsoft.NETCore.App.Ref\8.0.22\ref\net8.0\System.Security.dll".
             Reference found at search path location "{RawFileName}".
             This reference is not "CopyLocal" because at least one source item had "Private" set to "false" and no source items had "Private" set to "true".
         Primary reference "System.ServiceModel.Web, Version=4.0.0.0, Culture=neutral, PublicKeyToken=31bf3856ad364e35".
             Resolved file path is "C:\Program Files\dotnet\packs\Microsoft.NETCore.App.Ref\8.0.22\ref\net8.0\System.ServiceModel.Web.dll".
             Reference found at search path location "{RawFileName}".
             This reference is not "CopyLocal" because at least one source item had "Private" set to "false" and no source items had "Private" set to "true".
         Primary reference "System.ServiceProcess, Version=4.0.0.0, Culture=neutral, PublicKeyToken=b03f5f7f11d50a3a".
             Resolved file path is "C:\Program Files\dotnet\packs\Microsoft.NETCore.App.Ref\8.0.22\ref\net8.0\System.ServiceProcess.dll".
             Reference found at search path location "{RawFileName}".
             This reference is not "CopyLocal" because at least one source item had "Private" set to "false" and no source items had "Private" set to "true".
         Primary reference "System.Text.Encoding.CodePages, Version=8.0.0.0, Culture=neutral, PublicKeyToken=b03f5f7f11d50a3a".
             Resolved file path is "C:\Program Files\dotnet\packs\Microsoft.NETCore.App.Ref\8.0.22\ref\net8.0\System.Text.Encoding.CodePages.dll".
             Reference found at search path location "{RawFileName}".
             This reference is not "CopyLocal" because at least one source item had "Private" set to "false" and no source items had "Private" set to "true".
         Primary reference "System.Text.Encoding.Extensions, Version=8.0.0.0, Culture=neutral, PublicKeyToken=b03f5f7f11d50a3a".
             Resolved file path is "C:\Program Files\dotnet\packs\Microsoft.NETCore.App.Ref\8.0.22\ref\net8.0\System.Text.Encoding.Extensions.dll".
             Reference found at search path location "{RawFileName}".
             This reference is not "CopyLocal" because at least one source item had "Private" set to "false" and no source items had "Private" set to "true".
         Primary reference "System.Text.Encoding, Version=8.0.0.0, Culture=neutral, PublicKeyToken=b03f5f7f11d50a3a".
             Resolved file path is "C:\Program Files\dotnet\packs\Microsoft.NETCore.App.Ref\8.0.22\ref\net8.0\System.Text.Encoding.dll".
             Reference found at search path location "{RawFileName}".
             This reference is not "CopyLocal" because at least one source item had "Private" set to "false" and no source items had "Private" set to "true".
         Primary reference "System.Text.Encodings.Web, Version=8.0.0.0, Culture=neutral, PublicKeyToken=cc7b13ffcd2ddd51".
             Resolved file path is "C:\Program Files\dotnet\packs\Microsoft.NETCore.App.Ref\8.0.22\ref\net8.0\System.Text.Encodings.Web.dll".
             Reference found at search path location "{RawFileName}".
             This reference is not "CopyLocal" because at least one source item had "Private" set to "false" and no source items had "Private" set to "true".
         Primary reference "System.Text.Json, Version=8.0.0.0, Culture=neutral, PublicKeyToken=cc7b13ffcd2ddd51".
             Resolved file path is "C:\Program Files\dotnet\packs\Microsoft.NETCore.App.Ref\8.0.22\ref\net8.0\System.Text.Json.dll".
             Reference found at search path location "{RawFileName}".
             This reference is not "CopyLocal" because at least one source item had "Private" set to "false" and no source items had "Private" set to "true".
         Primary reference "System.Text.RegularExpressions, Version=8.0.0.0, Culture=neutral, PublicKeyToken=b03f5f7f11d50a3a".
             Resolved file path is "C:\Program Files\dotnet\packs\Microsoft.NETCore.App.Ref\8.0.22\ref\net8.0\System.Text.RegularExpressions.dll".
             Reference found at search path location "{RawFileName}".
             This reference is not "CopyLocal" because at least one source item had "Private" set to "false" and no source items had "Private" set to "true".
         Primary reference "System.Threading.Channels, Version=8.0.0.0, Culture=neutral, PublicKeyToken=cc7b13ffcd2ddd51".
             Resolved file path is "C:\Program Files\dotnet\packs\Microsoft.NETCore.App.Ref\8.0.22\ref\net8.0\System.Threading.Channels.dll".
             Reference found at search path location "{RawFileName}".
             This reference is not "CopyLocal" because at least one source item had "Private" set to "false" and no source items had "Private" set to "true".
         Primary reference "System.Threading.Overlapped, Version=8.0.0.0, Culture=neutral, PublicKeyToken=b03f5f7f11d50a3a".
             Resolved file path is "C:\Program Files\dotnet\packs\Microsoft.NETCore.App.Ref\8.0.22\ref\net8.0\System.Threading.Overlapped.dll".
             Reference found at search path location "{RawFileName}".
             This reference is not "CopyLocal" because at least one source item had "Private" set to "false" and no source items had "Private" set to "true".
         Primary reference "System.Threading.Tasks.Dataflow, Version=8.0.0.0, Culture=neutral, PublicKeyToken=b03f5f7f11d50a3a".
             Resolved file path is "C:\Program Files\dotnet\packs\Microsoft.NETCore.App.Ref\8.0.22\ref\net8.0\System.Threading.Tasks.Dataflow.dll".
             Reference found at search path location "{RawFileName}".
             This reference is not "CopyLocal" because at least one source item had "Private" set to "false" and no source items had "Private" set to "true".
         Primary reference "System.Threading.Tasks.Extensions, Version=8.0.0.0, Culture=neutral, PublicKeyToken=cc7b13ffcd2ddd51".
             Resolved file path is "C:\Program Files\dotnet\packs\Microsoft.NETCore.App.Ref\8.0.22\ref\net8.0\System.Threading.Tasks.Extensions.dll".
             Reference found at search path location "{RawFileName}".
             This reference is not "CopyLocal" because at least one source item had "Private" set to "false" and no source items had "Private" set to "true".
         Primary reference "System.Threading.Tasks.Parallel, Version=8.0.0.0, Culture=neutral, PublicKeyToken=b03f5f7f11d50a3a".
             Resolved file path is "C:\Program Files\dotnet\packs\Microsoft.NETCore.App.Ref\8.0.22\ref\net8.0\System.Threading.Tasks.Parallel.dll".
             Reference found at search path location "{RawFileName}".
             This reference is not "CopyLocal" because at least one source item had "Private" set to "false" and no source items had "Private" set to "true".
         Primary reference "System.Threading.Tasks, Version=8.0.0.0, Culture=neutral, PublicKeyToken=b03f5f7f11d50a3a".
             Resolved file path is "C:\Program Files\dotnet\packs\Microsoft.NETCore.App.Ref\8.0.22\ref\net8.0\System.Threading.Tasks.dll".
             Reference found at search path location "{RawFileName}".
             This reference is not "CopyLocal" because at least one source item had "Private" set to "false" and no source items had "Private" set to "true".
         Primary reference "System.Threading.Thread, Version=8.0.0.0, Culture=neutral, PublicKeyToken=b03f5f7f11d50a3a".
             Resolved file path is "C:\Program Files\dotnet\packs\Microsoft.NETCore.App.Ref\8.0.22\ref\net8.0\System.Threading.Thread.dll".
             Reference found at search path location "{RawFileName}".
             This reference is not "CopyLocal" because at least one source item had "Private" set to "false" and no source items had "Private" set to "true".
         Primary reference "System.Threading.ThreadPool, Version=8.0.0.0, Culture=neutral, PublicKeyToken=b03f5f7f11d50a3a".
             Resolved file path is "C:\Program Files\dotnet\packs\Microsoft.NETCore.App.Ref\8.0.22\ref\net8.0\System.Threading.ThreadPool.dll".
             Reference found at search path location "{RawFileName}".
             This reference is not "CopyLocal" because at least one source item had "Private" set to "false" and no source items had "Private" set to "true".
         Primary reference "System.Threading.Timer, Version=8.0.0.0, Culture=neutral, PublicKeyToken=b03f5f7f11d50a3a".
             Resolved file path is "C:\Program Files\dotnet\packs\Microsoft.NETCore.App.Ref\8.0.22\ref\net8.0\System.Threading.Timer.dll".
             Reference found at search path location "{RawFileName}".
             This reference is not "CopyLocal" because at least one source item had "Private" set to "false" and no source items had "Private" set to "true".
         Primary reference "System.Threading, Version=8.0.0.0, Culture=neutral, PublicKeyToken=b03f5f7f11d50a3a".
             Resolved file path is "C:\Program Files\dotnet\packs\Microsoft.NETCore.App.Ref\8.0.22\ref\net8.0\System.Threading.dll".
             Reference found at search path location "{RawFileName}".
             This reference is not "CopyLocal" because at least one source item had "Private" set to "false" and no source items had "Private" set to "true".
         Primary reference "System.Transactions.Local, Version=8.0.0.0, Culture=neutral, PublicKeyToken=cc7b13ffcd2ddd51".
             Resolved file path is "C:\Program Files\dotnet\packs\Microsoft.NETCore.App.Ref\8.0.22\ref\net8.0\System.Transactions.Local.dll".
             Reference found at search path location "{RawFileName}".
             This reference is not "CopyLocal" because at least one source item had "Private" set to "false" and no source items had "Private" set to "true".
         Primary reference "System.Transactions, Version=4.0.0.0, Culture=neutral, PublicKeyToken=b77a5c561934e089".
             Resolved file path is "C:\Program Files\dotnet\packs\Microsoft.NETCore.App.Ref\8.0.22\ref\net8.0\System.Transactions.dll".
             Reference found at search path location "{RawFileName}".
             This reference is not "CopyLocal" because at least one source item had "Private" set to "false" and no source items had "Private" set to "true".
         Primary reference "System.ValueTuple, Version=8.0.0.0, Culture=neutral, PublicKeyToken=cc7b13ffcd2ddd51".
             Resolved file path is "C:\Program Files\dotnet\packs\Microsoft.NETCore.App.Ref\8.0.22\ref\net8.0\System.ValueTuple.dll".
             Reference found at search path location "{RawFileName}".
             This reference is not "CopyLocal" because at least one source item had "Private" set to "false" and no source items had "Private" set to "true".
         Primary reference "System.Web.HttpUtility, Version=8.0.0.0, Culture=neutral, PublicKeyToken=cc7b13ffcd2ddd51".
             Resolved file path is "C:\Program Files\dotnet\packs\Microsoft.NETCore.App.Ref\8.0.22\ref\net8.0\System.Web.HttpUtility.dll".
             Reference found at search path location "{RawFileName}".
             This reference is not "CopyLocal" because at least one source item had "Private" set to "false" and no source items had "Private" set to "true".
         Primary reference "System.Web, Version=4.0.0.0, Culture=neutral, PublicKeyToken=b03f5f7f11d50a3a".
             Resolved file path is "C:\Program Files\dotnet\packs\Microsoft.NETCore.App.Ref\8.0.22\ref\net8.0\System.Web.dll".
             Reference found at search path location "{RawFileName}".
             This reference is not "CopyLocal" because at least one source item had "Private" set to "false" and no source items had "Private" set to "true".
         Primary reference "System.Windows, Version=4.0.0.0, Culture=neutral, PublicKeyToken=b03f5f7f11d50a3a".
             Resolved file path is "C:\Program Files\dotnet\packs\Microsoft.NETCore.App.Ref\8.0.22\ref\net8.0\System.Windows.dll".
             Reference found at search path location "{RawFileName}".
             This reference is not "CopyLocal" because at least one source item had "Private" set to "false" and no source items had "Private" set to "true".
         Primary reference "System.Xml.Linq, Version=4.0.0.0, Culture=neutral, PublicKeyToken=b77a5c561934e089".
             Resolved file path is "C:\Program Files\dotnet\packs\Microsoft.NETCore.App.Ref\8.0.22\ref\net8.0\System.Xml.Linq.dll".
             Reference found at search path location "{RawFileName}".
             This reference is not "CopyLocal" because at least one source item had "Private" set to "false" and no source items had "Private" set to "true".
         Primary reference "System.Xml.ReaderWriter, Version=8.0.0.0, Culture=neutral, PublicKeyToken=b03f5f7f11d50a3a".
             Resolved file path is "C:\Program Files\dotnet\packs\Microsoft.NETCore.App.Ref\8.0.22\ref\net8.0\System.Xml.ReaderWriter.dll".
             Reference found at search path location "{RawFileName}".
             This reference is not "CopyLocal" because at least one source item had "Private" set to "false" and no source items had "Private" set to "true".
         Primary reference "System.Xml.Serialization, Version=4.0.0.0, Culture=neutral, PublicKeyToken=b77a5c561934e089".
             Resolved file path is "C:\Program Files\dotnet\packs\Microsoft.NETCore.App.Ref\8.0.22\ref\net8.0\System.Xml.Serialization.dll".
             Reference found at search path location "{RawFileName}".
             This reference is not "CopyLocal" because at least one source item had "Private" set to "false" and no source items had "Private" set to "true".
         Primary reference "System.Xml.XDocument, Version=8.0.0.0, Culture=neutral, PublicKeyToken=b03f5f7f11d50a3a".
             Resolved file path is "C:\Program Files\dotnet\packs\Microsoft.NETCore.App.Ref\8.0.22\ref\net8.0\System.Xml.XDocument.dll".
             Reference found at search path location "{RawFileName}".
             This reference is not "CopyLocal" because at least one source item had "Private" set to "false" and no source items had "Private" set to "true".
         Primary reference "System.Xml.XPath.XDocument, Version=8.0.0.0, Culture=neutral, PublicKeyToken=b03f5f7f11d50a3a".
             Resolved file path is "C:\Program Files\dotnet\packs\Microsoft.NETCore.App.Ref\8.0.22\ref\net8.0\System.Xml.XPath.XDocument.dll".
             Reference found at search path location "{RawFileName}".
             This reference is not "CopyLocal" because at least one source item had "Private" set to "false" and no source items had "Private" set to "true".
         Primary reference "System.Xml.XPath, Version=8.0.0.0, Culture=neutral, PublicKeyToken=b03f5f7f11d50a3a".
             Resolved file path is "C:\Program Files\dotnet\packs\Microsoft.NETCore.App.Ref\8.0.22\ref\net8.0\System.Xml.XPath.dll".
             Reference found at search path location "{RawFileName}".
             This reference is not "CopyLocal" because at least one source item had "Private" set to "false" and no source items had "Private" set to "true".
         Primary reference "System.Xml.XmlDocument, Version=8.0.0.0, Culture=neutral, PublicKeyToken=b03f5f7f11d50a3a".
             Resolved file path is "C:\Program Files\dotnet\packs\Microsoft.NETCore.App.Ref\8.0.22\ref\net8.0\System.Xml.XmlDocument.dll".
             Reference found at search path location "{RawFileName}".
             This reference is not "CopyLocal" because at least one source item had "Private" set to "false" and no source items had "Private" set to "true".
         Primary reference "System.Xml.XmlSerializer, Version=8.0.0.0, Culture=neutral, PublicKeyToken=b03f5f7f11d50a3a".
             Resolved file path is "C:\Program Files\dotnet\packs\Microsoft.NETCore.App.Ref\8.0.22\ref\net8.0\System.Xml.XmlSerializer.dll".
             Reference found at search path location "{RawFileName}".
             This reference is not "CopyLocal" because at least one source item had "Private" set to "false" and no source items had "Private" set to "true".
         Primary reference "System.Xml, Version=4.0.0.0, Culture=neutral, PublicKeyToken=b77a5c561934e089".
             Resolved file path is "C:\Program Files\dotnet\packs\Microsoft.NETCore.App.Ref\8.0.22\ref\net8.0\System.Xml.dll".
             Reference found at search path location "{RawFileName}".
             This reference is not "CopyLocal" because at least one source item had "Private" set to "false" and no source items had "Private" set to "true".
         Primary reference "System, Version=4.0.0.0, Culture=neutral, PublicKeyToken=b77a5c561934e089".
             Resolved file path is "C:\Program Files\dotnet\packs\Microsoft.NETCore.App.Ref\8.0.22\ref\net8.0\System.dll".
             Reference found at search path location "{RawFileName}".
             This reference is not "CopyLocal" because at least one source item had "Private" set to "false" and no source items had "Private" set to "true".
         Primary reference "WindowsBase, Version=4.0.0.0, Culture=neutral, PublicKeyToken=31bf3856ad364e35".
             Resolved file path is "C:\Program Files\dotnet\packs\Microsoft.NETCore.App.Ref\8.0.22\ref\net8.0\WindowsBase.dll".
             Reference found at search path location "{RawFileName}".
             This reference is not "CopyLocal" because at least one source item had "Private" set to "false" and no source items had "Private" set to "true".
         Primary reference "mscorlib, Version=4.0.0.0, Culture=neutral, PublicKeyToken=b77a5c561934e089".
             Resolved file path is "C:\Program Files\dotnet\packs\Microsoft.NETCore.App.Ref\8.0.22\ref\net8.0\mscorlib.dll".
             Reference found at search path location "{RawFileName}".
             This reference is not "CopyLocal" because at least one source item had "Private" set to "false" and no source items had "Private" set to "true".
         Primary reference "netstandard, Version=2.1.0.0, Culture=neutral, PublicKeyToken=cc7b13ffcd2ddd51".
             Resolved file path is "C:\Program Files\dotnet\packs\Microsoft.NETCore.App.Ref\8.0.22\ref\net8.0\netstandard.dll".
             Reference found at search path location "{RawFileName}".
             This reference is not "CopyLocal" because at least one source item had "Private" set to "false" and no source items had "Private" set to "true".
         Primary reference "Microsoft.AspNetCore.Antiforgery, Version=8.0.0.0, Culture=neutral, PublicKeyToken=adb9793829ddae60".
             Resolved file path is "C:\Program Files\dotnet\packs\Microsoft.AspNetCore.App.Ref\8.0.22\ref\net8.0\Microsoft.AspNetCore.Antiforgery.dll".
             Reference found at search path location "{RawFileName}".
             This reference is not "CopyLocal" because at least one source item had "Private" set to "false" and no source items had "Private" set to "true".
         Primary reference "Microsoft.AspNetCore.Authentication.Abstractions, Version=8.0.0.0, Culture=neutral, PublicKeyToken=adb9793829ddae60".
             Resolved file path is "C:\Program Files\dotnet\packs\Microsoft.AspNetCore.App.Ref\8.0.22\ref\net8.0\Microsoft.AspNetCore.Authentication.Abstractions.dll".
             Reference found at search path location "{RawFileName}".
             This reference is not "CopyLocal" because at least one source item had "Private" set to "false" and no source items had "Private" set to "true".
         Primary reference "Microsoft.AspNetCore.Authentication.BearerToken, Version=8.0.0.0, Culture=neutral, PublicKeyToken=adb9793829ddae60".
             Resolved file path is "C:\Program Files\dotnet\packs\Microsoft.AspNetCore.App.Ref\8.0.22\ref\net8.0\Microsoft.AspNetCore.Authentication.BearerToken.dll".
             Reference found at search path location "{RawFileName}".
             This reference is not "CopyLocal" because at least one source item had "Private" set to "false" and no source items had "Private" set to "true".
         Primary reference "Microsoft.AspNetCore.Authentication.Cookies, Version=8.0.0.0, Culture=neutral, PublicKeyToken=adb9793829ddae60".
             Resolved file path is "C:\Program Files\dotnet\packs\Microsoft.AspNetCore.App.Ref\8.0.22\ref\net8.0\Microsoft.AspNetCore.Authentication.Cookies.dll".
             Reference found at search path location "{RawFileName}".
             This reference is not "CopyLocal" because at least one source item had "Private" set to "false" and no source items had "Private" set to "true".
         Primary reference "Microsoft.AspNetCore.Authentication.Core, Version=8.0.0.0, Culture=neutral, PublicKeyToken=adb9793829ddae60".
             Resolved file path is "C:\Program Files\dotnet\packs\Microsoft.AspNetCore.App.Ref\8.0.22\ref\net8.0\Microsoft.AspNetCore.Authentication.Core.dll".
             Reference found at search path location "{RawFileName}".
             This reference is not "CopyLocal" because at least one source item had "Private" set to "false" and no source items had "Private" set to "true".
         Primary reference "Microsoft.AspNetCore.Authentication.OAuth, Version=8.0.0.0, Culture=neutral, PublicKeyToken=adb9793829ddae60".
             Resolved file path is "C:\Program Files\dotnet\packs\Microsoft.AspNetCore.App.Ref\8.0.22\ref\net8.0\Microsoft.AspNetCore.Authentication.OAuth.dll".
             Reference found at search path location "{RawFileName}".
             This reference is not "CopyLocal" because at least one source item had "Private" set to "false" and no source items had "Private" set to "true".
         Primary reference "Microsoft.AspNetCore.Authentication, Version=8.0.0.0, Culture=neutral, PublicKeyToken=adb9793829ddae60".
             Resolved file path is "C:\Program Files\dotnet\packs\Microsoft.AspNetCore.App.Ref\8.0.22\ref\net8.0\Microsoft.AspNetCore.Authentication.dll".
             Reference found at search path location "{RawFileName}".
             This reference is not "CopyLocal" because at least one source item had "Private" set to "false" and no source items had "Private" set to "true".
         Primary reference "Microsoft.AspNetCore.Authorization.Policy, Version=8.0.0.0, Culture=neutral, PublicKeyToken=adb9793829ddae60".
             Resolved file path is "C:\Program Files\dotnet\packs\Microsoft.AspNetCore.App.Ref\8.0.22\ref\net8.0\Microsoft.AspNetCore.Authorization.Policy.dll".
             Reference found at search path location "{RawFileName}".
             This reference is not "CopyLocal" because at least one source item had "Private" set to "false" and no source items had "Private" set to "true".
         Primary reference "Microsoft.AspNetCore.Authorization, Version=8.0.0.0, Culture=neutral, PublicKeyToken=adb9793829ddae60".
             Resolved file path is "C:\Program Files\dotnet\packs\Microsoft.AspNetCore.App.Ref\8.0.22\ref\net8.0\Microsoft.AspNetCore.Authorization.dll".
             Reference found at search path location "{RawFileName}".
             This reference is not "CopyLocal" because at least one source item had "Private" set to "false" and no source items had "Private" set to "true".
         Primary reference "Microsoft.AspNetCore.Components.Authorization, Version=8.0.0.0, Culture=neutral, PublicKeyToken=adb9793829ddae60".
             Resolved file path is "C:\Program Files\dotnet\packs\Microsoft.AspNetCore.App.Ref\8.0.22\ref\net8.0\Microsoft.AspNetCore.Components.Authorization.dll".
             Reference found at search path location "{RawFileName}".
             This reference is not "CopyLocal" because at least one source item had "Private" set to "false" and no source items had "Private" set to "true".
         Primary reference "Microsoft.AspNetCore.Components.Endpoints, Version=8.0.0.0, Culture=neutral, PublicKeyToken=adb9793829ddae60".
             Resolved file path is "C:\Program Files\dotnet\packs\Microsoft.AspNetCore.App.Ref\8.0.22\ref\net8.0\Microsoft.AspNetCore.Components.Endpoints.dll".
             Reference found at search path location "{RawFileName}".
             This reference is not "CopyLocal" because at least one source item had "Private" set to "false" and no source items had "Private" set to "true".
         Primary reference "Microsoft.AspNetCore.Components.Forms, Version=8.0.0.0, Culture=neutral, PublicKeyToken=adb9793829ddae60".
             Resolved file path is "C:\Program Files\dotnet\packs\Microsoft.AspNetCore.App.Ref\8.0.22\ref\net8.0\Microsoft.AspNetCore.Components.Forms.dll".
             Reference found at search path location "{RawFileName}".
             This reference is not "CopyLocal" because at least one source item had "Private" set to "false" and no source items had "Private" set to "true".
         Primary reference "Microsoft.AspNetCore.Components.Server, Version=8.0.0.0, Culture=neutral, PublicKeyToken=adb9793829ddae60".
             Resolved file path is "C:\Program Files\dotnet\packs\Microsoft.AspNetCore.App.Ref\8.0.22\ref\net8.0\Microsoft.AspNetCore.Components.Server.dll".
             Reference found at search path location "{RawFileName}".
             This reference is not "CopyLocal" because at least one source item had "Private" set to "false" and no source items had "Private" set to "true".
         Primary reference "Microsoft.AspNetCore.Components.Web, Version=8.0.0.0, Culture=neutral, PublicKeyToken=adb9793829ddae60".
             Resolved file path is "C:\Program Files\dotnet\packs\Microsoft.AspNetCore.App.Ref\8.0.22\ref\net8.0\Microsoft.AspNetCore.Components.Web.dll".
             Reference found at search path location "{RawFileName}".
             This reference is not "CopyLocal" because at least one source item had "Private" set to "false" and no source items had "Private" set to "true".
         Primary reference "Microsoft.AspNetCore.Components, Version=8.0.0.0, Culture=neutral, PublicKeyToken=adb9793829ddae60".
             Resolved file path is "C:\Program Files\dotnet\packs\Microsoft.AspNetCore.App.Ref\8.0.22\ref\net8.0\Microsoft.AspNetCore.Components.dll".
             Reference found at search path location "{RawFileName}".
             This reference is not "CopyLocal" because at least one source item had "Private" set to "false" and no source items had "Private" set to "true".
         Primary reference "Microsoft.AspNetCore.Connections.Abstractions, Version=8.0.0.0, Culture=neutral, PublicKeyToken=adb9793829ddae60".
             Resolved file path is "C:\Program Files\dotnet\packs\Microsoft.AspNetCore.App.Ref\8.0.22\ref\net8.0\Microsoft.AspNetCore.Connections.Abstractions.dll".
             Reference found at search path location "{RawFileName}".
             This reference is not "CopyLocal" because at least one source item had "Private" set to "false" and no source items had "Private" set to "true".
         Primary reference "Microsoft.AspNetCore.CookiePolicy, Version=8.0.0.0, Culture=neutral, PublicKeyToken=adb9793829ddae60".
             Resolved file path is "C:\Program Files\dotnet\packs\Microsoft.AspNetCore.App.Ref\8.0.22\ref\net8.0\Microsoft.AspNetCore.CookiePolicy.dll".
             Reference found at search path location "{RawFileName}".
             This reference is not "CopyLocal" because at least one source item had "Private" set to "false" and no source items had "Private" set to "true".
         Primary reference "Microsoft.AspNetCore.Cors, Version=8.0.0.0, Culture=neutral, PublicKeyToken=adb9793829ddae60".
             Resolved file path is "C:\Program Files\dotnet\packs\Microsoft.AspNetCore.App.Ref\8.0.22\ref\net8.0\Microsoft.AspNetCore.Cors.dll".
             Reference found at search path location "{RawFileName}".
             This reference is not "CopyLocal" because at least one source item had "Private" set to "false" and no source items had "Private" set to "true".
         Primary reference "Microsoft.AspNetCore.Cryptography.Internal, Version=8.0.0.0, Culture=neutral, PublicKeyToken=adb9793829ddae60".
             Resolved file path is "C:\Program Files\dotnet\packs\Microsoft.AspNetCore.App.Ref\8.0.22\ref\net8.0\Microsoft.AspNetCore.Cryptography.Internal.dll".
             Reference found at search path location "{RawFileName}".
             This reference is not "CopyLocal" because at least one source item had "Private" set to "false" and no source items had "Private" set to "true".
         Primary reference "Microsoft.AspNetCore.Cryptography.KeyDerivation, Version=8.0.0.0, Culture=neutral, PublicKeyToken=adb9793829ddae60".
             Resolved file path is "C:\Program Files\dotnet\packs\Microsoft.AspNetCore.App.Ref\8.0.22\ref\net8.0\Microsoft.AspNetCore.Cryptography.KeyDerivation.dll".
             Reference found at search path location "{RawFileName}".
             This reference is not "CopyLocal" because at least one source item had "Private" set to "false" and no source items had "Private" set to "true".
         Primary reference "Microsoft.AspNetCore.DataProtection.Abstractions, Version=8.0.0.0, Culture=neutral, PublicKeyToken=adb9793829ddae60".
             Resolved file path is "C:\Program Files\dotnet\packs\Microsoft.AspNetCore.App.Ref\8.0.22\ref\net8.0\Microsoft.AspNetCore.DataProtection.Abstractions.dll".
             Reference found at search path location "{RawFileName}".
             This reference is not "CopyLocal" because at least one source item had "Private" set to "false" and no source items had "Private" set to "true".
         Primary reference "Microsoft.AspNetCore.DataProtection.Extensions, Version=8.0.0.0, Culture=neutral, PublicKeyToken=adb9793829ddae60".
             Resolved file path is "C:\Program Files\dotnet\packs\Microsoft.AspNetCore.App.Ref\8.0.22\ref\net8.0\Microsoft.AspNetCore.DataProtection.Extensions.dll".
             Reference found at search path location "{RawFileName}".
             This reference is not "CopyLocal" because at least one source item had "Private" set to "false" and no source items had "Private" set to "true".
         Primary reference "Microsoft.AspNetCore.DataProtection, Version=8.0.0.0, Culture=neutral, PublicKeyToken=adb9793829ddae60".
             Resolved file path is "C:\Program Files\dotnet\packs\Microsoft.AspNetCore.App.Ref\8.0.22\ref\net8.0\Microsoft.AspNetCore.DataProtection.dll".
             Reference found at search path location "{RawFileName}".
             This reference is not "CopyLocal" because at least one source item had "Private" set to "false" and no source items had "Private" set to "true".
         Primary reference "Microsoft.AspNetCore.Diagnostics.Abstractions, Version=8.0.0.0, Culture=neutral, PublicKeyToken=adb9793829ddae60".
             Resolved file path is "C:\Program Files\dotnet\packs\Microsoft.AspNetCore.App.Ref\8.0.22\ref\net8.0\Microsoft.AspNetCore.Diagnostics.Abstractions.dll".
             Reference found at search path location "{RawFileName}".
             This reference is not "CopyLocal" because at least one source item had "Private" set to "false" and no source items had "Private" set to "true".
         Primary reference "Microsoft.AspNetCore.Diagnostics.HealthChecks, Version=8.0.0.0, Culture=neutral, PublicKeyToken=adb9793829ddae60".
             Resolved file path is "C:\Program Files\dotnet\packs\Microsoft.AspNetCore.App.Ref\8.0.22\ref\net8.0\Microsoft.AspNetCore.Diagnostics.HealthChecks.dll".
             Reference found at search path location "{RawFileName}".
             This reference is not "CopyLocal" because at least one source item had "Private" set to "false" and no source items had "Private" set to "true".
         Primary reference "Microsoft.AspNetCore.Diagnostics, Version=8.0.0.0, Culture=neutral, PublicKeyToken=adb9793829ddae60".
             Resolved file path is "C:\Program Files\dotnet\packs\Microsoft.AspNetCore.App.Ref\8.0.22\ref\net8.0\Microsoft.AspNetCore.Diagnostics.dll".
             Reference found at search path location "{RawFileName}".
             This reference is not "CopyLocal" because at least one source item had "Private" set to "false" and no source items had "Private" set to "true".
         Primary reference "Microsoft.AspNetCore.HostFiltering, Version=8.0.0.0, Culture=neutral, PublicKeyToken=adb9793829ddae60".
             Resolved file path is "C:\Program Files\dotnet\packs\Microsoft.AspNetCore.App.Ref\8.0.22\ref\net8.0\Microsoft.AspNetCore.HostFiltering.dll".
             Reference found at search path location "{RawFileName}".
             This reference is not "CopyLocal" because at least one source item had "Private" set to "false" and no source items had "Private" set to "true".
         Primary reference "Microsoft.AspNetCore.Hosting.Abstractions, Version=8.0.0.0, Culture=neutral, PublicKeyToken=adb9793829ddae60".
             Resolved file path is "C:\Program Files\dotnet\packs\Microsoft.AspNetCore.App.Ref\8.0.22\ref\net8.0\Microsoft.AspNetCore.Hosting.Abstractions.dll".
             Reference found at search path location "{RawFileName}".
             This reference is not "CopyLocal" because at least one source item had "Private" set to "false" and no source items had "Private" set to "true".
         Primary reference "Microsoft.AspNetCore.Hosting.Server.Abstractions, Version=8.0.0.0, Culture=neutral, PublicKeyToken=adb9793829ddae60".
             Resolved file path is "C:\Program Files\dotnet\packs\Microsoft.AspNetCore.App.Ref\8.0.22\ref\net8.0\Microsoft.AspNetCore.Hosting.Server.Abstractions.dll".
             Reference found at search path location "{RawFileName}".
             This reference is not "CopyLocal" because at least one source item had "Private" set to "false" and no source items had "Private" set to "true".
         Primary reference "Microsoft.AspNetCore.Hosting, Version=8.0.0.0, Culture=neutral, PublicKeyToken=adb9793829ddae60".
             Resolved file path is "C:\Program Files\dotnet\packs\Microsoft.AspNetCore.App.Ref\8.0.22\ref\net8.0\Microsoft.AspNetCore.Hosting.dll".
             Reference found at search path location "{RawFileName}".
             This reference is not "CopyLocal" because at least one source item had "Private" set to "false" and no source items had "Private" set to "true".
         Primary reference "Microsoft.AspNetCore.Html.Abstractions, Version=8.0.0.0, Culture=neutral, PublicKeyToken=adb9793829ddae60".
             Resolved file path is "C:\Program Files\dotnet\packs\Microsoft.AspNetCore.App.Ref\8.0.22\ref\net8.0\Microsoft.AspNetCore.Html.Abstractions.dll".
             Reference found at search path location "{RawFileName}".
             This reference is not "CopyLocal" because at least one source item had "Private" set to "false" and no source items had "Private" set to "true".
         Primary reference "Microsoft.AspNetCore.Http.Abstractions, Version=8.0.0.0, Culture=neutral, PublicKeyToken=adb9793829ddae60".
             Resolved file path is "C:\Program Files\dotnet\packs\Microsoft.AspNetCore.App.Ref\8.0.22\ref\net8.0\Microsoft.AspNetCore.Http.Abstractions.dll".
             Reference found at search path location "{RawFileName}".
             This reference is not "CopyLocal" because at least one source item had "Private" set to "false" and no source items had "Private" set to "true".
         Primary reference "Microsoft.AspNetCore.Http.Connections.Common, Version=8.0.0.0, Culture=neutral, PublicKeyToken=adb9793829ddae60".
             Resolved file path is "C:\Program Files\dotnet\packs\Microsoft.AspNetCore.App.Ref\8.0.22\ref\net8.0\Microsoft.AspNetCore.Http.Connections.Common.dll".
             Reference found at search path location "{RawFileName}".
             This reference is not "CopyLocal" because at least one source item had "Private" set to "false" and no source items had "Private" set to "true".
         Primary reference "Microsoft.AspNetCore.Http.Connections, Version=8.0.0.0, Culture=neutral, PublicKeyToken=adb9793829ddae60".
             Resolved file path is "C:\Program Files\dotnet\packs\Microsoft.AspNetCore.App.Ref\8.0.22\ref\net8.0\Microsoft.AspNetCore.Http.Connections.dll".
             Reference found at search path location "{RawFileName}".
             This reference is not "CopyLocal" because at least one source item had "Private" set to "false" and no source items had "Private" set to "true".
         Primary reference "Microsoft.AspNetCore.Http.Extensions, Version=8.0.0.0, Culture=neutral, PublicKeyToken=adb9793829ddae60".
             Resolved file path is "C:\Program Files\dotnet\packs\Microsoft.AspNetCore.App.Ref\8.0.22\ref\net8.0\Microsoft.AspNetCore.Http.Extensions.dll".
             Reference found at search path location "{RawFileName}".
             This reference is not "CopyLocal" because at least one source item had "Private" set to "false" and no source items had "Private" set to "true".
         Primary reference "Microsoft.AspNetCore.Http.Features, Version=8.0.0.0, Culture=neutral, PublicKeyToken=adb9793829ddae60".
             Resolved file path is "C:\Program Files\dotnet\packs\Microsoft.AspNetCore.App.Ref\8.0.22\ref\net8.0\Microsoft.AspNetCore.Http.Features.dll".
             Reference found at search path location "{RawFileName}".
             This reference is not "CopyLocal" because at least one source item had "Private" set to "false" and no source items had "Private" set to "true".
         Primary reference "Microsoft.AspNetCore.Http.Results, Version=8.0.0.0, Culture=neutral, PublicKeyToken=adb9793829ddae60".
             Resolved file path is "C:\Program Files\dotnet\packs\Microsoft.AspNetCore.App.Ref\8.0.22\ref\net8.0\Microsoft.AspNetCore.Http.Results.dll".
             Reference found at search path location "{RawFileName}".
             This reference is not "CopyLocal" because at least one source item had "Private" set to "false" and no source items had "Private" set to "true".
         Primary reference "Microsoft.AspNetCore.Http, Version=8.0.0.0, Culture=neutral, PublicKeyToken=adb9793829ddae60".
             Resolved file path is "C:\Program Files\dotnet\packs\Microsoft.AspNetCore.App.Ref\8.0.22\ref\net8.0\Microsoft.AspNetCore.Http.dll".
             Reference found at search path location "{RawFileName}".
             This reference is not "CopyLocal" because at least one source item had "Private" set to "false" and no source items had "Private" set to "true".
         Primary reference "Microsoft.AspNetCore.HttpLogging, Version=8.0.0.0, Culture=neutral, PublicKeyToken=adb9793829ddae60".
             Resolved file path is "C:\Program Files\dotnet\packs\Microsoft.AspNetCore.App.Ref\8.0.22\ref\net8.0\Microsoft.AspNetCore.HttpLogging.dll".
             Reference found at search path location "{RawFileName}".
             This reference is not "CopyLocal" because at least one source item had "Private" set to "false" and no source items had "Private" set to "true".
         Primary reference "Microsoft.AspNetCore.HttpOverrides, Version=8.0.0.0, Culture=neutral, PublicKeyToken=adb9793829ddae60".
             Resolved file path is "C:\Program Files\dotnet\packs\Microsoft.AspNetCore.App.Ref\8.0.22\ref\net8.0\Microsoft.AspNetCore.HttpOverrides.dll".
             Reference found at search path location "{RawFileName}".
             This reference is not "CopyLocal" because at least one source item had "Private" set to "false" and no source items had "Private" set to "true".
         Primary reference "Microsoft.AspNetCore.HttpsPolicy, Version=8.0.0.0, Culture=neutral, PublicKeyToken=adb9793829ddae60".
             Resolved file path is "C:\Program Files\dotnet\packs\Microsoft.AspNetCore.App.Ref\8.0.22\ref\net8.0\Microsoft.AspNetCore.HttpsPolicy.dll".
             Reference found at search path location "{RawFileName}".
             This reference is not "CopyLocal" because at least one source item had "Private" set to "false" and no source items had "Private" set to "true".
         Primary reference "Microsoft.AspNetCore.Identity, Version=8.0.0.0, Culture=neutral, PublicKeyToken=adb9793829ddae60".
             Resolved file path is "C:\Program Files\dotnet\packs\Microsoft.AspNetCore.App.Ref\8.0.22\ref\net8.0\Microsoft.AspNetCore.Identity.dll".
             Reference found at search path location "{RawFileName}".
             This reference is not "CopyLocal" because at least one source item had "Private" set to "false" and no source items had "Private" set to "true".
         Primary reference "Microsoft.AspNetCore.Localization.Routing, Version=8.0.0.0, Culture=neutral, PublicKeyToken=adb9793829ddae60".
             Resolved file path is "C:\Program Files\dotnet\packs\Microsoft.AspNetCore.App.Ref\8.0.22\ref\net8.0\Microsoft.AspNetCore.Localization.Routing.dll".
             Reference found at search path location "{RawFileName}".
             This reference is not "CopyLocal" because at least one source item had "Private" set to "false" and no source items had "Private" set to "true".
         Primary reference "Microsoft.AspNetCore.Localization, Version=8.0.0.0, Culture=neutral, PublicKeyToken=adb9793829ddae60".
             Resolved file path is "C:\Program Files\dotnet\packs\Microsoft.AspNetCore.App.Ref\8.0.22\ref\net8.0\Microsoft.AspNetCore.Localization.dll".
             Reference found at search path location "{RawFileName}".
             This reference is not "CopyLocal" because at least one source item had "Private" set to "false" and no source items had "Private" set to "true".
         Primary reference "Microsoft.AspNetCore.Metadata, Version=8.0.0.0, Culture=neutral, PublicKeyToken=adb9793829ddae60".
             Resolved file path is "C:\Program Files\dotnet\packs\Microsoft.AspNetCore.App.Ref\8.0.22\ref\net8.0\Microsoft.AspNetCore.Metadata.dll".
             Reference found at search path location "{RawFileName}".
             This reference is not "CopyLocal" because at least one source item had "Private" set to "false" and no source items had "Private" set to "true".
         Primary reference "Microsoft.AspNetCore.Mvc.Abstractions, Version=8.0.0.0, Culture=neutral, PublicKeyToken=adb9793829ddae60".
             Resolved file path is "C:\Program Files\dotnet\packs\Microsoft.AspNetCore.App.Ref\8.0.22\ref\net8.0\Microsoft.AspNetCore.Mvc.Abstractions.dll".
             Reference found at search path location "{RawFileName}".
             This reference is not "CopyLocal" because at least one source item had "Private" set to "false" and no source items had "Private" set to "true".
         Primary reference "Microsoft.AspNetCore.Mvc.ApiExplorer, Version=8.0.0.0, Culture=neutral, PublicKeyToken=adb9793829ddae60".
             Resolved file path is "C:\Program Files\dotnet\packs\Microsoft.AspNetCore.App.Ref\8.0.22\ref\net8.0\Microsoft.AspNetCore.Mvc.ApiExplorer.dll".
             Reference found at search path location "{RawFileName}".
             This reference is not "CopyLocal" because at least one source item had "Private" set to "false" and no source items had "Private" set to "true".
         Primary reference "Microsoft.AspNetCore.Mvc.Core, Version=8.0.0.0, Culture=neutral, PublicKeyToken=adb9793829ddae60".
             Resolved file path is "C:\Program Files\dotnet\packs\Microsoft.AspNetCore.App.Ref\8.0.22\ref\net8.0\Microsoft.AspNetCore.Mvc.Core.dll".
             Reference found at search path location "{RawFileName}".
             This reference is not "CopyLocal" because at least one source item had "Private" set to "false" and no source items had "Private" set to "true".
         Primary reference "Microsoft.AspNetCore.Mvc.Cors, Version=8.0.0.0, Culture=neutral, PublicKeyToken=adb9793829ddae60".
             Resolved file path is "C:\Program Files\dotnet\packs\Microsoft.AspNetCore.App.Ref\8.0.22\ref\net8.0\Microsoft.AspNetCore.Mvc.Cors.dll".
             Reference found at search path location "{RawFileName}".
             This reference is not "CopyLocal" because at least one source item had "Private" set to "false" and no source items had "Private" set to "true".
         Primary reference "Microsoft.AspNetCore.Mvc.DataAnnotations, Version=8.0.0.0, Culture=neutral, PublicKeyToken=adb9793829ddae60".
             Resolved file path is "C:\Program Files\dotnet\packs\Microsoft.AspNetCore.App.Ref\8.0.22\ref\net8.0\Microsoft.AspNetCore.Mvc.DataAnnotations.dll".
             Reference found at search path location "{RawFileName}".
             This reference is not "CopyLocal" because at least one source item had "Private" set to "false" and no source items had "Private" set to "true".
         Primary reference "Microsoft.AspNetCore.Mvc.Formatters.Json, Version=8.0.0.0, Culture=neutral, PublicKeyToken=adb9793829ddae60".
             Resolved file path is "C:\Program Files\dotnet\packs\Microsoft.AspNetCore.App.Ref\8.0.22\ref\net8.0\Microsoft.AspNetCore.Mvc.Formatters.Json.dll".
             Reference found at search path location "{RawFileName}".
             This reference is not "CopyLocal" because at least one source item had "Private" set to "false" and no source items had "Private" set to "true".
         Primary reference "Microsoft.AspNetCore.Mvc.Formatters.Xml, Version=8.0.0.0, Culture=neutral, PublicKeyToken=adb9793829ddae60".
             Resolved file path is "C:\Program Files\dotnet\packs\Microsoft.AspNetCore.App.Ref\8.0.22\ref\net8.0\Microsoft.AspNetCore.Mvc.Formatters.Xml.dll".
             Reference found at search path location "{RawFileName}".
             This reference is not "CopyLocal" because at least one source item had "Private" set to "false" and no source items had "Private" set to "true".
         Primary reference "Microsoft.AspNetCore.Mvc.Localization, Version=8.0.0.0, Culture=neutral, PublicKeyToken=adb9793829ddae60".
             Resolved file path is "C:\Program Files\dotnet\packs\Microsoft.AspNetCore.App.Ref\8.0.22\ref\net8.0\Microsoft.AspNetCore.Mvc.Localization.dll".
             Reference found at search path location "{RawFileName}".
             This reference is not "CopyLocal" because at least one source item had "Private" set to "false" and no source items had "Private" set to "true".
         Primary reference "Microsoft.AspNetCore.Mvc.Razor, Version=8.0.0.0, Culture=neutral, PublicKeyToken=adb9793829ddae60".
             Resolved file path is "C:\Program Files\dotnet\packs\Microsoft.AspNetCore.App.Ref\8.0.22\ref\net8.0\Microsoft.AspNetCore.Mvc.Razor.dll".
             Reference found at search path location "{RawFileName}".
             This reference is not "CopyLocal" because at least one source item had "Private" set to "false" and no source items had "Private" set to "true".
         Primary reference "Microsoft.AspNetCore.Mvc.RazorPages, Version=8.0.0.0, Culture=neutral, PublicKeyToken=adb9793829ddae60".
             Resolved file path is "C:\Program Files\dotnet\packs\Microsoft.AspNetCore.App.Ref\8.0.22\ref\net8.0\Microsoft.AspNetCore.Mvc.RazorPages.dll".
             Reference found at search path location "{RawFileName}".
             This reference is not "CopyLocal" because at least one source item had "Private" set to "false" and no source items had "Private" set to "true".
         Primary reference "Microsoft.AspNetCore.Mvc.TagHelpers, Version=8.0.0.0, Culture=neutral, PublicKeyToken=adb9793829ddae60".
             Resolved file path is "C:\Program Files\dotnet\packs\Microsoft.AspNetCore.App.Ref\8.0.22\ref\net8.0\Microsoft.AspNetCore.Mvc.TagHelpers.dll".
             Reference found at search path location "{RawFileName}".
             This reference is not "CopyLocal" because at least one source item had "Private" set to "false" and no source items had "Private" set to "true".
         Primary reference "Microsoft.AspNetCore.Mvc.ViewFeatures, Version=8.0.0.0, Culture=neutral, PublicKeyToken=adb9793829ddae60".
             Resolved file path is "C:\Program Files\dotnet\packs\Microsoft.AspNetCore.App.Ref\8.0.22\ref\net8.0\Microsoft.AspNetCore.Mvc.ViewFeatures.dll".
             Reference found at search path location "{RawFileName}".
             This reference is not "CopyLocal" because at least one source item had "Private" set to "false" and no source items had "Private" set to "true".
         Primary reference "Microsoft.AspNetCore.Mvc, Version=8.0.0.0, Culture=neutral, PublicKeyToken=adb9793829ddae60".
             Resolved file path is "C:\Program Files\dotnet\packs\Microsoft.AspNetCore.App.Ref\8.0.22\ref\net8.0\Microsoft.AspNetCore.Mvc.dll".
             Reference found at search path location "{RawFileName}".
             This reference is not "CopyLocal" because at least one source item had "Private" set to "false" and no source items had "Private" set to "true".
         Primary reference "Microsoft.AspNetCore.OutputCaching, Version=8.0.0.0, Culture=neutral, PublicKeyToken=adb9793829ddae60".
             Resolved file path is "C:\Program Files\dotnet\packs\Microsoft.AspNetCore.App.Ref\8.0.22\ref\net8.0\Microsoft.AspNetCore.OutputCaching.dll".
             Reference found at search path location "{RawFileName}".
             This reference is not "CopyLocal" because at least one source item had "Private" set to "false" and no source items had "Private" set to "true".
         Primary reference "Microsoft.AspNetCore.RateLimiting, Version=8.0.0.0, Culture=neutral, PublicKeyToken=adb9793829ddae60".
             Resolved file path is "C:\Program Files\dotnet\packs\Microsoft.AspNetCore.App.Ref\8.0.22\ref\net8.0\Microsoft.AspNetCore.RateLimiting.dll".
             Reference found at search path location "{RawFileName}".
             This reference is not "CopyLocal" because at least one source item had "Private" set to "false" and no source items had "Private" set to "true".
         Primary reference "Microsoft.AspNetCore.Razor.Runtime, Version=8.0.0.0, Culture=neutral, PublicKeyToken=adb9793829ddae60".
             Resolved file path is "C:\Program Files\dotnet\packs\Microsoft.AspNetCore.App.Ref\8.0.22\ref\net8.0\Microsoft.AspNetCore.Razor.Runtime.dll".
             Reference found at search path location "{RawFileName}".
             This reference is not "CopyLocal" because at least one source item had "Private" set to "false" and no source items had "Private" set to "true".
         Primary reference "Microsoft.AspNetCore.Razor, Version=8.0.0.0, Culture=neutral, PublicKeyToken=adb9793829ddae60".
             Resolved file path is "C:\Program Files\dotnet\packs\Microsoft.AspNetCore.App.Ref\8.0.22\ref\net8.0\Microsoft.AspNetCore.Razor.dll".
             Reference found at search path location "{RawFileName}".
             This reference is not "CopyLocal" because at least one source item had "Private" set to "false" and no source items had "Private" set to "true".
         Primary reference "Microsoft.AspNetCore.RequestDecompression, Version=8.0.0.0, Culture=neutral, PublicKeyToken=adb9793829ddae60".
             Resolved file path is "C:\Program Files\dotnet\packs\Microsoft.AspNetCore.App.Ref\8.0.22\ref\net8.0\Microsoft.AspNetCore.RequestDecompression.dll".
             Reference found at search path location "{RawFileName}".
             This reference is not "CopyLocal" because at least one source item had "Private" set to "false" and no source items had "Private" set to "true".
         Primary reference "Microsoft.AspNetCore.ResponseCaching.Abstractions, Version=8.0.0.0, Culture=neutral, PublicKeyToken=adb9793829ddae60".
             Resolved file path is "C:\Program Files\dotnet\packs\Microsoft.AspNetCore.App.Ref\8.0.22\ref\net8.0\Microsoft.AspNetCore.ResponseCaching.Abstractions.dll".
             Reference found at search path location "{RawFileName}".
             This reference is not "CopyLocal" because at least one source item had "Private" set to "false" and no source items had "Private" set to "true".
         Primary reference "Microsoft.AspNetCore.ResponseCaching, Version=8.0.0.0, Culture=neutral, PublicKeyToken=adb9793829ddae60".
             Resolved file path is "C:\Program Files\dotnet\packs\Microsoft.AspNetCore.App.Ref\8.0.22\ref\net8.0\Microsoft.AspNetCore.ResponseCaching.dll".
             Reference found at search path location "{RawFileName}".
             This reference is not "CopyLocal" because at least one source item had "Private" set to "false" and no source items had "Private" set to "true".
         Primary reference "Microsoft.AspNetCore.ResponseCompression, Version=8.0.0.0, Culture=neutral, PublicKeyToken=adb9793829ddae60".
             Resolved file path is "C:\Program Files\dotnet\packs\Microsoft.AspNetCore.App.Ref\8.0.22\ref\net8.0\Microsoft.AspNetCore.ResponseCompression.dll".
             Reference found at search path location "{RawFileName}".
             This reference is not "CopyLocal" because at least one source item had "Private" set to "false" and no source items had "Private" set to "true".
         Primary reference "Microsoft.AspNetCore.Rewrite, Version=8.0.0.0, Culture=neutral, PublicKeyToken=adb9793829ddae60".
             Resolved file path is "C:\Program Files\dotnet\packs\Microsoft.AspNetCore.App.Ref\8.0.22\ref\net8.0\Microsoft.AspNetCore.Rewrite.dll".
             Reference found at search path location "{RawFileName}".
             This reference is not "CopyLocal" because at least one source item had "Private" set to "false" and no source items had "Private" set to "true".
         Primary reference "Microsoft.AspNetCore.Routing.Abstractions, Version=8.0.0.0, Culture=neutral, PublicKeyToken=adb9793829ddae60".
             Resolved file path is "C:\Program Files\dotnet\packs\Microsoft.AspNetCore.App.Ref\8.0.22\ref\net8.0\Microsoft.AspNetCore.Routing.Abstractions.dll".
             Reference found at search path location "{RawFileName}".
             This reference is not "CopyLocal" because at least one source item had "Private" set to "false" and no source items had "Private" set to "true".
         Primary reference "Microsoft.AspNetCore.Routing, Version=8.0.0.0, Culture=neutral, PublicKeyToken=adb9793829ddae60".
             Resolved file path is "C:\Program Files\dotnet\packs\Microsoft.AspNetCore.App.Ref\8.0.22\ref\net8.0\Microsoft.AspNetCore.Routing.dll".
             Reference found at search path location "{RawFileName}".
             This reference is not "CopyLocal" because at least one source item had "Private" set to "false" and no source items had "Private" set to "true".
         Primary reference "Microsoft.AspNetCore.Server.HttpSys, Version=8.0.0.0, Culture=neutral, PublicKeyToken=adb9793829ddae60".
             Resolved file path is "C:\Program Files\dotnet\packs\Microsoft.AspNetCore.App.Ref\8.0.22\ref\net8.0\Microsoft.AspNetCore.Server.HttpSys.dll".
             Reference found at search path location "{RawFileName}".
             This reference is not "CopyLocal" because at least one source item had "Private" set to "false" and no source items had "Private" set to "true".
         Primary reference "Microsoft.AspNetCore.Server.IIS, Version=8.0.0.0, Culture=neutral, PublicKeyToken=adb9793829ddae60".
             Resolved file path is "C:\Program Files\dotnet\packs\Microsoft.AspNetCore.App.Ref\8.0.22\ref\net8.0\Microsoft.AspNetCore.Server.IIS.dll".
             Reference found at search path location "{RawFileName}".
             This reference is not "CopyLocal" because at least one source item had "Private" set to "false" and no source items had "Private" set to "true".
         Primary reference "Microsoft.AspNetCore.Server.IISIntegration, Version=8.0.0.0, Culture=neutral, PublicKeyToken=adb9793829ddae60".
             Resolved file path is "C:\Program Files\dotnet\packs\Microsoft.AspNetCore.App.Ref\8.0.22\ref\net8.0\Microsoft.AspNetCore.Server.IISIntegration.dll".
             Reference found at search path location "{RawFileName}".
             This reference is not "CopyLocal" because at least one source item had "Private" set to "false" and no source items had "Private" set to "true".
         Primary reference "Microsoft.AspNetCore.Server.Kestrel.Core, Version=8.0.0.0, Culture=neutral, PublicKeyToken=adb9793829ddae60".
             Resolved file path is "C:\Program Files\dotnet\packs\Microsoft.AspNetCore.App.Ref\8.0.22\ref\net8.0\Microsoft.AspNetCore.Server.Kestrel.Core.dll".
             Reference found at search path location "{RawFileName}".
             This reference is not "CopyLocal" because at least one source item had "Private" set to "false" and no source items had "Private" set to "true".
         Primary reference "Microsoft.AspNetCore.Server.Kestrel.Transport.NamedPipes, Version=8.0.0.0, Culture=neutral, PublicKeyToken=adb9793829ddae60".
             Resolved file path is "C:\Program Files\dotnet\packs\Microsoft.AspNetCore.App.Ref\8.0.22\ref\net8.0\Microsoft.AspNetCore.Server.Kestrel.Transport.NamedPipes.dll".
             Reference found at search path location "{RawFileName}".
             This reference is not "CopyLocal" because at least one source item had "Private" set to "false" and no source items had "Private" set to "true".
         Primary reference "Microsoft.AspNetCore.Server.Kestrel.Transport.Quic, Version=8.0.0.0, Culture=neutral, PublicKeyToken=adb9793829ddae60".
             Resolved file path is "C:\Program Files\dotnet\packs\Microsoft.AspNetCore.App.Ref\8.0.22\ref\net8.0\Microsoft.AspNetCore.Server.Kestrel.Transport.Quic.dll".
             Reference found at search path location "{RawFileName}".
             This reference is not "CopyLocal" because at least one source item had "Private" set to "false" and no source items had "Private" set to "true".
         Primary reference "Microsoft.AspNetCore.Server.Kestrel.Transport.Sockets, Version=8.0.0.0, Culture=neutral, PublicKeyToken=adb9793829ddae60".
             Resolved file path is "C:\Program Files\dotnet\packs\Microsoft.AspNetCore.App.Ref\8.0.22\ref\net8.0\Microsoft.AspNetCore.Server.Kestrel.Transport.Sockets.dll".
             Reference found at search path location "{RawFileName}".
             This reference is not "CopyLocal" because at least one source item had "Private" set to "false" and no source items had "Private" set to "true".
         Primary reference "Microsoft.AspNetCore.Server.Kestrel, Version=8.0.0.0, Culture=neutral, PublicKeyToken=adb9793829ddae60".
             Resolved file path is "C:\Program Files\dotnet\packs\Microsoft.AspNetCore.App.Ref\8.0.22\ref\net8.0\Microsoft.AspNetCore.Server.Kestrel.dll".
             Reference found at search path location "{RawFileName}".
             This reference is not "CopyLocal" because at least one source item had "Private" set to "false" and no source items had "Private" set to "true".
         Primary reference "Microsoft.AspNetCore.Session, Version=8.0.0.0, Culture=neutral, PublicKeyToken=adb9793829ddae60".
             Resolved file path is "C:\Program Files\dotnet\packs\Microsoft.AspNetCore.App.Ref\8.0.22\ref\net8.0\Microsoft.AspNetCore.Session.dll".
             Reference found at search path location "{RawFileName}".
             This reference is not "CopyLocal" because at least one source item had "Private" set to "false" and no source items had "Private" set to "true".
         Primary reference "Microsoft.AspNetCore.SignalR.Common, Version=8.0.0.0, Culture=neutral, PublicKeyToken=adb9793829ddae60".
             Resolved file path is "C:\Program Files\dotnet\packs\Microsoft.AspNetCore.App.Ref\8.0.22\ref\net8.0\Microsoft.AspNetCore.SignalR.Common.dll".
             Reference found at search path location "{RawFileName}".
             This reference is not "CopyLocal" because at least one source item had "Private" set to "false" and no source items had "Private" set to "true".
         Primary reference "Microsoft.AspNetCore.SignalR.Core, Version=8.0.0.0, Culture=neutral, PublicKeyToken=adb9793829ddae60".
             Resolved file path is "C:\Program Files\dotnet\packs\Microsoft.AspNetCore.App.Ref\8.0.22\ref\net8.0\Microsoft.AspNetCore.SignalR.Core.dll".
             Reference found at search path location "{RawFileName}".
             This reference is not "CopyLocal" because at least one source item had "Private" set to "false" and no source items had "Private" set to "true".
         Primary reference "Microsoft.AspNetCore.SignalR.Protocols.Json, Version=8.0.0.0, Culture=neutral, PublicKeyToken=adb9793829ddae60".
             Resolved file path is "C:\Program Files\dotnet\packs\Microsoft.AspNetCore.App.Ref\8.0.22\ref\net8.0\Microsoft.AspNetCore.SignalR.Protocols.Json.dll".
             Reference found at search path location "{RawFileName}".
             This reference is not "CopyLocal" because at least one source item had "Private" set to "false" and no source items had "Private" set to "true".
         Primary reference "Microsoft.AspNetCore.SignalR, Version=8.0.0.0, Culture=neutral, PublicKeyToken=adb9793829ddae60".
             Resolved file path is "C:\Program Files\dotnet\packs\Microsoft.AspNetCore.App.Ref\8.0.22\ref\net8.0\Microsoft.AspNetCore.SignalR.dll".
             Reference found at search path location "{RawFileName}".
             This reference is not "CopyLocal" because at least one source item had "Private" set to "false" and no source items had "Private" set to "true".
         Primary reference "Microsoft.AspNetCore.StaticFiles, Version=8.0.0.0, Culture=neutral, PublicKeyToken=adb9793829ddae60".
             Resolved file path is "C:\Program Files\dotnet\packs\Microsoft.AspNetCore.App.Ref\8.0.22\ref\net8.0\Microsoft.AspNetCore.StaticFiles.dll".
             Reference found at search path location "{RawFileName}".
             This reference is not "CopyLocal" because at least one source item had "Private" set to "false" and no source items had "Private" set to "true".
         Primary reference "Microsoft.AspNetCore.WebSockets, Version=8.0.0.0, Culture=neutral, PublicKeyToken=adb9793829ddae60".
             Resolved file path is "C:\Program Files\dotnet\packs\Microsoft.AspNetCore.App.Ref\8.0.22\ref\net8.0\Microsoft.AspNetCore.WebSockets.dll".
             Reference found at search path location "{RawFileName}".
             This reference is not "CopyLocal" because at least one source item had "Private" set to "false" and no source items had "Private" set to "true".
         Primary reference "Microsoft.AspNetCore.WebUtilities, Version=8.0.0.0, Culture=neutral, PublicKeyToken=adb9793829ddae60".
             Resolved file path is "C:\Program Files\dotnet\packs\Microsoft.AspNetCore.App.Ref\8.0.22\ref\net8.0\Microsoft.AspNetCore.WebUtilities.dll".
             Reference found at search path location "{RawFileName}".
             This reference is not "CopyLocal" because at least one source item had "Private" set to "false" and no source items had "Private" set to "true".
         Primary reference "Microsoft.AspNetCore, Version=8.0.0.0, Culture=neutral, PublicKeyToken=adb9793829ddae60".
             Resolved file path is "C:\Program Files\dotnet\packs\Microsoft.AspNetCore.App.Ref\8.0.22\ref\net8.0\Microsoft.AspNetCore.dll".
             Reference found at search path location "{RawFileName}".
             This reference is not "CopyLocal" because at least one source item had "Private" set to "false" and no source items had "Private" set to "true".
         Primary reference "Microsoft.Extensions.Caching.Abstractions, Version=8.0.0.0, Culture=neutral, PublicKeyToken=adb9793829ddae60".
             Resolved file path is "C:\Program Files\dotnet\packs\Microsoft.AspNetCore.App.Ref\8.0.22\ref\net8.0\Microsoft.Extensions.Caching.Abstractions.dll".
             Reference found at search path location "{RawFileName}".
             This reference is not "CopyLocal" because at least one source item had "Private" set to "false" and no source items had "Private" set to "true".
         Primary reference "Microsoft.Extensions.Caching.Memory, Version=8.0.0.0, Culture=neutral, PublicKeyToken=adb9793829ddae60".
             Resolved file path is "C:\Program Files\dotnet\packs\Microsoft.AspNetCore.App.Ref\8.0.22\ref\net8.0\Microsoft.Extensions.Caching.Memory.dll".
             Reference found at search path location "{RawFileName}".
             This reference is not "CopyLocal" because at least one source item had "Private" set to "false" and no source items had "Private" set to "true".
         Primary reference "Microsoft.Extensions.Configuration.Abstractions, Version=8.0.0.0, Culture=neutral, PublicKeyToken=adb9793829ddae60".
             Resolved file path is "C:\Program Files\dotnet\packs\Microsoft.AspNetCore.App.Ref\8.0.22\ref\net8.0\Microsoft.Extensions.Configuration.Abstractions.dll".
             Reference found at search path location "{RawFileName}".
             This reference is not "CopyLocal" because at least one source item had "Private" set to "false" and no source items had "Private" set to "true".
         Primary reference "Microsoft.Extensions.Configuration.Binder, Version=8.0.0.0, Culture=neutral, PublicKeyToken=adb9793829ddae60".
             Resolved file path is "C:\Program Files\dotnet\packs\Microsoft.AspNetCore.App.Ref\8.0.22\ref\net8.0\Microsoft.Extensions.Configuration.Binder.dll".
             Reference found at search path location "{RawFileName}".
             This reference is not "CopyLocal" because at least one source item had "Private" set to "false" and no source items had "Private" set to "true".
         Primary reference "Microsoft.Extensions.Configuration.CommandLine, Version=8.0.0.0, Culture=neutral, PublicKeyToken=adb9793829ddae60".
             Resolved file path is "C:\Program Files\dotnet\packs\Microsoft.AspNetCore.App.Ref\8.0.22\ref\net8.0\Microsoft.Extensions.Configuration.CommandLine.dll".
             Reference found at search path location "{RawFileName}".
             This reference is not "CopyLocal" because at least one source item had "Private" set to "false" and no source items had "Private" set to "true".
         Primary reference "Microsoft.Extensions.Configuration.EnvironmentVariables, Version=8.0.0.0, Culture=neutral, PublicKeyToken=adb9793829ddae60".
             Resolved file path is "C:\Program Files\dotnet\packs\Microsoft.AspNetCore.App.Ref\8.0.22\ref\net8.0\Microsoft.Extensions.Configuration.EnvironmentVariables.dll".
             Reference found at search path location "{RawFileName}".
             This reference is not "CopyLocal" because at least one source item had "Private" set to "false" and no source items had "Private" set to "true".
         Primary reference "Microsoft.Extensions.Configuration.FileExtensions, Version=8.0.0.0, Culture=neutral, PublicKeyToken=adb9793829ddae60".
             Resolved file path is "C:\Program Files\dotnet\packs\Microsoft.AspNetCore.App.Ref\8.0.22\ref\net8.0\Microsoft.Extensions.Configuration.FileExtensions.dll".
             Reference found at search path location "{RawFileName}".
             This reference is not "CopyLocal" because at least one source item had "Private" set to "false" and no source items had "Private" set to "true".
         Primary reference "Microsoft.Extensions.Configuration.Ini, Version=8.0.0.0, Culture=neutral, PublicKeyToken=adb9793829ddae60".
             Resolved file path is "C:\Program Files\dotnet\packs\Microsoft.AspNetCore.App.Ref\8.0.22\ref\net8.0\Microsoft.Extensions.Configuration.Ini.dll".
             Reference found at search path location "{RawFileName}".
             This reference is not "CopyLocal" because at least one source item had "Private" set to "false" and no source items had "Private" set to "true".
         Primary reference "Microsoft.Extensions.Configuration.Json, Version=8.0.0.0, Culture=neutral, PublicKeyToken=adb9793829ddae60".
             Resolved file path is "C:\Program Files\dotnet\packs\Microsoft.AspNetCore.App.Ref\8.0.22\ref\net8.0\Microsoft.Extensions.Configuration.Json.dll".
             Reference found at search path location "{RawFileName}".
             This reference is not "CopyLocal" because at least one source item had "Private" set to "false" and no source items had "Private" set to "true".
         Primary reference "Microsoft.Extensions.Configuration.KeyPerFile, Version=8.0.0.0, Culture=neutral, PublicKeyToken=adb9793829ddae60".
             Resolved file path is "C:\Program Files\dotnet\packs\Microsoft.AspNetCore.App.Ref\8.0.22\ref\net8.0\Microsoft.Extensions.Configuration.KeyPerFile.dll".
             Reference found at search path location "{RawFileName}".
             This reference is not "CopyLocal" because at least one source item had "Private" set to "false" and no source items had "Private" set to "true".
         Primary reference "Microsoft.Extensions.Configuration.UserSecrets, Version=8.0.0.0, Culture=neutral, PublicKeyToken=adb9793829ddae60".
             Resolved file path is "C:\Program Files\dotnet\packs\Microsoft.AspNetCore.App.Ref\8.0.22\ref\net8.0\Microsoft.Extensions.Configuration.UserSecrets.dll".
             Reference found at search path location "{RawFileName}".
             This reference is not "CopyLocal" because at least one source item had "Private" set to "false" and no source items had "Private" set to "true".
         Primary reference "Microsoft.Extensions.Configuration.Xml, Version=8.0.0.0, Culture=neutral, PublicKeyToken=adb9793829ddae60".
             Resolved file path is "C:\Program Files\dotnet\packs\Microsoft.AspNetCore.App.Ref\8.0.22\ref\net8.0\Microsoft.Extensions.Configuration.Xml.dll".
             Reference found at search path location "{RawFileName}".
             This reference is not "CopyLocal" because at least one source item had "Private" set to "false" and no source items had "Private" set to "true".
         Primary reference "Microsoft.Extensions.Configuration, Version=8.0.0.0, Culture=neutral, PublicKeyToken=adb9793829ddae60".
             Resolved file path is "C:\Program Files\dotnet\packs\Microsoft.AspNetCore.App.Ref\8.0.22\ref\net8.0\Microsoft.Extensions.Configuration.dll".
             Reference found at search path location "{RawFileName}".
             This reference is not "CopyLocal" because at least one source item had "Private" set to "false" and no source items had "Private" set to "true".
         Primary reference "Microsoft.Extensions.DependencyInjection.Abstractions, Version=8.0.0.0, Culture=neutral, PublicKeyToken=adb9793829ddae60".
             Resolved file path is "C:\Program Files\dotnet\packs\Microsoft.AspNetCore.App.Ref\8.0.22\ref\net8.0\Microsoft.Extensions.DependencyInjection.Abstractions.dll".
             Reference found at search path location "{RawFileName}".
             This reference is not "CopyLocal" because at least one source item had "Private" set to "false" and no source items had "Private" set to "true".
         Primary reference "Microsoft.Extensions.DependencyInjection, Version=8.0.0.0, Culture=neutral, PublicKeyToken=adb9793829ddae60".
             Resolved file path is "C:\Program Files\dotnet\packs\Microsoft.AspNetCore.App.Ref\8.0.22\ref\net8.0\Microsoft.Extensions.DependencyInjection.dll".
             Reference found at search path location "{RawFileName}".
             This reference is not "CopyLocal" because at least one source item had "Private" set to "false" and no source items had "Private" set to "true".
         Primary reference "Microsoft.Extensions.Diagnostics.Abstractions, Version=8.0.0.0, Culture=neutral, PublicKeyToken=adb9793829ddae60".
             Resolved file path is "C:\Program Files\dotnet\packs\Microsoft.AspNetCore.App.Ref\8.0.22\ref\net8.0\Microsoft.Extensions.Diagnostics.Abstractions.dll".
             Reference found at search path location "{RawFileName}".
             This reference is not "CopyLocal" because at least one source item had "Private" set to "false" and no source items had "Private" set to "true".
         Primary reference "Microsoft.Extensions.Diagnostics.HealthChecks.Abstractions, Version=8.0.0.0, Culture=neutral, PublicKeyToken=adb9793829ddae60".
             Resolved file path is "C:\Program Files\dotnet\packs\Microsoft.AspNetCore.App.Ref\8.0.22\ref\net8.0\Microsoft.Extensions.Diagnostics.HealthChecks.Abstractions.dll".
             Reference found at search path location "{RawFileName}".
             This reference is not "CopyLocal" because at least one source item had "Private" set to "false" and no source items had "Private" set to "true".
         Primary reference "Microsoft.Extensions.Diagnostics.HealthChecks, Version=8.0.0.0, Culture=neutral, PublicKeyToken=adb9793829ddae60".
             Resolved file path is "C:\Program Files\dotnet\packs\Microsoft.AspNetCore.App.Ref\8.0.22\ref\net8.0\Microsoft.Extensions.Diagnostics.HealthChecks.dll".
             Reference found at search path location "{RawFileName}".
             This reference is not "CopyLocal" because at least one source item had "Private" set to "false" and no source items had "Private" set to "true".
         Primary reference "Microsoft.Extensions.Diagnostics, Version=8.0.0.0, Culture=neutral, PublicKeyToken=adb9793829ddae60".
             Resolved file path is "C:\Program Files\dotnet\packs\Microsoft.AspNetCore.App.Ref\8.0.22\ref\net8.0\Microsoft.Extensions.Diagnostics.dll".
             Reference found at search path location "{RawFileName}".
             This reference is not "CopyLocal" because at least one source item had "Private" set to "false" and no source items had "Private" set to "true".
         Primary reference "Microsoft.Extensions.Features, Version=8.0.0.0, Culture=neutral, PublicKeyToken=adb9793829ddae60".
             Resolved file path is "C:\Program Files\dotnet\packs\Microsoft.AspNetCore.App.Ref\8.0.22\ref\net8.0\Microsoft.Extensions.Features.dll".
             Reference found at search path location "{RawFileName}".
             This reference is not "CopyLocal" because at least one source item had "Private" set to "false" and no source items had "Private" set to "true".
         Primary reference "Microsoft.Extensions.FileProviders.Abstractions, Version=8.0.0.0, Culture=neutral, PublicKeyToken=adb9793829ddae60".
             Resolved file path is "C:\Program Files\dotnet\packs\Microsoft.AspNetCore.App.Ref\8.0.22\ref\net8.0\Microsoft.Extensions.FileProviders.Abstractions.dll".
             Reference found at search path location "{RawFileName}".
             This reference is not "CopyLocal" because at least one source item had "Private" set to "false" and no source items had "Private" set to "true".
         Primary reference "Microsoft.Extensions.FileProviders.Composite, Version=8.0.0.0, Culture=neutral, PublicKeyToken=adb9793829ddae60".
             Resolved file path is "C:\Program Files\dotnet\packs\Microsoft.AspNetCore.App.Ref\8.0.22\ref\net8.0\Microsoft.Extensions.FileProviders.Composite.dll".
             Reference found at search path location "{RawFileName}".
             This reference is not "CopyLocal" because at least one source item had "Private" set to "false" and no source items had "Private" set to "true".
         Primary reference "Microsoft.Extensions.FileProviders.Embedded, Version=8.0.0.0, Culture=neutral, PublicKeyToken=adb9793829ddae60".
             Resolved file path is "C:\Program Files\dotnet\packs\Microsoft.AspNetCore.App.Ref\8.0.22\ref\net8.0\Microsoft.Extensions.FileProviders.Embedded.dll".
             Reference found at search path location "{RawFileName}".
             This reference is not "CopyLocal" because at least one source item had "Private" set to "false" and no source items had "Private" set to "true".
         Primary reference "Microsoft.Extensions.FileProviders.Physical, Version=8.0.0.0, Culture=neutral, PublicKeyToken=adb9793829ddae60".
             Resolved file path is "C:\Program Files\dotnet\packs\Microsoft.AspNetCore.App.Ref\8.0.22\ref\net8.0\Microsoft.Extensions.FileProviders.Physical.dll".
             Reference found at search path location "{RawFileName}".
             This reference is not "CopyLocal" because at least one source item had "Private" set to "false" and no source items had "Private" set to "true".
         Primary reference "Microsoft.Extensions.FileSystemGlobbing, Version=8.0.0.0, Culture=neutral, PublicKeyToken=adb9793829ddae60".
             Resolved file path is "C:\Program Files\dotnet\packs\Microsoft.AspNetCore.App.Ref\8.0.22\ref\net8.0\Microsoft.Extensions.FileSystemGlobbing.dll".
             Reference found at search path location "{RawFileName}".
             This reference is not "CopyLocal" because at least one source item had "Private" set to "false" and no source items had "Private" set to "true".
         Primary reference "Microsoft.Extensions.Hosting.Abstractions, Version=8.0.0.0, Culture=neutral, PublicKeyToken=adb9793829ddae60".
             Resolved file path is "C:\Program Files\dotnet\packs\Microsoft.AspNetCore.App.Ref\8.0.22\ref\net8.0\Microsoft.Extensions.Hosting.Abstractions.dll".
             Reference found at search path location "{RawFileName}".
             This reference is not "CopyLocal" because at least one source item had "Private" set to "false" and no source items had "Private" set to "true".
         Primary reference "Microsoft.Extensions.Hosting, Version=8.0.0.0, Culture=neutral, PublicKeyToken=adb9793829ddae60".
             Resolved file path is "C:\Program Files\dotnet\packs\Microsoft.AspNetCore.App.Ref\8.0.22\ref\net8.0\Microsoft.Extensions.Hosting.dll".
             Reference found at search path location "{RawFileName}".
             This reference is not "CopyLocal" because at least one source item had "Private" set to "false" and no source items had "Private" set to "true".
         Primary reference "Microsoft.Extensions.Http, Version=8.0.0.0, Culture=neutral, PublicKeyToken=adb9793829ddae60".
             Resolved file path is "C:\Program Files\dotnet\packs\Microsoft.AspNetCore.App.Ref\8.0.22\ref\net8.0\Microsoft.Extensions.Http.dll".
             Reference found at search path location "{RawFileName}".
             This reference is not "CopyLocal" because at least one source item had "Private" set to "false" and no source items had "Private" set to "true".
         Primary reference "Microsoft.Extensions.Identity.Core, Version=8.0.0.0, Culture=neutral, PublicKeyToken=adb9793829ddae60".
             Resolved file path is "C:\Program Files\dotnet\packs\Microsoft.AspNetCore.App.Ref\8.0.22\ref\net8.0\Microsoft.Extensions.Identity.Core.dll".
             Reference found at search path location "{RawFileName}".
             This reference is not "CopyLocal" because at least one source item had "Private" set to "false" and no source items had "Private" set to "true".
         Primary reference "Microsoft.Extensions.Identity.Stores, Version=8.0.0.0, Culture=neutral, PublicKeyToken=adb9793829ddae60".
             Resolved file path is "C:\Program Files\dotnet\packs\Microsoft.AspNetCore.App.Ref\8.0.22\ref\net8.0\Microsoft.Extensions.Identity.Stores.dll".
             Reference found at search path location "{RawFileName}".
             This reference is not "CopyLocal" because at least one source item had "Private" set to "false" and no source items had "Private" set to "true".
         Primary reference "Microsoft.Extensions.Localization.Abstractions, Version=8.0.0.0, Culture=neutral, PublicKeyToken=adb9793829ddae60".
             Resolved file path is "C:\Program Files\dotnet\packs\Microsoft.AspNetCore.App.Ref\8.0.22\ref\net8.0\Microsoft.Extensions.Localization.Abstractions.dll".
             Reference found at search path location "{RawFileName}".
             This reference is not "CopyLocal" because at least one source item had "Private" set to "false" and no source items had "Private" set to "true".
         Primary reference "Microsoft.Extensions.Localization, Version=8.0.0.0, Culture=neutral, PublicKeyToken=adb9793829ddae60".
             Resolved file path is "C:\Program Files\dotnet\packs\Microsoft.AspNetCore.App.Ref\8.0.22\ref\net8.0\Microsoft.Extensions.Localization.dll".
             Reference found at search path location "{RawFileName}".
             This reference is not "CopyLocal" because at least one source item had "Private" set to "false" and no source items had "Private" set to "true".
         Primary reference "Microsoft.Extensions.Logging.Abstractions, Version=8.0.0.0, Culture=neutral, PublicKeyToken=adb9793829ddae60".
             Resolved file path is "C:\Program Files\dotnet\packs\Microsoft.AspNetCore.App.Ref\8.0.22\ref\net8.0\Microsoft.Extensions.Logging.Abstractions.dll".
             Reference found at search path location "{RawFileName}".
             This reference is not "CopyLocal" because at least one source item had "Private" set to "false" and no source items had "Private" set to "true".
         Primary reference "Microsoft.Extensions.Logging.Configuration, Version=8.0.0.0, Culture=neutral, PublicKeyToken=adb9793829ddae60".
             Resolved file path is "C:\Program Files\dotnet\packs\Microsoft.AspNetCore.App.Ref\8.0.22\ref\net8.0\Microsoft.Extensions.Logging.Configuration.dll".
             Reference found at search path location "{RawFileName}".
             This reference is not "CopyLocal" because at least one source item had "Private" set to "false" and no source items had "Private" set to "true".
         Primary reference "Microsoft.Extensions.Logging.Console, Version=8.0.0.0, Culture=neutral, PublicKeyToken=adb9793829ddae60".
             Resolved file path is "C:\Program Files\dotnet\packs\Microsoft.AspNetCore.App.Ref\8.0.22\ref\net8.0\Microsoft.Extensions.Logging.Console.dll".
             Reference found at search path location "{RawFileName}".
             This reference is not "CopyLocal" because at least one source item had "Private" set to "false" and no source items had "Private" set to "true".
         Primary reference "Microsoft.Extensions.Logging.Debug, Version=8.0.0.0, Culture=neutral, PublicKeyToken=adb9793829ddae60".
             Resolved file path is "C:\Program Files\dotnet\packs\Microsoft.AspNetCore.App.Ref\8.0.22\ref\net8.0\Microsoft.Extensions.Logging.Debug.dll".
             Reference found at search path location "{RawFileName}".
             This reference is not "CopyLocal" because at least one source item had "Private" set to "false" and no source items had "Private" set to "true".
         Primary reference "Microsoft.Extensions.Logging.EventLog, Version=8.0.0.0, Culture=neutral, PublicKeyToken=adb9793829ddae60".
             Resolved file path is "C:\Program Files\dotnet\packs\Microsoft.AspNetCore.App.Ref\8.0.22\ref\net8.0\Microsoft.Extensions.Logging.EventLog.dll".
             Reference found at search path location "{RawFileName}".
             This reference is not "CopyLocal" because at least one source item had "Private" set to "false" and no source items had "Private" set to "true".
         Primary reference "Microsoft.Extensions.Logging.EventSource, Version=8.0.0.0, Culture=neutral, PublicKeyToken=adb9793829ddae60".
             Resolved file path is "C:\Program Files\dotnet\packs\Microsoft.AspNetCore.App.Ref\8.0.22\ref\net8.0\Microsoft.Extensions.Logging.EventSource.dll".
             Reference found at search path location "{RawFileName}".
             This reference is not "CopyLocal" because at least one source item had "Private" set to "false" and no source items had "Private" set to "true".
         Primary reference "Microsoft.Extensions.Logging.TraceSource, Version=8.0.0.0, Culture=neutral, PublicKeyToken=adb9793829ddae60".
             Resolved file path is "C:\Program Files\dotnet\packs\Microsoft.AspNetCore.App.Ref\8.0.22\ref\net8.0\Microsoft.Extensions.Logging.TraceSource.dll".
             Reference found at search path location "{RawFileName}".
             This reference is not "CopyLocal" because at least one source item had "Private" set to "false" and no source items had "Private" set to "true".
         Primary reference "Microsoft.Extensions.Logging, Version=8.0.0.0, Culture=neutral, PublicKeyToken=adb9793829ddae60".
             Resolved file path is "C:\Program Files\dotnet\packs\Microsoft.AspNetCore.App.Ref\8.0.22\ref\net8.0\Microsoft.Extensions.Logging.dll".
             Reference found at search path location "{RawFileName}".
             This reference is not "CopyLocal" because at least one source item had "Private" set to "false" and no source items had "Private" set to "true".
         Primary reference "Microsoft.Extensions.ObjectPool, Version=8.0.0.0, Culture=neutral, PublicKeyToken=adb9793829ddae60".
             Resolved file path is "C:\Program Files\dotnet\packs\Microsoft.AspNetCore.App.Ref\8.0.22\ref\net8.0\Microsoft.Extensions.ObjectPool.dll".
             Reference found at search path location "{RawFileName}".
             This reference is not "CopyLocal" because at least one source item had "Private" set to "false" and no source items had "Private" set to "true".
         Primary reference "Microsoft.Extensions.Options.ConfigurationExtensions, Version=8.0.0.0, Culture=neutral, PublicKeyToken=adb9793829ddae60".
             Resolved file path is "C:\Program Files\dotnet\packs\Microsoft.AspNetCore.App.Ref\8.0.22\ref\net8.0\Microsoft.Extensions.Options.ConfigurationExtensions.dll".
             Reference found at search path location "{RawFileName}".
             This reference is not "CopyLocal" because at least one source item had "Private" set to "false" and no source items had "Private" set to "true".
         Primary reference "Microsoft.Extensions.Options.DataAnnotations, Version=8.0.0.0, Culture=neutral, PublicKeyToken=adb9793829ddae60".
             Resolved file path is "C:\Program Files\dotnet\packs\Microsoft.AspNetCore.App.Ref\8.0.22\ref\net8.0\Microsoft.Extensions.Options.DataAnnotations.dll".
             Reference found at search path location "{RawFileName}".
             This reference is not "CopyLocal" because at least one source item had "Private" set to "false" and no source items had "Private" set to "true".
         Primary reference "Microsoft.Extensions.Options, Version=8.0.0.0, Culture=neutral, PublicKeyToken=adb9793829ddae60".
             Resolved file path is "C:\Program Files\dotnet\packs\Microsoft.AspNetCore.App.Ref\8.0.22\ref\net8.0\Microsoft.Extensions.Options.dll".
             Reference found at search path location "{RawFileName}".
             This reference is not "CopyLocal" because at least one source item had "Private" set to "false" and no source items had "Private" set to "true".
         Primary reference "Microsoft.Extensions.Primitives, Version=8.0.0.0, Culture=neutral, PublicKeyToken=adb9793829ddae60".
             Resolved file path is "C:\Program Files\dotnet\packs\Microsoft.AspNetCore.App.Ref\8.0.22\ref\net8.0\Microsoft.Extensions.Primitives.dll".
             Reference found at search path location "{RawFileName}".
             This reference is not "CopyLocal" because at least one source item had "Private" set to "false" and no source items had "Private" set to "true".
         Primary reference "Microsoft.Extensions.WebEncoders, Version=8.0.0.0, Culture=neutral, PublicKeyToken=adb9793829ddae60".
             Resolved file path is "C:\Program Files\dotnet\packs\Microsoft.AspNetCore.App.Ref\8.0.22\ref\net8.0\Microsoft.Extensions.WebEncoders.dll".
             Reference found at search path location "{RawFileName}".
             This reference is not "CopyLocal" because at least one source item had "Private" set to "false" and no source items had "Private" set to "true".
         Primary reference "Microsoft.JSInterop, Version=8.0.0.0, Culture=neutral, PublicKeyToken=adb9793829ddae60".
             Resolved file path is "C:\Program Files\dotnet\packs\Microsoft.AspNetCore.App.Ref\8.0.22\ref\net8.0\Microsoft.JSInterop.dll".
             Reference found at search path location "{RawFileName}".
             This reference is not "CopyLocal" because at least one source item had "Private" set to "false" and no source items had "Private" set to "true".
         Primary reference "Microsoft.Net.Http.Headers, Version=8.0.0.0, Culture=neutral, PublicKeyToken=adb9793829ddae60".
             Resolved file path is "C:\Program Files\dotnet\packs\Microsoft.AspNetCore.App.Ref\8.0.22\ref\net8.0\Microsoft.Net.Http.Headers.dll".
             Reference found at search path location "{RawFileName}".
             This reference is not "CopyLocal" because at least one source item had "Private" set to "false" and no source items had "Private" set to "true".
         Primary reference "System.Diagnostics.EventLog, Version=8.0.0.0, Culture=neutral, PublicKeyToken=cc7b13ffcd2ddd51".
             Resolved file path is "C:\Program Files\dotnet\packs\Microsoft.AspNetCore.App.Ref\8.0.22\ref\net8.0\System.Diagnostics.EventLog.dll".
             Reference found at search path location "{RawFileName}".
             This reference is not "CopyLocal" because at least one source item had "Private" set to "false" and no source items had "Private" set to "true".
         Primary reference "System.IO.Pipelines, Version=8.0.0.0, Culture=neutral, PublicKeyToken=cc7b13ffcd2ddd51".
             Resolved file path is "C:\Program Files\dotnet\packs\Microsoft.AspNetCore.App.Ref\8.0.22\ref\net8.0\System.IO.Pipelines.dll".
             Reference found at search path location "{RawFileName}".
             This reference is not "CopyLocal" because at least one source item had "Private" set to "false" and no source items had "Private" set to "true".
         Primary reference "System.Security.Cryptography.Xml, Version=8.0.0.0, Culture=neutral, PublicKeyToken=cc7b13ffcd2ddd51".
             Resolved file path is "C:\Program Files\dotnet\packs\Microsoft.AspNetCore.App.Ref\8.0.22\ref\net8.0\System.Security.Cryptography.Xml.dll".
             Reference found at search path location "{RawFileName}".
             This reference is not "CopyLocal" because at least one source item had "Private" set to "false" and no source items had "Private" set to "true".
         Primary reference "System.Threading.RateLimiting, Version=8.0.0.0, Culture=neutral, PublicKeyToken=cc7b13ffcd2ddd51".
             Resolved file path is "C:\Program Files\dotnet\packs\Microsoft.AspNetCore.App.Ref\8.0.22\ref\net8.0\System.Threading.RateLimiting.dll".
             Reference found at search path location "{RawFileName}".
             This reference is not "CopyLocal" because at least one source item had "Private" set to "false" and no source items had "Private" set to "true".
       Done executing task "ResolveAssemblyReference".
   1:7>Done building target "ResolveAssemblyReferences" in project "do_an_tot_nghiep.csproj".
   1:7>Target "AfterResolveReferences" in file "C:\Program Files\dotnet\sdk\10.0.100\Microsoft.Common.CurrentVersion.targets" from project "C:\Users\toduc\Downloads\SmartStay\do_an_tot_nghiep.csproj" (target "ResolveReferences" depends on it):
   1:7>Done building target "AfterResolveReferences" in project "do_an_tot_nghiep.csproj".
   1:7>Target "ResolveReferences" in file "C:\Program Files\dotnet\sdk\10.0.100\Microsoft.Common.CurrentVersion.targets" from project "C:\Users\toduc\Downloads\SmartStay\do_an_tot_nghiep.csproj" (target "_BlockWinMDsOnUnsupportedTFMs" depends on it):
   1:7>Done building target "ResolveReferences" in project "do_an_tot_nghiep.csproj".
   1:7>Target "_BlockWinMDsOnUnsupportedTFMs" in file "C:\Program Files\dotnet\sdk\10.0.100\Sdks\Microsoft.NET.Sdk\targets\Microsoft.NET.Sdk.targets" from project "C:\Users\toduc\Downloads\SmartStay\do_an_tot_nghiep.csproj" (target "CoreBuild" depends on it):
       Using "CheckForUnsupportedWinMDReferences" task from assembly "C:\Program Files\dotnet\sdk\10.0.100\Sdks\Microsoft.NET.Sdk\targets\..\tools\net10.0\Microsoft.NET.Build.Tasks.dll".
       Task "CheckForUnsupportedWinMDReferences"
       Done executing task "CheckForUnsupportedWinMDReferences".
   1:7>Done building target "_BlockWinMDsOnUnsupportedTFMs" in project "do_an_tot_nghiep.csproj".
       Target "ResolveReferences" skipped. Previously built successfully.
       Target "ResolvePackageDependenciesForBuild" skipped. Previously built successfully.
       Target "_HandlePackageFileConflicts" skipped. Previously built successfully.
   1:7>Target "CopyAdditionalFiles" in file "C:\Program Files\dotnet\sdk\10.0.100\Roslyn\Microsoft.Managed.Core.targets" from project "C:\Users\toduc\Downloads\SmartStay\do_an_tot_nghiep.csproj" (target "AssignTargetPaths" depends on it):
   1:7>Done building target "CopyAdditionalFiles" in project "do_an_tot_nghiep.csproj".
       Target "ResolvePackageAssets" skipped. Previously built successfully.
       Target "ResolveFrameworkReferences" skipped. Previously built successfully.
   1:7>Target "_GetAppHostPaths" in file "C:\Program Files\dotnet\sdk\10.0.100\Sdks\Microsoft.NET.Sdk\targets\Microsoft.NET.Sdk.targets" from project "C:\Users\toduc\Downloads\SmartStay\do_an_tot_nghiep.csproj" (target "_ComputeNETCoreBuildOutputFiles" depends on it):
   1:7>Done building target "_GetAppHostPaths" in project "do_an_tot_nghiep.csproj".
   1:7>Target "_GetAppHostCreationConfiguration" in file "C:\Program Files\dotnet\sdk\10.0.100\Sdks\Microsoft.NET.Sdk\targets\Microsoft.NET.Sdk.targets" from project "C:\Users\toduc\Downloads\SmartStay\do_an_tot_nghiep.csproj" (target "_ComputeNETCoreBuildOutputFiles" depends on it):
   1:7>Done building target "_GetAppHostCreationConfiguration" in project "do_an_tot_nghiep.csproj".
   1:7>Target "_ComputeNETCoreBuildOutputFiles" in file "C:\Program Files\dotnet\sdk\10.0.100\Sdks\Microsoft.NET.Sdk\targets\Microsoft.NET.Sdk.targets" from project "C:\Users\toduc\Downloads\SmartStay\do_an_tot_nghiep.csproj" (target "AssignTargetPaths" depends on it):
   1:7>Done building target "_ComputeNETCoreBuildOutputFiles" in project "do_an_tot_nghiep.csproj".
   1:7>Target "ResolveStaticWebAssetsConfiguration" in file "C:\Program Files\dotnet\sdk\10.0.100\Sdks\Microsoft.NET.Sdk.StaticWebAssets\targets\Microsoft.NET.Sdk.StaticWebAssets.targets" from project "C:\Users\toduc\Downloads\SmartStay\do_an_tot_nghiep.csproj" (target "ResolveProjectStaticWebAssets" depends on it):
   1:7>Done building target "ResolveStaticWebAssetsConfiguration" in project "do_an_tot_nghiep.csproj".
   1:7>Target "UpdateExistingPackageStaticWebAssets" in file "C:\Program Files\dotnet\sdk\10.0.100\Sdks\Microsoft.NET.Sdk.StaticWebAssets\targets\Microsoft.NET.Sdk.StaticWebAssets.targets" from project "C:\Users\toduc\Downloads\SmartStay\do_an_tot_nghiep.csproj" (target "ResolveProjectStaticWebAssets" depends on it):
       Using "UpdatePackageStaticWebAssets" task from assembly "C:\Program Files\dotnet\sdk\10.0.100\Sdks\Microsoft.NET.Sdk.StaticWebAssets\targets\..\tasks\net10.0\Microsoft.NET.Sdk.StaticWebAssets.Tasks.dll".
       Task "UpdatePackageStaticWebAssets"
       Done executing task "UpdatePackageStaticWebAssets".
       Using "DefineStaticWebAssetEndpoints" task from assembly "C:\Program Files\dotnet\sdk\10.0.100\Sdks\Microsoft.NET.Sdk.StaticWebAssets\targets\..\tasks\net10.0\Microsoft.NET.Sdk.StaticWebAssets.Tasks.dll".
       Task "DefineStaticWebAssetEndpoints"
       Done executing task "DefineStaticWebAssetEndpoints".
   1:7>Done building target "UpdateExistingPackageStaticWebAssets" in project "do_an_tot_nghiep.csproj".
   1:7>Target "ResolveProjectStaticWebAssets" in file "C:\Program Files\dotnet\sdk\10.0.100\Sdks\Microsoft.NET.Sdk.StaticWebAssets\targets\Microsoft.NET.Sdk.StaticWebAssets.targets" from project "C:\Users\toduc\Downloads\SmartStay\do_an_tot_nghiep.csproj" (target "AssignTargetPaths" depends on it):
       Using "DefineStaticWebAssets" task from assembly "C:\Program Files\dotnet\sdk\10.0.100\Sdks\Microsoft.NET.Sdk.StaticWebAssets\targets\..\tasks\net10.0\Microsoft.NET.Sdk.StaticWebAssets.Tasks.dll".
       Task "DefineStaticWebAssets"
         Assembly loaded during TaskRun (Microsoft.AspNetCore.StaticWebAssets.Tasks.DefineStaticWebAssets): System.Net.Requests, Version=10.0.0.0, Culture=neutral, PublicKeyToken=b03f5f7f11d50a3a (location: C:\Program Files\dotnet\shared\Microsoft.NETCore.App\10.0.0\System.Net.Requests.dll, MVID: b0ad5a0c-0c77-47bb-adcc-b2844050a160, AssemblyLoadContext: Default)
         Assembly loaded during TaskRun (Microsoft.AspNetCore.StaticWebAssets.Tasks.DefineStaticWebAssets): System.Runtime.Intrinsics, Version=10.0.0.0, Culture=neutral, PublicKeyToken=cc7b13ffcd2ddd51 (location: C:\Program Files\dotnet\shared\Microsoft.NETCore.App\10.0.0\System.Runtime.Intrinsics.dll, MVID: 7181452f-0bed-48c3-bb2c-9983384cf53f, AssemblyLoadContext: Default)
         Cache is fully up to date.
       Done executing task "DefineStaticWebAssets".
       Task "DefineStaticWebAssetEndpoints"
         Matched images/phongtro/5aaefbd0-a470-4226-af4b-8cb261593738_Screenshot 2026-01-12 210119.png to image/png using pattern *.png
         Matched css/site.css to text/css using pattern *.css
         Matched lib/bootstrap/dist/js/bootstrap.esm.min.js.map to text/plain using pattern *.map
         Matched lib/bootstrap/dist/css/bootstrap-utilities.min.css.map to text/plain using pattern *.map
         Matched lib/bootstrap/dist/css/bootstrap.rtl.css.map to text/plain using pattern *.map
         Matched js/site.js to text/javascript using pattern *.js
         Matched css/app.css to text/css using pattern *.css
         Matched uploads/rooms/1/e752d234-45c1-40f0-abdb-208071a8ff51.png to image/png using pattern *.png
         Matched lib/bootstrap/dist/css/bootstrap-reboot.css.map to text/plain using pattern *.map
         Matched lib/jquery-validation/dist/additional-methods.min.js to text/javascript using pattern *.js
         Adding endpoint lib/bootstrap/dist/css/bootstrap-reboot.css.map for asset C:\Users\toduc\Downloads\SmartStay\wwwroot\lib\bootstrap\dist\css\bootstrap-reboot.css.map.
         Adding endpoint css/site.css for asset C:\Users\toduc\Downloads\SmartStay\wwwroot\css\site.css.
         Adding endpoint lib/bootstrap/dist/css/bootstrap.rtl.css.map for asset C:\Users\toduc\Downloads\SmartStay\wwwroot\lib\bootstrap\dist\css\bootstrap.rtl.css.map.
         Adding endpoint lib/bootstrap/dist/js/bootstrap.esm.min.js.map for asset C:\Users\toduc\Downloads\SmartStay\wwwroot\lib\bootstrap\dist\js\bootstrap.esm.min.js.map.
         Adding endpoint images/phongtro/5aaefbd0-a470-4226-af4b-8cb261593738_Screenshot 2026-01-12 210119.png for asset C:\Users\toduc\Downloads\SmartStay\wwwroot\images\phongtro\5aaefbd0-a470-4226-af4b-8cb261593738_Screenshot 2026-01-12 210119.png.
         Matched images/phongtro/5aaefbd0-a470-4226-af4b-8cb261593738_Screenshot 2026-01-12 210119.png to image/png using pattern *.png
         Matched lib/bootstrap/dist/css/bootstrap-reboot.css.map to text/plain using pattern *.map
         Matched css/site.css to text/css using pattern *.css
         Matched lib/bootstrap/dist/css/bootstrap.rtl.css.map to text/plain using pattern *.map
         Adding endpoint lib/jquery-validation/dist/additional-methods.min.js for asset C:\Users\toduc\Downloads\SmartStay\wwwroot\lib\jquery-validation\dist\additional-methods.min.js.
         Adding endpoint lib/bootstrap/dist/css/bootstrap-utilities.min.css.map for asset C:\Users\toduc\Downloads\SmartStay\wwwroot\lib\bootstrap\dist\css\bootstrap-utilities.min.css.map.
         Matched lib/jquery-validation/dist/additional-methods.min.js to text/javascript using pattern *.js
         Matched lib/bootstrap/dist/css/bootstrap-utilities.min.css.map to text/plain using pattern *.map
         Matched lib/bootstrap/dist/js/bootstrap.esm.min.js.map to text/plain using pattern *.map
         Adding endpoint css/app.css for asset C:\Users\toduc\Downloads\SmartStay\wwwroot\css\app.css.
         Matched css/app.css to text/css using pattern *.css
         Adding endpoint uploads/rooms/1/e752d234-45c1-40f0-abdb-208071a8ff51.png for asset C:\Users\toduc\Downloads\SmartStay\wwwroot\uploads\rooms\1\e752d234-45c1-40f0-abdb-208071a8ff51.png.
         Matched uploads/rooms/1/e752d234-45c1-40f0-abdb-208071a8ff51.png to image/png using pattern *.png
         Adding endpoint js/site.js for asset C:\Users\toduc\Downloads\SmartStay\wwwroot\js\site.js.
         Matched js/site.js to text/javascript using pattern *.js
         Adding endpoint css/app.1leps56vap.css for asset C:\Users\toduc\Downloads\SmartStay\wwwroot\css\app.css.
         Adding endpoint lib/bootstrap/dist/js/bootstrap.esm.min.js.wsezl0heh6.map for asset C:\Users\toduc\Downloads\SmartStay\wwwroot\lib\bootstrap\dist\js\bootstrap.esm.min.js.map.
         Matched favicon.ico to image/x-icon using pattern *.ico
         Matched lib/bootstrap/dist/js/bootstrap.js to text/javascript using pattern *.js
         Adding endpoint favicon.ico for asset C:\Users\toduc\Downloads\SmartStay\wwwroot\favicon.ico.
         Adding endpoint lib/bootstrap/dist/js/bootstrap.js for asset C:\Users\toduc\Downloads\SmartStay\wwwroot\lib\bootstrap\dist\js\bootstrap.js.
         Matched favicon.ico to image/x-icon using pattern *.ico
         Matched lib/bootstrap/dist/js/bootstrap.js to text/javascript using pattern *.js
         Adding endpoint lib/bootstrap/dist/js/bootstrap.1piudyfv7h.js for asset C:\Users\toduc\Downloads\SmartStay\wwwroot\lib\bootstrap\dist\js\bootstrap.js.
         Adding endpoint favicon.61n19gt1b8.ico for asset C:\Users\toduc\Downloads\SmartStay\wwwroot\favicon.ico.
         Matched images/khachthue/169ac11e-51c2-4ec0-83f6-fa06099c9c31.jpg to image/jpeg using pattern *.jpg
         Adding endpoint images/khachthue/169ac11e-51c2-4ec0-83f6-fa06099c9c31.jpg for asset C:\Users\toduc\Downloads\SmartStay\wwwroot\images\khachthue\169ac11e-51c2-4ec0-83f6-fa06099c9c31.jpg.
         Matched images/khachthue/169ac11e-51c2-4ec0-83f6-fa06099c9c31.jpg to image/jpeg using pattern *.jpg
         Adding endpoint lib/jquery-validation/dist/additional-methods.min.9oaff4kq20.js for asset C:\Users\toduc\Downloads\SmartStay\wwwroot\lib\jquery-validation\dist\additional-methods.min.js.
         Adding endpoint images/khachthue/169ac11e-51c2-4ec0-83f6-fa06099c9c31.pew4iga65u.jpg for asset C:\Users\toduc\Downloads\SmartStay\wwwroot\images\khachthue\169ac11e-51c2-4ec0-83f6-fa06099c9c31.jpg.
         Adding endpoint lib/bootstrap/dist/css/bootstrap-reboot.css.jeal3x0ldm.map for asset C:\Users\toduc\Downloads\SmartStay\wwwroot\lib\bootstrap\dist\css\bootstrap-reboot.css.map.
         Adding endpoint lib/bootstrap/dist/css/bootstrap-utilities.min.css.vy0bq9ydhf.map for asset C:\Users\toduc\Downloads\SmartStay\wwwroot\lib\bootstrap\dist\css\bootstrap-utilities.min.css.map.
         Matched images/khachthue/30a94b26-aaa2-4ca2-9846-863d70df0a1d.png to image/png using pattern *.png
         Matched lib/jquery-validation/dist/jquery.validate.js to text/javascript using pattern *.js
         Adding endpoint images/khachthue/30a94b26-aaa2-4ca2-9846-863d70df0a1d.png for asset C:\Users\toduc\Downloads\SmartStay\wwwroot\images\khachthue\30a94b26-aaa2-4ca2-9846-863d70df0a1d.png.
         Adding endpoint lib/jquery-validation/dist/jquery.validate.js for asset C:\Users\toduc\Downloads\SmartStay\wwwroot\lib\jquery-validation\dist\jquery.validate.js.
         Matched images/khachthue/30a94b26-aaa2-4ca2-9846-863d70df0a1d.png to image/png using pattern *.png
         Matched lib/jquery-validation/dist/jquery.validate.js to text/javascript using pattern *.js
         Adding endpoint images/khachthue/30a94b26-aaa2-4ca2-9846-863d70df0a1d.nnsvovfl0q.png for asset C:\Users\toduc\Downloads\SmartStay\wwwroot\images\khachthue\30a94b26-aaa2-4ca2-9846-863d70df0a1d.png.
         Adding endpoint lib/jquery-validation/dist/jquery.validate.6d0lkjaslc.js for asset C:\Users\toduc\Downloads\SmartStay\wwwroot\lib\jquery-validation\dist\jquery.validate.js.
         Matched lib/bootstrap/dist/css/bootstrap-reboot.min.css to text/css using pattern *.css
         Matched lib/bootstrap/dist/css/bootstrap-utilities.rtl.css to text/css using pattern *.css
         Adding endpoint lib/bootstrap/dist/css/bootstrap-reboot.min.css for asset C:\Users\toduc\Downloads\SmartStay\wwwroot\lib\bootstrap\dist\css\bootstrap-reboot.min.css.
         Adding endpoint lib/bootstrap/dist/css/bootstrap-utilities.rtl.css for asset C:\Users\toduc\Downloads\SmartStay\wwwroot\lib\bootstrap\dist\css\bootstrap-utilities.rtl.css.
         Matched lib/jquery-validation/dist/jquery.validate.min.js to text/javascript using pattern *.js
         Matched images/khachthue/470101b0-382e-4610-990d-27d313a70c2b.jpg to image/jpeg using pattern *.jpg
         Matched lib/bootstrap/dist/css/bootstrap-reboot.min.css to text/css using pattern *.css
         Matched lib/bootstrap/dist/css/bootstrap-utilities.rtl.css to text/css using pattern *.css
         Adding endpoint lib/bootstrap/dist/css/bootstrap-reboot.min.z7kmom2977.css for asset C:\Users\toduc\Downloads\SmartStay\wwwroot\lib\bootstrap\dist\css\bootstrap-reboot.min.css.
         Adding endpoint lib/jquery-validation/dist/jquery.validate.min.js for asset C:\Users\toduc\Downloads\SmartStay\wwwroot\lib\jquery-validation\dist\jquery.validate.min.js.
         Adding endpoint lib/bootstrap/dist/css/bootstrap-utilities.rtl.ophe14yye5.css for asset C:\Users\toduc\Downloads\SmartStay\wwwroot\lib\bootstrap\dist\css\bootstrap-utilities.rtl.css.
         Adding endpoint images/khachthue/470101b0-382e-4610-990d-27d313a70c2b.jpg for asset C:\Users\toduc\Downloads\SmartStay\wwwroot\images\khachthue\470101b0-382e-4610-990d-27d313a70c2b.jpg.
         Matched lib/jquery-validation/dist/jquery.validate.min.js to text/javascript using pattern *.js
         Matched images/khachthue/470101b0-382e-4610-990d-27d313a70c2b.jpg to image/jpeg using pattern *.jpg
         Adding endpoint lib/jquery-validation/dist/jquery.validate.min.l1zq2mitth.js for asset C:\Users\toduc\Downloads\SmartStay\wwwroot\lib\jquery-validation\dist\jquery.validate.min.js.
         Adding endpoint images/khachthue/470101b0-382e-4610-990d-27d313a70c2b.pew4iga65u.jpg for asset C:\Users\toduc\Downloads\SmartStay\wwwroot\images\khachthue\470101b0-382e-4610-990d-27d313a70c2b.jpg.
         Matched lib/bootstrap/dist/css/bootstrap-utilities.rtl.css.map to text/plain using pattern *.map
         Matched lib/bootstrap/dist/css/bootstrap-reboot.min.css.map to text/plain using pattern *.map
         Matched images/khachthue/52e1789c-bb93-4a31-9b32-e47b66085be5.jpg to image/jpeg using pattern *.jpg
         Matched lib/jquery-validation/LICENSE.md to text/markdown using pattern *.md
         Adding endpoint lib/bootstrap/dist/css/bootstrap-reboot.min.css.map for asset C:\Users\toduc\Downloads\SmartStay\wwwroot\lib\bootstrap\dist\css\bootstrap-reboot.min.css.map.
         Adding endpoint lib/bootstrap/dist/css/bootstrap-utilities.rtl.css.map for asset C:\Users\toduc\Downloads\SmartStay\wwwroot\lib\bootstrap\dist\css\bootstrap-utilities.rtl.css.map.
         Adding endpoint lib/jquery-validation/LICENSE.md for asset C:\Users\toduc\Downloads\SmartStay\wwwroot\lib\jquery-validation\LICENSE.md.
         Adding endpoint images/khachthue/52e1789c-bb93-4a31-9b32-e47b66085be5.jpg for asset C:\Users\toduc\Downloads\SmartStay\wwwroot\images\khachthue\52e1789c-bb93-4a31-9b32-e47b66085be5.jpg.
         Matched lib/bootstrap/dist/css/bootstrap-reboot.min.css.map to text/plain using pattern *.map
         Matched lib/bootstrap/dist/css/bootstrap-utilities.rtl.css.map to text/plain using pattern *.map
         Matched lib/jquery-validation/LICENSE.md to text/markdown using pattern *.md
         Matched images/khachthue/52e1789c-bb93-4a31-9b32-e47b66085be5.jpg to image/jpeg using pattern *.jpg
         Adding endpoint lib/bootstrap/dist/css/bootstrap-reboot.min.css.okkk44j0xs.map for asset C:\Users\toduc\Downloads\SmartStay\wwwroot\lib\bootstrap\dist\css\bootstrap-reboot.min.css.map.
         Adding endpoint lib/bootstrap/dist/css/bootstrap-utilities.rtl.css.ab1c3rmv7g.map for asset C:\Users\toduc\Downloads\SmartStay\wwwroot\lib\bootstrap\dist\css\bootstrap-utilities.rtl.css.map.
         Adding endpoint lib/jquery-validation/LICENSE.x0q3zqp4vz.md for asset C:\Users\toduc\Downloads\SmartStay\wwwroot\lib\jquery-validation\LICENSE.md.
         Adding endpoint images/khachthue/52e1789c-bb93-4a31-9b32-e47b66085be5.pew4iga65u.jpg for asset C:\Users\toduc\Downloads\SmartStay\wwwroot\images\khachthue\52e1789c-bb93-4a31-9b32-e47b66085be5.jpg.
         Adding endpoint css/site.qnzrjadd3d.css for asset C:\Users\toduc\Downloads\SmartStay\wwwroot\css\site.css.
         Matched images/khachthue/7159c391-099e-4253-9500-cb82a64568b8.png to image/png using pattern *.png
         Matched lib/jquery/dist/jquery.js to text/javascript using pattern *.js
         Adding endpoint images/khachthue/7159c391-099e-4253-9500-cb82a64568b8.png for asset C:\Users\toduc\Downloads\SmartStay\wwwroot\images\khachthue\7159c391-099e-4253-9500-cb82a64568b8.png.
         Matched lib/bootstrap/dist/css/bootstrap-reboot.rtl.css to text/css using pattern *.css
         Adding endpoint lib/jquery/dist/jquery.js for asset C:\Users\toduc\Downloads\SmartStay\wwwroot\lib\jquery\dist\jquery.js.
         Matched images/khachthue/7159c391-099e-4253-9500-cb82a64568b8.png to image/png using pattern *.png
         Adding endpoint lib/bootstrap/dist/css/bootstrap-reboot.rtl.css for asset C:\Users\toduc\Downloads\SmartStay\wwwroot\lib\bootstrap\dist\css\bootstrap-reboot.rtl.css.
         Matched lib/jquery/dist/jquery.js to text/javascript using pattern *.js
         Matched lib/bootstrap/dist/css/bootstrap-reboot.rtl.css to text/css using pattern *.css
         Adding endpoint lib/jquery/dist/jquery.7s2n0ol71w.js for asset C:\Users\toduc\Downloads\SmartStay\wwwroot\lib\jquery\dist\jquery.js.
         Adding endpoint images/khachthue/7159c391-099e-4253-9500-cb82a64568b8.v4oj9n2lie.png for asset C:\Users\toduc\Downloads\SmartStay\wwwroot\images\khachthue\7159c391-099e-4253-9500-cb82a64568b8.png.
         Adding endpoint lib/bootstrap/dist/css/bootstrap-reboot.rtl.97yrjpyf9r.css for asset C:\Users\toduc\Downloads\SmartStay\wwwroot\lib\bootstrap\dist\css\bootstrap-reboot.rtl.css.
         Matched images/khachthue/d976ee01-ad82-48ff-a272-6f65f9b2c818.jpg to image/jpeg using pattern *.jpg
         Adding endpoint images/khachthue/d976ee01-ad82-48ff-a272-6f65f9b2c818.jpg for asset C:\Users\toduc\Downloads\SmartStay\wwwroot\images\khachthue\d976ee01-ad82-48ff-a272-6f65f9b2c818.jpg.
         Matched images/khachthue/d976ee01-ad82-48ff-a272-6f65f9b2c818.jpg to image/jpeg using pattern *.jpg
         Adding endpoint images/khachthue/d976ee01-ad82-48ff-a272-6f65f9b2c818.bv5m4gjk2l.jpg for asset C:\Users\toduc\Downloads\SmartStay\wwwroot\images\khachthue\d976ee01-ad82-48ff-a272-6f65f9b2c818.jpg.
         Matched lib/jquery/dist/jquery.min.js to text/javascript using pattern *.js
         Matched images/phongtro/5f80b730-a380-4890-bfdf-aef6318a2702_banner_sinh_ton_noi_hoang_da.png to image/png using pattern *.png
         Adding endpoint lib/jquery/dist/jquery.min.js for asset C:\Users\toduc\Downloads\SmartStay\wwwroot\lib\jquery\dist\jquery.min.js.
         Adding endpoint images/phongtro/5f80b730-a380-4890-bfdf-aef6318a2702_banner_sinh_ton_noi_hoang_da.png for asset C:\Users\toduc\Downloads\SmartStay\wwwroot\images\phongtro\5f80b730-a380-4890-bfdf-aef6318a2702_banner_sinh_ton_noi_hoang_da.png.
         Matched lib/bootstrap/dist/css/bootstrap-reboot.rtl.css.map to text/plain using pattern *.map
         Matched images/phongtro/5f80b730-a380-4890-bfdf-aef6318a2702_banner_sinh_ton_noi_hoang_da.png to image/png using pattern *.png
         Adding endpoint lib/bootstrap/dist/css/bootstrap-reboot.rtl.css.map for asset C:\Users\toduc\Downloads\SmartStay\wwwroot\lib\bootstrap\dist\css\bootstrap-reboot.rtl.css.map.
         Matched lib/jquery/dist/jquery.min.js to text/javascript using pattern *.js
         Adding endpoint images/phongtro/5f80b730-a380-4890-bfdf-aef6318a2702_banner_sinh_ton_noi_hoang_da.nnsvovfl0q.png for asset C:\Users\toduc\Downloads\SmartStay\wwwroot\images\phongtro\5f80b730-a380-4890-bfdf-aef6318a2702_banner_sinh_ton_noi_hoang_da.png.
         Adding endpoint lib/jquery/dist/jquery.min.ehgnz7f14e.js for asset C:\Users\toduc\Downloads\SmartStay\wwwroot\lib\jquery\dist\jquery.min.js.
         Matched lib/bootstrap/dist/css/bootstrap-reboot.rtl.css.map to text/plain using pattern *.map
         Matched images/phongtro/5637c904-8589-43e7-b1ba-c26e5f81595c_tải xuống.jpg to image/jpeg using pattern *.jpg
         Adding endpoint lib/bootstrap/dist/css/bootstrap-reboot.rtl.css.cwzlr5n8x4.map for asset C:\Users\toduc\Downloads\SmartStay\wwwroot\lib\bootstrap\dist\css\bootstrap-reboot.rtl.css.map.
         Adding endpoint images/phongtro/5637c904-8589-43e7-b1ba-c26e5f81595c_tải xuống.jpg for asset C:\Users\toduc\Downloads\SmartStay\wwwroot\images\phongtro\5637c904-8589-43e7-b1ba-c26e5f81595c_tải xuống.jpg.
         Matched images/phongtro/5637c904-8589-43e7-b1ba-c26e5f81595c_tải xuống.jpg to image/jpeg using pattern *.jpg
         Adding endpoint images/phongtro/5637c904-8589-43e7-b1ba-c26e5f81595c_tải xuống.dk7x2fq0gg.jpg for asset C:\Users\toduc\Downloads\SmartStay\wwwroot\images\phongtro\5637c904-8589-43e7-b1ba-c26e5f81595c_tải xuống.jpg.
         Matched lib/jquery/dist/jquery.min.map to text/plain using pattern *.map
         Matched images/phongtro/6993ec13-6289-47b2-96ba-c24b06b39956_banner_sinh_ton_noi_hoang_da.png to image/png using pattern *.png
         Matched lib/bootstrap/dist/css/bootstrap-reboot.rtl.min.css to text/css using pattern *.css
         Adding endpoint lib/jquery/dist/jquery.min.map for asset C:\Users\toduc\Downloads\SmartStay\wwwroot\lib\jquery\dist\jquery.min.map.
         Adding endpoint images/phongtro/6993ec13-6289-47b2-96ba-c24b06b39956_banner_sinh_ton_noi_hoang_da.png for asset C:\Users\toduc\Downloads\SmartStay\wwwroot\images\phongtro\6993ec13-6289-47b2-96ba-c24b06b39956_banner_sinh_ton_noi_hoang_da.png.
         Adding endpoint lib/bootstrap/dist/css/bootstrap-reboot.rtl.min.css for asset C:\Users\toduc\Downloads\SmartStay\wwwroot\lib\bootstrap\dist\css\bootstrap-reboot.rtl.min.css.
         Matched lib/jquery/dist/jquery.min.map to text/plain using pattern *.map
         Matched images/phongtro/6993ec13-6289-47b2-96ba-c24b06b39956_banner_sinh_ton_noi_hoang_da.png to image/png using pattern *.png
         Matched lib/bootstrap/dist/css/bootstrap-reboot.rtl.min.css to text/css using pattern *.css
         Adding endpoint lib/jquery/dist/jquery.min.5pze98is44.map for asset C:\Users\toduc\Downloads\SmartStay\wwwroot\lib\jquery\dist\jquery.min.map.
         Adding endpoint images/phongtro/6993ec13-6289-47b2-96ba-c24b06b39956_banner_sinh_ton_noi_hoang_da.nnsvovfl0q.png for asset C:\Users\toduc\Downloads\SmartStay\wwwroot\images\phongtro\6993ec13-6289-47b2-96ba-c24b06b39956_banner_sinh_ton_noi_hoang_da.png.
         Matched images/phongtro/e59ef006-9308-408e-bd99-2c9978263404_Tottenham.jpg to image/jpeg using pattern *.jpg
         Adding endpoint lib/bootstrap/dist/css/bootstrap-reboot.rtl.min.y53cy5s2zj.css for asset C:\Users\toduc\Downloads\SmartStay\wwwroot\lib\bootstrap\dist\css\bootstrap-reboot.rtl.min.css.
         Adding endpoint images/phongtro/e59ef006-9308-408e-bd99-2c9978263404_Tottenham.jpg for asset C:\Users\toduc\Downloads\SmartStay\wwwroot\images\phongtro\e59ef006-9308-408e-bd99-2c9978263404_Tottenham.jpg.
         Matched images/phongtro/e59ef006-9308-408e-bd99-2c9978263404_Tottenham.jpg to image/jpeg using pattern *.jpg
         Adding endpoint images/phongtro/e59ef006-9308-408e-bd99-2c9978263404_Tottenham.bv5m4gjk2l.jpg for asset C:\Users\toduc\Downloads\SmartStay\wwwroot\images\phongtro\e59ef006-9308-408e-bd99-2c9978263404_Tottenham.jpg.
         Matched lib/jquery/LICENSE.txt to text/plain using pattern *.txt
         Matched images/phongtro/69a9928a-378e-4387-8584-f0ca93c81297_banner_sinh_ton_noi_hoang_da.png to image/png using pattern *.png
         Adding endpoint lib/jquery/LICENSE.txt for asset C:\Users\toduc\Downloads\SmartStay\wwwroot\lib\jquery\LICENSE.txt.
         Matched lib/bootstrap/dist/css/bootstrap-reboot.rtl.min.css.map to text/plain using pattern *.map
         Matched lib/jquery/LICENSE.txt to text/plain using pattern *.txt
         Adding endpoint lib/bootstrap/dist/css/bootstrap-reboot.rtl.min.css.map for asset C:\Users\toduc\Downloads\SmartStay\wwwroot\lib\bootstrap\dist\css\bootstrap-reboot.rtl.min.css.map.
         Adding endpoint images/phongtro/69a9928a-378e-4387-8584-f0ca93c81297_banner_sinh_ton_noi_hoang_da.png for asset C:\Users\toduc\Downloads\SmartStay\wwwroot\images\phongtro\69a9928a-378e-4387-8584-f0ca93c81297_banner_sinh_ton_noi_hoang_da.png.
         Matched lib/bootstrap/dist/css/bootstrap-grid.css to text/css using pattern *.css
         Adding endpoint lib/jquery/LICENSE.mlv21k5csn.txt for asset C:\Users\toduc\Downloads\SmartStay\wwwroot\lib\jquery\LICENSE.txt.
         Matched lib/bootstrap/dist/css/bootstrap-reboot.rtl.min.css.map to text/plain using pattern *.map
         Adding endpoint lib/bootstrap/dist/css/bootstrap-grid.css for asset C:\Users\toduc\Downloads\SmartStay\wwwroot\lib\bootstrap\dist\css\bootstrap-grid.css.
         Matched images/phongtro/69a9928a-378e-4387-8584-f0ca93c81297_banner_sinh_ton_noi_hoang_da.png to image/png using pattern *.png
         Adding endpoint lib/bootstrap/dist/css/bootstrap-reboot.rtl.min.css.wmug9u23qg.map for asset C:\Users\toduc\Downloads\SmartStay\wwwroot\lib\bootstrap\dist\css\bootstrap-reboot.rtl.min.css.map.
         Adding endpoint images/phongtro/69a9928a-378e-4387-8584-f0ca93c81297_banner_sinh_ton_noi_hoang_da.nnsvovfl0q.png for asset C:\Users\toduc\Downloads\SmartStay\wwwroot\images\phongtro\69a9928a-378e-4387-8584-f0ca93c81297_banner_sinh_ton_noi_hoang_da.png.
         Matched lib/bootstrap/dist/css/bootstrap-grid.css to text/css using pattern *.css
         Adding endpoint lib/bootstrap/dist/css/bootstrap-grid.nakmwdwsxp.css for asset C:\Users\toduc\Downloads\SmartStay\wwwroot\lib\bootstrap\dist\css\bootstrap-grid.css.
         Matched uploads/buildings/1/fe8d616a-d80d-4b94-a73d-cc97ce64113c.png to image/png using pattern *.png
         Adding endpoint uploads/buildings/1/fe8d616a-d80d-4b94-a73d-cc97ce64113c.png for asset C:\Users\toduc\Downloads\SmartStay\wwwroot\uploads\buildings\1\fe8d616a-d80d-4b94-a73d-cc97ce64113c.png.
         Matched lib/bootstrap/dist/css/bootstrap-utilities.css to text/css using pattern *.css
         Adding endpoint lib/bootstrap/dist/css/bootstrap-utilities.css for asset C:\Users\toduc\Downloads\SmartStay\wwwroot\lib\bootstrap\dist\css\bootstrap-utilities.css.
         Matched images/phongtro/7d8c4580-9fe6-40dd-a094-c830d8cb364e_Screenshot 2026-02-06 224252.png to image/png using pattern *.png
         Matched uploads/buildings/1/fe8d616a-d80d-4b94-a73d-cc97ce64113c.png to image/png using pattern *.png
         Matched lib/bootstrap/dist/css/bootstrap-grid.css.map to text/plain using pattern *.map
         Matched lib/bootstrap/dist/css/bootstrap-utilities.css to text/css using pattern *.css
         Adding endpoint images/phongtro/7d8c4580-9fe6-40dd-a094-c830d8cb364e_Screenshot 2026-02-06 224252.png for asset C:\Users\toduc\Downloads\SmartStay\wwwroot\images\phongtro\7d8c4580-9fe6-40dd-a094-c830d8cb364e_Screenshot 2026-02-06 224252.png.
         Adding endpoint uploads/buildings/1/fe8d616a-d80d-4b94-a73d-cc97ce64113c.3mn02nld1c.png for asset C:\Users\toduc\Downloads\SmartStay\wwwroot\uploads\buildings\1\fe8d616a-d80d-4b94-a73d-cc97ce64113c.png.
         Adding endpoint lib/bootstrap/dist/css/bootstrap-grid.css.map for asset C:\Users\toduc\Downloads\SmartStay\wwwroot\lib\bootstrap\dist\css\bootstrap-grid.css.map.
         Adding endpoint lib/bootstrap/dist/css/bootstrap-utilities.z9shlbduue.css for asset C:\Users\toduc\Downloads\SmartStay\wwwroot\lib\bootstrap\dist\css\bootstrap-utilities.css.
         Matched lib/bootstrap/dist/css/bootstrap-grid.css.map to text/plain using pattern *.map
         Adding endpoint lib/bootstrap/dist/css/bootstrap-grid.css.st1cbwfwo5.map for asset C:\Users\toduc\Downloads\SmartStay\wwwroot\lib\bootstrap\dist\css\bootstrap-grid.css.map.
         Matched images/phongtro/7d8c4580-9fe6-40dd-a094-c830d8cb364e_Screenshot 2026-02-06 224252.png to image/png using pattern *.png
         Adding endpoint images/phongtro/7d8c4580-9fe6-40dd-a094-c830d8cb364e_Screenshot 2026-02-06 224252.bjlfoi7bn3.png for asset C:\Users\toduc\Downloads\SmartStay\wwwroot\images\phongtro\7d8c4580-9fe6-40dd-a094-c830d8cb364e_Screenshot 2026-02-06 224252.png.
         Matched uploads/rooms/1/0a9d22b3-c982-401f-b01f-9425793078b4.png to image/png using pattern *.png
         Matched lib/bootstrap/dist/css/bootstrap-utilities.css.map to text/plain using pattern *.map
         Adding endpoint uploads/rooms/1/0a9d22b3-c982-401f-b01f-9425793078b4.png for asset C:\Users\toduc\Downloads\SmartStay\wwwroot\uploads\rooms\1\0a9d22b3-c982-401f-b01f-9425793078b4.png.
         Adding endpoint lib/bootstrap/dist/css/bootstrap-utilities.css.map for asset C:\Users\toduc\Downloads\SmartStay\wwwroot\lib\bootstrap\dist\css\bootstrap-utilities.css.map.
         Matched lib/bootstrap/dist/css/bootstrap-grid.min.css to text/css using pattern *.css
         Matched uploads/rooms/1/0a9d22b3-c982-401f-b01f-9425793078b4.png to image/png using pattern *.png
         Adding endpoint lib/bootstrap/dist/css/bootstrap-grid.min.css for asset C:\Users\toduc\Downloads\SmartStay\wwwroot\lib\bootstrap\dist\css\bootstrap-grid.min.css.
         Adding endpoint uploads/rooms/1/0a9d22b3-c982-401f-b01f-9425793078b4.3mn02nld1c.png for asset C:\Users\toduc\Downloads\SmartStay\wwwroot\uploads\rooms\1\0a9d22b3-c982-401f-b01f-9425793078b4.png.
         Matched lib/bootstrap/dist/css/bootstrap-utilities.css.map to text/plain using pattern *.map
         Matched images/phongtro/9a246d91-4772-49b4-a7e4-5aa765689bc9_tải xuống.jpg to image/jpeg using pattern *.jpg
         Adding endpoint images/phongtro/9a246d91-4772-49b4-a7e4-5aa765689bc9_tải xuống.jpg for asset C:\Users\toduc\Downloads\SmartStay\wwwroot\images\phongtro\9a246d91-4772-49b4-a7e4-5aa765689bc9_tải xuống.jpg.
         Matched lib/bootstrap/dist/css/bootstrap-grid.min.css to text/css using pattern *.css
         Adding endpoint lib/bootstrap/dist/css/bootstrap-utilities.css.j75batdsum.map for asset C:\Users\toduc\Downloads\SmartStay\wwwroot\lib\bootstrap\dist\css\bootstrap-utilities.css.map.
         Adding endpoint lib/bootstrap/dist/css/bootstrap-grid.min.5p029spbuu.css for asset C:\Users\toduc\Downloads\SmartStay\wwwroot\lib\bootstrap\dist\css\bootstrap-grid.min.css.
         Matched images/phongtro/9a246d91-4772-49b4-a7e4-5aa765689bc9_tải xuống.jpg to image/jpeg using pattern *.jpg
         Adding endpoint images/phongtro/9a246d91-4772-49b4-a7e4-5aa765689bc9_tải xuống.dk7x2fq0gg.jpg for asset C:\Users\toduc\Downloads\SmartStay\wwwroot\images\phongtro\9a246d91-4772-49b4-a7e4-5aa765689bc9_tải xuống.jpg.
         Matched uploads/rooms/1/fff77a6f-9794-4d4f-8847-79f15c93d33b.png to image/png using pattern *.png
         Adding endpoint uploads/rooms/1/fff77a6f-9794-4d4f-8847-79f15c93d33b.png for asset C:\Users\toduc\Downloads\SmartStay\wwwroot\uploads\rooms\1\fff77a6f-9794-4d4f-8847-79f15c93d33b.png.
         Matched lib/bootstrap/dist/css/bootstrap-utilities.min.css to text/css using pattern *.css
         Adding endpoint images/phongtro/5aaefbd0-a470-4226-af4b-8cb261593738_Screenshot 2026-01-12 210119.l7t3fheygz.png for asset C:\Users\toduc\Downloads\SmartStay\wwwroot\images\phongtro\5aaefbd0-a470-4226-af4b-8cb261593738_Screenshot 2026-01-12 210119.png.
         Adding endpoint lib/bootstrap/dist/css/bootstrap-utilities.min.css for asset C:\Users\toduc\Downloads\SmartStay\wwwroot\lib\bootstrap\dist\css\bootstrap-utilities.min.css.
         Adding endpoint uploads/rooms/1/e752d234-45c1-40f0-abdb-208071a8ff51.v4oj9n2lie.png for asset C:\Users\toduc\Downloads\SmartStay\wwwroot\uploads\rooms\1\e752d234-45c1-40f0-abdb-208071a8ff51.png.
         Matched lib/bootstrap/dist/css/bootstrap-utilities.min.css to text/css using pattern *.css
         Adding endpoint lib/bootstrap/dist/css/bootstrap-utilities.min.2yn17lgxub.css for asset C:\Users\toduc\Downloads\SmartStay\wwwroot\lib\bootstrap\dist\css\bootstrap-utilities.min.css.
         Matched images/phongtro/a873c948-f3e4-4c0d-bf7e-e16c5487cbf7_Screenshot 2026-02-02 201521.png to image/png using pattern *.png
         Matched lib/bootstrap/dist/css/bootstrap-reboot.css to text/css using pattern *.css
         Adding endpoint images/phongtro/a873c948-f3e4-4c0d-bf7e-e16c5487cbf7_Screenshot 2026-02-02 201521.png for asset C:\Users\toduc\Downloads\SmartStay\wwwroot\images\phongtro\a873c948-f3e4-4c0d-bf7e-e16c5487cbf7_Screenshot 2026-02-02 201521.png.
         Adding endpoint lib/bootstrap/dist/css/bootstrap-reboot.css for asset C:\Users\toduc\Downloads\SmartStay\wwwroot\lib\bootstrap\dist\css\bootstrap-reboot.css.
         Matched lib/bootstrap/dist/css/bootstrap.min.css to text/css using pattern *.css
         Adding endpoint lib/bootstrap/dist/css/bootstrap.min.css for asset C:\Users\toduc\Downloads\SmartStay\wwwroot\lib\bootstrap\dist\css\bootstrap.min.css.
         Matched lib/bootstrap/dist/css/bootstrap.min.css to text/css using pattern *.css
         Matched lib/bootstrap/dist/css/bootstrap.rtl.css to text/css using pattern *.css
         Adding endpoint lib/bootstrap/dist/css/bootstrap.min.6gzpyzhau4.css for asset C:\Users\toduc\Downloads\SmartStay\wwwroot\lib\bootstrap\dist\css\bootstrap.min.css.
         Adding endpoint lib/bootstrap/dist/css/bootstrap.rtl.css for asset C:\Users\toduc\Downloads\SmartStay\wwwroot\lib\bootstrap\dist\css\bootstrap.rtl.css.
         Matched lib/bootstrap/dist/css/bootstrap.rtl.css to text/css using pattern *.css
         Adding endpoint lib/bootstrap/dist/css/bootstrap.rtl.css.4gxs3k148c.map for asset C:\Users\toduc\Downloads\SmartStay\wwwroot\lib\bootstrap\dist\css\bootstrap.rtl.css.map.
         Matched lib/bootstrap/dist/css/bootstrap-utilities.rtl.min.css to text/css using pattern *.css
         Adding endpoint lib/bootstrap/dist/css/bootstrap-utilities.rtl.min.css for asset C:\Users\toduc\Downloads\SmartStay\wwwroot\lib\bootstrap\dist\css\bootstrap-utilities.rtl.min.css.
         Matched lib/bootstrap/dist/css/bootstrap-utilities.rtl.min.css to text/css using pattern *.css
         Adding endpoint lib/bootstrap/dist/css/bootstrap-utilities.rtl.min.ik6i2hrs65.css for asset C:\Users\toduc\Downloads\SmartStay\wwwroot\lib\bootstrap\dist\css\bootstrap-utilities.rtl.min.css.
         Matched lib/bootstrap/dist/css/bootstrap-utilities.rtl.min.css.map to text/plain using pattern *.map
         Matched lib/bootstrap/dist/css/bootstrap.rtl.min.css to text/css using pattern *.css
         Adding endpoint lib/bootstrap/dist/css/bootstrap-utilities.rtl.min.css.map for asset C:\Users\toduc\Downloads\SmartStay\wwwroot\lib\bootstrap\dist\css\bootstrap-utilities.rtl.min.css.map.
         Adding endpoint lib/bootstrap/dist/css/bootstrap.rtl.min.css for asset C:\Users\toduc\Downloads\SmartStay\wwwroot\lib\bootstrap\dist\css\bootstrap.rtl.min.css.
         Matched lib/bootstrap/dist/css/bootstrap-utilities.rtl.min.css.map to text/plain using pattern *.map
         Adding endpoint js/site.xtxxf3hu2r.js for asset C:\Users\toduc\Downloads\SmartStay\wwwroot\js\site.js.
         Matched lib/bootstrap/dist/css/bootstrap.rtl.min.css to text/css using pattern *.css
         Adding endpoint lib/bootstrap/dist/css/bootstrap-utilities.rtl.min.css.56d2bn4wt9.map for asset C:\Users\toduc\Downloads\SmartStay\wwwroot\lib\bootstrap\dist\css\bootstrap-utilities.rtl.min.css.map.
         Adding endpoint lib/bootstrap/dist/css/bootstrap.rtl.min.6l4ir0ityv.css for asset C:\Users\toduc\Downloads\SmartStay\wwwroot\lib\bootstrap\dist\css\bootstrap.rtl.min.css.
         Matched lib/bootstrap/dist/css/bootstrap.rtl.min.css.map to text/plain using pattern *.map
         Matched lib/bootstrap/dist/css/bootstrap.css to text/css using pattern *.css
         Adding endpoint lib/bootstrap/dist/css/bootstrap.rtl.min.css.map for asset C:\Users\toduc\Downloads\SmartStay\wwwroot\lib\bootstrap\dist\css\bootstrap.rtl.min.css.map.
         Adding endpoint lib/bootstrap/dist/css/bootstrap.css for asset C:\Users\toduc\Downloads\SmartStay\wwwroot\lib\bootstrap\dist\css\bootstrap.css.
         Matched lib/bootstrap/dist/css/bootstrap.rtl.min.css.map to text/plain using pattern *.map
         Matched lib/bootstrap/dist/js/bootstrap.bundle.js to text/javascript using pattern *.js
         Matched lib/bootstrap/dist/css/bootstrap.css to text/css using pattern *.css
         Adding endpoint lib/bootstrap/dist/css/bootstrap.ozu22stjof.css for asset C:\Users\toduc\Downloads\SmartStay\wwwroot\lib\bootstrap\dist\css\bootstrap.css.
         Matched lib/bootstrap/dist/css/bootstrap.css.map to text/plain using pattern *.map
         Adding endpoint lib/bootstrap/dist/css/bootstrap.css.map for asset C:\Users\toduc\Downloads\SmartStay\wwwroot\lib\bootstrap\dist\css\bootstrap.css.map.
         Matched lib/bootstrap/dist/css/bootstrap.css.map to text/plain using pattern *.map
         Adding endpoint lib/bootstrap/dist/css/bootstrap.css.73kdqttayv.map for asset C:\Users\toduc\Downloads\SmartStay\wwwroot\lib\bootstrap\dist\css\bootstrap.css.map.
         Matched lib/bootstrap/dist/js/bootstrap.bundle.min.js to text/javascript using pattern *.js
         Adding endpoint lib/bootstrap/dist/js/bootstrap.bundle.min.js for asset C:\Users\toduc\Downloads\SmartStay\wwwroot\lib\bootstrap\dist\js\bootstrap.bundle.min.js.
         Matched lib/bootstrap/dist/js/bootstrap.bundle.min.js to text/javascript using pattern *.js
         Adding endpoint lib/bootstrap/dist/js/bootstrap.bundle.min.89qbw8ngem.js for asset C:\Users\toduc\Downloads\SmartStay\wwwroot\lib\bootstrap\dist\js\bootstrap.bundle.min.js.
         Matched lib/bootstrap/dist/js/bootstrap.bundle.min.js.map to text/plain using pattern *.map
         Adding endpoint lib/bootstrap/dist/js/bootstrap.bundle.min.js.map for asset C:\Users\toduc\Downloads\SmartStay\wwwroot\lib\bootstrap\dist\js\bootstrap.bundle.min.js.map.
         Matched lib/bootstrap/dist/js/bootstrap.bundle.min.js.map to text/plain using pattern *.map
         Adding endpoint lib/bootstrap/dist/js/bootstrap.bundle.min.js.c2nslu3uf3.map for asset C:\Users\toduc\Downloads\SmartStay\wwwroot\lib\bootstrap\dist\js\bootstrap.bundle.min.js.map.
         Matched lib/bootstrap/dist/js/bootstrap.esm.js to text/javascript using pattern *.js
         Adding endpoint lib/bootstrap/dist/js/bootstrap.esm.js for asset C:\Users\toduc\Downloads\SmartStay\wwwroot\lib\bootstrap\dist\js\bootstrap.esm.js.
         Matched lib/bootstrap/dist/js/bootstrap.esm.js to text/javascript using pattern *.js
         Adding endpoint lib/bootstrap/dist/js/bootstrap.esm.n5w6o92d9r.js for asset C:\Users\toduc\Downloads\SmartStay\wwwroot\lib\bootstrap\dist\js\bootstrap.esm.js.
         Matched lib/bootstrap/dist/js/bootstrap.esm.js.map to text/plain using pattern *.map
         Adding endpoint lib/bootstrap/dist/js/bootstrap.esm.js.map for asset C:\Users\toduc\Downloads\SmartStay\wwwroot\lib\bootstrap\dist\js\bootstrap.esm.js.map.
         Matched lib/bootstrap/dist/js/bootstrap.esm.js.map to text/plain using pattern *.map
         Adding endpoint lib/bootstrap/dist/js/bootstrap.esm.js.2lgwfvgpvi.map for asset C:\Users\toduc\Downloads\SmartStay\wwwroot\lib\bootstrap\dist\js\bootstrap.esm.js.map.
         Matched lib/bootstrap/dist/js/bootstrap.esm.min.js to text/javascript using pattern *.js
         Adding endpoint lib/bootstrap/dist/js/bootstrap.esm.min.js for asset C:\Users\toduc\Downloads\SmartStay\wwwroot\lib\bootstrap\dist\js\bootstrap.esm.min.js.
         Matched lib/bootstrap/dist/js/bootstrap.esm.min.js to text/javascript using pattern *.js
         Adding endpoint lib/bootstrap/dist/js/bootstrap.esm.min.jqwzsa9uv6.js for asset C:\Users\toduc\Downloads\SmartStay\wwwroot\lib\bootstrap\dist\js\bootstrap.esm.min.js.
         Matched lib/bootstrap/dist/js/bootstrap.min.js to text/javascript using pattern *.js
         Matched uploads/rooms/1/fff77a6f-9794-4d4f-8847-79f15c93d33b.png to image/png using pattern *.png
         Adding endpoint lib/bootstrap/dist/js/bootstrap.min.js for asset C:\Users\toduc\Downloads\SmartStay\wwwroot\lib\bootstrap\dist\js\bootstrap.min.js.
         Adding endpoint uploads/rooms/1/fff77a6f-9794-4d4f-8847-79f15c93d33b.3mn02nld1c.png for asset C:\Users\toduc\Downloads\SmartStay\wwwroot\uploads\rooms\1\fff77a6f-9794-4d4f-8847-79f15c93d33b.png.
         Matched lib/bootstrap/dist/js/bootstrap.min.js to text/javascript using pattern *.js
         Adding endpoint lib/bootstrap/dist/js/bootstrap.min.4908xmbfjr.js for asset C:\Users\toduc\Downloads\SmartStay\wwwroot\lib\bootstrap\dist\js\bootstrap.min.js.
         Matched lib/bootstrap/dist/js/bootstrap.min.js.map to text/plain using pattern *.map
         Adding endpoint lib/bootstrap/dist/js/bootstrap.min.js.map for asset C:\Users\toduc\Downloads\SmartStay\wwwroot\lib\bootstrap\dist\js\bootstrap.min.js.map.
         Matched lib/bootstrap/dist/js/bootstrap.min.js.map to text/plain using pattern *.map
         Adding endpoint lib/bootstrap/dist/js/bootstrap.min.js.u33ctipx7g.map for asset C:\Users\toduc\Downloads\SmartStay\wwwroot\lib\bootstrap\dist\js\bootstrap.min.js.map.
         No match for lib/bootstrap/LICENSE. Using default content type 'application/octet-stream'
         Adding endpoint lib/bootstrap/LICENSE for asset C:\Users\toduc\Downloads\SmartStay\wwwroot\lib\bootstrap\LICENSE.
         No match for lib/bootstrap/LICENSE. Using default content type 'application/octet-stream'
         Adding endpoint lib/bootstrap/LICENSE.81b7ukuj9c for asset C:\Users\toduc\Downloads\SmartStay\wwwroot\lib\bootstrap\LICENSE.
         Matched lib/jquery-validation-unobtrusive/jquery.validate.unobtrusive.js to text/javascript using pattern *.js
         Adding endpoint lib/jquery-validation-unobtrusive/jquery.validate.unobtrusive.js for asset C:\Users\toduc\Downloads\SmartStay\wwwroot\lib\jquery-validation-unobtrusive\jquery.validate.unobtrusive.js.
         Matched lib/jquery-validation-unobtrusive/jquery.validate.unobtrusive.js to text/javascript using pattern *.js
         Adding endpoint lib/jquery-validation-unobtrusive/jquery.validate.unobtrusive.03hjc8e09r.js for asset C:\Users\toduc\Downloads\SmartStay\wwwroot\lib\jquery-validation-unobtrusive\jquery.validate.unobtrusive.js.
         Matched lib/jquery-validation-unobtrusive/jquery.validate.unobtrusive.min.js to text/javascript using pattern *.js
         Adding endpoint lib/jquery-validation-unobtrusive/jquery.validate.unobtrusive.min.js for asset C:\Users\toduc\Downloads\SmartStay\wwwroot\lib\jquery-validation-unobtrusive\jquery.validate.unobtrusive.min.js.
         Matched lib/jquery-validation-unobtrusive/jquery.validate.unobtrusive.min.js to text/javascript using pattern *.js
         Adding endpoint lib/jquery-validation-unobtrusive/jquery.validate.unobtrusive.min.48y08845bh.js for asset C:\Users\toduc\Downloads\SmartStay\wwwroot\lib\jquery-validation-unobtrusive\jquery.validate.unobtrusive.min.js.
         Matched lib/jquery-validation-unobtrusive/LICENSE.txt to text/plain using pattern *.txt
         Adding endpoint lib/jquery-validation-unobtrusive/LICENSE.txt for asset C:\Users\toduc\Downloads\SmartStay\wwwroot\lib\jquery-validation-unobtrusive\LICENSE.txt.
         Matched lib/jquery-validation-unobtrusive/LICENSE.txt to text/plain using pattern *.txt
         Adding endpoint lib/jquery-validation-unobtrusive/LICENSE.356vix0kms.txt for asset C:\Users\toduc\Downloads\SmartStay\wwwroot\lib\jquery-validation-unobtrusive\LICENSE.txt.
         Matched lib/jquery-validation/dist/additional-methods.js to text/javascript using pattern *.js
         Adding endpoint lib/jquery-validation/dist/additional-methods.js for asset C:\Users\toduc\Downloads\SmartStay\wwwroot\lib\jquery-validation\dist\additional-methods.js.
         Matched lib/jquery-validation/dist/additional-methods.js to text/javascript using pattern *.js
         Adding endpoint lib/jquery-validation/dist/additional-methods.ay5nd8zt9x.js for asset C:\Users\toduc\Downloads\SmartStay\wwwroot\lib\jquery-validation\dist\additional-methods.js.
         Matched lib/bootstrap/dist/js/bootstrap.js.map to text/plain using pattern *.map
         Adding endpoint lib/bootstrap/dist/js/bootstrap.js.map for asset C:\Users\toduc\Downloads\SmartStay\wwwroot\lib\bootstrap\dist\js\bootstrap.js.map.
         Matched lib/bootstrap/dist/js/bootstrap.js.map to text/plain using pattern *.map
         Adding endpoint lib/bootstrap/dist/js/bootstrap.js.6ukhryfubh.map for asset C:\Users\toduc\Downloads\SmartStay\wwwroot\lib\bootstrap\dist\js\bootstrap.js.map.
         Matched lib/bootstrap/dist/css/bootstrap-reboot.css to text/css using pattern *.css
         Adding endpoint lib/bootstrap/dist/css/bootstrap-reboot.mk8rdyw69w.css for asset C:\Users\toduc\Downloads\SmartStay\wwwroot\lib\bootstrap\dist\css\bootstrap-reboot.css.
         Matched images/phongtro/a873c948-f3e4-4c0d-bf7e-e16c5487cbf7_Screenshot 2026-02-02 201521.png to image/png using pattern *.png
         Adding endpoint lib/bootstrap/dist/css/bootstrap.rtl.gjcw7pocpk.css for asset C:\Users\toduc\Downloads\SmartStay\wwwroot\lib\bootstrap\dist\css\bootstrap.rtl.css.
         Adding endpoint images/phongtro/a873c948-f3e4-4c0d-bf7e-e16c5487cbf7_Screenshot 2026-02-02 201521.mddn8w9s41.png for asset C:\Users\toduc\Downloads\SmartStay\wwwroot\images\phongtro\a873c948-f3e4-4c0d-bf7e-e16c5487cbf7_Screenshot 2026-02-02 201521.png.
         Matched lib/bootstrap/dist/css/bootstrap.min.css.map to text/plain using pattern *.map
         Adding endpoint lib/bootstrap/dist/css/bootstrap.min.css.map for asset C:\Users\toduc\Downloads\SmartStay\wwwroot\lib\bootstrap\dist\css\bootstrap.min.css.map.
         Matched lib/bootstrap/dist/css/bootstrap.min.css.map to text/plain using pattern *.map
         Adding endpoint lib/bootstrap/dist/css/bootstrap.min.css.8inm30yfxf.map for asset C:\Users\toduc\Downloads\SmartStay\wwwroot\lib\bootstrap\dist\css\bootstrap.min.css.map.
         Matched images/phongtro/b45c992e-9db4-49a7-8c45-abc674ca8d17_Screenshot 2025-10-01 094135.png to image/png using pattern *.png
         Adding endpoint images/phongtro/b45c992e-9db4-49a7-8c45-abc674ca8d17_Screenshot 2025-10-01 094135.png for asset C:\Users\toduc\Downloads\SmartStay\wwwroot\images\phongtro\b45c992e-9db4-49a7-8c45-abc674ca8d17_Screenshot 2025-10-01 094135.png.
         Matched images/phongtro/b45c992e-9db4-49a7-8c45-abc674ca8d17_Screenshot 2025-10-01 094135.png to image/png using pattern *.png
         Adding endpoint images/phongtro/b45c992e-9db4-49a7-8c45-abc674ca8d17_Screenshot 2025-10-01 094135.3mn02nld1c.png for asset C:\Users\toduc\Downloads\SmartStay\wwwroot\images\phongtro\b45c992e-9db4-49a7-8c45-abc674ca8d17_Screenshot 2025-10-01 094135.png.
         Matched lib/bootstrap/dist/css/bootstrap-grid.min.css.map to text/plain using pattern *.map
         Adding endpoint lib/bootstrap/dist/css/bootstrap-grid.min.css.map for asset C:\Users\toduc\Downloads\SmartStay\wwwroot\lib\bootstrap\dist\css\bootstrap-grid.min.css.map.
         Matched images/phongtro/ca212be1-5d96-4c4e-99ed-0b8dccf5a7a5_anh chinh minh.jpg to image/jpeg using pattern *.jpg
         Matched lib/bootstrap/dist/css/bootstrap-grid.min.css.map to text/plain using pattern *.map
         Adding endpoint images/phongtro/ca212be1-5d96-4c4e-99ed-0b8dccf5a7a5_anh chinh minh.jpg for asset C:\Users\toduc\Downloads\SmartStay\wwwroot\images\phongtro\ca212be1-5d96-4c4e-99ed-0b8dccf5a7a5_anh chinh minh.jpg.
         Adding endpoint lib/bootstrap/dist/css/bootstrap-grid.min.css.5vj65cig9w.map for asset C:\Users\toduc\Downloads\SmartStay\wwwroot\lib\bootstrap\dist\css\bootstrap-grid.min.css.map.
         Matched images/phongtro/ca212be1-5d96-4c4e-99ed-0b8dccf5a7a5_anh chinh minh.jpg to image/jpeg using pattern *.jpg
         Adding endpoint images/phongtro/ca212be1-5d96-4c4e-99ed-0b8dccf5a7a5_anh chinh minh.pew4iga65u.jpg for asset C:\Users\toduc\Downloads\SmartStay\wwwroot\images\phongtro\ca212be1-5d96-4c4e-99ed-0b8dccf5a7a5_anh chinh minh.jpg.
         Adding endpoint lib/bootstrap/dist/css/bootstrap.rtl.min.css.fctod5rc9n.map for asset C:\Users\toduc\Downloads\SmartStay\wwwroot\lib\bootstrap\dist\css\bootstrap.rtl.min.css.map.
         Matched lib/bootstrap/dist/css/bootstrap-grid.rtl.css to text/css using pattern *.css
         Adding endpoint lib/bootstrap/dist/css/bootstrap-grid.rtl.css for asset C:\Users\toduc\Downloads\SmartStay\wwwroot\lib\bootstrap\dist\css\bootstrap-grid.rtl.css.
         Matched lib/bootstrap/dist/css/bootstrap-grid.rtl.css to text/css using pattern *.css
         Adding endpoint lib/bootstrap/dist/css/bootstrap-grid.rtl.e6q6xbwqzk.css for asset C:\Users\toduc\Downloads\SmartStay\wwwroot\lib\bootstrap\dist\css\bootstrap-grid.rtl.css.
         Matched lib/bootstrap/dist/css/bootstrap-grid.rtl.css.map to text/plain using pattern *.map
         Adding endpoint lib/bootstrap/dist/css/bootstrap-grid.rtl.css.map for asset C:\Users\toduc\Downloads\SmartStay\wwwroot\lib\bootstrap\dist\css\bootstrap-grid.rtl.css.map.
         Matched lib/bootstrap/dist/css/bootstrap-grid.rtl.css.map to text/plain using pattern *.map
         Adding endpoint lib/bootstrap/dist/css/bootstrap-grid.rtl.css.2q4vfeazbq.map for asset C:\Users\toduc\Downloads\SmartStay\wwwroot\lib\bootstrap\dist\css\bootstrap-grid.rtl.css.map.
         Adding endpoint lib/bootstrap/dist/js/bootstrap.bundle.js for asset C:\Users\toduc\Downloads\SmartStay\wwwroot\lib\bootstrap\dist\js\bootstrap.bundle.js.
         Matched lib/bootstrap/dist/js/bootstrap.bundle.js to text/javascript using pattern *.js
         Adding endpoint lib/bootstrap/dist/js/bootstrap.bundle.f6zq8v6eb3.js for asset C:\Users\toduc\Downloads\SmartStay\wwwroot\lib\bootstrap\dist\js\bootstrap.bundle.js.
         Matched lib/bootstrap/dist/css/bootstrap-grid.rtl.min.css to text/css using pattern *.css
         Adding endpoint lib/bootstrap/dist/css/bootstrap-grid.rtl.min.css for asset C:\Users\toduc\Downloads\SmartStay\wwwroot\lib\bootstrap\dist\css\bootstrap-grid.rtl.min.css.
         Matched lib/bootstrap/dist/css/bootstrap-grid.rtl.min.css to text/css using pattern *.css
         Adding endpoint lib/bootstrap/dist/css/bootstrap-grid.rtl.min.dy6jgresuo.css for asset C:\Users\toduc\Downloads\SmartStay\wwwroot\lib\bootstrap\dist\css\bootstrap-grid.rtl.min.css.
         Matched lib/bootstrap/dist/js/bootstrap.bundle.js.map to text/plain using pattern *.map
         Matched lib/bootstrap/dist/css/bootstrap-grid.rtl.min.css.map to text/plain using pattern *.map
         Adding endpoint lib/bootstrap/dist/js/bootstrap.bundle.js.map for asset C:\Users\toduc\Downloads\SmartStay\wwwroot\lib\bootstrap\dist\js\bootstrap.bundle.js.map.
         Adding endpoint lib/bootstrap/dist/css/bootstrap-grid.rtl.min.css.map for asset C:\Users\toduc\Downloads\SmartStay\wwwroot\lib\bootstrap\dist\css\bootstrap-grid.rtl.min.css.map.
         Matched lib/bootstrap/dist/js/bootstrap.bundle.js.map to text/plain using pattern *.map
         Adding endpoint lib/bootstrap/dist/js/bootstrap.bundle.js.kbynt5jhd9.map for asset C:\Users\toduc\Downloads\SmartStay\wwwroot\lib\bootstrap\dist\js\bootstrap.bundle.js.map.
         Matched lib/bootstrap/dist/css/bootstrap-grid.rtl.min.css.map to text/plain using pattern *.map
         Adding endpoint lib/bootstrap/dist/css/bootstrap-grid.rtl.min.css.o371a8zbv2.map for asset C:\Users\toduc\Downloads\SmartStay\wwwroot\lib\bootstrap\dist\css\bootstrap-grid.rtl.min.css.map.
         Assembly loaded during TaskRun (Microsoft.AspNetCore.StaticWebAssets.Tasks.DefineStaticWebAssetEndpoints): System.IO.Pipelines, Version=10.0.0.0, Culture=neutral, PublicKeyToken=cc7b13ffcd2ddd51 (location: C:\Program Files\dotnet\shared\Microsoft.NETCore.App\10.0.0\System.IO.Pipelines.dll, MVID: f38f133e-00e2-4815-92c5-e23abdb994f4, AssemblyLoadContext: Default)
       Done executing task "DefineStaticWebAssetEndpoints".
   1:7>Done building target "ResolveProjectStaticWebAssets" in project "do_an_tot_nghiep.csproj".
   1:7>Target "AssignTargetPaths" in file "C:\Program Files\dotnet\sdk\10.0.100\Microsoft.Common.CurrentVersion.targets" from project "C:\Users\toduc\Downloads\SmartStay\do_an_tot_nghiep.csproj" (target "PrepareResourceNames" depends on it):
       Using "AssignTargetPath" task from assembly "Microsoft.Build.Tasks.Core, Version=15.1.0.0, Culture=neutral, PublicKeyToken=b03f5f7f11d50a3a".
       Task "AssignTargetPath"
       Done executing task "AssignTargetPath".
       Task "AssignTargetPath"
       Done executing task "AssignTargetPath".
       Task "AssignTargetPath"
       Done executing task "AssignTargetPath".
       Task "AssignTargetPath"
       Done executing task "AssignTargetPath".
   1:7>Done building target "AssignTargetPaths" in project "do_an_tot_nghiep.csproj".
       Target "AssignTargetPaths" skipped. Previously built successfully.
   1:7>Target "SplitResourcesByCulture" in file "C:\Program Files\dotnet\sdk\10.0.100\Microsoft.Common.CurrentVersion.targets" from project "C:\Users\toduc\Downloads\SmartStay\do_an_tot_nghiep.csproj" (target "PrepareResourceNames" depends on it):
       Using "AssignCulture" task from assembly "Microsoft.Build.Tasks.Core, Version=15.1.0.0, Culture=neutral, PublicKeyToken=b03f5f7f11d50a3a".
       Task "AssignCulture"
       Done executing task "AssignCulture".
   1:7>Done building target "SplitResourcesByCulture" in project "do_an_tot_nghiep.csproj".
   1:7>Target "CreateCustomManifestResourceNames" in file "C:\Program Files\dotnet\sdk\10.0.100\Microsoft.Common.CurrentVersion.targets" from project "C:\Users\toduc\Downloads\SmartStay\do_an_tot_nghiep.csproj" (target "PrepareResourceNames" depends on it):
   1:7>Done building target "CreateCustomManifestResourceNames" in project "do_an_tot_nghiep.csproj".
   1:7>Target "PrepareResourceNames" in file "C:\Program Files\dotnet\sdk\10.0.100\Microsoft.Common.CurrentVersion.targets" from project "C:\Users\toduc\Downloads\SmartStay\do_an_tot_nghiep.csproj" (target "PrepareResources" depends on it):
   1:7>Done building target "PrepareResourceNames" in project "do_an_tot_nghiep.csproj".
       Target "ResolveAssemblyReferences" skipped. Previously built successfully.
       Target "SplitResourcesByCulture" skipped. Previously built successfully.
   1:7>Target "BeforeResGen" in file "C:\Program Files\dotnet\sdk\10.0.100\Microsoft.Common.CurrentVersion.targets" from project "C:\Users\toduc\Downloads\SmartStay\do_an_tot_nghiep.csproj" (target "ResGen" depends on it):
   1:7>Done building target "BeforeResGen" in project "do_an_tot_nghiep.csproj".
       Target "ResolveReferences" skipped. Previously built successfully.
   1:7>Target "FindReferenceAssembliesForReferences" in file "C:\Program Files\dotnet\sdk\10.0.100\Microsoft.Common.CurrentVersion.targets" from project "C:\Users\toduc\Downloads\SmartStay\do_an_tot_nghiep.csproj" (target "CoreResGen" depends on it):
   1:7>Done building target "FindReferenceAssembliesForReferences" in project "do_an_tot_nghiep.csproj".
   1:7>Target "CoreResGen" in file "C:\Program Files\dotnet\sdk\10.0.100\Microsoft.Common.CurrentVersion.targets" from project "C:\Users\toduc\Downloads\SmartStay\do_an_tot_nghiep.csproj" (target "ResGen" depends on it):
   1:7>Done building target "CoreResGen" in project "do_an_tot_nghiep.csproj".
   1:7>Target "AfterResGen" in file "C:\Program Files\dotnet\sdk\10.0.100\Microsoft.Common.CurrentVersion.targets" from project "C:\Users\toduc\Downloads\SmartStay\do_an_tot_nghiep.csproj" (target "ResGen" depends on it):
   1:7>Done building target "AfterResGen" in project "do_an_tot_nghiep.csproj".
   1:7>Target "ResGen" in file "C:\Program Files\dotnet\sdk\10.0.100\Microsoft.Common.CurrentVersion.targets" from project "C:\Users\toduc\Downloads\SmartStay\do_an_tot_nghiep.csproj" (target "PrepareResources" depends on it):
   1:7>Done building target "ResGen" in project "do_an_tot_nghiep.csproj".
   1:7>Target "PrepareResources" in file "C:\Program Files\dotnet\sdk\10.0.100\Microsoft.Common.CurrentVersion.targets" from project "C:\Users\toduc\Downloads\SmartStay\do_an_tot_nghiep.csproj" (target "CoreBuild" depends on it):
   1:7>Done building target "PrepareResources" in project "do_an_tot_nghiep.csproj".
       Target "ResolveReferences" skipped. Previously built successfully.
   1:7>Target "_SetEmbeddedWin32ManifestProperties" in file "C:\Program Files\dotnet\sdk\10.0.100\Microsoft.Common.CurrentVersion.targets" from project "C:\Users\toduc\Downloads\SmartStay\do_an_tot_nghiep.csproj" (target "SetWin32ManifestProperties" depends on it):
       Using "GetFrameworkPath" task from assembly "Microsoft.Build.Tasks.Core, Version=15.1.0.0, Culture=neutral, PublicKeyToken=b03f5f7f11d50a3a".
       Task "GetFrameworkPath"
       Done executing task "GetFrameworkPath".
   1:7>Done building target "_SetEmbeddedWin32ManifestProperties" in project "do_an_tot_nghiep.csproj".
   1:7>Target "SetWin32ManifestProperties" in file "C:\Program Files\dotnet\sdk\10.0.100\Microsoft.Common.CurrentVersion.targets" from project "C:\Users\toduc\Downloads\SmartStay\do_an_tot_nghiep.csproj" (target "Compile" depends on it):
   1:7>Done building target "SetWin32ManifestProperties" in project "do_an_tot_nghiep.csproj".
       Target "FindReferenceAssembliesForReferences" skipped. Previously built successfully.
   1:7>Target "_GenerateCompileInputs" in file "C:\Program Files\dotnet\sdk\10.0.100\Microsoft.Common.CurrentVersion.targets" from project "C:\Users\toduc\Downloads\SmartStay\do_an_tot_nghiep.csproj" (target "Compile" depends on it):
   1:7>Done building target "_GenerateCompileInputs" in project "do_an_tot_nghiep.csproj".
       Target "PrepareForBuild" skipped. Previously built successfully.
   1:7>Target "ResolveRazorConfiguration" in file "C:\Program Files\dotnet\sdk\10.0.100\Sdks\Microsoft.NET.Sdk.Razor\targets\Sdk.Razor.CurrentVersion.targets" from project "C:\Users\toduc\Downloads\SmartStay\do_an_tot_nghiep.csproj" (target "PrepareForRazorGenerate" depends on it):
       Using "FindInList" task from assembly "Microsoft.Build.Tasks.Core, Version=15.1.0.0, Culture=neutral, PublicKeyToken=b03f5f7f11d50a3a".
       Task "FindInList"
         Found "MVC-3.0".
       Done executing task "FindInList".
   1:7>Done building target "ResolveRazorConfiguration" in project "do_an_tot_nghiep.csproj".
       Target "ResolveRazorGenerateInputs" skipped. Previously built successfully.
   1:7>Target "ResolveScopedCssInputs" in file "C:\Program Files\dotnet\sdk\10.0.100\Sdks\Microsoft.NET.Sdk.StaticWebAssets\targets\Microsoft.NET.Sdk.StaticWebAssets.ScopedCss.targets" from project "C:\Users\toduc\Downloads\SmartStay\do_an_tot_nghiep.csproj" (target "ComputeCssScope" depends on it):
       Using "DiscoverDefaultScopedCssItems" task from assembly "C:\Program Files\dotnet\sdk\10.0.100\Sdks\Microsoft.NET.Sdk.StaticWebAssets\targets\..\tasks\net10.0\Microsoft.NET.Sdk.StaticWebAssets.Tasks.dll".
       Task "DiscoverDefaultScopedCssItems"
         Assembly loaded during TaskRun (Microsoft.AspNetCore.StaticWebAssets.Tasks.DiscoverDefaultScopedCssItems): System.Threading.Overlapped, Version=10.0.0.0, Culture=neutral, PublicKeyToken=b03f5f7f11d50a3a (location: C:\Program Files\dotnet\shared\Microsoft.NETCore.App\10.0.0\System.Threading.Overlapped.dll, MVID: a35d6e5e-4723-4445-a517-8ba2bf3ff76d, AssemblyLoadContext: Default)
       Done executing task "DiscoverDefaultScopedCssItems".
   1:7>Done building target "ResolveScopedCssInputs" in project "do_an_tot_nghiep.csproj".
   1:7>Target "ComputeCssScope" in file "C:\Program Files\dotnet\sdk\10.0.100\Sdks\Microsoft.NET.Sdk.StaticWebAssets\targets\Microsoft.NET.Sdk.StaticWebAssets.ScopedCss.targets" from project "C:\Users\toduc\Downloads\SmartStay\do_an_tot_nghiep.csproj" (target "ResolveCssScopes" depends on it):
       Using "ComputeCssScope" task from assembly "C:\Program Files\dotnet\sdk\10.0.100\Sdks\Microsoft.NET.Sdk.StaticWebAssets\targets\..\tasks\net10.0\Microsoft.NET.Sdk.StaticWebAssets.Tasks.dll".
       Task "ComputeCssScope"
       Done executing task "ComputeCssScope".
   1:7>Done building target "ComputeCssScope" in project "do_an_tot_nghiep.csproj".
       Target "ResolveRazorComponentInputs" skipped. Previously built successfully.
       Target "ResolveRazorGenerateInputs" skipped. Previously built successfully.
   1:7>Target "ResolveCssScopes" in file "C:\Program Files\dotnet\sdk\10.0.100\Sdks\Microsoft.NET.Sdk.Razor\targets\Sdk.Razor.CurrentVersion.targets" from project "C:\Users\toduc\Downloads\SmartStay\do_an_tot_nghiep.csproj" (target "AssignRazorGenerateTargetPaths" depends on it):
       Using "ApplyCssScopes" task from assembly "C:\Program Files\dotnet\sdk\10.0.100\Sdks\Microsoft.NET.Sdk.StaticWebAssets\targets\..\tasks\net10.0\Microsoft.NET.Sdk.StaticWebAssets.Tasks.dll".
       Task "ApplyCssScopes"
       Done executing task "ApplyCssScopes".
   1:7>Done building target "ResolveCssScopes" in project "do_an_tot_nghiep.csproj".
   1:7>Target "AssignRazorGenerateTargetPaths" in file "C:\Program Files\dotnet\sdk\10.0.100\Sdks\Microsoft.NET.Sdk.Razor\targets\Sdk.Razor.CurrentVersion.targets" from project "C:\Users\toduc\Downloads\SmartStay\do_an_tot_nghiep.csproj" (target "PrepareForRazorGenerate" depends on it):
       Task "AssignTargetPath"
       Done executing task "AssignTargetPath".
   1:7>Done building target "AssignRazorGenerateTargetPaths" in project "do_an_tot_nghiep.csproj".
   1:7>Target "_ResolveGeneratedRazorCompileInputs" in file "C:\Program Files\dotnet\sdk\10.0.100\Sdks\Microsoft.NET.Sdk.Razor\targets\Sdk.Razor.CurrentVersion.targets" from project "C:\Users\toduc\Downloads\SmartStay\do_an_tot_nghiep.csproj" (target "PrepareForRazorGenerate" depends on it):
   1:7>Done building target "_ResolveGeneratedRazorCompileInputs" in project "do_an_tot_nghiep.csproj".
   1:7>Target "PrepareForRazorGenerate" in file "C:\Program Files\dotnet\sdk\10.0.100\Sdks\Microsoft.NET.Sdk.Razor\targets\Sdk.Razor.CurrentVersion.targets" from project "C:\Users\toduc\Downloads\SmartStay\do_an_tot_nghiep.csproj" (target "_PrepareRazorSourceGenerators" depends on it):
   1:7>Done building target "PrepareForRazorGenerate" in project "do_an_tot_nghiep.csproj".
       Target "ResolveRazorConfiguration" skipped. Previously built successfully.
       Target "ResolveRazorComponentInputs" skipped. Previously built successfully.
   1:7>Target "PrepareForRazorComponentGenerate" in file "C:\Program Files\dotnet\sdk\10.0.100\Sdks\Microsoft.NET.Sdk.Razor\targets\Sdk.Razor.CurrentVersion.targets" from project "C:\Users\toduc\Downloads\SmartStay\do_an_tot_nghiep.csproj" (target "_PrepareRazorSourceGenerators" depends on it):
   1:7>Done building target "PrepareForRazorComponentGenerate" in project "do_an_tot_nghiep.csproj".
   1:7>Target "_PrepareRazorSourceGenerators" in file "C:\Program Files\dotnet\sdk\10.0.100\Sdks\Microsoft.NET.Sdk.Razor\targets\Microsoft.NET.Sdk.Razor.SourceGenerators.targets" from project "C:\Users\toduc\Downloads\SmartStay\do_an_tot_nghiep.csproj" (target "GenerateMSBuildEditorConfigFileShouldRun" depends on it):
       Using "EncodeRazorInputItem" task from assembly "C:\Program Files\dotnet\sdk\10.0.100\Sdks\Microsoft.NET.Sdk.Razor\targets\..\tasks\net10.0\Microsoft.NET.Sdk.Razor.Tasks.dll".
       Task "EncodeRazorInputItem"
       Done executing task "EncodeRazorInputItem".
   1:7>Done building target "_PrepareRazorSourceGenerators" in project "do_an_tot_nghiep.csproj".
   1:7>Target "GenerateMSBuildEditorConfigFileShouldRun" in file "C:\Program Files\dotnet\sdk\10.0.100\Roslyn\Microsoft.Managed.Core.targets" from project "C:\Users\toduc\Downloads\SmartStay\do_an_tot_nghiep.csproj" (target "GenerateMSBuildEditorConfigFile" depends on it):
   1:7>Done building target "GenerateMSBuildEditorConfigFileShouldRun" in project "do_an_tot_nghiep.csproj".
   1:7>Target "AddGlobalAnalyzerConfigForPackage_MicrosoftCodeAnalysisCSharpCodeStyle" in file "C:\Program Files\dotnet\sdk\10.0.100\Sdks\Microsoft.NET.Sdk\codestyle\cs\build\Microsoft.CodeAnalysis.CSharp.CodeStyle.targets" from project "C:\Users\toduc\Downloads\SmartStay\do_an_tot_nghiep.csproj" (target "GenerateMSBuildEditorConfigFileCore" depends on it):
   1:7>Done building target "AddGlobalAnalyzerConfigForPackage_MicrosoftCodeAnalysisCSharpCodeStyle" in project "do_an_tot_nghiep.csproj".
   1:7>Target "GenerateMSBuildEditorConfigFileCore" in file "C:\Program Files\dotnet\sdk\10.0.100\Roslyn\Microsoft.Managed.Core.targets" from project "C:\Users\toduc\Downloads\SmartStay\do_an_tot_nghiep.csproj" (target "GenerateMSBuildEditorConfigFile" depends on it):
       Building target "GenerateMSBuildEditorConfigFileCore" completely.
       No input files were specified.
       Using "GenerateMSBuildEditorConfig" task from assembly "C:\Program Files\dotnet\sdk\10.0.100\Sdks\Microsoft.NET.Sdk\targets\..\..\..\Roslyn\Microsoft.Build.Tasks.CodeAnalysis.dll".
       Task "GenerateMSBuildEditorConfig"
       Done executing task "GenerateMSBuildEditorConfig".
   1:7>Done building target "GenerateMSBuildEditorConfigFileCore" in project "do_an_tot_nghiep.csproj".
   1:7>Target "GenerateMSBuildEditorConfigFile" in file "C:\Program Files\dotnet\sdk\10.0.100\Roslyn\Microsoft.Managed.Core.targets" from project "C:\Users\toduc\Downloads\SmartStay\do_an_tot_nghiep.csproj" (target "BeforeCompile" depends on it):
   1:7>Done building target "GenerateMSBuildEditorConfigFile" in project "do_an_tot_nghiep.csproj".
       Target "PrepareForBuild" skipped. Previously built successfully.
       Target "GetReferenceAssemblyPaths" skipped. Previously built successfully.
   1:7>Target "_SetTargetFrameworkMonikerAttribute" in file "C:\Program Files\dotnet\sdk\10.0.100\Microsoft.CSharp.CurrentVersion.targets" from project "C:\Users\toduc\Downloads\SmartStay\do_an_tot_nghiep.csproj" (target "GenerateTargetFrameworkMonikerAttribute" depends on it):
   1:7>Done building target "_SetTargetFrameworkMonikerAttribute" in project "do_an_tot_nghiep.csproj".
   1:7>Target "GenerateTargetFrameworkMonikerAttribute" in file "C:\Program Files\dotnet\sdk\10.0.100\Microsoft.Common.CurrentVersion.targets" from project "C:\Users\toduc\Downloads\SmartStay\do_an_tot_nghiep.csproj" (target "BeforeCompile" depends on it):
       Skipping target "GenerateTargetFrameworkMonikerAttribute" because all output files are up-to-date with respect to the input files.
       Input files: C:\Program Files\dotnet\sdk\10.0.100\Microsoft.Common.targets
       Output files: obj\Debug\net8.0\.NETCoreApp,Version=v8.0.AssemblyAttributes.cs
   1:7>Done building target "GenerateTargetFrameworkMonikerAttribute" in project "do_an_tot_nghiep.csproj".
       Target "PrepareForBuild" skipped. Previously built successfully.
   1:7>Target "GetAssemblyVersion" in file "C:\Program Files\dotnet\sdk\10.0.100\Sdks\Microsoft.NET.Sdk\targets\Microsoft.NET.GenerateAssemblyInfo.targets" from project "C:\Users\toduc\Downloads\SmartStay\do_an_tot_nghiep.csproj" (target "GetAssemblyAttributes" depends on it):
       Using "GetAssemblyVersion" task from assembly "C:\Program Files\dotnet\sdk\10.0.100\Sdks\Microsoft.NET.Sdk\targets\..\tools\net10.0\Microsoft.NET.Build.Tasks.dll".
       Task "GetAssemblyVersion"
       Done executing task "GetAssemblyVersion".
   1:7>Done building target "GetAssemblyVersion" in project "do_an_tot_nghiep.csproj".
   1:7>Target "InitializeSourceControlInformationFromSourceControlManager" in file "C:\Program Files\dotnet\sdk\10.0.100\Sdks\Microsoft.Build.Tasks.Git\build\Microsoft.Build.Tasks.Git.targets" from project "C:\Users\toduc\Downloads\SmartStay\do_an_tot_nghiep.csproj" (target "_InitializeSourceControlInformationFromSourceControlManager" depends on it):
       Using "Microsoft.Build.Tasks.Git.LocateRepository" task from assembly "C:\Program Files\dotnet\sdk\10.0.100\Sdks\Microsoft.Build.Tasks.Git\build\..\tools\net\Microsoft.Build.Tasks.Git.dll".
       Task "Microsoft.Build.Tasks.Git.LocateRepository"
         SourceLink: Repository instance not found in cache: '*:C:\Users\toduc\Downloads\SmartStay\.git'
       Done executing task "Microsoft.Build.Tasks.Git.LocateRepository".
   1:7>Done building target "InitializeSourceControlInformationFromSourceControlManager" in project "do_an_tot_nghiep.csproj".
   1:7>Target "_SourceLinkHasSingleProvider" in file "C:\Program Files\dotnet\sdk\10.0.100\Sdks\Microsoft.SourceLink.Common\build\InitializeSourceControlInformation.targets" from project "C:\Users\toduc\Downloads\SmartStay\do_an_tot_nghiep.csproj" (target "_InitializeSourceControlInformationFromSourceControlManager" depends on it):
       Assembly loaded during TaskRun: Microsoft.SourceLink.Common, Version=10.0.13.2411, Culture=neutral, PublicKeyToken=31bf3856ad364e35 (location: C:\Program Files\dotnet\sdk\10.0.100\Sdks\Microsoft.SourceLink.Common\tools\net\Microsoft.SourceLink.Common.dll, MVID: 5f611ff4-3f0b-490f-9735-93d2b7899a92, AssemblyLoadContext: MSBuild plugin C:\Program Files\dotnet\sdk\10.0.100\Sdks\Microsoft.SourceLink.Common\tools\net\Microsoft.SourceLink.Common.dll)
       Using "Microsoft.SourceLink.Common.SourceLinkHasSingleProvider" task from assembly "C:\Program Files\dotnet\sdk\10.0.100\Sdks\Microsoft.SourceLink.Common\build\..\tools\net\Microsoft.SourceLink.Common.dll".
       Task "Microsoft.SourceLink.Common.SourceLinkHasSingleProvider"
       Done executing task "Microsoft.SourceLink.Common.SourceLinkHasSingleProvider".
   1:7>Done building target "_SourceLinkHasSingleProvider" in project "do_an_tot_nghiep.csproj".
   1:7>Target "TranslateGitHubUrlsInSourceControlInformation" in file "C:\Program Files\dotnet\sdk\10.0.100\Sdks\Microsoft.SourceLink.GitHub\build\Microsoft.SourceLink.GitHub.targets" from project "C:\Users\toduc\Downloads\SmartStay\do_an_tot_nghiep.csproj" (target "_InitializeSourceControlInformationFromSourceControlManager" depends on it):
       Assembly loaded during TaskRun: Microsoft.SourceLink.GitHub, Version=10.0.13.2411, Culture=neutral, PublicKeyToken=31bf3856ad364e35 (location: C:\Program Files\dotnet\sdk\10.0.100\Sdks\Microsoft.SourceLink.GitHub\tools\net\Microsoft.SourceLink.GitHub.dll, MVID: d13ad165-5515-4da1-83af-c1cddad4ec10, AssemblyLoadContext: MSBuild plugin C:\Program Files\dotnet\sdk\10.0.100\Sdks\Microsoft.SourceLink.GitHub\tools\net\Microsoft.SourceLink.GitHub.dll)
       Using "Microsoft.SourceLink.GitHub.TranslateRepositoryUrls" task from assembly "C:\Program Files\dotnet\sdk\10.0.100\Sdks\Microsoft.SourceLink.GitHub\build\..\tools\net\Microsoft.SourceLink.GitHub.dll".
       Task "Microsoft.SourceLink.GitHub.TranslateRepositoryUrls"
       Done executing task "Microsoft.SourceLink.GitHub.TranslateRepositoryUrls".
   1:7>Done building target "TranslateGitHubUrlsInSourceControlInformation" in project "do_an_tot_nghiep.csproj".
   1:7>Target "TranslateGitLabUrlsInSourceControlInformation" in file "C:\Program Files\dotnet\sdk\10.0.100\Sdks\Microsoft.SourceLink.GitLab\build\Microsoft.SourceLink.GitLab.targets" from project "C:\Users\toduc\Downloads\SmartStay\do_an_tot_nghiep.csproj" (target "_InitializeSourceControlInformationFromSourceControlManager" depends on it):
       Assembly loaded during TaskRun: Microsoft.SourceLink.GitLab, Version=10.0.13.2411, Culture=neutral, PublicKeyToken=31bf3856ad364e35 (location: C:\Program Files\dotnet\sdk\10.0.100\Sdks\Microsoft.SourceLink.GitLab\tools\net\Microsoft.SourceLink.GitLab.dll, MVID: 67b18a57-466c-4625-91b7-b18750b52e73, AssemblyLoadContext: MSBuild plugin C:\Program Files\dotnet\sdk\10.0.100\Sdks\Microsoft.SourceLink.GitLab\tools\net\Microsoft.SourceLink.GitLab.dll)
       Using "Microsoft.SourceLink.GitLab.TranslateRepositoryUrls" task from assembly "C:\Program Files\dotnet\sdk\10.0.100\Sdks\Microsoft.SourceLink.GitLab\build\..\tools\net\Microsoft.SourceLink.GitLab.dll".
       Task "Microsoft.SourceLink.GitLab.TranslateRepositoryUrls"
       Done executing task "Microsoft.SourceLink.GitLab.TranslateRepositoryUrls".
   1:7>Done building target "TranslateGitLabUrlsInSourceControlInformation" in project "do_an_tot_nghiep.csproj".
   1:7>Target "TranslateAzureReposGitUrlsInSourceControlInformation" in file "C:\Program Files\dotnet\sdk\10.0.100\Sdks\Microsoft.SourceLink.AzureRepos.Git\build\Microsoft.SourceLink.AzureRepos.Git.targets" from project "C:\Users\toduc\Downloads\SmartStay\do_an_tot_nghiep.csproj" (target "_InitializeSourceControlInformationFromSourceControlManager" depends on it):
       Assembly loaded during TaskRun: Microsoft.SourceLink.AzureRepos.Git, Version=10.0.13.2411, Culture=neutral, PublicKeyToken=31bf3856ad364e35 (location: C:\Program Files\dotnet\sdk\10.0.100\Sdks\Microsoft.SourceLink.AzureRepos.Git\tools\net\Microsoft.SourceLink.AzureRepos.Git.dll, MVID: 0da536d0-a07d-48b0-90be-83105508dc0e, AssemblyLoadContext: MSBuild plugin C:\Program Files\dotnet\sdk\10.0.100\Sdks\Microsoft.SourceLink.AzureRepos.Git\tools\net\Microsoft.SourceLink.AzureRepos.Git.dll)
       Using "Microsoft.SourceLink.AzureRepos.Git.TranslateRepositoryUrls" task from assembly "C:\Program Files\dotnet\sdk\10.0.100\Sdks\Microsoft.SourceLink.AzureRepos.Git\build\..\tools\net\Microsoft.SourceLink.AzureRepos.Git.dll".
       Task "Microsoft.SourceLink.AzureRepos.Git.TranslateRepositoryUrls"
       Done executing task "Microsoft.SourceLink.AzureRepos.Git.TranslateRepositoryUrls".
   1:7>Done building target "TranslateAzureReposGitUrlsInSourceControlInformation" in project "do_an_tot_nghiep.csproj".
   1:7>Target "TranslateBitbucketGitUrlsInSourceControlInformation" in file "C:\Program Files\dotnet\sdk\10.0.100\Sdks\Microsoft.SourceLink.Bitbucket.Git\build\Microsoft.SourceLink.Bitbucket.Git.targets" from project "C:\Users\toduc\Downloads\SmartStay\do_an_tot_nghiep.csproj" (target "_InitializeSourceControlInformationFromSourceControlManager" depends on it):
       Assembly loaded during TaskRun: Microsoft.SourceLink.Bitbucket.Git, Version=10.0.13.2411, Culture=neutral, PublicKeyToken=31bf3856ad364e35 (location: C:\Program Files\dotnet\sdk\10.0.100\Sdks\Microsoft.SourceLink.Bitbucket.Git\tools\net\Microsoft.SourceLink.Bitbucket.Git.dll, MVID: f4faf052-0f79-41cb-9611-4f3a8e9cb843, AssemblyLoadContext: MSBuild plugin C:\Program Files\dotnet\sdk\10.0.100\Sdks\Microsoft.SourceLink.Bitbucket.Git\tools\net\Microsoft.SourceLink.Bitbucket.Git.dll)
       Using "Microsoft.SourceLink.Bitbucket.Git.TranslateRepositoryUrls" task from assembly "C:\Program Files\dotnet\sdk\10.0.100\Sdks\Microsoft.SourceLink.Bitbucket.Git\build\..\tools\net\Microsoft.SourceLink.Bitbucket.Git.dll".
       Task "Microsoft.SourceLink.Bitbucket.Git.TranslateRepositoryUrls"
       Done executing task "Microsoft.SourceLink.Bitbucket.Git.TranslateRepositoryUrls".
   1:7>Done building target "TranslateBitbucketGitUrlsInSourceControlInformation" in project "do_an_tot_nghiep.csproj".
   1:7>Target "SourceControlManagerPublishTranslatedUrls" in file "C:\Program Files\dotnet\sdk\10.0.100\Sdks\Microsoft.SourceLink.Common\build\InitializeSourceControlInformation.targets" from project "C:\Users\toduc\Downloads\SmartStay\do_an_tot_nghiep.csproj" (target "_InitializeSourceControlInformationFromSourceControlManager" depends on it):
   1:7>Done building target "SourceControlManagerPublishTranslatedUrls" in project "do_an_tot_nghiep.csproj".
   1:7>Target "_InitializeSourceControlInformationFromSourceControlManager" in file "C:\Program Files\dotnet\sdk\10.0.100\Sdks\Microsoft.SourceLink.Common\build\InitializeSourceControlInformation.targets" from project "C:\Users\toduc\Downloads\SmartStay\do_an_tot_nghiep.csproj" (target "InitializeSourceControlInformation" depends on it):
   1:7>Done building target "_InitializeSourceControlInformationFromSourceControlManager" in project "do_an_tot_nghiep.csproj".
   1:7>Target "InitializeSourceControlInformation" in file "C:\Program Files\dotnet\sdk\10.0.100\Microsoft.Common.CurrentVersion.targets" from project "C:\Users\toduc\Downloads\SmartStay\do_an_tot_nghiep.csproj" (target "GetAssemblyAttributes" depends on it):
   1:7>Done building target "InitializeSourceControlInformation" in project "do_an_tot_nghiep.csproj".
       Target "GetAssemblyVersion" skipped. Previously built successfully.
       Target "InitializeSourceControlInformation" skipped. Previously built successfully.
   1:7>Target "AddSourceRevisionToInformationalVersion" in file "C:\Program Files\dotnet\sdk\10.0.100\Sdks\Microsoft.NET.Sdk\targets\Microsoft.NET.GenerateAssemblyInfo.targets" from project "C:\Users\toduc\Downloads\SmartStay\do_an_tot_nghiep.csproj" (target "GetAssemblyAttributes" depends on it):
       C:\Program Files\dotnet\sdk\10.0.100\Sdks\Microsoft.NET.Sdk\targets\Microsoft.NET.GenerateAssemblyInfo.targets(70,7): message : Property reassignment: $(InformationalVersion)="1.0.0+262e0ca8921d663ec1ccfffa2ba279bd1b8a6ad1" (previous value: "1.0.0") at C:\Program Files\dotnet\sdk\10.0.100\Sdks\Microsoft.NET.Sdk\targets\Microsoft.NET.GenerateAssemblyInfo.targets (70,7) [C:\Users\toduc\Downloads\SmartStay\do_an_tot_nghiep.csproj]
   1:7>Done building target "AddSourceRevisionToInformationalVersion" in project "do_an_tot_nghiep.csproj".
   1:7>Target "GetAssemblyAttributes" in file "C:\Program Files\dotnet\sdk\10.0.100\Sdks\Microsoft.NET.Sdk\targets\Microsoft.NET.GenerateAssemblyInfo.targets" from project "C:\Users\toduc\Downloads\SmartStay\do_an_tot_nghiep.csproj" (target "CreateGeneratedAssemblyInfoInputsCacheFile" depends on it):
   1:7>Done building target "GetAssemblyAttributes" in project "do_an_tot_nghiep.csproj".
   1:7>Target "CreateGeneratedAssemblyInfoInputsCacheFile" in file "C:\Program Files\dotnet\sdk\10.0.100\Sdks\Microsoft.NET.Sdk\targets\Microsoft.NET.GenerateAssemblyInfo.targets" from project "C:\Users\toduc\Downloads\SmartStay\do_an_tot_nghiep.csproj" (target "CoreGenerateAssemblyInfo" depends on it):
       Using "Hash" task from assembly "Microsoft.Build.Tasks.Core, Version=15.1.0.0, Culture=neutral, PublicKeyToken=b03f5f7f11d50a3a".
       Task "Hash"
       Done executing task "Hash".
       Task "WriteLinesToFile"
         Skipping write to file "obj\Debug\net8.0\do_an_tot_nghiep.AssemblyInfoInputs.cache" because content would not change.
       Done executing task "WriteLinesToFile".
   1:7>Done building target "CreateGeneratedAssemblyInfoInputsCacheFile" in project "do_an_tot_nghiep.csproj".
   1:7>Target "CoreGenerateAssemblyInfo" in file "C:\Program Files\dotnet\sdk\10.0.100\Sdks\Microsoft.NET.Sdk\targets\Microsoft.NET.GenerateAssemblyInfo.targets" from project "C:\Users\toduc\Downloads\SmartStay\do_an_tot_nghiep.csproj" (target "GenerateAssemblyInfo" depends on it):
       Skipping target "CoreGenerateAssemblyInfo" because all output files are up-to-date with respect to the input files.
       Input files: obj\Debug\net8.0\do_an_tot_nghiep.AssemblyInfoInputs.cache
       Output files: obj\Debug\net8.0\do_an_tot_nghiep.AssemblyInfo.cs
   1:7>Done building target "CoreGenerateAssemblyInfo" in project "do_an_tot_nghiep.csproj".
   1:7>Target "GenerateAssemblyInfo" in file "C:\Program Files\dotnet\sdk\10.0.100\Sdks\Microsoft.NET.Sdk\targets\Microsoft.NET.GenerateAssemblyInfo.targets" from project "C:\Users\toduc\Downloads\SmartStay\do_an_tot_nghiep.csproj" (target "BeforeCompile" depends on it):
   1:7>Done building target "GenerateAssemblyInfo" in project "do_an_tot_nghiep.csproj".
   1:7>Target "BeforeCompile" in file "C:\Program Files\dotnet\sdk\10.0.100\Microsoft.Common.CurrentVersion.targets" from project "C:\Users\toduc\Downloads\SmartStay\do_an_tot_nghiep.csproj" (target "Compile" depends on it):
   1:7>Done building target "BeforeCompile" in project "do_an_tot_nghiep.csproj".
       Target "ResolveAssemblyReferences" skipped. Previously built successfully.
       Target "_GenerateCompileInputs" skipped. Previously built successfully.
   1:7>Target "_GenerateCompileDependencyCache" in file "C:\Program Files\dotnet\sdk\10.0.100\Microsoft.Common.CurrentVersion.targets" from project "C:\Users\toduc\Downloads\SmartStay\do_an_tot_nghiep.csproj" (target "Compile" depends on it):
       Task "Hash"
       Done executing task "Hash".
       Task "WriteLinesToFile"
         Skipping write to file "obj\Debug\net8.0\do_an_tot_nghiep.csproj.CoreCompileInputs.cache" because content would not change.
       Done executing task "WriteLinesToFile".
   1:7>Done building target "_GenerateCompileDependencyCache" in project "do_an_tot_nghiep.csproj".
       Target "ResolveAssemblyReferences" skipped. Previously built successfully.
   1:7>Target "_DiscoverMvcApplicationParts" in file "C:\Program Files\dotnet\sdk\10.0.100\Sdks\Microsoft.NET.Sdk.Razor\targets\Microsoft.NET.Sdk.Razor.MvcApplicationPartsDiscovery.targets" from project "C:\Users\toduc\Downloads\SmartStay\do_an_tot_nghiep.csproj" (target "CoreCompile" depends on it):
       Skipping target "_DiscoverMvcApplicationParts" because all output files are up-to-date with respect to the input files.
       Input files: 
           C:\Users\toduc\Downloads\SmartStay\obj\project.assets.json
           C:\Users\toduc\Downloads\SmartStay\obj\do_an_tot_nghiep.csproj.nuget.g.targets
           C:\Program Files\dotnet\sdk\10.0.100\Current\Microsoft.Common.targets\ImportAfter\Microsoft.TestPlatform.ImportAfter.targets
       Output files: obj\Debug\net8.0\do_an_tot_nghiep.MvcApplicationPartsAssemblyInfo.cache
   1:7>Done building target "_DiscoverMvcApplicationParts" in project "do_an_tot_nghiep.csproj".
       Target "ResolveRazorGenerateInputs" skipped. Previously built successfully.
   1:7>Target "_ResolveMvcAssemblyAttributes" in file "C:\Program Files\dotnet\sdk\10.0.100\Sdks\Microsoft.NET.Sdk.Razor\targets\Microsoft.NET.Sdk.Razor.Configuration.targets" from project "C:\Users\toduc\Downloads\SmartStay\do_an_tot_nghiep.csproj" (target "_GenerateRazorAssemblyInfo" depends on it):
   1:7>Done building target "_ResolveMvcAssemblyAttributes" in project "do_an_tot_nghiep.csproj".
       Target "PrepareForBuild" skipped. Previously built successfully.
   1:7>Target "_CreateRazorAssemblyInfoInputsCacheFile" in file "C:\Program Files\dotnet\sdk\10.0.100\Sdks\Microsoft.NET.Sdk.Razor\targets\Microsoft.NET.Sdk.Razor.GenerateAssemblyInfo.targets" from project "C:\Users\toduc\Downloads\SmartStay\do_an_tot_nghiep.csproj" (target "_CoreGenerateRazorAssemblyInfo" depends on it):
       Task "Hash"
       Done executing task "Hash".
       Task "WriteLinesToFile"
         Skipping write to file "obj\Debug\net8.0\do_an_tot_nghiep.RazorAssemblyInfo.cache" because content would not change.
       Done executing task "WriteLinesToFile".
   1:7>Done building target "_CreateRazorAssemblyInfoInputsCacheFile" in project "do_an_tot_nghiep.csproj".
   1:7>Target "_CoreGenerateRazorAssemblyInfo" in file "C:\Program Files\dotnet\sdk\10.0.100\Sdks\Microsoft.NET.Sdk.Razor\targets\Microsoft.NET.Sdk.Razor.GenerateAssemblyInfo.targets" from project "C:\Users\toduc\Downloads\SmartStay\do_an_tot_nghiep.csproj" (target "_GenerateRazorAssemblyInfo" depends on it):
       Skipping target "_CoreGenerateRazorAssemblyInfo" because all output files are up-to-date with respect to the input files.
       Input files: obj\Debug\net8.0\do_an_tot_nghiep.RazorAssemblyInfo.cache
       Output files: obj\Debug\net8.0\do_an_tot_nghiep.RazorAssemblyInfo.cs
   1:7>Done building target "_CoreGenerateRazorAssemblyInfo" in project "do_an_tot_nghiep.csproj".
   1:7>Target "_GenerateRazorAssemblyInfo" in file "C:\Program Files\dotnet\sdk\10.0.100\Sdks\Microsoft.NET.Sdk.Razor\targets\Microsoft.NET.Sdk.Razor.GenerateAssemblyInfo.targets" from project "C:\Users\toduc\Downloads\SmartStay\do_an_tot_nghiep.csproj" (target "CoreCompile" depends on it):
   1:7>Done building target "_GenerateRazorAssemblyInfo" in project "do_an_tot_nghiep.csproj".
   1:7>Target "_BeforeVBCSCoreCompile" in file "C:\Program Files\dotnet\sdk\10.0.100\Roslyn\Microsoft.Managed.Core.targets" from project "C:\Users\toduc\Downloads\SmartStay\do_an_tot_nghiep.csproj" (target "CoreCompile" depends on it):
   1:7>Done building target "_BeforeVBCSCoreCompile" in project "do_an_tot_nghiep.csproj".
   1:7>Target "_ComputeSkipAnalyzers" in file "C:\Program Files\dotnet\sdk\10.0.100\Roslyn\Microsoft.Managed.Core.targets" from project "C:\Users\toduc\Downloads\SmartStay\do_an_tot_nghiep.csproj" (target "CoreCompile" depends on it):
   1:7>Done building target "_ComputeSkipAnalyzers" in project "do_an_tot_nghiep.csproj".
       Target "BeforeCompile" skipped. Previously built successfully.
       Target "InitializeSourceControlInformationFromSourceControlManager" skipped. Previously built successfully.
   1:7>Target "SetEmbeddedFilesFromSourceControlManagerUntrackedFiles" in file "C:\Program Files\dotnet\sdk\10.0.100\Sdks\Microsoft.Build.Tasks.Git\build\Microsoft.Build.Tasks.Git.targets" from project "C:\Users\toduc\Downloads\SmartStay\do_an_tot_nghiep.csproj" (target "_SetEmbeddedFilesFromSourceControlManagerUntrackedFiles" depends on it):
       Using "Microsoft.Build.Tasks.Git.GetUntrackedFiles" task from assembly "C:\Program Files\dotnet\sdk\10.0.100\Sdks\Microsoft.Build.Tasks.Git\build\..\tools\net\Microsoft.Build.Tasks.Git.dll".
       Task "Microsoft.Build.Tasks.Git.GetUntrackedFiles"
         SourceLink: Reusing cached git repository information.
       Done executing task "Microsoft.Build.Tasks.Git.GetUntrackedFiles".
   1:7>Done building target "SetEmbeddedFilesFromSourceControlManagerUntrackedFiles" in project "do_an_tot_nghiep.csproj".
   1:7>Target "_SetEmbeddedFilesFromSourceControlManagerUntrackedFiles" in file "C:\Program Files\dotnet\sdk\10.0.100\Sdks\Microsoft.SourceLink.Common\build\Microsoft.SourceLink.Common.targets" from project "C:\Users\toduc\Downloads\SmartStay\do_an_tot_nghiep.csproj" (target "CoreCompile" depends on it):
   1:7>Done building target "_SetEmbeddedFilesFromSourceControlManagerUntrackedFiles" in project "do_an_tot_nghiep.csproj".
       Target "InitializeSourceControlInformation" skipped. Previously built successfully.
   1:7>Target "_SetSourceLinkFilePath" in file "C:\Program Files\dotnet\sdk\10.0.100\Sdks\Microsoft.SourceLink.Common\build\Microsoft.SourceLink.Common.targets" from project "C:\Users\toduc\Downloads\SmartStay\do_an_tot_nghiep.csproj" (target "_GenerateSourceLinkFile" depends on it):
   1:7>Done building target "_SetSourceLinkFilePath" in project "do_an_tot_nghiep.csproj".
       Target "InitializeSourceControlInformation" skipped. Previously built successfully.
   1:7>Target "_InitializeSourceRootMappedPathsFromSourceControl" in file "C:\Program Files\dotnet\sdk\10.0.100\Roslyn\Microsoft.Managed.Core.targets" from project "C:\Users\toduc\Downloads\SmartStay\do_an_tot_nghiep.csproj" (target "InitializeSourceRootMappedPaths" depends on it):
   1:7>Done building target "_InitializeSourceRootMappedPathsFromSourceControl" in project "do_an_tot_nghiep.csproj".
   1:7>Target "InitializeSourceRootMappedPaths" in file "C:\Program Files\dotnet\sdk\10.0.100\Roslyn\Microsoft.Managed.Core.targets" from project "C:\Users\toduc\Downloads\SmartStay\do_an_tot_nghiep.csproj" (target "_InitializeSourceRootMappedPathsOpt" depends on it):
       Using "Microsoft.CodeAnalysis.BuildTasks.MapSourceRoots" task from assembly "C:\Program Files\dotnet\sdk\10.0.100\Sdks\Microsoft.NET.Sdk\targets\..\..\..\Roslyn\Microsoft.Build.Tasks.CodeAnalysis.dll".
       Task "Microsoft.CodeAnalysis.BuildTasks.MapSourceRoots"
       Done executing task "Microsoft.CodeAnalysis.BuildTasks.MapSourceRoots".
   1:7>Done building target "InitializeSourceRootMappedPaths" in project "do_an_tot_nghiep.csproj".
   1:7>Target "_InitializeSourceRootMappedPathsOpt" in file "C:\Program Files\dotnet\sdk\10.0.100\Sdks\Microsoft.SourceLink.Common\build\Microsoft.SourceLink.Common.targets" from project "C:\Users\toduc\Downloads\SmartStay\do_an_tot_nghiep.csproj" (target "_GenerateSourceLinkFile" depends on it):
   1:7>Done building target "_InitializeSourceRootMappedPathsOpt" in project "do_an_tot_nghiep.csproj".
   1:7>Target "_InitializeGitHubSourceLinkUrl" in file "C:\Program Files\dotnet\sdk\10.0.100\Sdks\Microsoft.SourceLink.GitHub\build\Microsoft.SourceLink.GitHub.targets" from project "C:\Users\toduc\Downloads\SmartStay\do_an_tot_nghiep.csproj" (target "_GenerateSourceLinkFile" depends on it):
       Building target "_InitializeGitHubSourceLinkUrl" completely.
       No input files were specified.
       Using "Microsoft.SourceLink.GitHub.GetSourceLinkUrl" task from assembly "C:\Program Files\dotnet\sdk\10.0.100\Sdks\Microsoft.SourceLink.GitHub\build\..\tools\net\Microsoft.SourceLink.GitHub.dll".
       Task "Microsoft.SourceLink.GitHub.GetSourceLinkUrl"
       Done executing task "Microsoft.SourceLink.GitHub.GetSourceLinkUrl".
   1:7>Done building target "_InitializeGitHubSourceLinkUrl" in project "do_an_tot_nghiep.csproj".
   1:7>Target "_InitializeGitHubSourceLinkUrl" in file "C:\Program Files\dotnet\sdk\10.0.100\Sdks\Microsoft.SourceLink.GitHub\build\Microsoft.SourceLink.GitHub.targets" from project "C:\Users\toduc\Downloads\SmartStay\do_an_tot_nghiep.csproj" (target "_GenerateSourceLinkFile" depends on it):
       Building target "_InitializeGitHubSourceLinkUrl" completely.
       No input files were specified.
       Task "Microsoft.SourceLink.GitHub.GetSourceLinkUrl"
       Done executing task "Microsoft.SourceLink.GitHub.GetSourceLinkUrl".
   1:7>Done building target "_InitializeGitHubSourceLinkUrl" in project "do_an_tot_nghiep.csproj".
   1:7>Target "_InitializeGitHubSourceLinkUrl" in file "C:\Program Files\dotnet\sdk\10.0.100\Sdks\Microsoft.SourceLink.GitHub\build\Microsoft.SourceLink.GitHub.targets" from project "C:\Users\toduc\Downloads\SmartStay\do_an_tot_nghiep.csproj" (target "_GenerateSourceLinkFile" depends on it):
       Building target "_InitializeGitHubSourceLinkUrl" completely.
       No input files were specified.
       Task "Microsoft.SourceLink.GitHub.GetSourceLinkUrl"
       Done executing task "Microsoft.SourceLink.GitHub.GetSourceLinkUrl".
   1:7>Done building target "_InitializeGitHubSourceLinkUrl" in project "do_an_tot_nghiep.csproj".
   1:7>Target "_InitializeGitLabSourceLinkUrl" in file "C:\Program Files\dotnet\sdk\10.0.100\Sdks\Microsoft.SourceLink.GitLab\build\Microsoft.SourceLink.GitLab.targets" from project "C:\Users\toduc\Downloads\SmartStay\do_an_tot_nghiep.csproj" (target "_GenerateSourceLinkFile" depends on it):
       Building target "_InitializeGitLabSourceLinkUrl" completely.
       No input files were specified.
       Using "Microsoft.SourceLink.GitLab.GetSourceLinkUrl" task from assembly "C:\Program Files\dotnet\sdk\10.0.100\Sdks\Microsoft.SourceLink.GitLab\build\..\tools\net\Microsoft.SourceLink.GitLab.dll".
       Task "Microsoft.SourceLink.GitLab.GetSourceLinkUrl"
       C:\Program Files\dotnet\sdk\10.0.100\Sdks\Microsoft.SourceLink.GitLab\build\Microsoft.SourceLink.GitLab.targets(37,7): message : Property reassignment: $(_SourceLinkUrlToUpdate)="N/A" (previous value: "https://raw.githubusercontent.com/boilingwata/SmartStay/262e0ca8921d663ec1ccfffa2ba279bd1b8a6ad1/*") at C:\Program Files\dotnet\sdk\10.0.100\Sdks\Microsoft.SourceLink.GitLab\build\Microsoft.SourceLink.GitLab.targets (37,7) [C:\Users\toduc\Downloads\SmartStay\do_an_tot_nghiep.csproj]
       Done executing task "Microsoft.SourceLink.GitLab.GetSourceLinkUrl".
   1:7>Done building target "_InitializeGitLabSourceLinkUrl" in project "do_an_tot_nghiep.csproj".
   1:7>Target "_InitializeGitLabSourceLinkUrl" in file "C:\Program Files\dotnet\sdk\10.0.100\Sdks\Microsoft.SourceLink.GitLab\build\Microsoft.SourceLink.GitLab.targets" from project "C:\Users\toduc\Downloads\SmartStay\do_an_tot_nghiep.csproj" (target "_GenerateSourceLinkFile" depends on it):
       Building target "_InitializeGitLabSourceLinkUrl" completely.
       No input files were specified.
       Task "Microsoft.SourceLink.GitLab.GetSourceLinkUrl"
       C:\Program Files\dotnet\sdk\10.0.100\Sdks\Microsoft.SourceLink.GitLab\build\Microsoft.SourceLink.GitLab.targets(37,7): message : Property reassignment: $(_SourceLinkUrlToUpdate)="N/A" (previous value: "https://raw.githubusercontent.com/boilingwata/SmartStay/262e0ca8921d663ec1ccfffa2ba279bd1b8a6ad1/*") at C:\Program Files\dotnet\sdk\10.0.100\Sdks\Microsoft.SourceLink.GitLab\build\Microsoft.SourceLink.GitLab.targets (37,7) [C:\Users\toduc\Downloads\SmartStay\do_an_tot_nghiep.csproj]
       Done executing task "Microsoft.SourceLink.GitLab.GetSourceLinkUrl".
   1:7>Done building target "_InitializeGitLabSourceLinkUrl" in project "do_an_tot_nghiep.csproj".
   1:7>Target "_InitializeGitLabSourceLinkUrl" in file "C:\Program Files\dotnet\sdk\10.0.100\Sdks\Microsoft.SourceLink.GitLab\build\Microsoft.SourceLink.GitLab.targets" from project "C:\Users\toduc\Downloads\SmartStay\do_an_tot_nghiep.csproj" (target "_GenerateSourceLinkFile" depends on it):
       Building target "_InitializeGitLabSourceLinkUrl" completely.
       No input files were specified.
       Task "Microsoft.SourceLink.GitLab.GetSourceLinkUrl"
       C:\Program Files\dotnet\sdk\10.0.100\Sdks\Microsoft.SourceLink.GitLab\build\Microsoft.SourceLink.GitLab.targets(37,7): message : Property reassignment: $(_SourceLinkUrlToUpdate)="N/A" (previous value: "https://raw.githubusercontent.com/boilingwata/SmartStay/262e0ca8921d663ec1ccfffa2ba279bd1b8a6ad1/*") at C:\Program Files\dotnet\sdk\10.0.100\Sdks\Microsoft.SourceLink.GitLab\build\Microsoft.SourceLink.GitLab.targets (37,7) [C:\Users\toduc\Downloads\SmartStay\do_an_tot_nghiep.csproj]
       Done executing task "Microsoft.SourceLink.GitLab.GetSourceLinkUrl".
   1:7>Done building target "_InitializeGitLabSourceLinkUrl" in project "do_an_tot_nghiep.csproj".
   1:7>Target "_InitializeAzureReposGitSourceLinkUrl" in file "C:\Program Files\dotnet\sdk\10.0.100\Sdks\Microsoft.SourceLink.AzureRepos.Git\build\Microsoft.SourceLink.AzureRepos.Git.targets" from project "C:\Users\toduc\Downloads\SmartStay\do_an_tot_nghiep.csproj" (target "_GenerateSourceLinkFile" depends on it):
       Building target "_InitializeAzureReposGitSourceLinkUrl" completely.
       No input files were specified.
       Using "Microsoft.SourceLink.AzureRepos.Git.GetSourceLinkUrl" task from assembly "C:\Program Files\dotnet\sdk\10.0.100\Sdks\Microsoft.SourceLink.AzureRepos.Git\build\..\tools\net\Microsoft.SourceLink.AzureRepos.Git.dll".
       Task "Microsoft.SourceLink.AzureRepos.Git.GetSourceLinkUrl"
       Done executing task "Microsoft.SourceLink.AzureRepos.Git.GetSourceLinkUrl".
   1:7>Done building target "_InitializeAzureReposGitSourceLinkUrl" in project "do_an_tot_nghiep.csproj".
   1:7>Target "_InitializeAzureReposGitSourceLinkUrl" in file "C:\Program Files\dotnet\sdk\10.0.100\Sdks\Microsoft.SourceLink.AzureRepos.Git\build\Microsoft.SourceLink.AzureRepos.Git.targets" from project "C:\Users\toduc\Downloads\SmartStay\do_an_tot_nghiep.csproj" (target "_GenerateSourceLinkFile" depends on it):
       Building target "_InitializeAzureReposGitSourceLinkUrl" completely.
       No input files were specified.
       Task "Microsoft.SourceLink.AzureRepos.Git.GetSourceLinkUrl"
       Done executing task "Microsoft.SourceLink.AzureRepos.Git.GetSourceLinkUrl".
   1:7>Done building target "_InitializeAzureReposGitSourceLinkUrl" in project "do_an_tot_nghiep.csproj".
   1:7>Target "_InitializeAzureReposGitSourceLinkUrl" in file "C:\Program Files\dotnet\sdk\10.0.100\Sdks\Microsoft.SourceLink.AzureRepos.Git\build\Microsoft.SourceLink.AzureRepos.Git.targets" from project "C:\Users\toduc\Downloads\SmartStay\do_an_tot_nghiep.csproj" (target "_GenerateSourceLinkFile" depends on it):
       Building target "_InitializeAzureReposGitSourceLinkUrl" completely.
       No input files were specified.
       Task "Microsoft.SourceLink.AzureRepos.Git.GetSourceLinkUrl"
       Done executing task "Microsoft.SourceLink.AzureRepos.Git.GetSourceLinkUrl".
   1:7>Done building target "_InitializeAzureReposGitSourceLinkUrl" in project "do_an_tot_nghiep.csproj".
   1:7>Target "_InitializeBitbucketGitSourceLinkUrl" in file "C:\Program Files\dotnet\sdk\10.0.100\Sdks\Microsoft.SourceLink.Bitbucket.Git\build\Microsoft.SourceLink.Bitbucket.Git.targets" from project "C:\Users\toduc\Downloads\SmartStay\do_an_tot_nghiep.csproj" (target "_GenerateSourceLinkFile" depends on it):
       Building target "_InitializeBitbucketGitSourceLinkUrl" completely.
       No input files were specified.
       Using "Microsoft.SourceLink.Bitbucket.Git.GetSourceLinkUrl" task from assembly "C:\Program Files\dotnet\sdk\10.0.100\Sdks\Microsoft.SourceLink.Bitbucket.Git\build\..\tools\net\Microsoft.SourceLink.Bitbucket.Git.dll".
       Task "Microsoft.SourceLink.Bitbucket.Git.GetSourceLinkUrl"
       Done executing task "Microsoft.SourceLink.Bitbucket.Git.GetSourceLinkUrl".
   1:7>Done building target "_InitializeBitbucketGitSourceLinkUrl" in project "do_an_tot_nghiep.csproj".
   1:7>Target "_InitializeBitbucketGitSourceLinkUrl" in file "C:\Program Files\dotnet\sdk\10.0.100\Sdks\Microsoft.SourceLink.Bitbucket.Git\build\Microsoft.SourceLink.Bitbucket.Git.targets" from project "C:\Users\toduc\Downloads\SmartStay\do_an_tot_nghiep.csproj" (target "_GenerateSourceLinkFile" depends on it):
       Building target "_InitializeBitbucketGitSourceLinkUrl" completely.
       No input files were specified.
       Task "Microsoft.SourceLink.Bitbucket.Git.GetSourceLinkUrl"
       Done executing task "Microsoft.SourceLink.Bitbucket.Git.GetSourceLinkUrl".
   1:7>Done building target "_InitializeBitbucketGitSourceLinkUrl" in project "do_an_tot_nghiep.csproj".
   1:7>Target "_InitializeBitbucketGitSourceLinkUrl" in file "C:\Program Files\dotnet\sdk\10.0.100\Sdks\Microsoft.SourceLink.Bitbucket.Git\build\Microsoft.SourceLink.Bitbucket.Git.targets" from project "C:\Users\toduc\Downloads\SmartStay\do_an_tot_nghiep.csproj" (target "_GenerateSourceLinkFile" depends on it):
       Building target "_InitializeBitbucketGitSourceLinkUrl" completely.
       No input files were specified.
       Task "Microsoft.SourceLink.Bitbucket.Git.GetSourceLinkUrl"
       Done executing task "Microsoft.SourceLink.Bitbucket.Git.GetSourceLinkUrl".
   1:7>Done building target "_InitializeBitbucketGitSourceLinkUrl" in project "do_an_tot_nghiep.csproj".
   1:7>Target "_GenerateSourceLinkFile" in file "C:\Program Files\dotnet\sdk\10.0.100\Sdks\Microsoft.SourceLink.Common\build\Microsoft.SourceLink.Common.targets" from project "C:\Users\toduc\Downloads\SmartStay\do_an_tot_nghiep.csproj" (target "GenerateSourceLinkFile" depends on it):
       Building target "_GenerateSourceLinkFile" completely.
       No input files were specified.
       Using "Microsoft.SourceLink.Common.GenerateSourceLinkFile" task from assembly "C:\Program Files\dotnet\sdk\10.0.100\Sdks\Microsoft.SourceLink.Common\build\..\tools\net\Microsoft.SourceLink.Common.dll".
       Task "Microsoft.SourceLink.Common.GenerateSourceLinkFile"
         Source Link file 'obj\Debug\net8.0\do_an_tot_nghiep.sourcelink.json' is up-to-date.
       Done executing task "Microsoft.SourceLink.Common.GenerateSourceLinkFile".
   1:7>Done building target "_GenerateSourceLinkFile" in project "do_an_tot_nghiep.csproj".
   1:7>Target "GenerateSourceLinkFile" in file "C:\Program Files\dotnet\sdk\10.0.100\Sdks\Microsoft.SourceLink.Common\build\Microsoft.SourceLink.Common.targets" from project "C:\Users\toduc\Downloads\SmartStay\do_an_tot_nghiep.csproj" (target "CoreCompile" depends on it):
   1:7>Done building target "GenerateSourceLinkFile" in project "do_an_tot_nghiep.csproj".
   1:7>Target "AddGlobalAnalyzerConfigForPackage_MicrosoftCodeAnalysisNetAnalyzers" in file "C:\Program Files\dotnet\sdk\10.0.100\Sdks\Microsoft.NET.Sdk\analyzers\build\Microsoft.CodeAnalysis.NetAnalyzers.targets" from project "C:\Users\toduc\Downloads\SmartStay\do_an_tot_nghiep.csproj" (target "CoreCompile" depends on it):
   1:7>Done building target "AddGlobalAnalyzerConfigForPackage_MicrosoftCodeAnalysisNetAnalyzers" in project "do_an_tot_nghiep.csproj".
   1:7>Target "CoreCompile" in file "C:\Program Files\dotnet\sdk\10.0.100\Roslyn\Microsoft.CSharp.Core.targets" from project "C:\Users\toduc\Downloads\SmartStay\do_an_tot_nghiep.csproj" (target "Compile" depends on it):
       Skipping target "CoreCompile" because all output files are up-to-date with respect to the input files.
       Input files: 
           Controllers\AccountController.cs
           Controllers\Api\AuditLogsApiController.cs
           Controllers\Api\ContractExtensionsApiController.cs
           Controllers\Api\ContractServicesApiController.cs
           Controllers\Api\DashboardApiController.cs
           Controllers\Api\DichVuApiController.cs
           Controllers\Api\HopDongApiController.cs
           Controllers\Api\ImagesApiController.cs
           Controllers\Api\InvoicesApiController.cs
           Controllers\Api\KhachThueApiController.cs
           Controllers\Api\LiquidationsApiController.cs
           Controllers\Api\MeterReadingsApiController.cs
           Controllers\Api\NhaTroApiController.cs
           Controllers\Api\NotificationsApiController.cs
           Controllers\Api\PaymentsApiController.cs
           Controllers\Api\PaymentTransactionsApiController.cs
           Controllers\Api\PhongTroApiController.cs
           Controllers\Api\ReportsApiController.cs
           Controllers\Api\RoomAssetsApiController.cs
           Controllers\Api\RoomStatusApiController.cs
           Controllers\Api\SystemConfigsApiController.cs
           Controllers\Api\SystemTasksApiController.cs
           Controllers\Api\TicketsApiController.cs
           Controllers\Api\UserPermissionsApiController.cs
           Controllers\Api\UsersApiController.cs
           Controllers\DashboardController.cs
           Controllers\DichVuController.cs
           Controllers\ErrorController.cs
           Controllers\HomeController.cs
           Controllers\HopDongController.cs
           Controllers\InvoicesController.cs
           Controllers\KhachHangMainController.cs
           Controllers\KhachThueController.cs
           Controllers\LiquidationsController.cs
           Controllers\MeterReadingsController.cs
           Controllers\NotificationsController.cs
           Controllers\QuanLyNhaController.cs
           Controllers\QuanLyPhongController.cs
           Controllers\RoomAssetsController.cs
           Controllers\SystemConfigsController.cs
           Controllers\TenantPortalController.cs
           Controllers\TicketsController.cs
           Controllers\UsersController.cs
           Filters\RequireRoleAttribute.cs
           Filters\Roles.cs
           Migrations\20260112125639_InitialCreate.cs
           Migrations\20260112125639_InitialCreate.Designer.cs
           Migrations\20260112130059_UpdateEmailToNullable.cs
           Migrations\20260112130059_UpdateEmailToNullable.Designer.cs
           Migrations\20260113052750_AddTableDichVu.cs
           Migrations\20260113052750_AddTableDichVu.Designer.cs
           Migrations\20260113053342_CreateDichVuTable.cs
           Migrations\20260113053342_CreateDichVuTable.Designer.cs
           Migrations\20260113144715_AddNhaTroTable.cs
           Migrations\20260113144715_AddNhaTroTable.Designer.cs
           Migrations\20260113150138_AddDanhSachDichVuToNhaTro.cs
           Migrations\20260113150138_AddDanhSachDichVuToNhaTro.Designer.cs
           Migrations\20260114052650_AddPhongTroTable.cs
           Migrations\20260114052650_AddPhongTroTable.Designer.cs
           Migrations\20260114060444_RemoveSoLuongNguoi.cs
           Migrations\20260114060444_RemoveSoLuongNguoi.Designer.cs
           Migrations\20260114061147_UpdatePhongTroFields.cs
           Migrations\20260114061147_UpdatePhongTroFields.Designer.cs
           Migrations\20260117085951_AddHopDongTable.cs
           Migrations\20260117085951_AddHopDongTable.Designer.cs
           Migrations\20260124040630_AddRoleToUser.cs
           Migrations\20260124040630_AddRoleToUser.Designer.cs
           Migrations\20260124045012_AddKhachThueTable.cs
           Migrations\20260124045012_AddKhachThueTable.Designer.cs
           Migrations\20260124045809_UpdateKhachThueFullFields.cs
           Migrations\20260124045809_UpdateKhachThueFullFields.Designer.cs
           Migrations\20260124051313_MakeFieldsOptional.cs
           Migrations\20260124051313_MakeFieldsOptional.Designer.cs
           Migrations\20260225145220_UpgradeDataSchema.cs
           Migrations\20260225145220_UpgradeDataSchema.Designer.cs
           Migrations\20260225160555_AddRoomAnalyticsSnapshot.cs
           Migrations\20260225160555_AddRoomAnalyticsSnapshot.Designer.cs
           Migrations\20260226022147_AddImagesTable.cs
           Migrations\20260226022147_AddImagesTable.Designer.cs
           Migrations\20260227151538_AddIsStarredToNotification.cs
           Migrations\20260227151538_AddIsStarredToNotification.Designer.cs
           Migrations\ApplicationDbContextModelSnapshot.cs
           Models\ApplicationDbContext.cs
           Models\Asset.cs
           Models\AssetMaintenanceLog.cs
           Models\AuditLog.cs
           Models\ContractExtension.cs
           Models\ContractService.cs
           Models\DichVu.cs
           Models\ErrorViewModel.cs
           Models\HopDong.cs
           Models\HopDongKhachThue.cs
           Models\Image.cs
           Models\Invoice.cs
           Models\InvoiceDetail.cs
           Models\KhachThue.cs
           Models\Liquidation.cs
           Models\MeterReading.cs
           Models\NhaTro.cs
           Models\Notification.cs
           Models\PaymentTransaction.cs
           Models\PaymentWebhookLog.cs
           Models\PhongTro.cs
           Models\Role.cs
           Models\RoomAnalyticsSnapshot.cs
           Models\RoomAsset.cs
           Models\RoomStatusHistory.cs
           Models\ServicePriceHistory.cs
           Models\SystemConfig.cs
           Models\TenantBalance.cs
           Models\TenantBalanceTransaction.cs
           Models\Ticket.cs
           Models\TicketImage.cs
           Models\TrangThaiHopDong.cs
           Models\User.cs
           Models\UserPermission.cs
           Program.cs
           Services\AccountService.cs
           Services\DichVuService.cs
           Services\KhachThueService.cs
           Services\PhongTroService.cs
           Services\QuanLyNhaService.cs
           Services\RoomAssetsService.cs
           ViewModels\ContractExtensionViewModel.cs
           ViewModels\DashboardViewModel.cs
           ViewModels\HopDongViewModels.cs
           ViewModels\InvoiceViewModels.cs
           ViewModels\KhachThueViewModels.cs
           ViewModels\LiquidationViewModels.cs
           ViewModels\MeterReadingViewModels.cs
           ViewModels\NhaTroViewModels.cs
           ViewModels\PhongTroViewModels.cs
           ViewModels\TicketDetailViewModel.cs
           ViewModels\UserViewModels.cs
           obj\Debug\net8.0\do_an_tot_nghiep.GlobalUsings.g.cs
           obj\Debug\net8.0\.NETCoreApp,Version=v8.0.AssemblyAttributes.cs
           obj\Debug\net8.0\do_an_tot_nghiep.AssemblyInfo.cs
           obj\Debug\net8.0\do_an_tot_nghiep.MvcApplicationPartsAssemblyInfo.cs
           obj\Debug\net8.0\do_an_tot_nghiep.RazorAssemblyInfo.cs
           C:\Users\toduc\.nuget\packages\azure.core\1.25.0\lib\net5.0\Azure.Core.dll
           C:\Users\toduc\.nuget\packages\azure.identity\1.7.0\lib\netstandard2.0\Azure.Identity.dll
           C:\Program Files\dotnet\packs\Microsoft.AspNetCore.App.Ref\8.0.22\ref\net8.0\Microsoft.AspNetCore.Antiforgery.dll
           C:\Program Files\dotnet\packs\Microsoft.AspNetCore.App.Ref\8.0.22\ref\net8.0\Microsoft.AspNetCore.Authentication.Abstractions.dll
           C:\Program Files\dotnet\packs\Microsoft.AspNetCore.App.Ref\8.0.22\ref\net8.0\Microsoft.AspNetCore.Authentication.BearerToken.dll
           C:\Program Files\dotnet\packs\Microsoft.AspNetCore.App.Ref\8.0.22\ref\net8.0\Microsoft.AspNetCore.Authentication.Cookies.dll
           C:\Program Files\dotnet\packs\Microsoft.AspNetCore.App.Ref\8.0.22\ref\net8.0\Microsoft.AspNetCore.Authentication.Core.dll
           C:\Program Files\dotnet\packs\Microsoft.AspNetCore.App.Ref\8.0.22\ref\net8.0\Microsoft.AspNetCore.Authentication.dll
           C:\Program Files\dotnet\packs\Microsoft.AspNetCore.App.Ref\8.0.22\ref\net8.0\Microsoft.AspNetCore.Authentication.OAuth.dll
           C:\Program Files\dotnet\packs\Microsoft.AspNetCore.App.Ref\8.0.22\ref\net8.0\Microsoft.AspNetCore.Authorization.dll
           C:\Program Files\dotnet\packs\Microsoft.AspNetCore.App.Ref\8.0.22\ref\net8.0\Microsoft.AspNetCore.Authorization.Policy.dll
           C:\Program Files\dotnet\packs\Microsoft.AspNetCore.App.Ref\8.0.22\ref\net8.0\Microsoft.AspNetCore.Components.Authorization.dll
           C:\Program Files\dotnet\packs\Microsoft.AspNetCore.App.Ref\8.0.22\ref\net8.0\Microsoft.AspNetCore.Components.dll
           C:\Program Files\dotnet\packs\Microsoft.AspNetCore.App.Ref\8.0.22\ref\net8.0\Microsoft.AspNetCore.Components.Endpoints.dll
           C:\Program Files\dotnet\packs\Microsoft.AspNetCore.App.Ref\8.0.22\ref\net8.0\Microsoft.AspNetCore.Components.Forms.dll
           C:\Program Files\dotnet\packs\Microsoft.AspNetCore.App.Ref\8.0.22\ref\net8.0\Microsoft.AspNetCore.Components.Server.dll
           C:\Program Files\dotnet\packs\Microsoft.AspNetCore.App.Ref\8.0.22\ref\net8.0\Microsoft.AspNetCore.Components.Web.dll
           C:\Program Files\dotnet\packs\Microsoft.AspNetCore.App.Ref\8.0.22\ref\net8.0\Microsoft.AspNetCore.Connections.Abstractions.dll
           C:\Program Files\dotnet\packs\Microsoft.AspNetCore.App.Ref\8.0.22\ref\net8.0\Microsoft.AspNetCore.CookiePolicy.dll
           C:\Program Files\dotnet\packs\Microsoft.AspNetCore.App.Ref\8.0.22\ref\net8.0\Microsoft.AspNetCore.Cors.dll
           C:\Program Files\dotnet\packs\Microsoft.AspNetCore.App.Ref\8.0.22\ref\net8.0\Microsoft.AspNetCore.Cryptography.Internal.dll
           C:\Program Files\dotnet\packs\Microsoft.AspNetCore.App.Ref\8.0.22\ref\net8.0\Microsoft.AspNetCore.Cryptography.KeyDerivation.dll
           C:\Program Files\dotnet\packs\Microsoft.AspNetCore.App.Ref\8.0.22\ref\net8.0\Microsoft.AspNetCore.DataProtection.Abstractions.dll
           C:\Program Files\dotnet\packs\Microsoft.AspNetCore.App.Ref\8.0.22\ref\net8.0\Microsoft.AspNetCore.DataProtection.dll
           C:\Program Files\dotnet\packs\Microsoft.AspNetCore.App.Ref\8.0.22\ref\net8.0\Microsoft.AspNetCore.DataProtection.Extensions.dll
           C:\Program Files\dotnet\packs\Microsoft.AspNetCore.App.Ref\8.0.22\ref\net8.0\Microsoft.AspNetCore.Diagnostics.Abstractions.dll
           C:\Program Files\dotnet\packs\Microsoft.AspNetCore.App.Ref\8.0.22\ref\net8.0\Microsoft.AspNetCore.Diagnostics.dll
           C:\Program Files\dotnet\packs\Microsoft.AspNetCore.App.Ref\8.0.22\ref\net8.0\Microsoft.AspNetCore.Diagnostics.HealthChecks.dll
           C:\Program Files\dotnet\packs\Microsoft.AspNetCore.App.Ref\8.0.22\ref\net8.0\Microsoft.AspNetCore.dll
           C:\Program Files\dotnet\packs\Microsoft.AspNetCore.App.Ref\8.0.22\ref\net8.0\Microsoft.AspNetCore.HostFiltering.dll
           C:\Program Files\dotnet\packs\Microsoft.AspNetCore.App.Ref\8.0.22\ref\net8.0\Microsoft.AspNetCore.Hosting.Abstractions.dll
           C:\Program Files\dotnet\packs\Microsoft.AspNetCore.App.Ref\8.0.22\ref\net8.0\Microsoft.AspNetCore.Hosting.dll
           C:\Program Files\dotnet\packs\Microsoft.AspNetCore.App.Ref\8.0.22\ref\net8.0\Microsoft.AspNetCore.Hosting.Server.Abstractions.dll
           C:\Program Files\dotnet\packs\Microsoft.AspNetCore.App.Ref\8.0.22\ref\net8.0\Microsoft.AspNetCore.Html.Abstractions.dll
           C:\Program Files\dotnet\packs\Microsoft.AspNetCore.App.Ref\8.0.22\ref\net8.0\Microsoft.AspNetCore.Http.Abstractions.dll
           C:\Program Files\dotnet\packs\Microsoft.AspNetCore.App.Ref\8.0.22\ref\net8.0\Microsoft.AspNetCore.Http.Connections.Common.dll
           C:\Program Files\dotnet\packs\Microsoft.AspNetCore.App.Ref\8.0.22\ref\net8.0\Microsoft.AspNetCore.Http.Connections.dll
           C:\Program Files\dotnet\packs\Microsoft.AspNetCore.App.Ref\8.0.22\ref\net8.0\Microsoft.AspNetCore.Http.dll
           C:\Program Files\dotnet\packs\Microsoft.AspNetCore.App.Ref\8.0.22\ref\net8.0\Microsoft.AspNetCore.Http.Extensions.dll
           C:\Program Files\dotnet\packs\Microsoft.AspNetCore.App.Ref\8.0.22\ref\net8.0\Microsoft.AspNetCore.Http.Features.dll
           C:\Program Files\dotnet\packs\Microsoft.AspNetCore.App.Ref\8.0.22\ref\net8.0\Microsoft.AspNetCore.Http.Results.dll
           C:\Program Files\dotnet\packs\Microsoft.AspNetCore.App.Ref\8.0.22\ref\net8.0\Microsoft.AspNetCore.HttpLogging.dll
           C:\Program Files\dotnet\packs\Microsoft.AspNetCore.App.Ref\8.0.22\ref\net8.0\Microsoft.AspNetCore.HttpOverrides.dll
           C:\Program Files\dotnet\packs\Microsoft.AspNetCore.App.Ref\8.0.22\ref\net8.0\Microsoft.AspNetCore.HttpsPolicy.dll
           C:\Program Files\dotnet\packs\Microsoft.AspNetCore.App.Ref\8.0.22\ref\net8.0\Microsoft.AspNetCore.Identity.dll
           C:\Program Files\dotnet\packs\Microsoft.AspNetCore.App.Ref\8.0.22\ref\net8.0\Microsoft.AspNetCore.Localization.dll
           C:\Program Files\dotnet\packs\Microsoft.AspNetCore.App.Ref\8.0.22\ref\net8.0\Microsoft.AspNetCore.Localization.Routing.dll
           C:\Program Files\dotnet\packs\Microsoft.AspNetCore.App.Ref\8.0.22\ref\net8.0\Microsoft.AspNetCore.Metadata.dll
           C:\Program Files\dotnet\packs\Microsoft.AspNetCore.App.Ref\8.0.22\ref\net8.0\Microsoft.AspNetCore.Mvc.Abstractions.dll
           C:\Program Files\dotnet\packs\Microsoft.AspNetCore.App.Ref\8.0.22\ref\net8.0\Microsoft.AspNetCore.Mvc.ApiExplorer.dll
           C:\Program Files\dotnet\packs\Microsoft.AspNetCore.App.Ref\8.0.22\ref\net8.0\Microsoft.AspNetCore.Mvc.Core.dll
           C:\Program Files\dotnet\packs\Microsoft.AspNetCore.App.Ref\8.0.22\ref\net8.0\Microsoft.AspNetCore.Mvc.Cors.dll
           C:\Program Files\dotnet\packs\Microsoft.AspNetCore.App.Ref\8.0.22\ref\net8.0\Microsoft.AspNetCore.Mvc.DataAnnotations.dll
           C:\Program Files\dotnet\packs\Microsoft.AspNetCore.App.Ref\8.0.22\ref\net8.0\Microsoft.AspNetCore.Mvc.dll
           C:\Program Files\dotnet\packs\Microsoft.AspNetCore.App.Ref\8.0.22\ref\net8.0\Microsoft.AspNetCore.Mvc.Formatters.Json.dll
           C:\Program Files\dotnet\packs\Microsoft.AspNetCore.App.Ref\8.0.22\ref\net8.0\Microsoft.AspNetCore.Mvc.Formatters.Xml.dll
           C:\Program Files\dotnet\packs\Microsoft.AspNetCore.App.Ref\8.0.22\ref\net8.0\Microsoft.AspNetCore.Mvc.Localization.dll
           C:\Program Files\dotnet\packs\Microsoft.AspNetCore.App.Ref\8.0.22\ref\net8.0\Microsoft.AspNetCore.Mvc.Razor.dll
           C:\Program Files\dotnet\packs\Microsoft.AspNetCore.App.Ref\8.0.22\ref\net8.0\Microsoft.AspNetCore.Mvc.RazorPages.dll
           C:\Program Files\dotnet\packs\Microsoft.AspNetCore.App.Ref\8.0.22\ref\net8.0\Microsoft.AspNetCore.Mvc.TagHelpers.dll
           C:\Program Files\dotnet\packs\Microsoft.AspNetCore.App.Ref\8.0.22\ref\net8.0\Microsoft.AspNetCore.Mvc.ViewFeatures.dll
           C:\Program Files\dotnet\packs\Microsoft.AspNetCore.App.Ref\8.0.22\ref\net8.0\Microsoft.AspNetCore.OutputCaching.dll
           C:\Program Files\dotnet\packs\Microsoft.AspNetCore.App.Ref\8.0.22\ref\net8.0\Microsoft.AspNetCore.RateLimiting.dll
           C:\Program Files\dotnet\packs\Microsoft.AspNetCore.App.Ref\8.0.22\ref\net8.0\Microsoft.AspNetCore.Razor.dll
           C:\Program Files\dotnet\packs\Microsoft.AspNetCore.App.Ref\8.0.22\ref\net8.0\Microsoft.AspNetCore.Razor.Runtime.dll
           C:\Program Files\dotnet\packs\Microsoft.AspNetCore.App.Ref\8.0.22\ref\net8.0\Microsoft.AspNetCore.RequestDecompression.dll
           C:\Program Files\dotnet\packs\Microsoft.AspNetCore.App.Ref\8.0.22\ref\net8.0\Microsoft.AspNetCore.ResponseCaching.Abstractions.dll
           C:\Program Files\dotnet\packs\Microsoft.AspNetCore.App.Ref\8.0.22\ref\net8.0\Microsoft.AspNetCore.ResponseCaching.dll
           C:\Program Files\dotnet\packs\Microsoft.AspNetCore.App.Ref\8.0.22\ref\net8.0\Microsoft.AspNetCore.ResponseCompression.dll
           C:\Program Files\dotnet\packs\Microsoft.AspNetCore.App.Ref\8.0.22\ref\net8.0\Microsoft.AspNetCore.Rewrite.dll
           C:\Program Files\dotnet\packs\Microsoft.AspNetCore.App.Ref\8.0.22\ref\net8.0\Microsoft.AspNetCore.Routing.Abstractions.dll
           C:\Program Files\dotnet\packs\Microsoft.AspNetCore.App.Ref\8.0.22\ref\net8.0\Microsoft.AspNetCore.Routing.dll
           C:\Program Files\dotnet\packs\Microsoft.AspNetCore.App.Ref\8.0.22\ref\net8.0\Microsoft.AspNetCore.Server.HttpSys.dll
           C:\Program Files\dotnet\packs\Microsoft.AspNetCore.App.Ref\8.0.22\ref\net8.0\Microsoft.AspNetCore.Server.IIS.dll
           C:\Program Files\dotnet\packs\Microsoft.AspNetCore.App.Ref\8.0.22\ref\net8.0\Microsoft.AspNetCore.Server.IISIntegration.dll
           C:\Program Files\dotnet\packs\Microsoft.AspNetCore.App.Ref\8.0.22\ref\net8.0\Microsoft.AspNetCore.Server.Kestrel.Core.dll
           C:\Program Files\dotnet\packs\Microsoft.AspNetCore.App.Ref\8.0.22\ref\net8.0\Microsoft.AspNetCore.Server.Kestrel.dll
           C:\Program Files\dotnet\packs\Microsoft.AspNetCore.App.Ref\8.0.22\ref\net8.0\Microsoft.AspNetCore.Server.Kestrel.Transport.NamedPipes.dll
           C:\Program Files\dotnet\packs\Microsoft.AspNetCore.App.Ref\8.0.22\ref\net8.0\Microsoft.AspNetCore.Server.Kestrel.Transport.Quic.dll
           C:\Program Files\dotnet\packs\Microsoft.AspNetCore.App.Ref\8.0.22\ref\net8.0\Microsoft.AspNetCore.Server.Kestrel.Transport.Sockets.dll
           C:\Program Files\dotnet\packs\Microsoft.AspNetCore.App.Ref\8.0.22\ref\net8.0\Microsoft.AspNetCore.Session.dll
           C:\Program Files\dotnet\packs\Microsoft.AspNetCore.App.Ref\8.0.22\ref\net8.0\Microsoft.AspNetCore.SignalR.Common.dll
           C:\Program Files\dotnet\packs\Microsoft.AspNetCore.App.Ref\8.0.22\ref\net8.0\Microsoft.AspNetCore.SignalR.Core.dll
           C:\Program Files\dotnet\packs\Microsoft.AspNetCore.App.Ref\8.0.22\ref\net8.0\Microsoft.AspNetCore.SignalR.dll
           C:\Program Files\dotnet\packs\Microsoft.AspNetCore.App.Ref\8.0.22\ref\net8.0\Microsoft.AspNetCore.SignalR.Protocols.Json.dll
           C:\Program Files\dotnet\packs\Microsoft.AspNetCore.App.Ref\8.0.22\ref\net8.0\Microsoft.AspNetCore.StaticFiles.dll
           C:\Program Files\dotnet\packs\Microsoft.AspNetCore.App.Ref\8.0.22\ref\net8.0\Microsoft.AspNetCore.WebSockets.dll
           C:\Program Files\dotnet\packs\Microsoft.AspNetCore.App.Ref\8.0.22\ref\net8.0\Microsoft.AspNetCore.WebUtilities.dll
           C:\Users\toduc\.nuget\packages\microsoft.bcl.asyncinterfaces\6.0.0\lib\netstandard2.1\Microsoft.Bcl.AsyncInterfaces.dll
           C:\Program Files\dotnet\packs\Microsoft.NETCore.App.Ref\8.0.22\ref\net8.0\Microsoft.CSharp.dll
           C:\Users\toduc\.nuget\packages\microsoft.data.sqlclient\5.1.1\ref\net6.0\Microsoft.Data.SqlClient.dll
           C:\Users\toduc\.nuget\packages\microsoft.entityframeworkcore.abstractions\8.0.0\lib\net8.0\Microsoft.EntityFrameworkCore.Abstractions.dll
           C:\Users\toduc\.nuget\packages\microsoft.entityframeworkcore\8.0.0\lib\net8.0\Microsoft.EntityFrameworkCore.dll
           C:\Users\toduc\.nuget\packages\microsoft.entityframeworkcore.relational\8.0.0\lib\net8.0\Microsoft.EntityFrameworkCore.Relational.dll
           C:\Users\toduc\.nuget\packages\microsoft.entityframeworkcore.sqlserver\8.0.0\lib\net8.0\Microsoft.EntityFrameworkCore.SqlServer.dll
           C:\Program Files\dotnet\packs\Microsoft.AspNetCore.App.Ref\8.0.22\ref\net8.0\Microsoft.Extensions.Caching.Abstractions.dll
           C:\Program Files\dotnet\packs\Microsoft.AspNetCore.App.Ref\8.0.22\ref\net8.0\Microsoft.Extensions.Caching.Memory.dll
           C:\Program Files\dotnet\packs\Microsoft.AspNetCore.App.Ref\8.0.22\ref\net8.0\Microsoft.Extensions.Configuration.Abstractions.dll
           C:\Program Files\dotnet\packs\Microsoft.AspNetCore.App.Ref\8.0.22\ref\net8.0\Microsoft.Extensions.Configuration.Binder.dll
           C:\Program Files\dotnet\packs\Microsoft.AspNetCore.App.Ref\8.0.22\ref\net8.0\Microsoft.Extensions.Configuration.CommandLine.dll
           C:\Program Files\dotnet\packs\Microsoft.AspNetCore.App.Ref\8.0.22\ref\net8.0\Microsoft.Extensions.Configuration.dll
           C:\Program Files\dotnet\packs\Microsoft.AspNetCore.App.Ref\8.0.22\ref\net8.0\Microsoft.Extensions.Configuration.EnvironmentVariables.dll
           C:\Program Files\dotnet\packs\Microsoft.AspNetCore.App.Ref\8.0.22\ref\net8.0\Microsoft.Extensions.Configuration.FileExtensions.dll
           C:\Program Files\dotnet\packs\Microsoft.AspNetCore.App.Ref\8.0.22\ref\net8.0\Microsoft.Extensions.Configuration.Ini.dll
           C:\Program Files\dotnet\packs\Microsoft.AspNetCore.App.Ref\8.0.22\ref\net8.0\Microsoft.Extensions.Configuration.Json.dll
           C:\Program Files\dotnet\packs\Microsoft.AspNetCore.App.Ref\8.0.22\ref\net8.0\Microsoft.Extensions.Configuration.KeyPerFile.dll
           C:\Program Files\dotnet\packs\Microsoft.AspNetCore.App.Ref\8.0.22\ref\net8.0\Microsoft.Extensions.Configuration.UserSecrets.dll
           C:\Program Files\dotnet\packs\Microsoft.AspNetCore.App.Ref\8.0.22\ref\net8.0\Microsoft.Extensions.Configuration.Xml.dll
           C:\Program Files\dotnet\packs\Microsoft.AspNetCore.App.Ref\8.0.22\ref\net8.0\Microsoft.Extensions.DependencyInjection.Abstractions.dll
           C:\Program Files\dotnet\packs\Microsoft.AspNetCore.App.Ref\8.0.22\ref\net8.0\Microsoft.Extensions.DependencyInjection.dll
           C:\Program Files\dotnet\packs\Microsoft.AspNetCore.App.Ref\8.0.22\ref\net8.0\Microsoft.Extensions.Diagnostics.Abstractions.dll
           C:\Program Files\dotnet\packs\Microsoft.AspNetCore.App.Ref\8.0.22\ref\net8.0\Microsoft.Extensions.Diagnostics.dll
           C:\Program Files\dotnet\packs\Microsoft.AspNetCore.App.Ref\8.0.22\ref\net8.0\Microsoft.Extensions.Diagnostics.HealthChecks.Abstractions.dll
           C:\Program Files\dotnet\packs\Microsoft.AspNetCore.App.Ref\8.0.22\ref\net8.0\Microsoft.Extensions.Diagnostics.HealthChecks.dll
           C:\Program Files\dotnet\packs\Microsoft.AspNetCore.App.Ref\8.0.22\ref\net8.0\Microsoft.Extensions.Features.dll
           C:\Program Files\dotnet\packs\Microsoft.AspNetCore.App.Ref\8.0.22\ref\net8.0\Microsoft.Extensions.FileProviders.Abstractions.dll
           C:\Program Files\dotnet\packs\Microsoft.AspNetCore.App.Ref\8.0.22\ref\net8.0\Microsoft.Extensions.FileProviders.Composite.dll
           C:\Program Files\dotnet\packs\Microsoft.AspNetCore.App.Ref\8.0.22\ref\net8.0\Microsoft.Extensions.FileProviders.Embedded.dll
           C:\Program Files\dotnet\packs\Microsoft.AspNetCore.App.Ref\8.0.22\ref\net8.0\Microsoft.Extensions.FileProviders.Physical.dll
           C:\Program Files\dotnet\packs\Microsoft.AspNetCore.App.Ref\8.0.22\ref\net8.0\Microsoft.Extensions.FileSystemGlobbing.dll
           C:\Program Files\dotnet\packs\Microsoft.AspNetCore.App.Ref\8.0.22\ref\net8.0\Microsoft.Extensions.Hosting.Abstractions.dll
           C:\Program Files\dotnet\packs\Microsoft.AspNetCore.App.Ref\8.0.22\ref\net8.0\Microsoft.Extensions.Hosting.dll
           C:\Program Files\dotnet\packs\Microsoft.AspNetCore.App.Ref\8.0.22\ref\net8.0\Microsoft.Extensions.Http.dll
           C:\Program Files\dotnet\packs\Microsoft.AspNetCore.App.Ref\8.0.22\ref\net8.0\Microsoft.Extensions.Identity.Core.dll
           C:\Program Files\dotnet\packs\Microsoft.AspNetCore.App.Ref\8.0.22\ref\net8.0\Microsoft.Extensions.Identity.Stores.dll
           C:\Program Files\dotnet\packs\Microsoft.AspNetCore.App.Ref\8.0.22\ref\net8.0\Microsoft.Extensions.Localization.Abstractions.dll
           C:\Program Files\dotnet\packs\Microsoft.AspNetCore.App.Ref\8.0.22\ref\net8.0\Microsoft.Extensions.Localization.dll
           C:\Program Files\dotnet\packs\Microsoft.AspNetCore.App.Ref\8.0.22\ref\net8.0\Microsoft.Extensions.Logging.Abstractions.dll
           C:\Program Files\dotnet\packs\Microsoft.AspNetCore.App.Ref\8.0.22\ref\net8.0\Microsoft.Extensions.Logging.Configuration.dll
           C:\Program Files\dotnet\packs\Microsoft.AspNetCore.App.Ref\8.0.22\ref\net8.0\Microsoft.Extensions.Logging.Console.dll
           C:\Program Files\dotnet\packs\Microsoft.AspNetCore.App.Ref\8.0.22\ref\net8.0\Microsoft.Extensions.Logging.Debug.dll
           C:\Program Files\dotnet\packs\Microsoft.AspNetCore.App.Ref\8.0.22\ref\net8.0\Microsoft.Extensions.Logging.dll
           C:\Program Files\dotnet\packs\Microsoft.AspNetCore.App.Ref\8.0.22\ref\net8.0\Microsoft.Extensions.Logging.EventLog.dll
           C:\Program Files\dotnet\packs\Microsoft.AspNetCore.App.Ref\8.0.22\ref\net8.0\Microsoft.Extensions.Logging.EventSource.dll
           C:\Program Files\dotnet\packs\Microsoft.AspNetCore.App.Ref\8.0.22\ref\net8.0\Microsoft.Extensions.Logging.TraceSource.dll
           C:\Program Files\dotnet\packs\Microsoft.AspNetCore.App.Ref\8.0.22\ref\net8.0\Microsoft.Extensions.ObjectPool.dll
           C:\Program Files\dotnet\packs\Microsoft.AspNetCore.App.Ref\8.0.22\ref\net8.0\Microsoft.Extensions.Options.ConfigurationExtensions.dll
           C:\Program Files\dotnet\packs\Microsoft.AspNetCore.App.Ref\8.0.22\ref\net8.0\Microsoft.Extensions.Options.DataAnnotations.dll
           C:\Program Files\dotnet\packs\Microsoft.AspNetCore.App.Ref\8.0.22\ref\net8.0\Microsoft.Extensions.Options.dll
           C:\Program Files\dotnet\packs\Microsoft.AspNetCore.App.Ref\8.0.22\ref\net8.0\Microsoft.Extensions.Primitives.dll
           C:\Program Files\dotnet\packs\Microsoft.AspNetCore.App.Ref\8.0.22\ref\net8.0\Microsoft.Extensions.WebEncoders.dll
           C:\Users\toduc\.nuget\packages\microsoft.identity.client\4.47.2\lib\netcoreapp2.1\Microsoft.Identity.Client.dll
           C:\Users\toduc\.nuget\packages\microsoft.identity.client.extensions.msal\2.19.3\lib\netcoreapp2.1\Microsoft.Identity.Client.Extensions.Msal.dll
           C:\Users\toduc\.nuget\packages\microsoft.identitymodel.abstractions\6.24.0\lib\net6.0\Microsoft.IdentityModel.Abstractions.dll
           C:\Users\toduc\.nuget\packages\microsoft.identitymodel.jsonwebtokens\6.24.0\lib\net6.0\Microsoft.IdentityModel.JsonWebTokens.dll
           C:\Users\toduc\.nuget\packages\microsoft.identitymodel.logging\6.24.0\lib\net6.0\Microsoft.IdentityModel.Logging.dll
           C:\Users\toduc\.nuget\packages\microsoft.identitymodel.protocols\6.24.0\lib\net6.0\Microsoft.IdentityModel.Protocols.dll
           C:\Users\toduc\.nuget\packages\microsoft.identitymodel.protocols.openidconnect\6.24.0\lib\net6.0\Microsoft.IdentityModel.Protocols.OpenIdConnect.dll
           C:\Users\toduc\.nuget\packages\microsoft.identitymodel.tokens\6.24.0\lib\net6.0\Microsoft.IdentityModel.Tokens.dll
           C:\Program Files\dotnet\packs\Microsoft.AspNetCore.App.Ref\8.0.22\ref\net8.0\Microsoft.JSInterop.dll
           C:\Program Files\dotnet\packs\Microsoft.AspNetCore.App.Ref\8.0.22\ref\net8.0\Microsoft.Net.Http.Headers.dll
           C:\Users\toduc\.nuget\packages\microsoft.openapi\1.2.3\lib\netstandard2.0\Microsoft.OpenApi.dll
           C:\Users\toduc\.nuget\packages\microsoft.sqlserver.server\1.0.0\lib\netstandard2.0\Microsoft.SqlServer.Server.dll
           C:\Program Files\dotnet\packs\Microsoft.NETCore.App.Ref\8.0.22\ref\net8.0\Microsoft.VisualBasic.Core.dll
           C:\Program Files\dotnet\packs\Microsoft.NETCore.App.Ref\8.0.22\ref\net8.0\Microsoft.VisualBasic.dll
           C:\Program Files\dotnet\packs\Microsoft.NETCore.App.Ref\8.0.22\ref\net8.0\Microsoft.Win32.Primitives.dll
           C:\Program Files\dotnet\packs\Microsoft.NETCore.App.Ref\8.0.22\ref\net8.0\Microsoft.Win32.Registry.dll
           C:\Program Files\dotnet\packs\Microsoft.NETCore.App.Ref\8.0.22\ref\net8.0\mscorlib.dll
           C:\Program Files\dotnet\packs\Microsoft.NETCore.App.Ref\8.0.22\ref\net8.0\netstandard.dll
           C:\Users\toduc\.nuget\packages\swashbuckle.aspnetcore.swagger\6.5.0\lib\net7.0\Swashbuckle.AspNetCore.Swagger.dll
           C:\Users\toduc\.nuget\packages\swashbuckle.aspnetcore.swaggergen\6.5.0\lib\net7.0\Swashbuckle.AspNetCore.SwaggerGen.dll
           C:\Users\toduc\.nuget\packages\swashbuckle.aspnetcore.swaggerui\6.5.0\lib\net7.0\Swashbuckle.AspNetCore.SwaggerUI.dll
           C:\Program Files\dotnet\packs\Microsoft.NETCore.App.Ref\8.0.22\ref\net8.0\System.AppContext.dll
           C:\Program Files\dotnet\packs\Microsoft.NETCore.App.Ref\8.0.22\ref\net8.0\System.Buffers.dll
           C:\Program Files\dotnet\packs\Microsoft.NETCore.App.Ref\8.0.22\ref\net8.0\System.Collections.Concurrent.dll
           C:\Program Files\dotnet\packs\Microsoft.NETCore.App.Ref\8.0.22\ref\net8.0\System.Collections.dll
           C:\Program Files\dotnet\packs\Microsoft.NETCore.App.Ref\8.0.22\ref\net8.0\System.Collections.Immutable.dll
           C:\Program Files\dotnet\packs\Microsoft.NETCore.App.Ref\8.0.22\ref\net8.0\System.Collections.NonGeneric.dll
           C:\Program Files\dotnet\packs\Microsoft.NETCore.App.Ref\8.0.22\ref\net8.0\System.Collections.Specialized.dll
           C:\Program Files\dotnet\packs\Microsoft.NETCore.App.Ref\8.0.22\ref\net8.0\System.ComponentModel.Annotations.dll
           C:\Program Files\dotnet\packs\Microsoft.NETCore.App.Ref\8.0.22\ref\net8.0\System.ComponentModel.DataAnnotations.dll
           C:\Program Files\dotnet\packs\Microsoft.NETCore.App.Ref\8.0.22\ref\net8.0\System.ComponentModel.dll
           C:\Program Files\dotnet\packs\Microsoft.NETCore.App.Ref\8.0.22\ref\net8.0\System.ComponentModel.EventBasedAsync.dll
           C:\Program Files\dotnet\packs\Microsoft.NETCore.App.Ref\8.0.22\ref\net8.0\System.ComponentModel.Primitives.dll
           C:\Program Files\dotnet\packs\Microsoft.NETCore.App.Ref\8.0.22\ref\net8.0\System.ComponentModel.TypeConverter.dll
           C:\Program Files\dotnet\packs\Microsoft.NETCore.App.Ref\8.0.22\ref\net8.0\System.Configuration.dll
           C:\Program Files\dotnet\packs\Microsoft.NETCore.App.Ref\8.0.22\ref\net8.0\System.Console.dll
           C:\Program Files\dotnet\packs\Microsoft.NETCore.App.Ref\8.0.22\ref\net8.0\System.Core.dll
           C:\Program Files\dotnet\packs\Microsoft.NETCore.App.Ref\8.0.22\ref\net8.0\System.Data.Common.dll
           C:\Program Files\dotnet\packs\Microsoft.NETCore.App.Ref\8.0.22\ref\net8.0\System.Data.DataSetExtensions.dll
           C:\Program Files\dotnet\packs\Microsoft.NETCore.App.Ref\8.0.22\ref\net8.0\System.Data.dll
           C:\Program Files\dotnet\packs\Microsoft.NETCore.App.Ref\8.0.22\ref\net8.0\System.Diagnostics.Contracts.dll
           C:\Program Files\dotnet\packs\Microsoft.NETCore.App.Ref\8.0.22\ref\net8.0\System.Diagnostics.Debug.dll
           C:\Program Files\dotnet\packs\Microsoft.NETCore.App.Ref\8.0.22\ref\net8.0\System.Diagnostics.DiagnosticSource.dll
           C:\Program Files\dotnet\packs\Microsoft.AspNetCore.App.Ref\8.0.22\ref\net8.0\System.Diagnostics.EventLog.dll
           C:\Program Files\dotnet\packs\Microsoft.NETCore.App.Ref\8.0.22\ref\net8.0\System.Diagnostics.FileVersionInfo.dll
           C:\Program Files\dotnet\packs\Microsoft.NETCore.App.Ref\8.0.22\ref\net8.0\System.Diagnostics.Process.dll
           C:\Program Files\dotnet\packs\Microsoft.NETCore.App.Ref\8.0.22\ref\net8.0\System.Diagnostics.StackTrace.dll
           C:\Program Files\dotnet\packs\Microsoft.NETCore.App.Ref\8.0.22\ref\net8.0\System.Diagnostics.TextWriterTraceListener.dll
           C:\Program Files\dotnet\packs\Microsoft.NETCore.App.Ref\8.0.22\ref\net8.0\System.Diagnostics.Tools.dll
           C:\Program Files\dotnet\packs\Microsoft.NETCore.App.Ref\8.0.22\ref\net8.0\System.Diagnostics.TraceSource.dll
           C:\Program Files\dotnet\packs\Microsoft.NETCore.App.Ref\8.0.22\ref\net8.0\System.Diagnostics.Tracing.dll
           C:\Program Files\dotnet\packs\Microsoft.NETCore.App.Ref\8.0.22\ref\net8.0\System.dll
           C:\Program Files\dotnet\packs\Microsoft.NETCore.App.Ref\8.0.22\ref\net8.0\System.Drawing.dll
           C:\Program Files\dotnet\packs\Microsoft.NETCore.App.Ref\8.0.22\ref\net8.0\System.Drawing.Primitives.dll
           C:\Program Files\dotnet\packs\Microsoft.NETCore.App.Ref\8.0.22\ref\net8.0\System.Dynamic.Runtime.dll
           C:\Program Files\dotnet\packs\Microsoft.NETCore.App.Ref\8.0.22\ref\net8.0\System.Formats.Asn1.dll
           C:\Program Files\dotnet\packs\Microsoft.NETCore.App.Ref\8.0.22\ref\net8.0\System.Formats.Tar.dll
           C:\Program Files\dotnet\packs\Microsoft.NETCore.App.Ref\8.0.22\ref\net8.0\System.Globalization.Calendars.dll
           C:\Program Files\dotnet\packs\Microsoft.NETCore.App.Ref\8.0.22\ref\net8.0\System.Globalization.dll
           C:\Program Files\dotnet\packs\Microsoft.NETCore.App.Ref\8.0.22\ref\net8.0\System.Globalization.Extensions.dll
           C:\Users\toduc\.nuget\packages\system.identitymodel.tokens.jwt\6.24.0\lib\net6.0\System.IdentityModel.Tokens.Jwt.dll
           C:\Program Files\dotnet\packs\Microsoft.NETCore.App.Ref\8.0.22\ref\net8.0\System.IO.Compression.Brotli.dll
           C:\Program Files\dotnet\packs\Microsoft.NETCore.App.Ref\8.0.22\ref\net8.0\System.IO.Compression.dll
           C:\Program Files\dotnet\packs\Microsoft.NETCore.App.Ref\8.0.22\ref\net8.0\System.IO.Compression.FileSystem.dll
           C:\Program Files\dotnet\packs\Microsoft.NETCore.App.Ref\8.0.22\ref\net8.0\System.IO.Compression.ZipFile.dll
           C:\Program Files\dotnet\packs\Microsoft.NETCore.App.Ref\8.0.22\ref\net8.0\System.IO.dll
           C:\Program Files\dotnet\packs\Microsoft.NETCore.App.Ref\8.0.22\ref\net8.0\System.IO.FileSystem.AccessControl.dll
           C:\Program Files\dotnet\packs\Microsoft.NETCore.App.Ref\8.0.22\ref\net8.0\System.IO.FileSystem.dll
           C:\Program Files\dotnet\packs\Microsoft.NETCore.App.Ref\8.0.22\ref\net8.0\System.IO.FileSystem.DriveInfo.dll
           C:\Program Files\dotnet\packs\Microsoft.NETCore.App.Ref\8.0.22\ref\net8.0\System.IO.FileSystem.Primitives.dll
           C:\Program Files\dotnet\packs\Microsoft.NETCore.App.Ref\8.0.22\ref\net8.0\System.IO.FileSystem.Watcher.dll
           C:\Program Files\dotnet\packs\Microsoft.NETCore.App.Ref\8.0.22\ref\net8.0\System.IO.IsolatedStorage.dll
           C:\Program Files\dotnet\packs\Microsoft.NETCore.App.Ref\8.0.22\ref\net8.0\System.IO.MemoryMappedFiles.dll
           C:\Program Files\dotnet\packs\Microsoft.AspNetCore.App.Ref\8.0.22\ref\net8.0\System.IO.Pipelines.dll
           C:\Program Files\dotnet\packs\Microsoft.NETCore.App.Ref\8.0.22\ref\net8.0\System.IO.Pipes.AccessControl.dll
           C:\Program Files\dotnet\packs\Microsoft.NETCore.App.Ref\8.0.22\ref\net8.0\System.IO.Pipes.dll
           C:\Program Files\dotnet\packs\Microsoft.NETCore.App.Ref\8.0.22\ref\net8.0\System.IO.UnmanagedMemoryStream.dll
           C:\Program Files\dotnet\packs\Microsoft.NETCore.App.Ref\8.0.22\ref\net8.0\System.Linq.dll
           C:\Program Files\dotnet\packs\Microsoft.NETCore.App.Ref\8.0.22\ref\net8.0\System.Linq.Expressions.dll
           C:\Program Files\dotnet\packs\Microsoft.NETCore.App.Ref\8.0.22\ref\net8.0\System.Linq.Parallel.dll
           C:\Program Files\dotnet\packs\Microsoft.NETCore.App.Ref\8.0.22\ref\net8.0\System.Linq.Queryable.dll
           C:\Users\toduc\.nuget\packages\system.memory.data\1.0.2\lib\netstandard2.0\System.Memory.Data.dll
           C:\Program Files\dotnet\packs\Microsoft.NETCore.App.Ref\8.0.22\ref\net8.0\System.Memory.dll
           C:\Program Files\dotnet\packs\Microsoft.NETCore.App.Ref\8.0.22\ref\net8.0\System.Net.dll
           C:\Program Files\dotnet\packs\Microsoft.NETCore.App.Ref\8.0.22\ref\net8.0\System.Net.Http.dll
           C:\Program Files\dotnet\packs\Microsoft.NETCore.App.Ref\8.0.22\ref\net8.0\System.Net.Http.Json.dll
           C:\Program Files\dotnet\packs\Microsoft.NETCore.App.Ref\8.0.22\ref\net8.0\System.Net.HttpListener.dll
           C:\Program Files\dotnet\packs\Microsoft.NETCore.App.Ref\8.0.22\ref\net8.0\System.Net.Mail.dll
           C:\Program Files\dotnet\packs\Microsoft.NETCore.App.Ref\8.0.22\ref\net8.0\System.Net.NameResolution.dll
           C:\Program Files\dotnet\packs\Microsoft.NETCore.App.Ref\8.0.22\ref\net8.0\System.Net.NetworkInformation.dll
           C:\Program Files\dotnet\packs\Microsoft.NETCore.App.Ref\8.0.22\ref\net8.0\System.Net.Ping.dll
           C:\Program Files\dotnet\packs\Microsoft.NETCore.App.Ref\8.0.22\ref\net8.0\System.Net.Primitives.dll
           C:\Program Files\dotnet\packs\Microsoft.NETCore.App.Ref\8.0.22\ref\net8.0\System.Net.Quic.dll
           C:\Program Files\dotnet\packs\Microsoft.NETCore.App.Ref\8.0.22\ref\net8.0\System.Net.Requests.dll
           C:\Program Files\dotnet\packs\Microsoft.NETCore.App.Ref\8.0.22\ref\net8.0\System.Net.Security.dll
           C:\Program Files\dotnet\packs\Microsoft.NETCore.App.Ref\8.0.22\ref\net8.0\System.Net.ServicePoint.dll
           C:\Program Files\dotnet\packs\Microsoft.NETCore.App.Ref\8.0.22\ref\net8.0\System.Net.Sockets.dll
           C:\Program Files\dotnet\packs\Microsoft.NETCore.App.Ref\8.0.22\ref\net8.0\System.Net.WebClient.dll
           C:\Program Files\dotnet\packs\Microsoft.NETCore.App.Ref\8.0.22\ref\net8.0\System.Net.WebHeaderCollection.dll
           C:\Program Files\dotnet\packs\Microsoft.NETCore.App.Ref\8.0.22\ref\net8.0\System.Net.WebProxy.dll
           C:\Program Files\dotnet\packs\Microsoft.NETCore.App.Ref\8.0.22\ref\net8.0\System.Net.WebSockets.Client.dll
           C:\Program Files\dotnet\packs\Microsoft.NETCore.App.Ref\8.0.22\ref\net8.0\System.Net.WebSockets.dll
           C:\Program Files\dotnet\packs\Microsoft.NETCore.App.Ref\8.0.22\ref\net8.0\System.Numerics.dll
           C:\Program Files\dotnet\packs\Microsoft.NETCore.App.Ref\8.0.22\ref\net8.0\System.Numerics.Vectors.dll
           C:\Program Files\dotnet\packs\Microsoft.NETCore.App.Ref\8.0.22\ref\net8.0\System.ObjectModel.dll
           C:\Program Files\dotnet\packs\Microsoft.NETCore.App.Ref\8.0.22\ref\net8.0\System.Reflection.DispatchProxy.dll
           C:\Program Files\dotnet\packs\Microsoft.NETCore.App.Ref\8.0.22\ref\net8.0\System.Reflection.dll
           C:\Program Files\dotnet\packs\Microsoft.NETCore.App.Ref\8.0.22\ref\net8.0\System.Reflection.Emit.dll
           C:\Program Files\dotnet\packs\Microsoft.NETCore.App.Ref\8.0.22\ref\net8.0\System.Reflection.Emit.ILGeneration.dll
           C:\Program Files\dotnet\packs\Microsoft.NETCore.App.Ref\8.0.22\ref\net8.0\System.Reflection.Emit.Lightweight.dll
           C:\Program Files\dotnet\packs\Microsoft.NETCore.App.Ref\8.0.22\ref\net8.0\System.Reflection.Extensions.dll
           C:\Program Files\dotnet\packs\Microsoft.NETCore.App.Ref\8.0.22\ref\net8.0\System.Reflection.Metadata.dll
           C:\Program Files\dotnet\packs\Microsoft.NETCore.App.Ref\8.0.22\ref\net8.0\System.Reflection.Primitives.dll
           C:\Program Files\dotnet\packs\Microsoft.NETCore.App.Ref\8.0.22\ref\net8.0\System.Reflection.TypeExtensions.dll
           C:\Program Files\dotnet\packs\Microsoft.NETCore.App.Ref\8.0.22\ref\net8.0\System.Resources.Reader.dll
           C:\Program Files\dotnet\packs\Microsoft.NETCore.App.Ref\8.0.22\ref\net8.0\System.Resources.ResourceManager.dll
           C:\Program Files\dotnet\packs\Microsoft.NETCore.App.Ref\8.0.22\ref\net8.0\System.Resources.Writer.dll
           C:\Program Files\dotnet\packs\Microsoft.NETCore.App.Ref\8.0.22\ref\net8.0\System.Runtime.CompilerServices.Unsafe.dll
           C:\Program Files\dotnet\packs\Microsoft.NETCore.App.Ref\8.0.22\ref\net8.0\System.Runtime.CompilerServices.VisualC.dll
           C:\Program Files\dotnet\packs\Microsoft.NETCore.App.Ref\8.0.22\ref\net8.0\System.Runtime.dll
           C:\Program Files\dotnet\packs\Microsoft.NETCore.App.Ref\8.0.22\ref\net8.0\System.Runtime.Extensions.dll
           C:\Program Files\dotnet\packs\Microsoft.NETCore.App.Ref\8.0.22\ref\net8.0\System.Runtime.Handles.dll
           C:\Program Files\dotnet\packs\Microsoft.NETCore.App.Ref\8.0.22\ref\net8.0\System.Runtime.InteropServices.dll
           C:\Program Files\dotnet\packs\Microsoft.NETCore.App.Ref\8.0.22\ref\net8.0\System.Runtime.InteropServices.JavaScript.dll
           C:\Program Files\dotnet\packs\Microsoft.NETCore.App.Ref\8.0.22\ref\net8.0\System.Runtime.InteropServices.RuntimeInformation.dll
           C:\Program Files\dotnet\packs\Microsoft.NETCore.App.Ref\8.0.22\ref\net8.0\System.Runtime.Intrinsics.dll
           C:\Program Files\dotnet\packs\Microsoft.NETCore.App.Ref\8.0.22\ref\net8.0\System.Runtime.Loader.dll
           C:\Program Files\dotnet\packs\Microsoft.NETCore.App.Ref\8.0.22\ref\net8.0\System.Runtime.Numerics.dll
           C:\Program Files\dotnet\packs\Microsoft.NETCore.App.Ref\8.0.22\ref\net8.0\System.Runtime.Serialization.dll
           C:\Program Files\dotnet\packs\Microsoft.NETCore.App.Ref\8.0.22\ref\net8.0\System.Runtime.Serialization.Formatters.dll
           C:\Program Files\dotnet\packs\Microsoft.NETCore.App.Ref\8.0.22\ref\net8.0\System.Runtime.Serialization.Json.dll
           C:\Program Files\dotnet\packs\Microsoft.NETCore.App.Ref\8.0.22\ref\net8.0\System.Runtime.Serialization.Primitives.dll
           C:\Program Files\dotnet\packs\Microsoft.NETCore.App.Ref\8.0.22\ref\net8.0\System.Runtime.Serialization.Xml.dll
           C:\Program Files\dotnet\packs\Microsoft.NETCore.App.Ref\8.0.22\ref\net8.0\System.Security.AccessControl.dll
           C:\Program Files\dotnet\packs\Microsoft.NETCore.App.Ref\8.0.22\ref\net8.0\System.Security.Claims.dll
           C:\Program Files\dotnet\packs\Microsoft.NETCore.App.Ref\8.0.22\ref\net8.0\System.Security.Cryptography.Algorithms.dll
           C:\Program Files\dotnet\packs\Microsoft.NETCore.App.Ref\8.0.22\ref\net8.0\System.Security.Cryptography.Cng.dll
           C:\Program Files\dotnet\packs\Microsoft.NETCore.App.Ref\8.0.22\ref\net8.0\System.Security.Cryptography.Csp.dll
           C:\Program Files\dotnet\packs\Microsoft.NETCore.App.Ref\8.0.22\ref\net8.0\System.Security.Cryptography.dll
           C:\Program Files\dotnet\packs\Microsoft.NETCore.App.Ref\8.0.22\ref\net8.0\System.Security.Cryptography.Encoding.dll
           C:\Program Files\dotnet\packs\Microsoft.NETCore.App.Ref\8.0.22\ref\net8.0\System.Security.Cryptography.OpenSsl.dll
           C:\Program Files\dotnet\packs\Microsoft.NETCore.App.Ref\8.0.22\ref\net8.0\System.Security.Cryptography.Primitives.dll
           C:\Users\toduc\.nuget\packages\system.security.cryptography.protecteddata\6.0.0\lib\net6.0\System.Security.Cryptography.ProtectedData.dll
           C:\Program Files\dotnet\packs\Microsoft.NETCore.App.Ref\8.0.22\ref\net8.0\System.Security.Cryptography.X509Certificates.dll
           C:\Program Files\dotnet\packs\Microsoft.AspNetCore.App.Ref\8.0.22\ref\net8.0\System.Security.Cryptography.Xml.dll
           C:\Program Files\dotnet\packs\Microsoft.NETCore.App.Ref\8.0.22\ref\net8.0\System.Security.dll
           C:\Program Files\dotnet\packs\Microsoft.NETCore.App.Ref\8.0.22\ref\net8.0\System.Security.Principal.dll
           C:\Program Files\dotnet\packs\Microsoft.NETCore.App.Ref\8.0.22\ref\net8.0\System.Security.Principal.Windows.dll
           C:\Program Files\dotnet\packs\Microsoft.NETCore.App.Ref\8.0.22\ref\net8.0\System.Security.SecureString.dll
           C:\Program Files\dotnet\packs\Microsoft.NETCore.App.Ref\8.0.22\ref\net8.0\System.ServiceModel.Web.dll
           C:\Program Files\dotnet\packs\Microsoft.NETCore.App.Ref\8.0.22\ref\net8.0\System.ServiceProcess.dll
           C:\Program Files\dotnet\packs\Microsoft.NETCore.App.Ref\8.0.22\ref\net8.0\System.Text.Encoding.CodePages.dll
           C:\Program Files\dotnet\packs\Microsoft.NETCore.App.Ref\8.0.22\ref\net8.0\System.Text.Encoding.dll
           C:\Program Files\dotnet\packs\Microsoft.NETCore.App.Ref\8.0.22\ref\net8.0\System.Text.Encoding.Extensions.dll
           C:\Program Files\dotnet\packs\Microsoft.NETCore.App.Ref\8.0.22\ref\net8.0\System.Text.Encodings.Web.dll
           C:\Program Files\dotnet\packs\Microsoft.NETCore.App.Ref\8.0.22\ref\net8.0\System.Text.Json.dll
           C:\Program Files\dotnet\packs\Microsoft.NETCore.App.Ref\8.0.22\ref\net8.0\System.Text.RegularExpressions.dll
           C:\Program Files\dotnet\packs\Microsoft.NETCore.App.Ref\8.0.22\ref\net8.0\System.Threading.Channels.dll
           C:\Program Files\dotnet\packs\Microsoft.NETCore.App.Ref\8.0.22\ref\net8.0\System.Threading.dll
           C:\Program Files\dotnet\packs\Microsoft.NETCore.App.Ref\8.0.22\ref\net8.0\System.Threading.Overlapped.dll
           C:\Program Files\dotnet\packs\Microsoft.AspNetCore.App.Ref\8.0.22\ref\net8.0\System.Threading.RateLimiting.dll
           C:\Program Files\dotnet\packs\Microsoft.NETCore.App.Ref\8.0.22\ref\net8.0\System.Threading.Tasks.Dataflow.dll
           C:\Program Files\dotnet\packs\Microsoft.NETCore.App.Ref\8.0.22\ref\net8.0\System.Threading.Tasks.dll
           C:\Program Files\dotnet\packs\Microsoft.NETCore.App.Ref\8.0.22\ref\net8.0\System.Threading.Tasks.Extensions.dll
           C:\Program Files\dotnet\packs\Microsoft.NETCore.App.Ref\8.0.22\ref\net8.0\System.Threading.Tasks.Parallel.dll
           C:\Program Files\dotnet\packs\Microsoft.NETCore.App.Ref\8.0.22\ref\net8.0\System.Threading.Thread.dll
           C:\Program Files\dotnet\packs\Microsoft.NETCore.App.Ref\8.0.22\ref\net8.0\System.Threading.ThreadPool.dll
           C:\Program Files\dotnet\packs\Microsoft.NETCore.App.Ref\8.0.22\ref\net8.0\System.Threading.Timer.dll
           C:\Program Files\dotnet\packs\Microsoft.NETCore.App.Ref\8.0.22\ref\net8.0\System.Transactions.dll
           C:\Program Files\dotnet\packs\Microsoft.NETCore.App.Ref\8.0.22\ref\net8.0\System.Transactions.Local.dll
           C:\Program Files\dotnet\packs\Microsoft.NETCore.App.Ref\8.0.22\ref\net8.0\System.ValueTuple.dll
           C:\Program Files\dotnet\packs\Microsoft.NETCore.App.Ref\8.0.22\ref\net8.0\System.Web.dll
           C:\Program Files\dotnet\packs\Microsoft.NETCore.App.Ref\8.0.22\ref\net8.0\System.Web.HttpUtility.dll
           C:\Program Files\dotnet\packs\Microsoft.NETCore.App.Ref\8.0.22\ref\net8.0\System.Windows.dll
           C:\Program Files\dotnet\packs\Microsoft.NETCore.App.Ref\8.0.22\ref\net8.0\System.Xml.dll
           C:\Program Files\dotnet\packs\Microsoft.NETCore.App.Ref\8.0.22\ref\net8.0\System.Xml.Linq.dll
           C:\Program Files\dotnet\packs\Microsoft.NETCore.App.Ref\8.0.22\ref\net8.0\System.Xml.ReaderWriter.dll
           C:\Program Files\dotnet\packs\Microsoft.NETCore.App.Ref\8.0.22\ref\net8.0\System.Xml.Serialization.dll
           C:\Program Files\dotnet\packs\Microsoft.NETCore.App.Ref\8.0.22\ref\net8.0\System.Xml.XDocument.dll
           C:\Program Files\dotnet\packs\Microsoft.NETCore.App.Ref\8.0.22\ref\net8.0\System.Xml.XmlDocument.dll
           C:\Program Files\dotnet\packs\Microsoft.NETCore.App.Ref\8.0.22\ref\net8.0\System.Xml.XmlSerializer.dll
           C:\Program Files\dotnet\packs\Microsoft.NETCore.App.Ref\8.0.22\ref\net8.0\System.Xml.XPath.dll
           C:\Program Files\dotnet\packs\Microsoft.NETCore.App.Ref\8.0.22\ref\net8.0\System.Xml.XPath.XDocument.dll
           C:\Program Files\dotnet\packs\Microsoft.NETCore.App.Ref\8.0.22\ref\net8.0\WindowsBase.dll
           obj\Debug\net8.0\do_an_tot_nghiep.csproj.CoreCompileInputs.cache
           obj\Debug\net8.0\do_an_tot_nghiep.csproj.BuildWithSkipAnalyzers
           Views\Account\AccessDenied.cshtml
           Views\Account\Login.cshtml
           Views\Account\Register.cshtml
           Views\Dashboard\Index.cshtml
           Views\DichVu\Create.cshtml
           Views\DichVu\Details.cshtml
           Views\DichVu\Edit.cshtml
           Views\DichVu\Index.cshtml
           Views\DichVu\_Form.cshtml
           Views\Home\Landing.cshtml
           Views\Home\Privacy.cshtml
           Views\HopDong\Create.cshtml
           Views\HopDong\Details.cshtml
           Views\HopDong\Extend.cshtml
           Views\HopDong\Index.cshtml
           Views\HopDong\Terminate.cshtml
           Views\HopDong\_Form.cshtml
           Views\Invoices\Details.cshtml
           Views\Invoices\Generate.cshtml
           Views\Invoices\Index.cshtml
           Views\KhachHangMain\trangchinhtimnha.cshtml
           Views\KhachThue\Create.cshtml
           Views\KhachThue\Details.cshtml
           Views\KhachThue\Edit.cshtml
           Views\KhachThue\Index.cshtml
           Views\KhachThue\_Form.cshtml
           Views\Liquidations\Create.cshtml
           Views\Liquidations\Index.cshtml
           Views\MeterReadings\Create.cshtml
           Views\MeterReadings\Details.cshtml
           Views\MeterReadings\Edit.cshtml
           Views\MeterReadings\Import.cshtml
           Views\MeterReadings\Index.cshtml
           Views\MeterReadings\_Form.cshtml
           Views\Notifications\Index.cshtml
           Views\Payment\Index.cshtml
           Views\Payment\_ConfirmPaymentDialog.cshtml
           Views\Payment\_PaymentTable.cshtml
           Views\QuanLyNha\Create.cshtml
           Views\QuanLyNha\Details.cshtml
           Views\QuanLyNha\Edit.cshtml
           Views\QuanLyNha\Index.cshtml
           Views\QuanLyPhong\Create.cshtml
           Views\QuanLyPhong\Details.cshtml
           Views\QuanLyPhong\Edit.cshtml
           Views\QuanLyPhong\Index.cshtml
           Views\RoomAssets\Create.cshtml
           Views\RoomAssets\Details.cshtml
           Views\RoomAssets\Edit.cshtml
           Views\RoomAssets\Index.cshtml
           Views\Shared\Error.cshtml
           Views\Shared\_ImageGallery.cshtml
           Views\Shared\_ImageUploader.cshtml
           Views\Shared\_ResetPasswordModal.cshtml
           Views\Shared\_RoomAssetForm.cshtml
           Views\Shared\_UserForm.cshtml
           Views\Shared\_ValidationScriptsPartial.cshtml
           Views\SystemConfigs\Index.cshtml
           Views\TenantPortal\Index.cshtml
           Views\Tickets\Create.cshtml
           Views\Tickets\Details.cshtml
           Views\Tickets\Edit.cshtml
           Views\Tickets\Index.cshtml
           Views\Users\Create.cshtml
           Views\Users\Details.cshtml
           Views\Users\Edit.cshtml
           Views\Users\Index.cshtml
           Views\Users\_Form.cshtml
           Views\_ViewImports.cshtml
           Views\_ViewStart.cshtml
           Views\Shared\_Layout.cshtml
           C:\Program Files\dotnet\sdk\10.0.100\Sdks\Microsoft.NET.Sdk.Web\analyzers\cs\Microsoft.AspNetCore.Analyzers.dll
           C:\Program Files\dotnet\sdk\10.0.100\Sdks\Microsoft.NET.Sdk.Web\analyzers\cs\Microsoft.AspNetCore.Mvc.Analyzers.dll
           C:\Program Files\dotnet\sdk\10.0.100\Sdks\Microsoft.NET.Sdk\targets\..\analyzers\Microsoft.CodeAnalysis.CSharp.NetAnalyzers.dll
           C:\Program Files\dotnet\sdk\10.0.100\Sdks\Microsoft.NET.Sdk\targets\..\analyzers\Microsoft.CodeAnalysis.NetAnalyzers.dll
           C:\Users\toduc\.nuget\packages\microsoft.codeanalysis.analyzers\3.3.3\analyzers\dotnet\cs\Microsoft.CodeAnalysis.Analyzers.dll
           C:\Users\toduc\.nuget\packages\microsoft.codeanalysis.analyzers\3.3.3\analyzers\dotnet\cs\Microsoft.CodeAnalysis.CSharp.Analyzers.dll
           C:\Users\toduc\.nuget\packages\microsoft.entityframeworkcore.analyzers\8.0.0\analyzers\dotnet\cs\Microsoft.EntityFrameworkCore.Analyzers.dll
           C:\Program Files\dotnet\packs\Microsoft.NETCore.App.Ref\8.0.22\analyzers/dotnet/cs/Microsoft.Interop.ComInterfaceGenerator.dll
           C:\Program Files\dotnet\packs\Microsoft.NETCore.App.Ref\8.0.22\analyzers/dotnet/cs/Microsoft.Interop.JavaScript.JSImportGenerator.dll
           C:\Program Files\dotnet\packs\Microsoft.NETCore.App.Ref\8.0.22\analyzers/dotnet/cs/Microsoft.Interop.LibraryImportGenerator.dll
           C:\Program Files\dotnet\packs\Microsoft.NETCore.App.Ref\8.0.22\analyzers/dotnet/cs/Microsoft.Interop.SourceGeneration.dll
           C:\Program Files\dotnet\packs\Microsoft.NETCore.App.Ref\8.0.22\analyzers/dotnet/cs/System.Text.Json.SourceGeneration.dll
           C:\Program Files\dotnet\packs\Microsoft.NETCore.App.Ref\8.0.22\analyzers/dotnet/cs/System.Text.RegularExpressions.Generator.dll
           C:\Program Files\dotnet\packs\Microsoft.AspNetCore.App.Ref\8.0.22\analyzers/dotnet/cs/Microsoft.AspNetCore.App.Analyzers.dll
           C:\Program Files\dotnet\packs\Microsoft.AspNetCore.App.Ref\8.0.22\analyzers/dotnet/cs/Microsoft.AspNetCore.App.CodeFixes.dll
           C:\Program Files\dotnet\packs\Microsoft.AspNetCore.App.Ref\8.0.22\analyzers/dotnet/cs/Microsoft.AspNetCore.Components.Analyzers.dll
           C:\Program Files\dotnet\packs\Microsoft.AspNetCore.App.Ref\8.0.22\analyzers/dotnet/roslyn4.4/cs/Microsoft.Extensions.Logging.Generators.dll
           C:\Program Files\dotnet\packs\Microsoft.AspNetCore.App.Ref\8.0.22\analyzers/dotnet/roslyn4.4/cs/Microsoft.Extensions.Options.SourceGeneration.dll
           C:\Program Files\dotnet\sdk\10.0.100\Sdks\Microsoft.NET.Sdk.Razor\targets\..\source-generators\Microsoft.AspNetCore.Razor.Utilities.Shared.dll
           C:\Program Files\dotnet\sdk\10.0.100\Sdks\Microsoft.NET.Sdk.Razor\targets\..\source-generators\Microsoft.CodeAnalysis.Razor.Compiler.dll
           C:\Program Files\dotnet\sdk\10.0.100\Sdks\Microsoft.NET.Sdk.Razor\targets\..\source-generators\Microsoft.Extensions.ObjectPool.dll
           obj\Debug\net8.0\do_an_tot_nghiep.GeneratedMSBuildEditorConfig.editorconfig
           C:\Program Files\dotnet\sdk\10.0.100\Sdks\Microsoft.NET.Sdk\analyzers\build\config\analysislevel_8_default.globalconfig
           C:\Users\toduc\Downloads\SmartStay\obj\do_an_tot_nghiep.csproj.nuget.g.targets
           C:\Program Files\dotnet\sdk\10.0.100\Current\Microsoft.Common.targets\ImportAfter\Microsoft.TestPlatform.ImportAfter.targets
           obj\Debug\net8.0\do_an_tot_nghiep.sourcelink.json
       Output files: 
           obj\Debug\net8.0\do_an_tot_nghiep.xml
           obj\Debug\net8.0\do_an_tot_nghiep.dll
           obj\Debug\net8.0\refint\do_an_tot_nghiep.dll
           obj\Debug\net8.0\do_an_tot_nghiep.pdb
       C:\Program Files\dotnet\sdk\10.0.100\Roslyn\Microsoft.CSharp.Core.targets(66,7): message : Property reassignment: $(NoWarn)="1701;1702;1591;1701;1702" (previous value: "1701;1702;1591") at C:\Program Files\dotnet\sdk\10.0.100\Roslyn\Microsoft.CSharp.Core.targets (66,7) [C:\Users\toduc\Downloads\SmartStay\do_an_tot_nghiep.csproj]
   1:7>Done building target "CoreCompile" in project "do_an_tot_nghiep.csproj".
   1:7>Target "AfterCompile" in file "C:\Program Files\dotnet\sdk\10.0.100\Microsoft.Common.CurrentVersion.targets" from project "C:\Users\toduc\Downloads\SmartStay\do_an_tot_nghiep.csproj" (target "Compile" depends on it):
   1:7>Done building target "AfterCompile" in project "do_an_tot_nghiep.csproj".
       Target "_GetAppHostPaths" skipped. Previously built successfully.
       Target "_GetAppHostCreationConfiguration" skipped. Previously built successfully.
       Target "CoreCompile" skipped. Previously built successfully.
   1:7>Target "_CreateAppHost" in file "C:\Program Files\dotnet\sdk\10.0.100\Sdks\Microsoft.NET.Sdk\targets\Microsoft.NET.Sdk.targets" from project "C:\Users\toduc\Downloads\SmartStay\do_an_tot_nghiep.csproj" (target "Compile" depends on it):
       Skipping target "_CreateAppHost" because all output files are up-to-date with respect to the input files.
       Input files: 
           obj\Debug\net8.0\do_an_tot_nghiep.dll
           C:\Program Files\dotnet\packs\Microsoft.NETCore.App.Host.win-x64\8.0.22\runtimes\win-x64\native\apphost.exe
       Output files: C:\Users\toduc\Downloads\SmartStay\obj\Debug\net8.0\apphost.exe
   1:7>Done building target "_CreateAppHost" in project "do_an_tot_nghiep.csproj".
   1:7>Target "Compile" in file "C:\Program Files\dotnet\sdk\10.0.100\Microsoft.Common.CurrentVersion.targets" from project "C:\Users\toduc\Downloads\SmartStay\do_an_tot_nghiep.csproj" (target "CoreBuild" depends on it):
   1:7>Done building target "Compile" in project "do_an_tot_nghiep.csproj".
   1:7>Target "_GenerateSatelliteAssemblyInputs" in file "C:\Program Files\dotnet\sdk\10.0.100\Microsoft.Common.CurrentVersion.targets" from project "C:\Users\toduc\Downloads\SmartStay\do_an_tot_nghiep.csproj" (target "CreateSatelliteAssemblies" depends on it):
   1:7>Done building target "_GenerateSatelliteAssemblyInputs" in project "do_an_tot_nghiep.csproj".
   1:7>Target "CreateSatelliteAssemblies" in file "C:\Program Files\dotnet\sdk\10.0.100\Microsoft.Common.CurrentVersion.targets" from project "C:\Users\toduc\Downloads\SmartStay\do_an_tot_nghiep.csproj" (target "CoreBuild" depends on it):
   1:7>Done building target "CreateSatelliteAssemblies" in project "do_an_tot_nghiep.csproj".
   1:7>Target "GetTargetPathWithTargetPlatformMoniker" in file "C:\Program Files\dotnet\sdk\10.0.100\Microsoft.Common.CurrentVersion.targets" from project "C:\Users\toduc\Downloads\SmartStay\do_an_tot_nghiep.csproj" (target "GetTargetPath" depends on it):
   1:7>Done building target "GetTargetPathWithTargetPlatformMoniker" in project "do_an_tot_nghiep.csproj".
   1:7>Target "GetTargetPath" in file "C:\Program Files\dotnet\sdk\10.0.100\Microsoft.Common.CurrentVersion.targets" from project "C:\Users\toduc\Downloads\SmartStay\do_an_tot_nghiep.csproj" (target "CoreBuild" depends on it):
   1:7>Done building target "GetTargetPath" in project "do_an_tot_nghiep.csproj".
   1:7>Target "RazorCompile" in file "C:\Program Files\dotnet\sdk\10.0.100\Sdks\Microsoft.NET.Sdk.Razor\targets\Sdk.Razor.CurrentVersion.targets" from project "C:\Users\toduc\Downloads\SmartStay\do_an_tot_nghiep.csproj" (target "_RazorPrepareForRun" depends on it):
   1:7>Done building target "RazorCompile" in project "do_an_tot_nghiep.csproj".
   1:7>Target "_RazorPrepareForRun" in file "C:\Program Files\dotnet\sdk\10.0.100\Sdks\Microsoft.NET.Sdk.Razor\targets\Sdk.Razor.CurrentVersion.targets" from project "C:\Users\toduc\Downloads\SmartStay\do_an_tot_nghiep.csproj" (target "PrepareForRun" depends on it):
   1:7>Done building target "_RazorPrepareForRun" in project "do_an_tot_nghiep.csproj".
       Target "UpdateExistingPackageStaticWebAssets" skipped. Previously built successfully.
       Target "ResolveProjectStaticWebAssets" skipped. Previously built successfully.
   1:7>Target "ResolveEmbeddedProjectsStaticWebAssets" in file "C:\Program Files\dotnet\sdk\10.0.100\Sdks\Microsoft.NET.Sdk.StaticWebAssets\targets\Microsoft.NET.Sdk.StaticWebAssets.EmbeddedAssets.targets" from project "C:\Users\toduc\Downloads\SmartStay\do_an_tot_nghiep.csproj" (target "ResolveCoreStaticWebAssets" depends on it):
   1:7>Done building target "ResolveEmbeddedProjectsStaticWebAssets" in project "do_an_tot_nghiep.csproj".
       Target "ResolveStaticWebAssetsConfiguration" skipped. Previously built successfully.
       Target "PrepareProjectReferences" skipped. Previously built successfully.
   1:7>Target "ResolveReferencedProjectsStaticWebAssetsConfiguration" in file "C:\Program Files\dotnet\sdk\10.0.100\Sdks\Microsoft.NET.Sdk.StaticWebAssets\targets\Microsoft.NET.Sdk.StaticWebAssets.References.targets" from project "C:\Users\toduc\Downloads\SmartStay\do_an_tot_nghiep.csproj" (target "ResolveReferencedProjectsStaticWebAssets" depends on it):
       Using "MergeConfigurationProperties" task from assembly "C:\Program Files\dotnet\sdk\10.0.100\Sdks\Microsoft.NET.Sdk.StaticWebAssets\targets\..\tasks\net10.0\Microsoft.NET.Sdk.StaticWebAssets.Tasks.dll".
       Task "MergeConfigurationProperties"
       Done executing task "MergeConfigurationProperties".
   1:7>Done building target "ResolveReferencedProjectsStaticWebAssetsConfiguration" in project "do_an_tot_nghiep.csproj".
   1:7>Target "ResolveReferencedProjectsStaticWebAssets" in file "C:\Program Files\dotnet\sdk\10.0.100\Sdks\Microsoft.NET.Sdk.StaticWebAssets\targets\Microsoft.NET.Sdk.StaticWebAssets.References.targets" from project "C:\Users\toduc\Downloads\SmartStay\do_an_tot_nghiep.csproj" (target "ResolveCoreStaticWebAssets" depends on it):
   1:7>Done building target "ResolveReferencedProjectsStaticWebAssets" in project "do_an_tot_nghiep.csproj".
   1:7>Target "ResolveJsInitializerModuleStaticWebAssets" in file "C:\Program Files\dotnet\sdk\10.0.100\Sdks\Microsoft.NET.Sdk.StaticWebAssets\targets\Microsoft.NET.Sdk.StaticWebAssets.JSModules.targets" from project "C:\Users\toduc\Downloads\SmartStay\do_an_tot_nghiep.csproj" (target "ResolveCoreStaticWebAssets" depends on it):
       Task "DefineStaticWebAssets"
         Cache is fully up to date.
       Done executing task "DefineStaticWebAssets".
       Task "DefineStaticWebAssetEndpoints"
         Removing endpoints for asset 'C:\Users\toduc\Downloads\SmartStay\wwwroot\lib\jquery-validation\dist\additional-methods.min.js' because it no longer exists.
         Removing endpoints for asset 'C:\Users\toduc\Downloads\SmartStay\wwwroot\lib\jquery-validation\dist\additional-methods.min.js' because it no longer exists.
         Removing endpoints for asset 'C:\Users\toduc\Downloads\SmartStay\wwwroot\lib\jquery-validation\dist\jquery.validate.js' because it no longer exists.
         Removing endpoints for asset 'C:\Users\toduc\Downloads\SmartStay\wwwroot\lib\jquery-validation\dist\jquery.validate.js' because it no longer exists.
         Removing endpoints for asset 'C:\Users\toduc\Downloads\SmartStay\wwwroot\lib\jquery-validation\dist\jquery.validate.min.js' because it no longer exists.
         Removing endpoints for asset 'C:\Users\toduc\Downloads\SmartStay\wwwroot\lib\jquery-validation\dist\jquery.validate.min.js' because it no longer exists.
         Removing endpoints for asset 'C:\Users\toduc\Downloads\SmartStay\wwwroot\lib\jquery-validation\LICENSE.md' because it no longer exists.
         Removing endpoints for asset 'C:\Users\toduc\Downloads\SmartStay\wwwroot\lib\jquery-validation\LICENSE.md' because it no longer exists.
         Removing endpoints for asset 'C:\Users\toduc\Downloads\SmartStay\wwwroot\lib\jquery\dist\jquery.js' because it no longer exists.
         Removing endpoints for asset 'C:\Users\toduc\Downloads\SmartStay\wwwroot\lib\jquery\dist\jquery.js' because it no longer exists.
         Removing endpoints for asset 'C:\Users\toduc\Downloads\SmartStay\wwwroot\lib\jquery\dist\jquery.min.js' because it no longer exists.
         Removing endpoints for asset 'C:\Users\toduc\Downloads\SmartStay\wwwroot\lib\jquery\dist\jquery.min.js' because it no longer exists.
         Removing endpoints for asset 'C:\Users\toduc\Downloads\SmartStay\wwwroot\lib\jquery\dist\jquery.min.map' because it no longer exists.
         Removing endpoints for asset 'C:\Users\toduc\Downloads\SmartStay\wwwroot\lib\jquery\dist\jquery.min.map' because it no longer exists.
         Removing endpoints for asset 'C:\Users\toduc\Downloads\SmartStay\wwwroot\lib\jquery\LICENSE.txt' because it no longer exists.
         Removing endpoints for asset 'C:\Users\toduc\Downloads\SmartStay\wwwroot\lib\jquery\LICENSE.txt' because it no longer exists.
         Removing endpoints for asset 'C:\Users\toduc\Downloads\SmartStay\wwwroot\uploads\buildings\1\fe8d616a-d80d-4b94-a73d-cc97ce64113c.png' because it no longer exists.
         Removing endpoints for asset 'C:\Users\toduc\Downloads\SmartStay\wwwroot\uploads\buildings\1\fe8d616a-d80d-4b94-a73d-cc97ce64113c.png' because it no longer exists.
         Removing endpoints for asset 'C:\Users\toduc\Downloads\SmartStay\wwwroot\uploads\rooms\1\0a9d22b3-c982-401f-b01f-9425793078b4.png' because it no longer exists.
         Removing endpoints for asset 'C:\Users\toduc\Downloads\SmartStay\wwwroot\uploads\rooms\1\0a9d22b3-c982-401f-b01f-9425793078b4.png' because it no longer exists.
         Removing endpoints for asset 'C:\Users\toduc\Downloads\SmartStay\wwwroot\uploads\rooms\1\fff77a6f-9794-4d4f-8847-79f15c93d33b.png' because it no longer exists.
         Removing endpoints for asset 'C:\Users\toduc\Downloads\SmartStay\wwwroot\uploads\rooms\1\fff77a6f-9794-4d4f-8847-79f15c93d33b.png' because it no longer exists.
         Removing endpoints for asset 'C:\Users\toduc\Downloads\SmartStay\wwwroot\lib\bootstrap\dist\css\bootstrap-utilities.min.css.map' because it no longer exists.
         Removing endpoints for asset 'C:\Users\toduc\Downloads\SmartStay\wwwroot\lib\bootstrap\dist\css\bootstrap-utilities.min.css.map' because it no longer exists.
         Removing endpoints for asset 'C:\Users\toduc\Downloads\SmartStay\wwwroot\lib\bootstrap\dist\css\bootstrap-utilities.rtl.css' because it no longer exists.
         Removing endpoints for asset 'C:\Users\toduc\Downloads\SmartStay\wwwroot\lib\bootstrap\dist\css\bootstrap-utilities.rtl.css' because it no longer exists.
         Removing endpoints for asset 'C:\Users\toduc\Downloads\SmartStay\wwwroot\lib\bootstrap\dist\css\bootstrap-utilities.rtl.css.map' because it no longer exists.
         Removing endpoints for asset 'C:\Users\toduc\Downloads\SmartStay\wwwroot\lib\bootstrap\dist\css\bootstrap-utilities.rtl.css.map' because it no longer exists.
         Removing endpoints for asset 'C:\Users\toduc\Downloads\SmartStay\wwwroot\lib\bootstrap\dist\css\bootstrap-utilities.rtl.min.css' because it no longer exists.
         Removing endpoints for asset 'C:\Users\toduc\Downloads\SmartStay\wwwroot\lib\bootstrap\dist\css\bootstrap-utilities.rtl.min.css' because it no longer exists.
         Removing endpoints for asset 'C:\Users\toduc\Downloads\SmartStay\wwwroot\lib\bootstrap\dist\css\bootstrap-utilities.rtl.min.css.map' because it no longer exists.
         Removing endpoints for asset 'C:\Users\toduc\Downloads\SmartStay\wwwroot\lib\bootstrap\dist\css\bootstrap-utilities.rtl.min.css.map' because it no longer exists.
         Removing endpoints for asset 'C:\Users\toduc\Downloads\SmartStay\wwwroot\lib\bootstrap\dist\css\bootstrap.css' because it no longer exists.
         Removing endpoints for asset 'C:\Users\toduc\Downloads\SmartStay\wwwroot\lib\bootstrap\dist\css\bootstrap.css' because it no longer exists.
         Removing endpoints for asset 'C:\Users\toduc\Downloads\SmartStay\wwwroot\lib\bootstrap\dist\css\bootstrap.css.map' because it no longer exists.
         Removing endpoints for asset 'C:\Users\toduc\Downloads\SmartStay\wwwroot\lib\bootstrap\dist\css\bootstrap.css.map' because it no longer exists.
         Removing endpoints for asset 'C:\Users\toduc\Downloads\SmartStay\wwwroot\lib\bootstrap\dist\js\bootstrap.bundle.min.js' because it no longer exists.
         Removing endpoints for asset 'C:\Users\toduc\Downloads\SmartStay\wwwroot\lib\bootstrap\dist\js\bootstrap.bundle.min.js' because it no longer exists.
         Removing endpoints for asset 'C:\Users\toduc\Downloads\SmartStay\wwwroot\lib\bootstrap\dist\js\bootstrap.bundle.min.js.map' because it no longer exists.
         Removing endpoints for asset 'C:\Users\toduc\Downloads\SmartStay\wwwroot\lib\bootstrap\dist\js\bootstrap.bundle.min.js.map' because it no longer exists.
         Removing endpoints for asset 'C:\Users\toduc\Downloads\SmartStay\wwwroot\lib\bootstrap\dist\js\bootstrap.esm.js' because it no longer exists.
         Removing endpoints for asset 'C:\Users\toduc\Downloads\SmartStay\wwwroot\lib\bootstrap\dist\js\bootstrap.esm.js' because it no longer exists.
         Removing endpoints for asset 'C:\Users\toduc\Downloads\SmartStay\wwwroot\lib\bootstrap\dist\js\bootstrap.esm.js.map' because it no longer exists.
         Removing endpoints for asset 'C:\Users\toduc\Downloads\SmartStay\wwwroot\lib\bootstrap\dist\js\bootstrap.esm.js.map' because it no longer exists.
         Removing endpoints for asset 'C:\Users\toduc\Downloads\SmartStay\wwwroot\lib\bootstrap\dist\js\bootstrap.esm.min.js' because it no longer exists.
         Removing endpoints for asset 'C:\Users\toduc\Downloads\SmartStay\wwwroot\lib\bootstrap\dist\js\bootstrap.esm.min.js' because it no longer exists.
         Removing endpoints for asset 'C:\Users\toduc\Downloads\SmartStay\wwwroot\lib\bootstrap\dist\js\bootstrap.min.js' because it no longer exists.
         Removing endpoints for asset 'C:\Users\toduc\Downloads\SmartStay\wwwroot\lib\bootstrap\dist\js\bootstrap.min.js' because it no longer exists.
         Removing endpoints for asset 'C:\Users\toduc\Downloads\SmartStay\wwwroot\lib\bootstrap\dist\js\bootstrap.min.js.map' because it no longer exists.
         Removing endpoints for asset 'C:\Users\toduc\Downloads\SmartStay\wwwroot\lib\bootstrap\dist\js\bootstrap.min.js.map' because it no longer exists.
         Removing endpoints for asset 'C:\Users\toduc\Downloads\SmartStay\wwwroot\lib\bootstrap\LICENSE' because it no longer exists.
         Removing endpoints for asset 'C:\Users\toduc\Downloads\SmartStay\wwwroot\lib\bootstrap\LICENSE' because it no longer exists.
         Removing endpoints for asset 'C:\Users\toduc\Downloads\SmartStay\wwwroot\lib\jquery-validation-unobtrusive\jquery.validate.unobtrusive.js' because it no longer exists.
         Removing endpoints for asset 'C:\Users\toduc\Downloads\SmartStay\wwwroot\lib\jquery-validation-unobtrusive\jquery.validate.unobtrusive.js' because it no longer exists.
         Removing endpoints for asset 'C:\Users\toduc\Downloads\SmartStay\wwwroot\lib\jquery-validation-unobtrusive\jquery.validate.unobtrusive.min.js' because it no longer exists.
         Removing endpoints for asset 'C:\Users\toduc\Downloads\SmartStay\wwwroot\lib\jquery-validation-unobtrusive\jquery.validate.unobtrusive.min.js' because it no longer exists.
         Removing endpoints for asset 'C:\Users\toduc\Downloads\SmartStay\wwwroot\lib\jquery-validation-unobtrusive\LICENSE.txt' because it no longer exists.
         Removing endpoints for asset 'C:\Users\toduc\Downloads\SmartStay\wwwroot\lib\jquery-validation-unobtrusive\LICENSE.txt' because it no longer exists.
         Removing endpoints for asset 'C:\Users\toduc\Downloads\SmartStay\wwwroot\lib\jquery-validation\dist\additional-methods.js' because it no longer exists.
         Removing endpoints for asset 'C:\Users\toduc\Downloads\SmartStay\wwwroot\lib\jquery-validation\dist\additional-methods.js' because it no longer exists.
         Removing endpoints for asset 'C:\Users\toduc\Downloads\SmartStay\wwwroot\images\phongtro\5aaefbd0-a470-4226-af4b-8cb261593738_Screenshot 2026-01-12 210119.png' because it no longer exists.
         Removing endpoints for asset 'C:\Users\toduc\Downloads\SmartStay\wwwroot\images\phongtro\5aaefbd0-a470-4226-af4b-8cb261593738_Screenshot 2026-01-12 210119.png' because it no longer exists.
         Removing endpoints for asset 'C:\Users\toduc\Downloads\SmartStay\wwwroot\lib\bootstrap\dist\css\bootstrap-reboot.css' because it no longer exists.
         Removing endpoints for asset 'C:\Users\toduc\Downloads\SmartStay\wwwroot\lib\bootstrap\dist\css\bootstrap-reboot.css' because it no longer exists.
         Removing endpoints for asset 'C:\Users\toduc\Downloads\SmartStay\wwwroot\lib\bootstrap\dist\js\bootstrap.esm.min.js.map' because it no longer exists.
         Removing endpoints for asset 'C:\Users\toduc\Downloads\SmartStay\wwwroot\lib\bootstrap\dist\js\bootstrap.esm.min.js.map' because it no longer exists.
         Removing endpoints for asset 'C:\Users\toduc\Downloads\SmartStay\wwwroot\lib\bootstrap\dist\js\bootstrap.js' because it no longer exists.
         Removing endpoints for asset 'C:\Users\toduc\Downloads\SmartStay\wwwroot\lib\bootstrap\dist\js\bootstrap.js' because it no longer exists.
         Removing endpoints for asset 'C:\Users\toduc\Downloads\SmartStay\wwwroot\lib\bootstrap\dist\js\bootstrap.js.map' because it no longer exists.
         Removing endpoints for asset 'C:\Users\toduc\Downloads\SmartStay\wwwroot\lib\bootstrap\dist\js\bootstrap.js.map' because it no longer exists.
         Removing endpoints for asset 'C:\Users\toduc\Downloads\SmartStay\wwwroot\lib\bootstrap\dist\css\bootstrap-reboot.css.map' because it no longer exists.
         Removing endpoints for asset 'C:\Users\toduc\Downloads\SmartStay\wwwroot\lib\bootstrap\dist\css\bootstrap-reboot.css.map' because it no longer exists.
         Removing endpoints for asset 'C:\Users\toduc\Downloads\SmartStay\wwwroot\lib\bootstrap\dist\css\bootstrap-reboot.min.css' because it no longer exists.
         Removing endpoints for asset 'C:\Users\toduc\Downloads\SmartStay\wwwroot\lib\bootstrap\dist\css\bootstrap-reboot.min.css' because it no longer exists.
         Removing endpoints for asset 'C:\Users\toduc\Downloads\SmartStay\wwwroot\lib\bootstrap\dist\css\bootstrap-reboot.min.css.map' because it no longer exists.
         Removing endpoints for asset 'C:\Users\toduc\Downloads\SmartStay\wwwroot\lib\bootstrap\dist\css\bootstrap-reboot.min.css.map' because it no longer exists.
         Removing endpoints for asset 'C:\Users\toduc\Downloads\SmartStay\wwwroot\lib\bootstrap\dist\css\bootstrap-reboot.rtl.css' because it no longer exists.
         Removing endpoints for asset 'C:\Users\toduc\Downloads\SmartStay\wwwroot\lib\bootstrap\dist\css\bootstrap-reboot.rtl.css' because it no longer exists.
         Removing endpoints for asset 'C:\Users\toduc\Downloads\SmartStay\wwwroot\lib\bootstrap\dist\css\bootstrap-reboot.rtl.css.map' because it no longer exists.
         Removing endpoints for asset 'C:\Users\toduc\Downloads\SmartStay\wwwroot\lib\bootstrap\dist\css\bootstrap-reboot.rtl.css.map' because it no longer exists.
         Removing endpoints for asset 'C:\Users\toduc\Downloads\SmartStay\wwwroot\lib\bootstrap\dist\css\bootstrap-reboot.rtl.min.css' because it no longer exists.
         Removing endpoints for asset 'C:\Users\toduc\Downloads\SmartStay\wwwroot\lib\bootstrap\dist\css\bootstrap-reboot.rtl.min.css' because it no longer exists.
         Removing endpoints for asset 'C:\Users\toduc\Downloads\SmartStay\wwwroot\lib\bootstrap\dist\css\bootstrap-reboot.rtl.min.css.map' because it no longer exists.
         Removing endpoints for asset 'C:\Users\toduc\Downloads\SmartStay\wwwroot\lib\bootstrap\dist\css\bootstrap-reboot.rtl.min.css.map' because it no longer exists.
         Removing endpoints for asset 'C:\Users\toduc\Downloads\SmartStay\wwwroot\lib\bootstrap\dist\css\bootstrap-utilities.css' because it no longer exists.
         Removing endpoints for asset 'C:\Users\toduc\Downloads\SmartStay\wwwroot\lib\bootstrap\dist\css\bootstrap-utilities.css' because it no longer exists.
         Removing endpoints for asset 'C:\Users\toduc\Downloads\SmartStay\wwwroot\lib\bootstrap\dist\css\bootstrap-utilities.css.map' because it no longer exists.
         Removing endpoints for asset 'C:\Users\toduc\Downloads\SmartStay\wwwroot\lib\bootstrap\dist\css\bootstrap-utilities.css.map' because it no longer exists.
         Removing endpoints for asset 'C:\Users\toduc\Downloads\SmartStay\wwwroot\lib\bootstrap\dist\css\bootstrap-utilities.min.css' because it no longer exists.
         Removing endpoints for asset 'C:\Users\toduc\Downloads\SmartStay\wwwroot\lib\bootstrap\dist\css\bootstrap-utilities.min.css' because it no longer exists.
         Removing endpoints for asset 'C:\Users\toduc\Downloads\SmartStay\wwwroot\lib\bootstrap\dist\css\bootstrap.rtl.css' because it no longer exists.
         Removing endpoints for asset 'C:\Users\toduc\Downloads\SmartStay\wwwroot\lib\bootstrap\dist\css\bootstrap.rtl.css' because it no longer exists.
         Removing endpoints for asset 'C:\Users\toduc\Downloads\SmartStay\wwwroot\uploads\rooms\1\e752d234-45c1-40f0-abdb-208071a8ff51.png' because it no longer exists.
         Removing endpoints for asset 'C:\Users\toduc\Downloads\SmartStay\wwwroot\uploads\rooms\1\e752d234-45c1-40f0-abdb-208071a8ff51.png' because it no longer exists.
         Removing endpoints for asset 'C:\Users\toduc\Downloads\SmartStay\wwwroot\lib\bootstrap\dist\css\bootstrap.min.css' because it no longer exists.
         Removing endpoints for asset 'C:\Users\toduc\Downloads\SmartStay\wwwroot\lib\bootstrap\dist\css\bootstrap.min.css' because it no longer exists.
         Removing endpoints for asset 'C:\Users\toduc\Downloads\SmartStay\wwwroot\lib\bootstrap\dist\css\bootstrap.min.css.map' because it no longer exists.
         Removing endpoints for asset 'C:\Users\toduc\Downloads\SmartStay\wwwroot\lib\bootstrap\dist\css\bootstrap.min.css.map' because it no longer exists.
         Removing endpoints for asset 'C:\Users\toduc\Downloads\SmartStay\wwwroot\css\app.css' because it no longer exists.
         Removing endpoints for asset 'C:\Users\toduc\Downloads\SmartStay\wwwroot\css\app.css' because it no longer exists.
         Removing endpoints for asset 'C:\Users\toduc\Downloads\SmartStay\wwwroot\favicon.ico' because it no longer exists.
         Removing endpoints for asset 'C:\Users\toduc\Downloads\SmartStay\wwwroot\favicon.ico' because it no longer exists.
         Removing endpoints for asset 'C:\Users\toduc\Downloads\SmartStay\wwwroot\images\khachthue\169ac11e-51c2-4ec0-83f6-fa06099c9c31.jpg' because it no longer exists.
         Removing endpoints for asset 'C:\Users\toduc\Downloads\SmartStay\wwwroot\images\khachthue\169ac11e-51c2-4ec0-83f6-fa06099c9c31.jpg' because it no longer exists.
         Removing endpoints for asset 'C:\Users\toduc\Downloads\SmartStay\wwwroot\images\khachthue\30a94b26-aaa2-4ca2-9846-863d70df0a1d.png' because it no longer exists.
         Removing endpoints for asset 'C:\Users\toduc\Downloads\SmartStay\wwwroot\images\khachthue\30a94b26-aaa2-4ca2-9846-863d70df0a1d.png' because it no longer exists.
         Removing endpoints for asset 'C:\Users\toduc\Downloads\SmartStay\wwwroot\images\khachthue\470101b0-382e-4610-990d-27d313a70c2b.jpg' because it no longer exists.
         Removing endpoints for asset 'C:\Users\toduc\Downloads\SmartStay\wwwroot\images\khachthue\470101b0-382e-4610-990d-27d313a70c2b.jpg' because it no longer exists.
         Removing endpoints for asset 'C:\Users\toduc\Downloads\SmartStay\wwwroot\images\khachthue\52e1789c-bb93-4a31-9b32-e47b66085be5.jpg' because it no longer exists.
         Removing endpoints for asset 'C:\Users\toduc\Downloads\SmartStay\wwwroot\images\khachthue\52e1789c-bb93-4a31-9b32-e47b66085be5.jpg' because it no longer exists.
         Removing endpoints for asset 'C:\Users\toduc\Downloads\SmartStay\wwwroot\images\khachthue\7159c391-099e-4253-9500-cb82a64568b8.png' because it no longer exists.
         Removing endpoints for asset 'C:\Users\toduc\Downloads\SmartStay\wwwroot\images\khachthue\7159c391-099e-4253-9500-cb82a64568b8.png' because it no longer exists.
         Removing endpoints for asset 'C:\Users\toduc\Downloads\SmartStay\wwwroot\images\phongtro\5f80b730-a380-4890-bfdf-aef6318a2702_banner_sinh_ton_noi_hoang_da.png' because it no longer exists.
         Removing endpoints for asset 'C:\Users\toduc\Downloads\SmartStay\wwwroot\images\phongtro\5f80b730-a380-4890-bfdf-aef6318a2702_banner_sinh_ton_noi_hoang_da.png' because it no longer exists.
         Removing endpoints for asset 'C:\Users\toduc\Downloads\SmartStay\wwwroot\images\phongtro\6993ec13-6289-47b2-96ba-c24b06b39956_banner_sinh_ton_noi_hoang_da.png' because it no longer exists.
         Removing endpoints for asset 'C:\Users\toduc\Downloads\SmartStay\wwwroot\images\phongtro\6993ec13-6289-47b2-96ba-c24b06b39956_banner_sinh_ton_noi_hoang_da.png' because it no longer exists.
         Removing endpoints for asset 'C:\Users\toduc\Downloads\SmartStay\wwwroot\images\phongtro\69a9928a-378e-4387-8584-f0ca93c81297_banner_sinh_ton_noi_hoang_da.png' because it no longer exists.
         Removing endpoints for asset 'C:\Users\toduc\Downloads\SmartStay\wwwroot\images\phongtro\69a9928a-378e-4387-8584-f0ca93c81297_banner_sinh_ton_noi_hoang_da.png' because it no longer exists.
         Removing endpoints for asset 'C:\Users\toduc\Downloads\SmartStay\wwwroot\images\phongtro\7d8c4580-9fe6-40dd-a094-c830d8cb364e_Screenshot 2026-02-06 224252.png' because it no longer exists.
         Removing endpoints for asset 'C:\Users\toduc\Downloads\SmartStay\wwwroot\images\phongtro\7d8c4580-9fe6-40dd-a094-c830d8cb364e_Screenshot 2026-02-06 224252.png' because it no longer exists.
         Removing endpoints for asset 'C:\Users\toduc\Downloads\SmartStay\wwwroot\images\phongtro\9a246d91-4772-49b4-a7e4-5aa765689bc9_tải xuống.jpg' because it no longer exists.
         Removing endpoints for asset 'C:\Users\toduc\Downloads\SmartStay\wwwroot\images\phongtro\9a246d91-4772-49b4-a7e4-5aa765689bc9_tải xuống.jpg' because it no longer exists.
         Removing endpoints for asset 'C:\Users\toduc\Downloads\SmartStay\wwwroot\images\phongtro\a873c948-f3e4-4c0d-bf7e-e16c5487cbf7_Screenshot 2026-02-02 201521.png' because it no longer exists.
         Removing endpoints for asset 'C:\Users\toduc\Downloads\SmartStay\wwwroot\images\phongtro\a873c948-f3e4-4c0d-bf7e-e16c5487cbf7_Screenshot 2026-02-02 201521.png' because it no longer exists.
         Removing endpoints for asset 'C:\Users\toduc\Downloads\SmartStay\wwwroot\images\phongtro\b45c992e-9db4-49a7-8c45-abc674ca8d17_Screenshot 2025-10-01 094135.png' because it no longer exists.
         Removing endpoints for asset 'C:\Users\toduc\Downloads\SmartStay\wwwroot\images\phongtro\b45c992e-9db4-49a7-8c45-abc674ca8d17_Screenshot 2025-10-01 094135.png' because it no longer exists.
         Removing endpoints for asset 'C:\Users\toduc\Downloads\SmartStay\wwwroot\images\phongtro\ca212be1-5d96-4c4e-99ed-0b8dccf5a7a5_anh chinh minh.jpg' because it no longer exists.
         Removing endpoints for asset 'C:\Users\toduc\Downloads\SmartStay\wwwroot\images\phongtro\ca212be1-5d96-4c4e-99ed-0b8dccf5a7a5_anh chinh minh.jpg' because it no longer exists.
         Removing endpoints for asset 'C:\Users\toduc\Downloads\SmartStay\wwwroot\lib\bootstrap\dist\css\bootstrap.rtl.css.map' because it no longer exists.
         Removing endpoints for asset 'C:\Users\toduc\Downloads\SmartStay\wwwroot\lib\bootstrap\dist\css\bootstrap.rtl.css.map' because it no longer exists.
         Removing endpoints for asset 'C:\Users\toduc\Downloads\SmartStay\wwwroot\lib\bootstrap\dist\css\bootstrap.rtl.min.css' because it no longer exists.
         Removing endpoints for asset 'C:\Users\toduc\Downloads\SmartStay\wwwroot\lib\bootstrap\dist\css\bootstrap.rtl.min.css' because it no longer exists.
         Removing endpoints for asset 'C:\Users\toduc\Downloads\SmartStay\wwwroot\lib\bootstrap\dist\css\bootstrap.rtl.min.css.map' because it no longer exists.
         Removing endpoints for asset 'C:\Users\toduc\Downloads\SmartStay\wwwroot\lib\bootstrap\dist\css\bootstrap.rtl.min.css.map' because it no longer exists.
         Removing endpoints for asset 'C:\Users\toduc\Downloads\SmartStay\wwwroot\js\site.js' because it no longer exists.
         Removing endpoints for asset 'C:\Users\toduc\Downloads\SmartStay\wwwroot\js\site.js' because it no longer exists.
         Removing endpoints for asset 'C:\Users\toduc\Downloads\SmartStay\wwwroot\lib\bootstrap\dist\js\bootstrap.bundle.js' because it no longer exists.
         Removing endpoints for asset 'C:\Users\toduc\Downloads\SmartStay\wwwroot\lib\bootstrap\dist\js\bootstrap.bundle.js' because it no longer exists.
         Removing endpoints for asset 'C:\Users\toduc\Downloads\SmartStay\wwwroot\lib\bootstrap\dist\js\bootstrap.bundle.js.map' because it no longer exists.
         Removing endpoints for asset 'C:\Users\toduc\Downloads\SmartStay\wwwroot\lib\bootstrap\dist\js\bootstrap.bundle.js.map' because it no longer exists.
         Removing endpoints for asset 'C:\Users\toduc\Downloads\SmartStay\wwwroot\css\site.css' because it no longer exists.
         Removing endpoints for asset 'C:\Users\toduc\Downloads\SmartStay\wwwroot\css\site.css' because it no longer exists.
         Removing endpoints for asset 'C:\Users\toduc\Downloads\SmartStay\wwwroot\images\khachthue\d976ee01-ad82-48ff-a272-6f65f9b2c818.jpg' because it no longer exists.
         Removing endpoints for asset 'C:\Users\toduc\Downloads\SmartStay\wwwroot\images\khachthue\d976ee01-ad82-48ff-a272-6f65f9b2c818.jpg' because it no longer exists.
         Removing endpoints for asset 'C:\Users\toduc\Downloads\SmartStay\wwwroot\images\phongtro\5637c904-8589-43e7-b1ba-c26e5f81595c_tải xuống.jpg' because it no longer exists.
         Removing endpoints for asset 'C:\Users\toduc\Downloads\SmartStay\wwwroot\images\phongtro\5637c904-8589-43e7-b1ba-c26e5f81595c_tải xuống.jpg' because it no longer exists.
         Removing endpoints for asset 'C:\Users\toduc\Downloads\SmartStay\wwwroot\images\phongtro\e59ef006-9308-408e-bd99-2c9978263404_Tottenham.jpg' because it no longer exists.
         Removing endpoints for asset 'C:\Users\toduc\Downloads\SmartStay\wwwroot\images\phongtro\e59ef006-9308-408e-bd99-2c9978263404_Tottenham.jpg' because it no longer exists.
         Removing endpoints for asset 'C:\Users\toduc\Downloads\SmartStay\wwwroot\lib\bootstrap\dist\css\bootstrap-grid.css' because it no longer exists.
         Removing endpoints for asset 'C:\Users\toduc\Downloads\SmartStay\wwwroot\lib\bootstrap\dist\css\bootstrap-grid.css' because it no longer exists.
         Removing endpoints for asset 'C:\Users\toduc\Downloads\SmartStay\wwwroot\lib\bootstrap\dist\css\bootstrap-grid.css.map' because it no longer exists.
         Removing endpoints for asset 'C:\Users\toduc\Downloads\SmartStay\wwwroot\lib\bootstrap\dist\css\bootstrap-grid.css.map' because it no longer exists.
         Removing endpoints for asset 'C:\Users\toduc\Downloads\SmartStay\wwwroot\lib\bootstrap\dist\css\bootstrap-grid.min.css' because it no longer exists.
         Removing endpoints for asset 'C:\Users\toduc\Downloads\SmartStay\wwwroot\lib\bootstrap\dist\css\bootstrap-grid.min.css' because it no longer exists.
         Removing endpoints for asset 'C:\Users\toduc\Downloads\SmartStay\wwwroot\lib\bootstrap\dist\css\bootstrap-grid.min.css.map' because it no longer exists.
         Removing endpoints for asset 'C:\Users\toduc\Downloads\SmartStay\wwwroot\lib\bootstrap\dist\css\bootstrap-grid.min.css.map' because it no longer exists.
         Removing endpoints for asset 'C:\Users\toduc\Downloads\SmartStay\wwwroot\lib\bootstrap\dist\css\bootstrap-grid.rtl.css' because it no longer exists.
         Removing endpoints for asset 'C:\Users\toduc\Downloads\SmartStay\wwwroot\lib\bootstrap\dist\css\bootstrap-grid.rtl.css' because it no longer exists.
         Removing endpoints for asset 'C:\Users\toduc\Downloads\SmartStay\wwwroot\lib\bootstrap\dist\css\bootstrap-grid.rtl.css.map' because it no longer exists.
         Removing endpoints for asset 'C:\Users\toduc\Downloads\SmartStay\wwwroot\lib\bootstrap\dist\css\bootstrap-grid.rtl.css.map' because it no longer exists.
         Removing endpoints for asset 'C:\Users\toduc\Downloads\SmartStay\wwwroot\lib\bootstrap\dist\css\bootstrap-grid.rtl.min.css' because it no longer exists.
         Removing endpoints for asset 'C:\Users\toduc\Downloads\SmartStay\wwwroot\lib\bootstrap\dist\css\bootstrap-grid.rtl.min.css' because it no longer exists.
         Removing endpoints for asset 'C:\Users\toduc\Downloads\SmartStay\wwwroot\lib\bootstrap\dist\css\bootstrap-grid.rtl.min.css.map' because it no longer exists.
         Removing endpoints for asset 'C:\Users\toduc\Downloads\SmartStay\wwwroot\lib\bootstrap\dist\css\bootstrap-grid.rtl.min.css.map' because it no longer exists.
       Done executing task "DefineStaticWebAssetEndpoints".
   1:7>Done building target "ResolveJsInitializerModuleStaticWebAssets" in project "do_an_tot_nghiep.csproj".
       Target "ResolveProjectStaticWebAssets" skipped. Previously built successfully.
       Target "ResolveRazorComponentInputs" skipped. Previously built successfully.
       Target "ResolveRazorGenerateInputs" skipped. Previously built successfully.
   1:7>Target "ResolveJSModuleStaticWebAssets" in file "C:\Program Files\dotnet\sdk\10.0.100\Sdks\Microsoft.NET.Sdk.StaticWebAssets\targets\Microsoft.NET.Sdk.StaticWebAssets.JSModules.targets" from project "C:\Users\toduc\Downloads\SmartStay\do_an_tot_nghiep.csproj" (target "ResolveCoreStaticWebAssets" depends on it):
       Task "DefineStaticWebAssets"
         Rejected asset 'build-output.txt' for pattern '**/*.razor.js'
       Done executing task "DefineStaticWebAssets".
       Task "DefineStaticWebAssets"
         Rejected asset 'build-output.txt' for pattern '**/*.cshtml.js'
       Done executing task "DefineStaticWebAssets".
       Task "DefineStaticWebAssetEndpoints"
         Removing endpoints for asset 'C:\Users\toduc\Downloads\SmartStay\wwwroot\lib\jquery-validation\dist\additional-methods.min.js' because it no longer exists.
         Removing endpoints for asset 'C:\Users\toduc\Downloads\SmartStay\wwwroot\lib\jquery-validation\dist\additional-methods.min.js' because it no longer exists.
         Removing endpoints for asset 'C:\Users\toduc\Downloads\SmartStay\wwwroot\lib\jquery-validation\dist\jquery.validate.js' because it no longer exists.
         Removing endpoints for asset 'C:\Users\toduc\Downloads\SmartStay\wwwroot\lib\jquery-validation\dist\jquery.validate.js' because it no longer exists.
         Removing endpoints for asset 'C:\Users\toduc\Downloads\SmartStay\wwwroot\lib\jquery-validation\dist\jquery.validate.min.js' because it no longer exists.
         Removing endpoints for asset 'C:\Users\toduc\Downloads\SmartStay\wwwroot\lib\jquery-validation\dist\jquery.validate.min.js' because it no longer exists.
         Removing endpoints for asset 'C:\Users\toduc\Downloads\SmartStay\wwwroot\lib\jquery-validation\LICENSE.md' because it no longer exists.
         Removing endpoints for asset 'C:\Users\toduc\Downloads\SmartStay\wwwroot\lib\jquery-validation\LICENSE.md' because it no longer exists.
         Removing endpoints for asset 'C:\Users\toduc\Downloads\SmartStay\wwwroot\lib\jquery\dist\jquery.js' because it no longer exists.
         Removing endpoints for asset 'C:\Users\toduc\Downloads\SmartStay\wwwroot\lib\jquery\dist\jquery.js' because it no longer exists.
         Removing endpoints for asset 'C:\Users\toduc\Downloads\SmartStay\wwwroot\lib\jquery\dist\jquery.min.js' because it no longer exists.
         Removing endpoints for asset 'C:\Users\toduc\Downloads\SmartStay\wwwroot\lib\jquery\dist\jquery.min.js' because it no longer exists.
         Removing endpoints for asset 'C:\Users\toduc\Downloads\SmartStay\wwwroot\lib\jquery\dist\jquery.min.map' because it no longer exists.
         Removing endpoints for asset 'C:\Users\toduc\Downloads\SmartStay\wwwroot\lib\jquery\dist\jquery.min.map' because it no longer exists.
         Removing endpoints for asset 'C:\Users\toduc\Downloads\SmartStay\wwwroot\lib\jquery\LICENSE.txt' because it no longer exists.
         Removing endpoints for asset 'C:\Users\toduc\Downloads\SmartStay\wwwroot\lib\jquery\LICENSE.txt' because it no longer exists.
         Removing endpoints for asset 'C:\Users\toduc\Downloads\SmartStay\wwwroot\uploads\buildings\1\fe8d616a-d80d-4b94-a73d-cc97ce64113c.png' because it no longer exists.
         Removing endpoints for asset 'C:\Users\toduc\Downloads\SmartStay\wwwroot\uploads\buildings\1\fe8d616a-d80d-4b94-a73d-cc97ce64113c.png' because it no longer exists.
         Removing endpoints for asset 'C:\Users\toduc\Downloads\SmartStay\wwwroot\uploads\rooms\1\0a9d22b3-c982-401f-b01f-9425793078b4.png' because it no longer exists.
         Removing endpoints for asset 'C:\Users\toduc\Downloads\SmartStay\wwwroot\uploads\rooms\1\0a9d22b3-c982-401f-b01f-9425793078b4.png' because it no longer exists.
         Removing endpoints for asset 'C:\Users\toduc\Downloads\SmartStay\wwwroot\uploads\rooms\1\fff77a6f-9794-4d4f-8847-79f15c93d33b.png' because it no longer exists.
         Removing endpoints for asset 'C:\Users\toduc\Downloads\SmartStay\wwwroot\uploads\rooms\1\fff77a6f-9794-4d4f-8847-79f15c93d33b.png' because it no longer exists.
         Removing endpoints for asset 'C:\Users\toduc\Downloads\SmartStay\wwwroot\lib\bootstrap\dist\css\bootstrap-utilities.min.css.map' because it no longer exists.
         Removing endpoints for asset 'C:\Users\toduc\Downloads\SmartStay\wwwroot\lib\bootstrap\dist\css\bootstrap-utilities.min.css.map' because it no longer exists.
         Removing endpoints for asset 'C:\Users\toduc\Downloads\SmartStay\wwwroot\lib\bootstrap\dist\css\bootstrap-utilities.rtl.css' because it no longer exists.
         Removing endpoints for asset 'C:\Users\toduc\Downloads\SmartStay\wwwroot\lib\bootstrap\dist\css\bootstrap-utilities.rtl.css' because it no longer exists.
         Removing endpoints for asset 'C:\Users\toduc\Downloads\SmartStay\wwwroot\lib\bootstrap\dist\css\bootstrap-utilities.rtl.css.map' because it no longer exists.
         Removing endpoints for asset 'C:\Users\toduc\Downloads\SmartStay\wwwroot\lib\bootstrap\dist\css\bootstrap-utilities.rtl.css.map' because it no longer exists.
         Removing endpoints for asset 'C:\Users\toduc\Downloads\SmartStay\wwwroot\lib\bootstrap\dist\css\bootstrap-utilities.rtl.min.css' because it no longer exists.
         Removing endpoints for asset 'C:\Users\toduc\Downloads\SmartStay\wwwroot\lib\bootstrap\dist\css\bootstrap-utilities.rtl.min.css' because it no longer exists.
         Removing endpoints for asset 'C:\Users\toduc\Downloads\SmartStay\wwwroot\lib\bootstrap\dist\css\bootstrap-utilities.rtl.min.css.map' because it no longer exists.
         Removing endpoints for asset 'C:\Users\toduc\Downloads\SmartStay\wwwroot\lib\bootstrap\dist\css\bootstrap-utilities.rtl.min.css.map' because it no longer exists.
         Removing endpoints for asset 'C:\Users\toduc\Downloads\SmartStay\wwwroot\lib\bootstrap\dist\css\bootstrap.css' because it no longer exists.
         Removing endpoints for asset 'C:\Users\toduc\Downloads\SmartStay\wwwroot\lib\bootstrap\dist\css\bootstrap.css' because it no longer exists.
         Removing endpoints for asset 'C:\Users\toduc\Downloads\SmartStay\wwwroot\lib\bootstrap\dist\css\bootstrap.css.map' because it no longer exists.
         Removing endpoints for asset 'C:\Users\toduc\Downloads\SmartStay\wwwroot\lib\bootstrap\dist\css\bootstrap.css.map' because it no longer exists.
         Removing endpoints for asset 'C:\Users\toduc\Downloads\SmartStay\wwwroot\lib\bootstrap\dist\js\bootstrap.bundle.min.js' because it no longer exists.
         Removing endpoints for asset 'C:\Users\toduc\Downloads\SmartStay\wwwroot\lib\bootstrap\dist\js\bootstrap.bundle.min.js' because it no longer exists.
         Removing endpoints for asset 'C:\Users\toduc\Downloads\SmartStay\wwwroot\lib\bootstrap\dist\js\bootstrap.bundle.min.js.map' because it no longer exists.
         Removing endpoints for asset 'C:\Users\toduc\Downloads\SmartStay\wwwroot\lib\bootstrap\dist\js\bootstrap.bundle.min.js.map' because it no longer exists.
         Removing endpoints for asset 'C:\Users\toduc\Downloads\SmartStay\wwwroot\lib\bootstrap\dist\js\bootstrap.esm.js' because it no longer exists.
         Removing endpoints for asset 'C:\Users\toduc\Downloads\SmartStay\wwwroot\lib\bootstrap\dist\js\bootstrap.esm.js' because it no longer exists.
         Removing endpoints for asset 'C:\Users\toduc\Downloads\SmartStay\wwwroot\lib\bootstrap\dist\js\bootstrap.esm.js.map' because it no longer exists.
         Removing endpoints for asset 'C:\Users\toduc\Downloads\SmartStay\wwwroot\lib\bootstrap\dist\js\bootstrap.esm.js.map' because it no longer exists.
         Removing endpoints for asset 'C:\Users\toduc\Downloads\SmartStay\wwwroot\lib\bootstrap\dist\js\bootstrap.esm.min.js' because it no longer exists.
         Removing endpoints for asset 'C:\Users\toduc\Downloads\SmartStay\wwwroot\lib\bootstrap\dist\js\bootstrap.esm.min.js' because it no longer exists.
         Removing endpoints for asset 'C:\Users\toduc\Downloads\SmartStay\wwwroot\lib\bootstrap\dist\js\bootstrap.min.js' because it no longer exists.
         Removing endpoints for asset 'C:\Users\toduc\Downloads\SmartStay\wwwroot\lib\bootstrap\dist\js\bootstrap.min.js' because it no longer exists.
         Removing endpoints for asset 'C:\Users\toduc\Downloads\SmartStay\wwwroot\lib\bootstrap\dist\js\bootstrap.min.js.map' because it no longer exists.
         Removing endpoints for asset 'C:\Users\toduc\Downloads\SmartStay\wwwroot\lib\bootstrap\dist\js\bootstrap.min.js.map' because it no longer exists.
         Removing endpoints for asset 'C:\Users\toduc\Downloads\SmartStay\wwwroot\lib\bootstrap\LICENSE' because it no longer exists.
         Removing endpoints for asset 'C:\Users\toduc\Downloads\SmartStay\wwwroot\lib\bootstrap\LICENSE' because it no longer exists.
         Removing endpoints for asset 'C:\Users\toduc\Downloads\SmartStay\wwwroot\lib\jquery-validation-unobtrusive\jquery.validate.unobtrusive.js' because it no longer exists.
         Removing endpoints for asset 'C:\Users\toduc\Downloads\SmartStay\wwwroot\lib\jquery-validation-unobtrusive\jquery.validate.unobtrusive.js' because it no longer exists.
         Removing endpoints for asset 'C:\Users\toduc\Downloads\SmartStay\wwwroot\lib\jquery-validation-unobtrusive\jquery.validate.unobtrusive.min.js' because it no longer exists.
         Removing endpoints for asset 'C:\Users\toduc\Downloads\SmartStay\wwwroot\lib\jquery-validation-unobtrusive\jquery.validate.unobtrusive.min.js' because it no longer exists.
         Removing endpoints for asset 'C:\Users\toduc\Downloads\SmartStay\wwwroot\lib\jquery-validation-unobtrusive\LICENSE.txt' because it no longer exists.
         Removing endpoints for asset 'C:\Users\toduc\Downloads\SmartStay\wwwroot\lib\jquery-validation-unobtrusive\LICENSE.txt' because it no longer exists.
         Removing endpoints for asset 'C:\Users\toduc\Downloads\SmartStay\wwwroot\lib\jquery-validation\dist\additional-methods.js' because it no longer exists.
         Removing endpoints for asset 'C:\Users\toduc\Downloads\SmartStay\wwwroot\lib\jquery-validation\dist\additional-methods.js' because it no longer exists.
         Removing endpoints for asset 'C:\Users\toduc\Downloads\SmartStay\wwwroot\images\phongtro\5aaefbd0-a470-4226-af4b-8cb261593738_Screenshot 2026-01-12 210119.png' because it no longer exists.
         Removing endpoints for asset 'C:\Users\toduc\Downloads\SmartStay\wwwroot\images\phongtro\5aaefbd0-a470-4226-af4b-8cb261593738_Screenshot 2026-01-12 210119.png' because it no longer exists.
         Removing endpoints for asset 'C:\Users\toduc\Downloads\SmartStay\wwwroot\lib\bootstrap\dist\css\bootstrap-reboot.css' because it no longer exists.
         Removing endpoints for asset 'C:\Users\toduc\Downloads\SmartStay\wwwroot\lib\bootstrap\dist\css\bootstrap-reboot.css' because it no longer exists.
         Removing endpoints for asset 'C:\Users\toduc\Downloads\SmartStay\wwwroot\lib\bootstrap\dist\js\bootstrap.esm.min.js.map' because it no longer exists.
         Removing endpoints for asset 'C:\Users\toduc\Downloads\SmartStay\wwwroot\lib\bootstrap\dist\js\bootstrap.esm.min.js.map' because it no longer exists.
         Removing endpoints for asset 'C:\Users\toduc\Downloads\SmartStay\wwwroot\lib\bootstrap\dist\js\bootstrap.js' because it no longer exists.
         Removing endpoints for asset 'C:\Users\toduc\Downloads\SmartStay\wwwroot\lib\bootstrap\dist\js\bootstrap.js' because it no longer exists.
         Removing endpoints for asset 'C:\Users\toduc\Downloads\SmartStay\wwwroot\lib\bootstrap\dist\js\bootstrap.js.map' because it no longer exists.
         Removing endpoints for asset 'C:\Users\toduc\Downloads\SmartStay\wwwroot\lib\bootstrap\dist\js\bootstrap.js.map' because it no longer exists.
         Removing endpoints for asset 'C:\Users\toduc\Downloads\SmartStay\wwwroot\lib\bootstrap\dist\css\bootstrap-reboot.css.map' because it no longer exists.
         Removing endpoints for asset 'C:\Users\toduc\Downloads\SmartStay\wwwroot\lib\bootstrap\dist\css\bootstrap-reboot.css.map' because it no longer exists.
         Removing endpoints for asset 'C:\Users\toduc\Downloads\SmartStay\wwwroot\lib\bootstrap\dist\css\bootstrap-reboot.min.css' because it no longer exists.
         Removing endpoints for asset 'C:\Users\toduc\Downloads\SmartStay\wwwroot\lib\bootstrap\dist\css\bootstrap-reboot.min.css' because it no longer exists.
         Removing endpoints for asset 'C:\Users\toduc\Downloads\SmartStay\wwwroot\lib\bootstrap\dist\css\bootstrap-reboot.min.css.map' because it no longer exists.
         Removing endpoints for asset 'C:\Users\toduc\Downloads\SmartStay\wwwroot\lib\bootstrap\dist\css\bootstrap-reboot.min.css.map' because it no longer exists.
         Removing endpoints for asset 'C:\Users\toduc\Downloads\SmartStay\wwwroot\lib\bootstrap\dist\css\bootstrap-reboot.rtl.css' because it no longer exists.
         Removing endpoints for asset 'C:\Users\toduc\Downloads\SmartStay\wwwroot\lib\bootstrap\dist\css\bootstrap-reboot.rtl.css' because it no longer exists.
         Removing endpoints for asset 'C:\Users\toduc\Downloads\SmartStay\wwwroot\lib\bootstrap\dist\css\bootstrap-reboot.rtl.css.map' because it no longer exists.
         Removing endpoints for asset 'C:\Users\toduc\Downloads\SmartStay\wwwroot\lib\bootstrap\dist\css\bootstrap-reboot.rtl.css.map' because it no longer exists.
         Removing endpoints for asset 'C:\Users\toduc\Downloads\SmartStay\wwwroot\lib\bootstrap\dist\css\bootstrap-reboot.rtl.min.css' because it no longer exists.
         Removing endpoints for asset 'C:\Users\toduc\Downloads\SmartStay\wwwroot\lib\bootstrap\dist\css\bootstrap-reboot.rtl.min.css' because it no longer exists.
         Removing endpoints for asset 'C:\Users\toduc\Downloads\SmartStay\wwwroot\lib\bootstrap\dist\css\bootstrap-reboot.rtl.min.css.map' because it no longer exists.
         Removing endpoints for asset 'C:\Users\toduc\Downloads\SmartStay\wwwroot\lib\bootstrap\dist\css\bootstrap-reboot.rtl.min.css.map' because it no longer exists.
         Removing endpoints for asset 'C:\Users\toduc\Downloads\SmartStay\wwwroot\lib\bootstrap\dist\css\bootstrap-utilities.css' because it no longer exists.
         Removing endpoints for asset 'C:\Users\toduc\Downloads\SmartStay\wwwroot\lib\bootstrap\dist\css\bootstrap-utilities.css' because it no longer exists.
         Removing endpoints for asset 'C:\Users\toduc\Downloads\SmartStay\wwwroot\lib\bootstrap\dist\css\bootstrap-utilities.css.map' because it no longer exists.
         Removing endpoints for asset 'C:\Users\toduc\Downloads\SmartStay\wwwroot\lib\bootstrap\dist\css\bootstrap-utilities.css.map' because it no longer exists.
         Removing endpoints for asset 'C:\Users\toduc\Downloads\SmartStay\wwwroot\lib\bootstrap\dist\css\bootstrap-utilities.min.css' because it no longer exists.
         Removing endpoints for asset 'C:\Users\toduc\Downloads\SmartStay\wwwroot\lib\bootstrap\dist\css\bootstrap-utilities.min.css' because it no longer exists.
         Removing endpoints for asset 'C:\Users\toduc\Downloads\SmartStay\wwwroot\lib\bootstrap\dist\css\bootstrap.rtl.css' because it no longer exists.
         Removing endpoints for asset 'C:\Users\toduc\Downloads\SmartStay\wwwroot\lib\bootstrap\dist\css\bootstrap.rtl.css' because it no longer exists.
         Removing endpoints for asset 'C:\Users\toduc\Downloads\SmartStay\wwwroot\uploads\rooms\1\e752d234-45c1-40f0-abdb-208071a8ff51.png' because it no longer exists.
         Removing endpoints for asset 'C:\Users\toduc\Downloads\SmartStay\wwwroot\uploads\rooms\1\e752d234-45c1-40f0-abdb-208071a8ff51.png' because it no longer exists.
         Removing endpoints for asset 'C:\Users\toduc\Downloads\SmartStay\wwwroot\lib\bootstrap\dist\css\bootstrap.min.css' because it no longer exists.
         Removing endpoints for asset 'C:\Users\toduc\Downloads\SmartStay\wwwroot\lib\bootstrap\dist\css\bootstrap.min.css' because it no longer exists.
         Removing endpoints for asset 'C:\Users\toduc\Downloads\SmartStay\wwwroot\lib\bootstrap\dist\css\bootstrap.min.css.map' because it no longer exists.
         Removing endpoints for asset 'C:\Users\toduc\Downloads\SmartStay\wwwroot\lib\bootstrap\dist\css\bootstrap.min.css.map' because it no longer exists.
         Removing endpoints for asset 'C:\Users\toduc\Downloads\SmartStay\wwwroot\css\app.css' because it no longer exists.
         Removing endpoints for asset 'C:\Users\toduc\Downloads\SmartStay\wwwroot\css\app.css' because it no longer exists.
         Removing endpoints for asset 'C:\Users\toduc\Downloads\SmartStay\wwwroot\favicon.ico' because it no longer exists.
         Removing endpoints for asset 'C:\Users\toduc\Downloads\SmartStay\wwwroot\favicon.ico' because it no longer exists.
         Removing endpoints for asset 'C:\Users\toduc\Downloads\SmartStay\wwwroot\images\khachthue\169ac11e-51c2-4ec0-83f6-fa06099c9c31.jpg' because it no longer exists.
         Removing endpoints for asset 'C:\Users\toduc\Downloads\SmartStay\wwwroot\images\khachthue\169ac11e-51c2-4ec0-83f6-fa06099c9c31.jpg' because it no longer exists.
         Removing endpoints for asset 'C:\Users\toduc\Downloads\SmartStay\wwwroot\images\khachthue\30a94b26-aaa2-4ca2-9846-863d70df0a1d.png' because it no longer exists.
         Removing endpoints for asset 'C:\Users\toduc\Downloads\SmartStay\wwwroot\images\khachthue\30a94b26-aaa2-4ca2-9846-863d70df0a1d.png' because it no longer exists.
         Removing endpoints for asset 'C:\Users\toduc\Downloads\SmartStay\wwwroot\images\khachthue\470101b0-382e-4610-990d-27d313a70c2b.jpg' because it no longer exists.
         Removing endpoints for asset 'C:\Users\toduc\Downloads\SmartStay\wwwroot\images\khachthue\470101b0-382e-4610-990d-27d313a70c2b.jpg' because it no longer exists.
         Removing endpoints for asset 'C:\Users\toduc\Downloads\SmartStay\wwwroot\images\khachthue\52e1789c-bb93-4a31-9b32-e47b66085be5.jpg' because it no longer exists.
         Removing endpoints for asset 'C:\Users\toduc\Downloads\SmartStay\wwwroot\images\khachthue\52e1789c-bb93-4a31-9b32-e47b66085be5.jpg' because it no longer exists.
         Removing endpoints for asset 'C:\Users\toduc\Downloads\SmartStay\wwwroot\images\khachthue\7159c391-099e-4253-9500-cb82a64568b8.png' because it no longer exists.
         Removing endpoints for asset 'C:\Users\toduc\Downloads\SmartStay\wwwroot\images\khachthue\7159c391-099e-4253-9500-cb82a64568b8.png' because it no longer exists.
         Removing endpoints for asset 'C:\Users\toduc\Downloads\SmartStay\wwwroot\images\phongtro\5f80b730-a380-4890-bfdf-aef6318a2702_banner_sinh_ton_noi_hoang_da.png' because it no longer exists.
         Removing endpoints for asset 'C:\Users\toduc\Downloads\SmartStay\wwwroot\images\phongtro\5f80b730-a380-4890-bfdf-aef6318a2702_banner_sinh_ton_noi_hoang_da.png' because it no longer exists.
         Removing endpoints for asset 'C:\Users\toduc\Downloads\SmartStay\wwwroot\images\phongtro\6993ec13-6289-47b2-96ba-c24b06b39956_banner_sinh_ton_noi_hoang_da.png' because it no longer exists.
         Removing endpoints for asset 'C:\Users\toduc\Downloads\SmartStay\wwwroot\images\phongtro\6993ec13-6289-47b2-96ba-c24b06b39956_banner_sinh_ton_noi_hoang_da.png' because it no longer exists.
         Removing endpoints for asset 'C:\Users\toduc\Downloads\SmartStay\wwwroot\images\phongtro\69a9928a-378e-4387-8584-f0ca93c81297_banner_sinh_ton_noi_hoang_da.png' because it no longer exists.
         Removing endpoints for asset 'C:\Users\toduc\Downloads\SmartStay\wwwroot\images\phongtro\69a9928a-378e-4387-8584-f0ca93c81297_banner_sinh_ton_noi_hoang_da.png' because it no longer exists.
         Removing endpoints for asset 'C:\Users\toduc\Downloads\SmartStay\wwwroot\images\phongtro\7d8c4580-9fe6-40dd-a094-c830d8cb364e_Screenshot 2026-02-06 224252.png' because it no longer exists.
         Removing endpoints for asset 'C:\Users\toduc\Downloads\SmartStay\wwwroot\images\phongtro\7d8c4580-9fe6-40dd-a094-c830d8cb364e_Screenshot 2026-02-06 224252.png' because it no longer exists.
         Removing endpoints for asset 'C:\Users\toduc\Downloads\SmartStay\wwwroot\images\phongtro\9a246d91-4772-49b4-a7e4-5aa765689bc9_tải xuống.jpg' because it no longer exists.
         Removing endpoints for asset 'C:\Users\toduc\Downloads\SmartStay\wwwroot\images\phongtro\9a246d91-4772-49b4-a7e4-5aa765689bc9_tải xuống.jpg' because it no longer exists.
         Removing endpoints for asset 'C:\Users\toduc\Downloads\SmartStay\wwwroot\images\phongtro\a873c948-f3e4-4c0d-bf7e-e16c5487cbf7_Screenshot 2026-02-02 201521.png' because it no longer exists.
         Removing endpoints for asset 'C:\Users\toduc\Downloads\SmartStay\wwwroot\images\phongtro\a873c948-f3e4-4c0d-bf7e-e16c5487cbf7_Screenshot 2026-02-02 201521.png' because it no longer exists.
         Removing endpoints for asset 'C:\Users\toduc\Downloads\SmartStay\wwwroot\images\phongtro\b45c992e-9db4-49a7-8c45-abc674ca8d17_Screenshot 2025-10-01 094135.png' because it no longer exists.
         Removing endpoints for asset 'C:\Users\toduc\Downloads\SmartStay\wwwroot\images\phongtro\b45c992e-9db4-49a7-8c45-abc674ca8d17_Screenshot 2025-10-01 094135.png' because it no longer exists.
         Removing endpoints for asset 'C:\Users\toduc\Downloads\SmartStay\wwwroot\images\phongtro\ca212be1-5d96-4c4e-99ed-0b8dccf5a7a5_anh chinh minh.jpg' because it no longer exists.
         Removing endpoints for asset 'C:\Users\toduc\Downloads\SmartStay\wwwroot\images\phongtro\ca212be1-5d96-4c4e-99ed-0b8dccf5a7a5_anh chinh minh.jpg' because it no longer exists.
         Removing endpoints for asset 'C:\Users\toduc\Downloads\SmartStay\wwwroot\lib\bootstrap\dist\css\bootstrap.rtl.css.map' because it no longer exists.
         Removing endpoints for asset 'C:\Users\toduc\Downloads\SmartStay\wwwroot\lib\bootstrap\dist\css\bootstrap.rtl.css.map' because it no longer exists.
         Removing endpoints for asset 'C:\Users\toduc\Downloads\SmartStay\wwwroot\lib\bootstrap\dist\css\bootstrap.rtl.min.css' because it no longer exists.
         Removing endpoints for asset 'C:\Users\toduc\Downloads\SmartStay\wwwroot\lib\bootstrap\dist\css\bootstrap.rtl.min.css' because it no longer exists.
         Removing endpoints for asset 'C:\Users\toduc\Downloads\SmartStay\wwwroot\lib\bootstrap\dist\css\bootstrap.rtl.min.css.map' because it no longer exists.
         Removing endpoints for asset 'C:\Users\toduc\Downloads\SmartStay\wwwroot\lib\bootstrap\dist\css\bootstrap.rtl.min.css.map' because it no longer exists.
         Removing endpoints for asset 'C:\Users\toduc\Downloads\SmartStay\wwwroot\js\site.js' because it no longer exists.
         Removing endpoints for asset 'C:\Users\toduc\Downloads\SmartStay\wwwroot\js\site.js' because it no longer exists.
         Removing endpoints for asset 'C:\Users\toduc\Downloads\SmartStay\wwwroot\lib\bootstrap\dist\js\bootstrap.bundle.js' because it no longer exists.
         Removing endpoints for asset 'C:\Users\toduc\Downloads\SmartStay\wwwroot\lib\bootstrap\dist\js\bootstrap.bundle.js' because it no longer exists.
         Removing endpoints for asset 'C:\Users\toduc\Downloads\SmartStay\wwwroot\lib\bootstrap\dist\js\bootstrap.bundle.js.map' because it no longer exists.
         Removing endpoints for asset 'C:\Users\toduc\Downloads\SmartStay\wwwroot\lib\bootstrap\dist\js\bootstrap.bundle.js.map' because it no longer exists.
         Removing endpoints for asset 'C:\Users\toduc\Downloads\SmartStay\wwwroot\css\site.css' because it no longer exists.
         Removing endpoints for asset 'C:\Users\toduc\Downloads\SmartStay\wwwroot\css\site.css' because it no longer exists.
         Removing endpoints for asset 'C:\Users\toduc\Downloads\SmartStay\wwwroot\images\khachthue\d976ee01-ad82-48ff-a272-6f65f9b2c818.jpg' because it no longer exists.
         Removing endpoints for asset 'C:\Users\toduc\Downloads\SmartStay\wwwroot\images\khachthue\d976ee01-ad82-48ff-a272-6f65f9b2c818.jpg' because it no longer exists.
         Removing endpoints for asset 'C:\Users\toduc\Downloads\SmartStay\wwwroot\images\phongtro\5637c904-8589-43e7-b1ba-c26e5f81595c_tải xuống.jpg' because it no longer exists.
         Removing endpoints for asset 'C:\Users\toduc\Downloads\SmartStay\wwwroot\images\phongtro\5637c904-8589-43e7-b1ba-c26e5f81595c_tải xuống.jpg' because it no longer exists.
         Removing endpoints for asset 'C:\Users\toduc\Downloads\SmartStay\wwwroot\images\phongtro\e59ef006-9308-408e-bd99-2c9978263404_Tottenham.jpg' because it no longer exists.
         Removing endpoints for asset 'C:\Users\toduc\Downloads\SmartStay\wwwroot\images\phongtro\e59ef006-9308-408e-bd99-2c9978263404_Tottenham.jpg' because it no longer exists.
         Removing endpoints for asset 'C:\Users\toduc\Downloads\SmartStay\wwwroot\lib\bootstrap\dist\css\bootstrap-grid.css' because it no longer exists.
         Removing endpoints for asset 'C:\Users\toduc\Downloads\SmartStay\wwwroot\lib\bootstrap\dist\css\bootstrap-grid.css' because it no longer exists.
         Removing endpoints for asset 'C:\Users\toduc\Downloads\SmartStay\wwwroot\lib\bootstrap\dist\css\bootstrap-grid.css.map' because it no longer exists.
         Removing endpoints for asset 'C:\Users\toduc\Downloads\SmartStay\wwwroot\lib\bootstrap\dist\css\bootstrap-grid.css.map' because it no longer exists.
         Removing endpoints for asset 'C:\Users\toduc\Downloads\SmartStay\wwwroot\lib\bootstrap\dist\css\bootstrap-grid.min.css' because it no longer exists.
         Removing endpoints for asset 'C:\Users\toduc\Downloads\SmartStay\wwwroot\lib\bootstrap\dist\css\bootstrap-grid.min.css' because it no longer exists.
         Removing endpoints for asset 'C:\Users\toduc\Downloads\SmartStay\wwwroot\lib\bootstrap\dist\css\bootstrap-grid.min.css.map' because it no longer exists.
         Removing endpoints for asset 'C:\Users\toduc\Downloads\SmartStay\wwwroot\lib\bootstrap\dist\css\bootstrap-grid.min.css.map' because it no longer exists.
         Removing endpoints for asset 'C:\Users\toduc\Downloads\SmartStay\wwwroot\lib\bootstrap\dist\css\bootstrap-grid.rtl.css' because it no longer exists.
         Removing endpoints for asset 'C:\Users\toduc\Downloads\SmartStay\wwwroot\lib\bootstrap\dist\css\bootstrap-grid.rtl.css' because it no longer exists.
         Removing endpoints for asset 'C:\Users\toduc\Downloads\SmartStay\wwwroot\lib\bootstrap\dist\css\bootstrap-grid.rtl.css.map' because it no longer exists.
         Removing endpoints for asset 'C:\Users\toduc\Downloads\SmartStay\wwwroot\lib\bootstrap\dist\css\bootstrap-grid.rtl.css.map' because it no longer exists.
         Removing endpoints for asset 'C:\Users\toduc\Downloads\SmartStay\wwwroot\lib\bootstrap\dist\css\bootstrap-grid.rtl.min.css' because it no longer exists.
         Removing endpoints for asset 'C:\Users\toduc\Downloads\SmartStay\wwwroot\lib\bootstrap\dist\css\bootstrap-grid.rtl.min.css' because it no longer exists.
         Removing endpoints for asset 'C:\Users\toduc\Downloads\SmartStay\wwwroot\lib\bootstrap\dist\css\bootstrap-grid.rtl.min.css.map' because it no longer exists.
         Removing endpoints for asset 'C:\Users\toduc\Downloads\SmartStay\wwwroot\lib\bootstrap\dist\css\bootstrap-grid.rtl.min.css.map' because it no longer exists.
       Done executing task "DefineStaticWebAssetEndpoints".
       Task "DefineStaticWebAssetEndpoints"
         Removing endpoints for asset 'C:\Users\toduc\Downloads\SmartStay\wwwroot\lib\jquery-validation\dist\additional-methods.min.js' because it no longer exists.
         Removing endpoints for asset 'C:\Users\toduc\Downloads\SmartStay\wwwroot\lib\jquery-validation\dist\additional-methods.min.js' because it no longer exists.
         Removing endpoints for asset 'C:\Users\toduc\Downloads\SmartStay\wwwroot\lib\jquery-validation\dist\jquery.validate.js' because it no longer exists.
         Removing endpoints for asset 'C:\Users\toduc\Downloads\SmartStay\wwwroot\lib\jquery-validation\dist\jquery.validate.js' because it no longer exists.
         Removing endpoints for asset 'C:\Users\toduc\Downloads\SmartStay\wwwroot\lib\jquery-validation\dist\jquery.validate.min.js' because it no longer exists.
         Removing endpoints for asset 'C:\Users\toduc\Downloads\SmartStay\wwwroot\lib\jquery-validation\dist\jquery.validate.min.js' because it no longer exists.
         Removing endpoints for asset 'C:\Users\toduc\Downloads\SmartStay\wwwroot\lib\jquery-validation\LICENSE.md' because it no longer exists.
         Removing endpoints for asset 'C:\Users\toduc\Downloads\SmartStay\wwwroot\lib\jquery-validation\LICENSE.md' because it no longer exists.
         Removing endpoints for asset 'C:\Users\toduc\Downloads\SmartStay\wwwroot\lib\jquery\dist\jquery.js' because it no longer exists.
         Removing endpoints for asset 'C:\Users\toduc\Downloads\SmartStay\wwwroot\lib\jquery\dist\jquery.js' because it no longer exists.
         Removing endpoints for asset 'C:\Users\toduc\Downloads\SmartStay\wwwroot\lib\jquery\dist\jquery.min.js' because it no longer exists.
         Removing endpoints for asset 'C:\Users\toduc\Downloads\SmartStay\wwwroot\lib\jquery\dist\jquery.min.js' because it no longer exists.
         Removing endpoints for asset 'C:\Users\toduc\Downloads\SmartStay\wwwroot\lib\jquery\dist\jquery.min.map' because it no longer exists.
         Removing endpoints for asset 'C:\Users\toduc\Downloads\SmartStay\wwwroot\lib\jquery\dist\jquery.min.map' because it no longer exists.
         Removing endpoints for asset 'C:\Users\toduc\Downloads\SmartStay\wwwroot\lib\jquery\LICENSE.txt' because it no longer exists.
         Removing endpoints for asset 'C:\Users\toduc\Downloads\SmartStay\wwwroot\lib\jquery\LICENSE.txt' because it no longer exists.
         Removing endpoints for asset 'C:\Users\toduc\Downloads\SmartStay\wwwroot\uploads\buildings\1\fe8d616a-d80d-4b94-a73d-cc97ce64113c.png' because it no longer exists.
         Removing endpoints for asset 'C:\Users\toduc\Downloads\SmartStay\wwwroot\uploads\buildings\1\fe8d616a-d80d-4b94-a73d-cc97ce64113c.png' because it no longer exists.
         Removing endpoints for asset 'C:\Users\toduc\Downloads\SmartStay\wwwroot\uploads\rooms\1\0a9d22b3-c982-401f-b01f-9425793078b4.png' because it no longer exists.
         Removing endpoints for asset 'C:\Users\toduc\Downloads\SmartStay\wwwroot\uploads\rooms\1\0a9d22b3-c982-401f-b01f-9425793078b4.png' because it no longer exists.
         Removing endpoints for asset 'C:\Users\toduc\Downloads\SmartStay\wwwroot\uploads\rooms\1\fff77a6f-9794-4d4f-8847-79f15c93d33b.png' because it no longer exists.
         Removing endpoints for asset 'C:\Users\toduc\Downloads\SmartStay\wwwroot\uploads\rooms\1\fff77a6f-9794-4d4f-8847-79f15c93d33b.png' because it no longer exists.
         Removing endpoints for asset 'C:\Users\toduc\Downloads\SmartStay\wwwroot\lib\bootstrap\dist\css\bootstrap-utilities.min.css.map' because it no longer exists.
         Removing endpoints for asset 'C:\Users\toduc\Downloads\SmartStay\wwwroot\lib\bootstrap\dist\css\bootstrap-utilities.min.css.map' because it no longer exists.
         Removing endpoints for asset 'C:\Users\toduc\Downloads\SmartStay\wwwroot\lib\bootstrap\dist\css\bootstrap-utilities.rtl.css' because it no longer exists.
         Removing endpoints for asset 'C:\Users\toduc\Downloads\SmartStay\wwwroot\lib\bootstrap\dist\css\bootstrap-utilities.rtl.css' because it no longer exists.
         Removing endpoints for asset 'C:\Users\toduc\Downloads\SmartStay\wwwroot\lib\bootstrap\dist\css\bootstrap-utilities.rtl.css.map' because it no longer exists.
         Removing endpoints for asset 'C:\Users\toduc\Downloads\SmartStay\wwwroot\lib\bootstrap\dist\css\bootstrap-utilities.rtl.css.map' because it no longer exists.
         Removing endpoints for asset 'C:\Users\toduc\Downloads\SmartStay\wwwroot\lib\bootstrap\dist\css\bootstrap-utilities.rtl.min.css' because it no longer exists.
         Removing endpoints for asset 'C:\Users\toduc\Downloads\SmartStay\wwwroot\lib\bootstrap\dist\css\bootstrap-utilities.rtl.min.css' because it no longer exists.
         Removing endpoints for asset 'C:\Users\toduc\Downloads\SmartStay\wwwroot\lib\bootstrap\dist\css\bootstrap-utilities.rtl.min.css.map' because it no longer exists.
         Removing endpoints for asset 'C:\Users\toduc\Downloads\SmartStay\wwwroot\lib\bootstrap\dist\css\bootstrap-utilities.rtl.min.css.map' because it no longer exists.
         Removing endpoints for asset 'C:\Users\toduc\Downloads\SmartStay\wwwroot\lib\bootstrap\dist\css\bootstrap.css' because it no longer exists.
         Removing endpoints for asset 'C:\Users\toduc\Downloads\SmartStay\wwwroot\lib\bootstrap\dist\css\bootstrap.css' because it no longer exists.
         Removing endpoints for asset 'C:\Users\toduc\Downloads\SmartStay\wwwroot\lib\bootstrap\dist\css\bootstrap.css.map' because it no longer exists.
         Removing endpoints for asset 'C:\Users\toduc\Downloads\SmartStay\wwwroot\lib\bootstrap\dist\css\bootstrap.css.map' because it no longer exists.
         Removing endpoints for asset 'C:\Users\toduc\Downloads\SmartStay\wwwroot\lib\bootstrap\dist\js\bootstrap.bundle.min.js' because it no longer exists.
         Removing endpoints for asset 'C:\Users\toduc\Downloads\SmartStay\wwwroot\lib\bootstrap\dist\js\bootstrap.bundle.min.js' because it no longer exists.
         Removing endpoints for asset 'C:\Users\toduc\Downloads\SmartStay\wwwroot\lib\bootstrap\dist\js\bootstrap.bundle.min.js.map' because it no longer exists.
         Removing endpoints for asset 'C:\Users\toduc\Downloads\SmartStay\wwwroot\lib\bootstrap\dist\js\bootstrap.bundle.min.js.map' because it no longer exists.
         Removing endpoints for asset 'C:\Users\toduc\Downloads\SmartStay\wwwroot\lib\bootstrap\dist\js\bootstrap.esm.js' because it no longer exists.
         Removing endpoints for asset 'C:\Users\toduc\Downloads\SmartStay\wwwroot\lib\bootstrap\dist\js\bootstrap.esm.js' because it no longer exists.
         Removing endpoints for asset 'C:\Users\toduc\Downloads\SmartStay\wwwroot\lib\bootstrap\dist\js\bootstrap.esm.js.map' because it no longer exists.
         Removing endpoints for asset 'C:\Users\toduc\Downloads\SmartStay\wwwroot\lib\bootstrap\dist\js\bootstrap.esm.js.map' because it no longer exists.
         Removing endpoints for asset 'C:\Users\toduc\Downloads\SmartStay\wwwroot\lib\bootstrap\dist\js\bootstrap.esm.min.js' because it no longer exists.
         Removing endpoints for asset 'C:\Users\toduc\Downloads\SmartStay\wwwroot\lib\bootstrap\dist\js\bootstrap.esm.min.js' because it no longer exists.
         Removing endpoints for asset 'C:\Users\toduc\Downloads\SmartStay\wwwroot\lib\bootstrap\dist\js\bootstrap.min.js' because it no longer exists.
         Removing endpoints for asset 'C:\Users\toduc\Downloads\SmartStay\wwwroot\lib\bootstrap\dist\js\bootstrap.min.js' because it no longer exists.
         Removing endpoints for asset 'C:\Users\toduc\Downloads\SmartStay\wwwroot\lib\bootstrap\dist\js\bootstrap.min.js.map' because it no longer exists.
         Removing endpoints for asset 'C:\Users\toduc\Downloads\SmartStay\wwwroot\lib\bootstrap\dist\js\bootstrap.min.js.map' because it no longer exists.
         Removing endpoints for asset 'C:\Users\toduc\Downloads\SmartStay\wwwroot\lib\bootstrap\LICENSE' because it no longer exists.
         Removing endpoints for asset 'C:\Users\toduc\Downloads\SmartStay\wwwroot\lib\bootstrap\LICENSE' because it no longer exists.
         Removing endpoints for asset 'C:\Users\toduc\Downloads\SmartStay\wwwroot\lib\jquery-validation-unobtrusive\jquery.validate.unobtrusive.js' because it no longer exists.
         Removing endpoints for asset 'C:\Users\toduc\Downloads\SmartStay\wwwroot\lib\jquery-validation-unobtrusive\jquery.validate.unobtrusive.js' because it no longer exists.
         Removing endpoints for asset 'C:\Users\toduc\Downloads\SmartStay\wwwroot\lib\jquery-validation-unobtrusive\jquery.validate.unobtrusive.min.js' because it no longer exists.
         Removing endpoints for asset 'C:\Users\toduc\Downloads\SmartStay\wwwroot\lib\jquery-validation-unobtrusive\jquery.validate.unobtrusive.min.js' because it no longer exists.
         Removing endpoints for asset 'C:\Users\toduc\Downloads\SmartStay\wwwroot\lib\jquery-validation-unobtrusive\LICENSE.txt' because it no longer exists.
         Removing endpoints for asset 'C:\Users\toduc\Downloads\SmartStay\wwwroot\lib\jquery-validation-unobtrusive\LICENSE.txt' because it no longer exists.
         Removing endpoints for asset 'C:\Users\toduc\Downloads\SmartStay\wwwroot\lib\jquery-validation\dist\additional-methods.js' because it no longer exists.
         Removing endpoints for asset 'C:\Users\toduc\Downloads\SmartStay\wwwroot\lib\jquery-validation\dist\additional-methods.js' because it no longer exists.
         Removing endpoints for asset 'C:\Users\toduc\Downloads\SmartStay\wwwroot\images\phongtro\5aaefbd0-a470-4226-af4b-8cb261593738_Screenshot 2026-01-12 210119.png' because it no longer exists.
         Removing endpoints for asset 'C:\Users\toduc\Downloads\SmartStay\wwwroot\images\phongtro\5aaefbd0-a470-4226-af4b-8cb261593738_Screenshot 2026-01-12 210119.png' because it no longer exists.
         Removing endpoints for asset 'C:\Users\toduc\Downloads\SmartStay\wwwroot\lib\bootstrap\dist\css\bootstrap-reboot.css' because it no longer exists.
         Removing endpoints for asset 'C:\Users\toduc\Downloads\SmartStay\wwwroot\lib\bootstrap\dist\css\bootstrap-reboot.css' because it no longer exists.
         Removing endpoints for asset 'C:\Users\toduc\Downloads\SmartStay\wwwroot\lib\bootstrap\dist\js\bootstrap.esm.min.js.map' because it no longer exists.
         Removing endpoints for asset 'C:\Users\toduc\Downloads\SmartStay\wwwroot\lib\bootstrap\dist\js\bootstrap.esm.min.js.map' because it no longer exists.
         Removing endpoints for asset 'C:\Users\toduc\Downloads\SmartStay\wwwroot\lib\bootstrap\dist\js\bootstrap.js' because it no longer exists.
         Removing endpoints for asset 'C:\Users\toduc\Downloads\SmartStay\wwwroot\lib\bootstrap\dist\js\bootstrap.js' because it no longer exists.
         Removing endpoints for asset 'C:\Users\toduc\Downloads\SmartStay\wwwroot\lib\bootstrap\dist\js\bootstrap.js.map' because it no longer exists.
         Removing endpoints for asset 'C:\Users\toduc\Downloads\SmartStay\wwwroot\lib\bootstrap\dist\js\bootstrap.js.map' because it no longer exists.
         Removing endpoints for asset 'C:\Users\toduc\Downloads\SmartStay\wwwroot\lib\bootstrap\dist\css\bootstrap-reboot.css.map' because it no longer exists.
         Removing endpoints for asset 'C:\Users\toduc\Downloads\SmartStay\wwwroot\lib\bootstrap\dist\css\bootstrap-reboot.css.map' because it no longer exists.
         Removing endpoints for asset 'C:\Users\toduc\Downloads\SmartStay\wwwroot\lib\bootstrap\dist\css\bootstrap-reboot.min.css' because it no longer exists.
         Removing endpoints for asset 'C:\Users\toduc\Downloads\SmartStay\wwwroot\lib\bootstrap\dist\css\bootstrap-reboot.min.css' because it no longer exists.
         Removing endpoints for asset 'C:\Users\toduc\Downloads\SmartStay\wwwroot\lib\bootstrap\dist\css\bootstrap-reboot.min.css.map' because it no longer exists.
         Removing endpoints for asset 'C:\Users\toduc\Downloads\SmartStay\wwwroot\lib\bootstrap\dist\css\bootstrap-reboot.min.css.map' because it no longer exists.
         Removing endpoints for asset 'C:\Users\toduc\Downloads\SmartStay\wwwroot\lib\bootstrap\dist\css\bootstrap-reboot.rtl.css' because it no longer exists.
         Removing endpoints for asset 'C:\Users\toduc\Downloads\SmartStay\wwwroot\lib\bootstrap\dist\css\bootstrap-reboot.rtl.css' because it no longer exists.
         Removing endpoints for asset 'C:\Users\toduc\Downloads\SmartStay\wwwroot\lib\bootstrap\dist\css\bootstrap-reboot.rtl.css.map' because it no longer exists.
         Removing endpoints for asset 'C:\Users\toduc\Downloads\SmartStay\wwwroot\lib\bootstrap\dist\css\bootstrap-reboot.rtl.css.map' because it no longer exists.
         Removing endpoints for asset 'C:\Users\toduc\Downloads\SmartStay\wwwroot\lib\bootstrap\dist\css\bootstrap-reboot.rtl.min.css' because it no longer exists.
         Removing endpoints for asset 'C:\Users\toduc\Downloads\SmartStay\wwwroot\lib\bootstrap\dist\css\bootstrap-reboot.rtl.min.css' because it no longer exists.
         Removing endpoints for asset 'C:\Users\toduc\Downloads\SmartStay\wwwroot\lib\bootstrap\dist\css\bootstrap-reboot.rtl.min.css.map' because it no longer exists.
         Removing endpoints for asset 'C:\Users\toduc\Downloads\SmartStay\wwwroot\lib\bootstrap\dist\css\bootstrap-reboot.rtl.min.css.map' because it no longer exists.
         Removing endpoints for asset 'C:\Users\toduc\Downloads\SmartStay\wwwroot\lib\bootstrap\dist\css\bootstrap-utilities.css' because it no longer exists.
         Removing endpoints for asset 'C:\Users\toduc\Downloads\SmartStay\wwwroot\lib\bootstrap\dist\css\bootstrap-utilities.css' because it no longer exists.
         Removing endpoints for asset 'C:\Users\toduc\Downloads\SmartStay\wwwroot\lib\bootstrap\dist\css\bootstrap-utilities.css.map' because it no longer exists.
         Removing endpoints for asset 'C:\Users\toduc\Downloads\SmartStay\wwwroot\lib\bootstrap\dist\css\bootstrap-utilities.css.map' because it no longer exists.
         Removing endpoints for asset 'C:\Users\toduc\Downloads\SmartStay\wwwroot\lib\bootstrap\dist\css\bootstrap-utilities.min.css' because it no longer exists.
         Removing endpoints for asset 'C:\Users\toduc\Downloads\SmartStay\wwwroot\lib\bootstrap\dist\css\bootstrap-utilities.min.css' because it no longer exists.
         Removing endpoints for asset 'C:\Users\toduc\Downloads\SmartStay\wwwroot\lib\bootstrap\dist\css\bootstrap.rtl.css' because it no longer exists.
         Removing endpoints for asset 'C:\Users\toduc\Downloads\SmartStay\wwwroot\lib\bootstrap\dist\css\bootstrap.rtl.css' because it no longer exists.
         Removing endpoints for asset 'C:\Users\toduc\Downloads\SmartStay\wwwroot\uploads\rooms\1\e752d234-45c1-40f0-abdb-208071a8ff51.png' because it no longer exists.
         Removing endpoints for asset 'C:\Users\toduc\Downloads\SmartStay\wwwroot\uploads\rooms\1\e752d234-45c1-40f0-abdb-208071a8ff51.png' because it no longer exists.
         Removing endpoints for asset 'C:\Users\toduc\Downloads\SmartStay\wwwroot\lib\bootstrap\dist\css\bootstrap.min.css' because it no longer exists.
         Removing endpoints for asset 'C:\Users\toduc\Downloads\SmartStay\wwwroot\lib\bootstrap\dist\css\bootstrap.min.css' because it no longer exists.
         Removing endpoints for asset 'C:\Users\toduc\Downloads\SmartStay\wwwroot\lib\bootstrap\dist\css\bootstrap.min.css.map' because it no longer exists.
         Removing endpoints for asset 'C:\Users\toduc\Downloads\SmartStay\wwwroot\lib\bootstrap\dist\css\bootstrap.min.css.map' because it no longer exists.
         Removing endpoints for asset 'C:\Users\toduc\Downloads\SmartStay\wwwroot\css\app.css' because it no longer exists.
         Removing endpoints for asset 'C:\Users\toduc\Downloads\SmartStay\wwwroot\css\app.css' because it no longer exists.
         Removing endpoints for asset 'C:\Users\toduc\Downloads\SmartStay\wwwroot\favicon.ico' because it no longer exists.
         Removing endpoints for asset 'C:\Users\toduc\Downloads\SmartStay\wwwroot\favicon.ico' because it no longer exists.
         Removing endpoints for asset 'C:\Users\toduc\Downloads\SmartStay\wwwroot\images\khachthue\169ac11e-51c2-4ec0-83f6-fa06099c9c31.jpg' because it no longer exists.
         Removing endpoints for asset 'C:\Users\toduc\Downloads\SmartStay\wwwroot\images\khachthue\169ac11e-51c2-4ec0-83f6-fa06099c9c31.jpg' because it no longer exists.
         Removing endpoints for asset 'C:\Users\toduc\Downloads\SmartStay\wwwroot\images\khachthue\30a94b26-aaa2-4ca2-9846-863d70df0a1d.png' because it no longer exists.
         Removing endpoints for asset 'C:\Users\toduc\Downloads\SmartStay\wwwroot\images\khachthue\30a94b26-aaa2-4ca2-9846-863d70df0a1d.png' because it no longer exists.
         Removing endpoints for asset 'C:\Users\toduc\Downloads\SmartStay\wwwroot\images\khachthue\470101b0-382e-4610-990d-27d313a70c2b.jpg' because it no longer exists.
         Removing endpoints for asset 'C:\Users\toduc\Downloads\SmartStay\wwwroot\images\khachthue\470101b0-382e-4610-990d-27d313a70c2b.jpg' because it no longer exists.
         Removing endpoints for asset 'C:\Users\toduc\Downloads\SmartStay\wwwroot\images\khachthue\52e1789c-bb93-4a31-9b32-e47b66085be5.jpg' because it no longer exists.
         Removing endpoints for asset 'C:\Users\toduc\Downloads\SmartStay\wwwroot\images\khachthue\52e1789c-bb93-4a31-9b32-e47b66085be5.jpg' because it no longer exists.
         Removing endpoints for asset 'C:\Users\toduc\Downloads\SmartStay\wwwroot\images\khachthue\7159c391-099e-4253-9500-cb82a64568b8.png' because it no longer exists.
         Removing endpoints for asset 'C:\Users\toduc\Downloads\SmartStay\wwwroot\images\khachthue\7159c391-099e-4253-9500-cb82a64568b8.png' because it no longer exists.
         Removing endpoints for asset 'C:\Users\toduc\Downloads\SmartStay\wwwroot\images\phongtro\5f80b730-a380-4890-bfdf-aef6318a2702_banner_sinh_ton_noi_hoang_da.png' because it no longer exists.
         Removing endpoints for asset 'C:\Users\toduc\Downloads\SmartStay\wwwroot\images\phongtro\5f80b730-a380-4890-bfdf-aef6318a2702_banner_sinh_ton_noi_hoang_da.png' because it no longer exists.
         Removing endpoints for asset 'C:\Users\toduc\Downloads\SmartStay\wwwroot\images\phongtro\6993ec13-6289-47b2-96ba-c24b06b39956_banner_sinh_ton_noi_hoang_da.png' because it no longer exists.
         Removing endpoints for asset 'C:\Users\toduc\Downloads\SmartStay\wwwroot\images\phongtro\6993ec13-6289-47b2-96ba-c24b06b39956_banner_sinh_ton_noi_hoang_da.png' because it no longer exists.
         Removing endpoints for asset 'C:\Users\toduc\Downloads\SmartStay\wwwroot\images\phongtro\69a9928a-378e-4387-8584-f0ca93c81297_banner_sinh_ton_noi_hoang_da.png' because it no longer exists.
         Removing endpoints for asset 'C:\Users\toduc\Downloads\SmartStay\wwwroot\images\phongtro\69a9928a-378e-4387-8584-f0ca93c81297_banner_sinh_ton_noi_hoang_da.png' because it no longer exists.
         Removing endpoints for asset 'C:\Users\toduc\Downloads\SmartStay\wwwroot\images\phongtro\7d8c4580-9fe6-40dd-a094-c830d8cb364e_Screenshot 2026-02-06 224252.png' because it no longer exists.
         Removing endpoints for asset 'C:\Users\toduc\Downloads\SmartStay\wwwroot\images\phongtro\7d8c4580-9fe6-40dd-a094-c830d8cb364e_Screenshot 2026-02-06 224252.png' because it no longer exists.
         Removing endpoints for asset 'C:\Users\toduc\Downloads\SmartStay\wwwroot\images\phongtro\9a246d91-4772-49b4-a7e4-5aa765689bc9_tải xuống.jpg' because it no longer exists.
         Removing endpoints for asset 'C:\Users\toduc\Downloads\SmartStay\wwwroot\images\phongtro\9a246d91-4772-49b4-a7e4-5aa765689bc9_tải xuống.jpg' because it no longer exists.
         Removing endpoints for asset 'C:\Users\toduc\Downloads\SmartStay\wwwroot\images\phongtro\a873c948-f3e4-4c0d-bf7e-e16c5487cbf7_Screenshot 2026-02-02 201521.png' because it no longer exists.
         Removing endpoints for asset 'C:\Users\toduc\Downloads\SmartStay\wwwroot\images\phongtro\a873c948-f3e4-4c0d-bf7e-e16c5487cbf7_Screenshot 2026-02-02 201521.png' because it no longer exists.
         Removing endpoints for asset 'C:\Users\toduc\Downloads\SmartStay\wwwroot\images\phongtro\b45c992e-9db4-49a7-8c45-abc674ca8d17_Screenshot 2025-10-01 094135.png' because it no longer exists.
         Removing endpoints for asset 'C:\Users\toduc\Downloads\SmartStay\wwwroot\images\phongtro\b45c992e-9db4-49a7-8c45-abc674ca8d17_Screenshot 2025-10-01 094135.png' because it no longer exists.
         Removing endpoints for asset 'C:\Users\toduc\Downloads\SmartStay\wwwroot\images\phongtro\ca212be1-5d96-4c4e-99ed-0b8dccf5a7a5_anh chinh minh.jpg' because it no longer exists.
         Removing endpoints for asset 'C:\Users\toduc\Downloads\SmartStay\wwwroot\images\phongtro\ca212be1-5d96-4c4e-99ed-0b8dccf5a7a5_anh chinh minh.jpg' because it no longer exists.
         Removing endpoints for asset 'C:\Users\toduc\Downloads\SmartStay\wwwroot\lib\bootstrap\dist\css\bootstrap.rtl.css.map' because it no longer exists.
         Removing endpoints for asset 'C:\Users\toduc\Downloads\SmartStay\wwwroot\lib\bootstrap\dist\css\bootstrap.rtl.css.map' because it no longer exists.
         Removing endpoints for asset 'C:\Users\toduc\Downloads\SmartStay\wwwroot\lib\bootstrap\dist\css\bootstrap.rtl.min.css' because it no longer exists.
         Removing endpoints for asset 'C:\Users\toduc\Downloads\SmartStay\wwwroot\lib\bootstrap\dist\css\bootstrap.rtl.min.css' because it no longer exists.
         Removing endpoints for asset 'C:\Users\toduc\Downloads\SmartStay\wwwroot\lib\bootstrap\dist\css\bootstrap.rtl.min.css.map' because it no longer exists.
         Removing endpoints for asset 'C:\Users\toduc\Downloads\SmartStay\wwwroot\lib\bootstrap\dist\css\bootstrap.rtl.min.css.map' because it no longer exists.
         Removing endpoints for asset 'C:\Users\toduc\Downloads\SmartStay\wwwroot\js\site.js' because it no longer exists.
         Removing endpoints for asset 'C:\Users\toduc\Downloads\SmartStay\wwwroot\js\site.js' because it no longer exists.
         Removing endpoints for asset 'C:\Users\toduc\Downloads\SmartStay\wwwroot\lib\bootstrap\dist\js\bootstrap.bundle.js' because it no longer exists.
         Removing endpoints for asset 'C:\Users\toduc\Downloads\SmartStay\wwwroot\lib\bootstrap\dist\js\bootstrap.bundle.js' because it no longer exists.
         Removing endpoints for asset 'C:\Users\toduc\Downloads\SmartStay\wwwroot\lib\bootstrap\dist\js\bootstrap.bundle.js.map' because it no longer exists.
         Removing endpoints for asset 'C:\Users\toduc\Downloads\SmartStay\wwwroot\lib\bootstrap\dist\js\bootstrap.bundle.js.map' because it no longer exists.
         Removing endpoints for asset 'C:\Users\toduc\Downloads\SmartStay\wwwroot\css\site.css' because it no longer exists.
         Removing endpoints for asset 'C:\Users\toduc\Downloads\SmartStay\wwwroot\css\site.css' because it no longer exists.
         Removing endpoints for asset 'C:\Users\toduc\Downloads\SmartStay\wwwroot\images\khachthue\d976ee01-ad82-48ff-a272-6f65f9b2c818.jpg' because it no longer exists.
         Removing endpoints for asset 'C:\Users\toduc\Downloads\SmartStay\wwwroot\images\khachthue\d976ee01-ad82-48ff-a272-6f65f9b2c818.jpg' because it no longer exists.
         Removing endpoints for asset 'C:\Users\toduc\Downloads\SmartStay\wwwroot\images\phongtro\5637c904-8589-43e7-b1ba-c26e5f81595c_tải xuống.jpg' because it no longer exists.
         Removing endpoints for asset 'C:\Users\toduc\Downloads\SmartStay\wwwroot\images\phongtro\5637c904-8589-43e7-b1ba-c26e5f81595c_tải xuống.jpg' because it no longer exists.
         Removing endpoints for asset 'C:\Users\toduc\Downloads\SmartStay\wwwroot\images\phongtro\e59ef006-9308-408e-bd99-2c9978263404_Tottenham.jpg' because it no longer exists.
         Removing endpoints for asset 'C:\Users\toduc\Downloads\SmartStay\wwwroot\images\phongtro\e59ef006-9308-408e-bd99-2c9978263404_Tottenham.jpg' because it no longer exists.
         Removing endpoints for asset 'C:\Users\toduc\Downloads\SmartStay\wwwroot\lib\bootstrap\dist\css\bootstrap-grid.css' because it no longer exists.
         Removing endpoints for asset 'C:\Users\toduc\Downloads\SmartStay\wwwroot\lib\bootstrap\dist\css\bootstrap-grid.css' because it no longer exists.
         Removing endpoints for asset 'C:\Users\toduc\Downloads\SmartStay\wwwroot\lib\bootstrap\dist\css\bootstrap-grid.css.map' because it no longer exists.
         Removing endpoints for asset 'C:\Users\toduc\Downloads\SmartStay\wwwroot\lib\bootstrap\dist\css\bootstrap-grid.css.map' because it no longer exists.
         Removing endpoints for asset 'C:\Users\toduc\Downloads\SmartStay\wwwroot\lib\bootstrap\dist\css\bootstrap-grid.min.css' because it no longer exists.
         Removing endpoints for asset 'C:\Users\toduc\Downloads\SmartStay\wwwroot\lib\bootstrap\dist\css\bootstrap-grid.min.css' because it no longer exists.
         Removing endpoints for asset 'C:\Users\toduc\Downloads\SmartStay\wwwroot\lib\bootstrap\dist\css\bootstrap-grid.min.css.map' because it no longer exists.
         Removing endpoints for asset 'C:\Users\toduc\Downloads\SmartStay\wwwroot\lib\bootstrap\dist\css\bootstrap-grid.min.css.map' because it no longer exists.
         Removing endpoints for asset 'C:\Users\toduc\Downloads\SmartStay\wwwroot\lib\bootstrap\dist\css\bootstrap-grid.rtl.css' because it no longer exists.
         Removing endpoints for asset 'C:\Users\toduc\Downloads\SmartStay\wwwroot\lib\bootstrap\dist\css\bootstrap-grid.rtl.css' because it no longer exists.
         Removing endpoints for asset 'C:\Users\toduc\Downloads\SmartStay\wwwroot\lib\bootstrap\dist\css\bootstrap-grid.rtl.css.map' because it no longer exists.
         Removing endpoints for asset 'C:\Users\toduc\Downloads\SmartStay\wwwroot\lib\bootstrap\dist\css\bootstrap-grid.rtl.css.map' because it no longer exists.
         Removing endpoints for asset 'C:\Users\toduc\Downloads\SmartStay\wwwroot\lib\bootstrap\dist\css\bootstrap-grid.rtl.min.css' because it no longer exists.
         Removing endpoints for asset 'C:\Users\toduc\Downloads\SmartStay\wwwroot\lib\bootstrap\dist\css\bootstrap-grid.rtl.min.css' because it no longer exists.
         Removing endpoints for asset 'C:\Users\toduc\Downloads\SmartStay\wwwroot\lib\bootstrap\dist\css\bootstrap-grid.rtl.min.css.map' because it no longer exists.
         Removing endpoints for asset 'C:\Users\toduc\Downloads\SmartStay\wwwroot\lib\bootstrap\dist\css\bootstrap-grid.rtl.min.css.map' because it no longer exists.
       Done executing task "DefineStaticWebAssetEndpoints".
       Using "ApplyJsModules" task from assembly "C:\Program Files\dotnet\sdk\10.0.100\Sdks\Microsoft.NET.Sdk.StaticWebAssets\targets\..\tasks\net10.0\Microsoft.NET.Sdk.StaticWebAssets.Tasks.dll".
       Task "ApplyJsModules"
       Done executing task "ApplyJsModules".
   1:7>Done building target "ResolveJSModuleStaticWebAssets" in project "do_an_tot_nghiep.csproj".
   1:7>Target "ResolveCoreStaticWebAssets" in file "C:\Program Files\dotnet\sdk\10.0.100\Sdks\Microsoft.NET.Sdk.StaticWebAssets\targets\Microsoft.NET.Sdk.StaticWebAssets.targets" from project "C:\Users\toduc\Downloads\SmartStay\do_an_tot_nghiep.csproj" (target "ResolveBuildStaticWebAssets" depends on it):
   1:7>Done building target "ResolveCoreStaticWebAssets" in project "do_an_tot_nghiep.csproj".
       Target "ResolveCoreStaticWebAssets" skipped. Previously built successfully.
       Target "ResolveJsInitializerModuleStaticWebAssets" skipped. Previously built successfully.
   1:7>Target "ResolveJSModuleManifestBuildConfiguration" in file "C:\Program Files\dotnet\sdk\10.0.100\Sdks\Microsoft.NET.Sdk.StaticWebAssets\targets\Microsoft.NET.Sdk.StaticWebAssets.JSModules.targets" from project "C:\Users\toduc\Downloads\SmartStay\do_an_tot_nghiep.csproj" (target "GenerateJSModuleManifestBuildStaticWebAssets" depends on it):
   1:7>Done building target "ResolveJSModuleManifestBuildConfiguration" in project "do_an_tot_nghiep.csproj".
   1:7>Target "GenerateJSModuleManifestBuildStaticWebAssets" in file "C:\Program Files\dotnet\sdk\10.0.100\Sdks\Microsoft.NET.Sdk.StaticWebAssets\targets\Microsoft.NET.Sdk.StaticWebAssets.JSModules.targets" from project "C:\Users\toduc\Downloads\SmartStay\do_an_tot_nghiep.csproj" (target "ResolveJSModuleManifestBuildStaticWebAssets" depends on it):
   1:7>Done building target "GenerateJSModuleManifestBuildStaticWebAssets" in project "do_an_tot_nghiep.csproj".
   1:7>Target "ResolveJSModuleManifestBuildStaticWebAssets" in file "C:\Program Files\dotnet\sdk\10.0.100\Sdks\Microsoft.NET.Sdk.StaticWebAssets\targets\Microsoft.NET.Sdk.StaticWebAssets.JSModules.targets" from project "C:\Users\toduc\Downloads\SmartStay\do_an_tot_nghiep.csproj" (target "ResolveStaticWebAssetsInputs" depends on it):
       Task "DefineStaticWebAssetEndpoints"
         Removing endpoints for asset 'C:\Users\toduc\Downloads\SmartStay\wwwroot\lib\jquery-validation\dist\additional-methods.min.js' because it no longer exists.
         Removing endpoints for asset 'C:\Users\toduc\Downloads\SmartStay\wwwroot\lib\jquery-validation\dist\additional-methods.min.js' because it no longer exists.
         Removing endpoints for asset 'C:\Users\toduc\Downloads\SmartStay\wwwroot\lib\jquery-validation\dist\jquery.validate.js' because it no longer exists.
         Removing endpoints for asset 'C:\Users\toduc\Downloads\SmartStay\wwwroot\lib\jquery-validation\dist\jquery.validate.js' because it no longer exists.
         Removing endpoints for asset 'C:\Users\toduc\Downloads\SmartStay\wwwroot\lib\jquery-validation\dist\jquery.validate.min.js' because it no longer exists.
         Removing endpoints for asset 'C:\Users\toduc\Downloads\SmartStay\wwwroot\lib\jquery-validation\dist\jquery.validate.min.js' because it no longer exists.
         Removing endpoints for asset 'C:\Users\toduc\Downloads\SmartStay\wwwroot\lib\jquery-validation\LICENSE.md' because it no longer exists.
         Removing endpoints for asset 'C:\Users\toduc\Downloads\SmartStay\wwwroot\lib\jquery-validation\LICENSE.md' because it no longer exists.
         Removing endpoints for asset 'C:\Users\toduc\Downloads\SmartStay\wwwroot\lib\jquery\dist\jquery.js' because it no longer exists.
         Removing endpoints for asset 'C:\Users\toduc\Downloads\SmartStay\wwwroot\lib\jquery\dist\jquery.js' because it no longer exists.
         Removing endpoints for asset 'C:\Users\toduc\Downloads\SmartStay\wwwroot\lib\jquery\dist\jquery.min.js' because it no longer exists.
         Removing endpoints for asset 'C:\Users\toduc\Downloads\SmartStay\wwwroot\lib\jquery\dist\jquery.min.js' because it no longer exists.
         Removing endpoints for asset 'C:\Users\toduc\Downloads\SmartStay\wwwroot\lib\jquery\dist\jquery.min.map' because it no longer exists.
         Removing endpoints for asset 'C:\Users\toduc\Downloads\SmartStay\wwwroot\lib\jquery\dist\jquery.min.map' because it no longer exists.
         Removing endpoints for asset 'C:\Users\toduc\Downloads\SmartStay\wwwroot\lib\jquery\LICENSE.txt' because it no longer exists.
         Removing endpoints for asset 'C:\Users\toduc\Downloads\SmartStay\wwwroot\lib\jquery\LICENSE.txt' because it no longer exists.
         Removing endpoints for asset 'C:\Users\toduc\Downloads\SmartStay\wwwroot\uploads\buildings\1\fe8d616a-d80d-4b94-a73d-cc97ce64113c.png' because it no longer exists.
         Removing endpoints for asset 'C:\Users\toduc\Downloads\SmartStay\wwwroot\uploads\buildings\1\fe8d616a-d80d-4b94-a73d-cc97ce64113c.png' because it no longer exists.
         Removing endpoints for asset 'C:\Users\toduc\Downloads\SmartStay\wwwroot\uploads\rooms\1\0a9d22b3-c982-401f-b01f-9425793078b4.png' because it no longer exists.
         Removing endpoints for asset 'C:\Users\toduc\Downloads\SmartStay\wwwroot\uploads\rooms\1\0a9d22b3-c982-401f-b01f-9425793078b4.png' because it no longer exists.
         Removing endpoints for asset 'C:\Users\toduc\Downloads\SmartStay\wwwroot\uploads\rooms\1\fff77a6f-9794-4d4f-8847-79f15c93d33b.png' because it no longer exists.
         Removing endpoints for asset 'C:\Users\toduc\Downloads\SmartStay\wwwroot\uploads\rooms\1\fff77a6f-9794-4d4f-8847-79f15c93d33b.png' because it no longer exists.
         Removing endpoints for asset 'C:\Users\toduc\Downloads\SmartStay\wwwroot\lib\bootstrap\dist\css\bootstrap-utilities.min.css.map' because it no longer exists.
         Removing endpoints for asset 'C:\Users\toduc\Downloads\SmartStay\wwwroot\lib\bootstrap\dist\css\bootstrap-utilities.min.css.map' because it no longer exists.
         Removing endpoints for asset 'C:\Users\toduc\Downloads\SmartStay\wwwroot\lib\bootstrap\dist\css\bootstrap-utilities.rtl.css' because it no longer exists.
         Removing endpoints for asset 'C:\Users\toduc\Downloads\SmartStay\wwwroot\lib\bootstrap\dist\css\bootstrap-utilities.rtl.css' because it no longer exists.
         Removing endpoints for asset 'C:\Users\toduc\Downloads\SmartStay\wwwroot\lib\bootstrap\dist\css\bootstrap-utilities.rtl.css.map' because it no longer exists.
         Removing endpoints for asset 'C:\Users\toduc\Downloads\SmartStay\wwwroot\lib\bootstrap\dist\css\bootstrap-utilities.rtl.css.map' because it no longer exists.
         Removing endpoints for asset 'C:\Users\toduc\Downloads\SmartStay\wwwroot\lib\bootstrap\dist\css\bootstrap-utilities.rtl.min.css' because it no longer exists.
         Removing endpoints for asset 'C:\Users\toduc\Downloads\SmartStay\wwwroot\lib\bootstrap\dist\css\bootstrap-utilities.rtl.min.css' because it no longer exists.
         Removing endpoints for asset 'C:\Users\toduc\Downloads\SmartStay\wwwroot\lib\bootstrap\dist\css\bootstrap-utilities.rtl.min.css.map' because it no longer exists.
         Removing endpoints for asset 'C:\Users\toduc\Downloads\SmartStay\wwwroot\lib\bootstrap\dist\css\bootstrap-utilities.rtl.min.css.map' because it no longer exists.
         Removing endpoints for asset 'C:\Users\toduc\Downloads\SmartStay\wwwroot\lib\bootstrap\dist\css\bootstrap.css' because it no longer exists.
         Removing endpoints for asset 'C:\Users\toduc\Downloads\SmartStay\wwwroot\lib\bootstrap\dist\css\bootstrap.css' because it no longer exists.
         Removing endpoints for asset 'C:\Users\toduc\Downloads\SmartStay\wwwroot\lib\bootstrap\dist\css\bootstrap.css.map' because it no longer exists.
         Removing endpoints for asset 'C:\Users\toduc\Downloads\SmartStay\wwwroot\lib\bootstrap\dist\css\bootstrap.css.map' because it no longer exists.
         Removing endpoints for asset 'C:\Users\toduc\Downloads\SmartStay\wwwroot\lib\bootstrap\dist\js\bootstrap.bundle.min.js' because it no longer exists.
         Removing endpoints for asset 'C:\Users\toduc\Downloads\SmartStay\wwwroot\lib\bootstrap\dist\js\bootstrap.bundle.min.js' because it no longer exists.
         Removing endpoints for asset 'C:\Users\toduc\Downloads\SmartStay\wwwroot\lib\bootstrap\dist\js\bootstrap.bundle.min.js.map' because it no longer exists.
         Removing endpoints for asset 'C:\Users\toduc\Downloads\SmartStay\wwwroot\lib\bootstrap\dist\js\bootstrap.bundle.min.js.map' because it no longer exists.
         Removing endpoints for asset 'C:\Users\toduc\Downloads\SmartStay\wwwroot\lib\bootstrap\dist\js\bootstrap.esm.js' because it no longer exists.
         Removing endpoints for asset 'C:\Users\toduc\Downloads\SmartStay\wwwroot\lib\bootstrap\dist\js\bootstrap.esm.js' because it no longer exists.
         Removing endpoints for asset 'C:\Users\toduc\Downloads\SmartStay\wwwroot\lib\bootstrap\dist\js\bootstrap.esm.js.map' because it no longer exists.
         Removing endpoints for asset 'C:\Users\toduc\Downloads\SmartStay\wwwroot\lib\bootstrap\dist\js\bootstrap.esm.js.map' because it no longer exists.
         Removing endpoints for asset 'C:\Users\toduc\Downloads\SmartStay\wwwroot\lib\bootstrap\dist\js\bootstrap.esm.min.js' because it no longer exists.
         Removing endpoints for asset 'C:\Users\toduc\Downloads\SmartStay\wwwroot\lib\bootstrap\dist\js\bootstrap.esm.min.js' because it no longer exists.
         Removing endpoints for asset 'C:\Users\toduc\Downloads\SmartStay\wwwroot\lib\bootstrap\dist\js\bootstrap.min.js' because it no longer exists.
         Removing endpoints for asset 'C:\Users\toduc\Downloads\SmartStay\wwwroot\lib\bootstrap\dist\js\bootstrap.min.js' because it no longer exists.
         Removing endpoints for asset 'C:\Users\toduc\Downloads\SmartStay\wwwroot\lib\bootstrap\dist\js\bootstrap.min.js.map' because it no longer exists.
         Removing endpoints for asset 'C:\Users\toduc\Downloads\SmartStay\wwwroot\lib\bootstrap\dist\js\bootstrap.min.js.map' because it no longer exists.
         Removing endpoints for asset 'C:\Users\toduc\Downloads\SmartStay\wwwroot\lib\bootstrap\LICENSE' because it no longer exists.
         Removing endpoints for asset 'C:\Users\toduc\Downloads\SmartStay\wwwroot\lib\bootstrap\LICENSE' because it no longer exists.
         Removing endpoints for asset 'C:\Users\toduc\Downloads\SmartStay\wwwroot\lib\jquery-validation-unobtrusive\jquery.validate.unobtrusive.js' because it no longer exists.
         Removing endpoints for asset 'C:\Users\toduc\Downloads\SmartStay\wwwroot\lib\jquery-validation-unobtrusive\jquery.validate.unobtrusive.js' because it no longer exists.
         Removing endpoints for asset 'C:\Users\toduc\Downloads\SmartStay\wwwroot\lib\jquery-validation-unobtrusive\jquery.validate.unobtrusive.min.js' because it no longer exists.
         Removing endpoints for asset 'C:\Users\toduc\Downloads\SmartStay\wwwroot\lib\jquery-validation-unobtrusive\jquery.validate.unobtrusive.min.js' because it no longer exists.
         Removing endpoints for asset 'C:\Users\toduc\Downloads\SmartStay\wwwroot\lib\jquery-validation-unobtrusive\LICENSE.txt' because it no longer exists.
         Removing endpoints for asset 'C:\Users\toduc\Downloads\SmartStay\wwwroot\lib\jquery-validation-unobtrusive\LICENSE.txt' because it no longer exists.
         Removing endpoints for asset 'C:\Users\toduc\Downloads\SmartStay\wwwroot\lib\jquery-validation\dist\additional-methods.js' because it no longer exists.
         Removing endpoints for asset 'C:\Users\toduc\Downloads\SmartStay\wwwroot\lib\jquery-validation\dist\additional-methods.js' because it no longer exists.
         Removing endpoints for asset 'C:\Users\toduc\Downloads\SmartStay\wwwroot\images\phongtro\5aaefbd0-a470-4226-af4b-8cb261593738_Screenshot 2026-01-12 210119.png' because it no longer exists.
         Removing endpoints for asset 'C:\Users\toduc\Downloads\SmartStay\wwwroot\images\phongtro\5aaefbd0-a470-4226-af4b-8cb261593738_Screenshot 2026-01-12 210119.png' because it no longer exists.
         Removing endpoints for asset 'C:\Users\toduc\Downloads\SmartStay\wwwroot\lib\bootstrap\dist\css\bootstrap-reboot.css' because it no longer exists.
         Removing endpoints for asset 'C:\Users\toduc\Downloads\SmartStay\wwwroot\lib\bootstrap\dist\css\bootstrap-reboot.css' because it no longer exists.
         Removing endpoints for asset 'C:\Users\toduc\Downloads\SmartStay\wwwroot\lib\bootstrap\dist\js\bootstrap.esm.min.js.map' because it no longer exists.
         Removing endpoints for asset 'C:\Users\toduc\Downloads\SmartStay\wwwroot\lib\bootstrap\dist\js\bootstrap.esm.min.js.map' because it no longer exists.
         Removing endpoints for asset 'C:\Users\toduc\Downloads\SmartStay\wwwroot\lib\bootstrap\dist\js\bootstrap.js' because it no longer exists.
         Removing endpoints for asset 'C:\Users\toduc\Downloads\SmartStay\wwwroot\lib\bootstrap\dist\js\bootstrap.js' because it no longer exists.
         Removing endpoints for asset 'C:\Users\toduc\Downloads\SmartStay\wwwroot\lib\bootstrap\dist\js\bootstrap.js.map' because it no longer exists.
         Removing endpoints for asset 'C:\Users\toduc\Downloads\SmartStay\wwwroot\lib\bootstrap\dist\js\bootstrap.js.map' because it no longer exists.
         Removing endpoints for asset 'C:\Users\toduc\Downloads\SmartStay\wwwroot\lib\bootstrap\dist\css\bootstrap-reboot.css.map' because it no longer exists.
         Removing endpoints for asset 'C:\Users\toduc\Downloads\SmartStay\wwwroot\lib\bootstrap\dist\css\bootstrap-reboot.css.map' because it no longer exists.
         Removing endpoints for asset 'C:\Users\toduc\Downloads\SmartStay\wwwroot\lib\bootstrap\dist\css\bootstrap-reboot.min.css' because it no longer exists.
         Removing endpoints for asset 'C:\Users\toduc\Downloads\SmartStay\wwwroot\lib\bootstrap\dist\css\bootstrap-reboot.min.css' because it no longer exists.
         Removing endpoints for asset 'C:\Users\toduc\Downloads\SmartStay\wwwroot\lib\bootstrap\dist\css\bootstrap-reboot.min.css.map' because it no longer exists.
         Removing endpoints for asset 'C:\Users\toduc\Downloads\SmartStay\wwwroot\lib\bootstrap\dist\css\bootstrap-reboot.min.css.map' because it no longer exists.
         Removing endpoints for asset 'C:\Users\toduc\Downloads\SmartStay\wwwroot\lib\bootstrap\dist\css\bootstrap-reboot.rtl.css' because it no longer exists.
         Removing endpoints for asset 'C:\Users\toduc\Downloads\SmartStay\wwwroot\lib\bootstrap\dist\css\bootstrap-reboot.rtl.css' because it no longer exists.
         Removing endpoints for asset 'C:\Users\toduc\Downloads\SmartStay\wwwroot\lib\bootstrap\dist\css\bootstrap-reboot.rtl.css.map' because it no longer exists.
         Removing endpoints for asset 'C:\Users\toduc\Downloads\SmartStay\wwwroot\lib\bootstrap\dist\css\bootstrap-reboot.rtl.css.map' because it no longer exists.
         Removing endpoints for asset 'C:\Users\toduc\Downloads\SmartStay\wwwroot\lib\bootstrap\dist\css\bootstrap-reboot.rtl.min.css' because it no longer exists.
         Removing endpoints for asset 'C:\Users\toduc\Downloads\SmartStay\wwwroot\lib\bootstrap\dist\css\bootstrap-reboot.rtl.min.css' because it no longer exists.
         Removing endpoints for asset 'C:\Users\toduc\Downloads\SmartStay\wwwroot\lib\bootstrap\dist\css\bootstrap-reboot.rtl.min.css.map' because it no longer exists.
         Removing endpoints for asset 'C:\Users\toduc\Downloads\SmartStay\wwwroot\lib\bootstrap\dist\css\bootstrap-reboot.rtl.min.css.map' because it no longer exists.
         Removing endpoints for asset 'C:\Users\toduc\Downloads\SmartStay\wwwroot\lib\bootstrap\dist\css\bootstrap-utilities.css' because it no longer exists.
         Removing endpoints for asset 'C:\Users\toduc\Downloads\SmartStay\wwwroot\lib\bootstrap\dist\css\bootstrap-utilities.css' because it no longer exists.
         Removing endpoints for asset 'C:\Users\toduc\Downloads\SmartStay\wwwroot\lib\bootstrap\dist\css\bootstrap-utilities.css.map' because it no longer exists.
         Removing endpoints for asset 'C:\Users\toduc\Downloads\SmartStay\wwwroot\lib\bootstrap\dist\css\bootstrap-utilities.css.map' because it no longer exists.
         Removing endpoints for asset 'C:\Users\toduc\Downloads\SmartStay\wwwroot\lib\bootstrap\dist\css\bootstrap-utilities.min.css' because it no longer exists.
         Removing endpoints for asset 'C:\Users\toduc\Downloads\SmartStay\wwwroot\lib\bootstrap\dist\css\bootstrap-utilities.min.css' because it no longer exists.
         Removing endpoints for asset 'C:\Users\toduc\Downloads\SmartStay\wwwroot\lib\bootstrap\dist\css\bootstrap.rtl.css' because it no longer exists.
         Removing endpoints for asset 'C:\Users\toduc\Downloads\SmartStay\wwwroot\lib\bootstrap\dist\css\bootstrap.rtl.css' because it no longer exists.
         Removing endpoints for asset 'C:\Users\toduc\Downloads\SmartStay\wwwroot\uploads\rooms\1\e752d234-45c1-40f0-abdb-208071a8ff51.png' because it no longer exists.
         Removing endpoints for asset 'C:\Users\toduc\Downloads\SmartStay\wwwroot\uploads\rooms\1\e752d234-45c1-40f0-abdb-208071a8ff51.png' because it no longer exists.
         Removing endpoints for asset 'C:\Users\toduc\Downloads\SmartStay\wwwroot\lib\bootstrap\dist\css\bootstrap.min.css' because it no longer exists.
         Removing endpoints for asset 'C:\Users\toduc\Downloads\SmartStay\wwwroot\lib\bootstrap\dist\css\bootstrap.min.css' because it no longer exists.
         Removing endpoints for asset 'C:\Users\toduc\Downloads\SmartStay\wwwroot\lib\bootstrap\dist\css\bootstrap.min.css.map' because it no longer exists.
         Removing endpoints for asset 'C:\Users\toduc\Downloads\SmartStay\wwwroot\lib\bootstrap\dist\css\bootstrap.min.css.map' because it no longer exists.
         Removing endpoints for asset 'C:\Users\toduc\Downloads\SmartStay\wwwroot\css\app.css' because it no longer exists.
         Removing endpoints for asset 'C:\Users\toduc\Downloads\SmartStay\wwwroot\css\app.css' because it no longer exists.
         Removing endpoints for asset 'C:\Users\toduc\Downloads\SmartStay\wwwroot\favicon.ico' because it no longer exists.
         Removing endpoints for asset 'C:\Users\toduc\Downloads\SmartStay\wwwroot\favicon.ico' because it no longer exists.
         Removing endpoints for asset 'C:\Users\toduc\Downloads\SmartStay\wwwroot\images\khachthue\169ac11e-51c2-4ec0-83f6-fa06099c9c31.jpg' because it no longer exists.
         Removing endpoints for asset 'C:\Users\toduc\Downloads\SmartStay\wwwroot\images\khachthue\169ac11e-51c2-4ec0-83f6-fa06099c9c31.jpg' because it no longer exists.
         Removing endpoints for asset 'C:\Users\toduc\Downloads\SmartStay\wwwroot\images\khachthue\30a94b26-aaa2-4ca2-9846-863d70df0a1d.png' because it no longer exists.
         Removing endpoints for asset 'C:\Users\toduc\Downloads\SmartStay\wwwroot\images\khachthue\30a94b26-aaa2-4ca2-9846-863d70df0a1d.png' because it no longer exists.
         Removing endpoints for asset 'C:\Users\toduc\Downloads\SmartStay\wwwroot\images\khachthue\470101b0-382e-4610-990d-27d313a70c2b.jpg' because it no longer exists.
         Removing endpoints for asset 'C:\Users\toduc\Downloads\SmartStay\wwwroot\images\khachthue\470101b0-382e-4610-990d-27d313a70c2b.jpg' because it no longer exists.
         Removing endpoints for asset 'C:\Users\toduc\Downloads\SmartStay\wwwroot\images\khachthue\52e1789c-bb93-4a31-9b32-e47b66085be5.jpg' because it no longer exists.
         Removing endpoints for asset 'C:\Users\toduc\Downloads\SmartStay\wwwroot\images\khachthue\52e1789c-bb93-4a31-9b32-e47b66085be5.jpg' because it no longer exists.
         Removing endpoints for asset 'C:\Users\toduc\Downloads\SmartStay\wwwroot\images\khachthue\7159c391-099e-4253-9500-cb82a64568b8.png' because it no longer exists.
         Removing endpoints for asset 'C:\Users\toduc\Downloads\SmartStay\wwwroot\images\khachthue\7159c391-099e-4253-9500-cb82a64568b8.png' because it no longer exists.
         Removing endpoints for asset 'C:\Users\toduc\Downloads\SmartStay\wwwroot\images\phongtro\5f80b730-a380-4890-bfdf-aef6318a2702_banner_sinh_ton_noi_hoang_da.png' because it no longer exists.
         Removing endpoints for asset 'C:\Users\toduc\Downloads\SmartStay\wwwroot\images\phongtro\5f80b730-a380-4890-bfdf-aef6318a2702_banner_sinh_ton_noi_hoang_da.png' because it no longer exists.
         Removing endpoints for asset 'C:\Users\toduc\Downloads\SmartStay\wwwroot\images\phongtro\6993ec13-6289-47b2-96ba-c24b06b39956_banner_sinh_ton_noi_hoang_da.png' because it no longer exists.
         Removing endpoints for asset 'C:\Users\toduc\Downloads\SmartStay\wwwroot\images\phongtro\6993ec13-6289-47b2-96ba-c24b06b39956_banner_sinh_ton_noi_hoang_da.png' because it no longer exists.
         Removing endpoints for asset 'C:\Users\toduc\Downloads\SmartStay\wwwroot\images\phongtro\69a9928a-378e-4387-8584-f0ca93c81297_banner_sinh_ton_noi_hoang_da.png' because it no longer exists.
         Removing endpoints for asset 'C:\Users\toduc\Downloads\SmartStay\wwwroot\images\phongtro\69a9928a-378e-4387-8584-f0ca93c81297_banner_sinh_ton_noi_hoang_da.png' because it no longer exists.
         Removing endpoints for asset 'C:\Users\toduc\Downloads\SmartStay\wwwroot\images\phongtro\7d8c4580-9fe6-40dd-a094-c830d8cb364e_Screenshot 2026-02-06 224252.png' because it no longer exists.
         Removing endpoints for asset 'C:\Users\toduc\Downloads\SmartStay\wwwroot\images\phongtro\7d8c4580-9fe6-40dd-a094-c830d8cb364e_Screenshot 2026-02-06 224252.png' because it no longer exists.
         Removing endpoints for asset 'C:\Users\toduc\Downloads\SmartStay\wwwroot\images\phongtro\9a246d91-4772-49b4-a7e4-5aa765689bc9_tải xuống.jpg' because it no longer exists.
         Removing endpoints for asset 'C:\Users\toduc\Downloads\SmartStay\wwwroot\images\phongtro\9a246d91-4772-49b4-a7e4-5aa765689bc9_tải xuống.jpg' because it no longer exists.
         Removing endpoints for asset 'C:\Users\toduc\Downloads\SmartStay\wwwroot\images\phongtro\a873c948-f3e4-4c0d-bf7e-e16c5487cbf7_Screenshot 2026-02-02 201521.png' because it no longer exists.
         Removing endpoints for asset 'C:\Users\toduc\Downloads\SmartStay\wwwroot\images\phongtro\a873c948-f3e4-4c0d-bf7e-e16c5487cbf7_Screenshot 2026-02-02 201521.png' because it no longer exists.
         Removing endpoints for asset 'C:\Users\toduc\Downloads\SmartStay\wwwroot\images\phongtro\b45c992e-9db4-49a7-8c45-abc674ca8d17_Screenshot 2025-10-01 094135.png' because it no longer exists.
         Removing endpoints for asset 'C:\Users\toduc\Downloads\SmartStay\wwwroot\images\phongtro\b45c992e-9db4-49a7-8c45-abc674ca8d17_Screenshot 2025-10-01 094135.png' because it no longer exists.
         Removing endpoints for asset 'C:\Users\toduc\Downloads\SmartStay\wwwroot\images\phongtro\ca212be1-5d96-4c4e-99ed-0b8dccf5a7a5_anh chinh minh.jpg' because it no longer exists.
         Removing endpoints for asset 'C:\Users\toduc\Downloads\SmartStay\wwwroot\images\phongtro\ca212be1-5d96-4c4e-99ed-0b8dccf5a7a5_anh chinh minh.jpg' because it no longer exists.
         Removing endpoints for asset 'C:\Users\toduc\Downloads\SmartStay\wwwroot\lib\bootstrap\dist\css\bootstrap.rtl.css.map' because it no longer exists.
         Removing endpoints for asset 'C:\Users\toduc\Downloads\SmartStay\wwwroot\lib\bootstrap\dist\css\bootstrap.rtl.css.map' because it no longer exists.
         Removing endpoints for asset 'C:\Users\toduc\Downloads\SmartStay\wwwroot\lib\bootstrap\dist\css\bootstrap.rtl.min.css' because it no longer exists.
         Removing endpoints for asset 'C:\Users\toduc\Downloads\SmartStay\wwwroot\lib\bootstrap\dist\css\bootstrap.rtl.min.css' because it no longer exists.
         Removing endpoints for asset 'C:\Users\toduc\Downloads\SmartStay\wwwroot\lib\bootstrap\dist\css\bootstrap.rtl.min.css.map' because it no longer exists.
         Removing endpoints for asset 'C:\Users\toduc\Downloads\SmartStay\wwwroot\lib\bootstrap\dist\css\bootstrap.rtl.min.css.map' because it no longer exists.
         Removing endpoints for asset 'C:\Users\toduc\Downloads\SmartStay\wwwroot\js\site.js' because it no longer exists.
         Removing endpoints for asset 'C:\Users\toduc\Downloads\SmartStay\wwwroot\js\site.js' because it no longer exists.
         Removing endpoints for asset 'C:\Users\toduc\Downloads\SmartStay\wwwroot\lib\bootstrap\dist\js\bootstrap.bundle.js' because it no longer exists.
         Removing endpoints for asset 'C:\Users\toduc\Downloads\SmartStay\wwwroot\lib\bootstrap\dist\js\bootstrap.bundle.js' because it no longer exists.
         Removing endpoints for asset 'C:\Users\toduc\Downloads\SmartStay\wwwroot\lib\bootstrap\dist\js\bootstrap.bundle.js.map' because it no longer exists.
         Removing endpoints for asset 'C:\Users\toduc\Downloads\SmartStay\wwwroot\lib\bootstrap\dist\js\bootstrap.bundle.js.map' because it no longer exists.
         Removing endpoints for asset 'C:\Users\toduc\Downloads\SmartStay\wwwroot\css\site.css' because it no longer exists.
         Removing endpoints for asset 'C:\Users\toduc\Downloads\SmartStay\wwwroot\css\site.css' because it no longer exists.
         Removing endpoints for asset 'C:\Users\toduc\Downloads\SmartStay\wwwroot\images\khachthue\d976ee01-ad82-48ff-a272-6f65f9b2c818.jpg' because it no longer exists.
         Removing endpoints for asset 'C:\Users\toduc\Downloads\SmartStay\wwwroot\images\khachthue\d976ee01-ad82-48ff-a272-6f65f9b2c818.jpg' because it no longer exists.
         Removing endpoints for asset 'C:\Users\toduc\Downloads\SmartStay\wwwroot\images\phongtro\5637c904-8589-43e7-b1ba-c26e5f81595c_tải xuống.jpg' because it no longer exists.
         Removing endpoints for asset 'C:\Users\toduc\Downloads\SmartStay\wwwroot\images\phongtro\5637c904-8589-43e7-b1ba-c26e5f81595c_tải xuống.jpg' because it no longer exists.
         Removing endpoints for asset 'C:\Users\toduc\Downloads\SmartStay\wwwroot\images\phongtro\e59ef006-9308-408e-bd99-2c9978263404_Tottenham.jpg' because it no longer exists.
         Removing endpoints for asset 'C:\Users\toduc\Downloads\SmartStay\wwwroot\images\phongtro\e59ef006-9308-408e-bd99-2c9978263404_Tottenham.jpg' because it no longer exists.
         Removing endpoints for asset 'C:\Users\toduc\Downloads\SmartStay\wwwroot\lib\bootstrap\dist\css\bootstrap-grid.css' because it no longer exists.
         Removing endpoints for asset 'C:\Users\toduc\Downloads\SmartStay\wwwroot\lib\bootstrap\dist\css\bootstrap-grid.css' because it no longer exists.
         Removing endpoints for asset 'C:\Users\toduc\Downloads\SmartStay\wwwroot\lib\bootstrap\dist\css\bootstrap-grid.css.map' because it no longer exists.
         Removing endpoints for asset 'C:\Users\toduc\Downloads\SmartStay\wwwroot\lib\bootstrap\dist\css\bootstrap-grid.css.map' because it no longer exists.
         Removing endpoints for asset 'C:\Users\toduc\Downloads\SmartStay\wwwroot\lib\bootstrap\dist\css\bootstrap-grid.min.css' because it no longer exists.
         Removing endpoints for asset 'C:\Users\toduc\Downloads\SmartStay\wwwroot\lib\bootstrap\dist\css\bootstrap-grid.min.css' because it no longer exists.
         Removing endpoints for asset 'C:\Users\toduc\Downloads\SmartStay\wwwroot\lib\bootstrap\dist\css\bootstrap-grid.min.css.map' because it no longer exists.
         Removing endpoints for asset 'C:\Users\toduc\Downloads\SmartStay\wwwroot\lib\bootstrap\dist\css\bootstrap-grid.min.css.map' because it no longer exists.
         Removing endpoints for asset 'C:\Users\toduc\Downloads\SmartStay\wwwroot\lib\bootstrap\dist\css\bootstrap-grid.rtl.css' because it no longer exists.
         Removing endpoints for asset 'C:\Users\toduc\Downloads\SmartStay\wwwroot\lib\bootstrap\dist\css\bootstrap-grid.rtl.css' because it no longer exists.
         Removing endpoints for asset 'C:\Users\toduc\Downloads\SmartStay\wwwroot\lib\bootstrap\dist\css\bootstrap-grid.rtl.css.map' because it no longer exists.
         Removing endpoints for asset 'C:\Users\toduc\Downloads\SmartStay\wwwroot\lib\bootstrap\dist\css\bootstrap-grid.rtl.css.map' because it no longer exists.
         Removing endpoints for asset 'C:\Users\toduc\Downloads\SmartStay\wwwroot\lib\bootstrap\dist\css\bootstrap-grid.rtl.min.css' because it no longer exists.
         Removing endpoints for asset 'C:\Users\toduc\Downloads\SmartStay\wwwroot\lib\bootstrap\dist\css\bootstrap-grid.rtl.min.css' because it no longer exists.
         Removing endpoints for asset 'C:\Users\toduc\Downloads\SmartStay\wwwroot\lib\bootstrap\dist\css\bootstrap-grid.rtl.min.css.map' because it no longer exists.
         Removing endpoints for asset 'C:\Users\toduc\Downloads\SmartStay\wwwroot\lib\bootstrap\dist\css\bootstrap-grid.rtl.min.css.map' because it no longer exists.
       Done executing task "DefineStaticWebAssetEndpoints".
   1:7>Done building target "ResolveJSModuleManifestBuildStaticWebAssets" in project "do_an_tot_nghiep.csproj".
       Target "ResolveCoreStaticWebAssets" skipped. Previously built successfully.
       Target "ResolveCoreStaticWebAssets" skipped. Previously built successfully.
       Target "ResolveCssScopes" skipped. Previously built successfully.
   1:7>Target "ResolveScopedCssOutputs" in file "C:\Program Files\dotnet\sdk\10.0.100\Sdks\Microsoft.NET.Sdk.StaticWebAssets\targets\Microsoft.NET.Sdk.StaticWebAssets.ScopedCss.targets" from project "C:\Users\toduc\Downloads\SmartStay\do_an_tot_nghiep.csproj" (target "_ComputeScopedCssStaticWebAssets" depends on it):
   1:7>Done building target "ResolveScopedCssOutputs" in project "do_an_tot_nghiep.csproj".
       Target "ResolveStaticWebAssetsConfiguration" skipped. Previously built successfully.
   1:7>Target "_ComputeScopedCssStaticWebAssets" in file "C:\Program Files\dotnet\sdk\10.0.100\Sdks\Microsoft.NET.Sdk.StaticWebAssets\targets\Microsoft.NET.Sdk.StaticWebAssets.ScopedCss.targets" from project "C:\Users\toduc\Downloads\SmartStay\do_an_tot_nghiep.csproj" (target "_CollectAllScopedCssAssets" depends on it):
       Task "DefineStaticWebAssets"
         No cache manifest path specified. Cache will not be used.
         RelativePath 'Views\Shared\_Layout.cshtml.rz.scp.css' normalized to 'Views/Shared/_Layout.cshtml.rz.scp.css' found for candidate 'C:\Users\toduc\Downloads\SmartStay\obj\Debug\net8.0\scopedcss\Views\Shared\_Layout.cshtml.rz.scp.css' and will be used for matching.
         Computing fingerprint and integrity for asset 'C:\Users\toduc\Downloads\SmartStay\obj\Debug\net8.0\scopedcss\Views\Shared\_Layout.cshtml.rz.scp.css'
         Identity for candidate 'C:\Users\toduc\Downloads\SmartStay\obj\Debug\net8.0\scopedcss\Views\Shared\_Layout.cshtml.rz.scp.css' is 'C:\Users\toduc\Downloads\SmartStay\obj\Debug\net8.0\scopedcss\Views\Shared\_Layout.cshtml.rz.scp.css' because it starts with content root 'C:\Users\toduc\Downloads\SmartStay\obj\Debug\net8.0\scopedcss\'.
       Done executing task "DefineStaticWebAssets".
       Task "DefineStaticWebAssetEndpoints"
         Removing endpoints for asset 'C:\Users\toduc\Downloads\SmartStay\wwwroot\lib\jquery-validation\dist\additional-methods.min.js' because it no longer exists.
         Removing endpoints for asset 'C:\Users\toduc\Downloads\SmartStay\wwwroot\lib\jquery-validation\dist\additional-methods.min.js' because it no longer exists.
         Removing endpoints for asset 'C:\Users\toduc\Downloads\SmartStay\wwwroot\lib\jquery-validation\dist\jquery.validate.js' because it no longer exists.
         Removing endpoints for asset 'C:\Users\toduc\Downloads\SmartStay\wwwroot\lib\jquery-validation\dist\jquery.validate.js' because it no longer exists.
         Removing endpoints for asset 'C:\Users\toduc\Downloads\SmartStay\wwwroot\lib\jquery-validation\dist\jquery.validate.min.js' because it no longer exists.
         Removing endpoints for asset 'C:\Users\toduc\Downloads\SmartStay\wwwroot\lib\jquery-validation\dist\jquery.validate.min.js' because it no longer exists.
         Removing endpoints for asset 'C:\Users\toduc\Downloads\SmartStay\wwwroot\lib\jquery-validation\LICENSE.md' because it no longer exists.
         Removing endpoints for asset 'C:\Users\toduc\Downloads\SmartStay\wwwroot\lib\jquery-validation\LICENSE.md' because it no longer exists.
         Removing endpoints for asset 'C:\Users\toduc\Downloads\SmartStay\wwwroot\lib\jquery\dist\jquery.js' because it no longer exists.
         Removing endpoints for asset 'C:\Users\toduc\Downloads\SmartStay\wwwroot\lib\jquery\dist\jquery.js' because it no longer exists.
         Removing endpoints for asset 'C:\Users\toduc\Downloads\SmartStay\wwwroot\lib\jquery\dist\jquery.min.js' because it no longer exists.
         Removing endpoints for asset 'C:\Users\toduc\Downloads\SmartStay\wwwroot\lib\jquery\dist\jquery.min.js' because it no longer exists.
         Removing endpoints for asset 'C:\Users\toduc\Downloads\SmartStay\wwwroot\lib\jquery\dist\jquery.min.map' because it no longer exists.
         Removing endpoints for asset 'C:\Users\toduc\Downloads\SmartStay\wwwroot\lib\jquery\dist\jquery.min.map' because it no longer exists.
         Removing endpoints for asset 'C:\Users\toduc\Downloads\SmartStay\wwwroot\lib\jquery\LICENSE.txt' because it no longer exists.
         Removing endpoints for asset 'C:\Users\toduc\Downloads\SmartStay\wwwroot\lib\jquery\LICENSE.txt' because it no longer exists.
         Removing endpoints for asset 'C:\Users\toduc\Downloads\SmartStay\wwwroot\uploads\buildings\1\fe8d616a-d80d-4b94-a73d-cc97ce64113c.png' because it no longer exists.
         Removing endpoints for asset 'C:\Users\toduc\Downloads\SmartStay\wwwroot\uploads\buildings\1\fe8d616a-d80d-4b94-a73d-cc97ce64113c.png' because it no longer exists.
         Removing endpoints for asset 'C:\Users\toduc\Downloads\SmartStay\wwwroot\uploads\rooms\1\0a9d22b3-c982-401f-b01f-9425793078b4.png' because it no longer exists.
         Removing endpoints for asset 'C:\Users\toduc\Downloads\SmartStay\wwwroot\uploads\rooms\1\0a9d22b3-c982-401f-b01f-9425793078b4.png' because it no longer exists.
         Removing endpoints for asset 'C:\Users\toduc\Downloads\SmartStay\wwwroot\uploads\rooms\1\fff77a6f-9794-4d4f-8847-79f15c93d33b.png' because it no longer exists.
         Removing endpoints for asset 'C:\Users\toduc\Downloads\SmartStay\wwwroot\uploads\rooms\1\fff77a6f-9794-4d4f-8847-79f15c93d33b.png' because it no longer exists.
         Removing endpoints for asset 'C:\Users\toduc\Downloads\SmartStay\wwwroot\lib\bootstrap\dist\css\bootstrap-utilities.min.css.map' because it no longer exists.
         Removing endpoints for asset 'C:\Users\toduc\Downloads\SmartStay\wwwroot\lib\bootstrap\dist\css\bootstrap-utilities.min.css.map' because it no longer exists.
         Removing endpoints for asset 'C:\Users\toduc\Downloads\SmartStay\wwwroot\lib\bootstrap\dist\css\bootstrap-utilities.rtl.css' because it no longer exists.
         Removing endpoints for asset 'C:\Users\toduc\Downloads\SmartStay\wwwroot\lib\bootstrap\dist\css\bootstrap-utilities.rtl.css' because it no longer exists.
         Removing endpoints for asset 'C:\Users\toduc\Downloads\SmartStay\wwwroot\lib\bootstrap\dist\css\bootstrap-utilities.rtl.css.map' because it no longer exists.
         Removing endpoints for asset 'C:\Users\toduc\Downloads\SmartStay\wwwroot\lib\bootstrap\dist\css\bootstrap-utilities.rtl.css.map' because it no longer exists.
         Removing endpoints for asset 'C:\Users\toduc\Downloads\SmartStay\wwwroot\lib\bootstrap\dist\css\bootstrap-utilities.rtl.min.css' because it no longer exists.
         Removing endpoints for asset 'C:\Users\toduc\Downloads\SmartStay\wwwroot\lib\bootstrap\dist\css\bootstrap-utilities.rtl.min.css' because it no longer exists.
         Removing endpoints for asset 'C:\Users\toduc\Downloads\SmartStay\wwwroot\lib\bootstrap\dist\css\bootstrap-utilities.rtl.min.css.map' because it no longer exists.
         Removing endpoints for asset 'C:\Users\toduc\Downloads\SmartStay\wwwroot\lib\bootstrap\dist\css\bootstrap-utilities.rtl.min.css.map' because it no longer exists.
         Removing endpoints for asset 'C:\Users\toduc\Downloads\SmartStay\wwwroot\lib\bootstrap\dist\css\bootstrap.css' because it no longer exists.
         Removing endpoints for asset 'C:\Users\toduc\Downloads\SmartStay\wwwroot\lib\bootstrap\dist\css\bootstrap.css' because it no longer exists.
         Removing endpoints for asset 'C:\Users\toduc\Downloads\SmartStay\wwwroot\lib\bootstrap\dist\css\bootstrap.css.map' because it no longer exists.
         Removing endpoints for asset 'C:\Users\toduc\Downloads\SmartStay\wwwroot\lib\bootstrap\dist\css\bootstrap.css.map' because it no longer exists.
         Removing endpoints for asset 'C:\Users\toduc\Downloads\SmartStay\wwwroot\lib\bootstrap\dist\js\bootstrap.bundle.min.js' because it no longer exists.
         Removing endpoints for asset 'C:\Users\toduc\Downloads\SmartStay\wwwroot\lib\bootstrap\dist\js\bootstrap.bundle.min.js' because it no longer exists.
         Removing endpoints for asset 'C:\Users\toduc\Downloads\SmartStay\wwwroot\lib\bootstrap\dist\js\bootstrap.bundle.min.js.map' because it no longer exists.
         Removing endpoints for asset 'C:\Users\toduc\Downloads\SmartStay\wwwroot\lib\bootstrap\dist\js\bootstrap.bundle.min.js.map' because it no longer exists.
         Removing endpoints for asset 'C:\Users\toduc\Downloads\SmartStay\wwwroot\lib\bootstrap\dist\js\bootstrap.esm.js' because it no longer exists.
         Removing endpoints for asset 'C:\Users\toduc\Downloads\SmartStay\wwwroot\lib\bootstrap\dist\js\bootstrap.esm.js' because it no longer exists.
         Removing endpoints for asset 'C:\Users\toduc\Downloads\SmartStay\wwwroot\lib\bootstrap\dist\js\bootstrap.esm.js.map' because it no longer exists.
         Removing endpoints for asset 'C:\Users\toduc\Downloads\SmartStay\wwwroot\lib\bootstrap\dist\js\bootstrap.esm.js.map' because it no longer exists.
         Removing endpoints for asset 'C:\Users\toduc\Downloads\SmartStay\wwwroot\lib\bootstrap\dist\js\bootstrap.esm.min.js' because it no longer exists.
         Removing endpoints for asset 'C:\Users\toduc\Downloads\SmartStay\wwwroot\lib\bootstrap\dist\js\bootstrap.esm.min.js' because it no longer exists.
         Removing endpoints for asset 'C:\Users\toduc\Downloads\SmartStay\wwwroot\lib\bootstrap\dist\js\bootstrap.min.js' because it no longer exists.
         Removing endpoints for asset 'C:\Users\toduc\Downloads\SmartStay\wwwroot\lib\bootstrap\dist\js\bootstrap.min.js' because it no longer exists.
         Removing endpoints for asset 'C:\Users\toduc\Downloads\SmartStay\wwwroot\lib\bootstrap\dist\js\bootstrap.min.js.map' because it no longer exists.
         Removing endpoints for asset 'C:\Users\toduc\Downloads\SmartStay\wwwroot\lib\bootstrap\dist\js\bootstrap.min.js.map' because it no longer exists.
         Removing endpoints for asset 'C:\Users\toduc\Downloads\SmartStay\wwwroot\lib\bootstrap\LICENSE' because it no longer exists.
         Removing endpoints for asset 'C:\Users\toduc\Downloads\SmartStay\wwwroot\lib\bootstrap\LICENSE' because it no longer exists.
         Removing endpoints for asset 'C:\Users\toduc\Downloads\SmartStay\wwwroot\lib\jquery-validation-unobtrusive\jquery.validate.unobtrusive.js' because it no longer exists.
         Removing endpoints for asset 'C:\Users\toduc\Downloads\SmartStay\wwwroot\lib\jquery-validation-unobtrusive\jquery.validate.unobtrusive.js' because it no longer exists.
         Removing endpoints for asset 'C:\Users\toduc\Downloads\SmartStay\wwwroot\lib\jquery-validation-unobtrusive\jquery.validate.unobtrusive.min.js' because it no longer exists.
         Removing endpoints for asset 'C:\Users\toduc\Downloads\SmartStay\wwwroot\lib\jquery-validation-unobtrusive\jquery.validate.unobtrusive.min.js' because it no longer exists.
         Removing endpoints for asset 'C:\Users\toduc\Downloads\SmartStay\wwwroot\lib\jquery-validation-unobtrusive\LICENSE.txt' because it no longer exists.
         Removing endpoints for asset 'C:\Users\toduc\Downloads\SmartStay\wwwroot\lib\jquery-validation-unobtrusive\LICENSE.txt' because it no longer exists.
         Removing endpoints for asset 'C:\Users\toduc\Downloads\SmartStay\wwwroot\lib\jquery-validation\dist\additional-methods.js' because it no longer exists.
         Removing endpoints for asset 'C:\Users\toduc\Downloads\SmartStay\wwwroot\lib\jquery-validation\dist\additional-methods.js' because it no longer exists.
         Removing endpoints for asset 'C:\Users\toduc\Downloads\SmartStay\wwwroot\images\phongtro\5aaefbd0-a470-4226-af4b-8cb261593738_Screenshot 2026-01-12 210119.png' because it no longer exists.
         Removing endpoints for asset 'C:\Users\toduc\Downloads\SmartStay\wwwroot\images\phongtro\5aaefbd0-a470-4226-af4b-8cb261593738_Screenshot 2026-01-12 210119.png' because it no longer exists.
         Removing endpoints for asset 'C:\Users\toduc\Downloads\SmartStay\wwwroot\lib\bootstrap\dist\css\bootstrap-reboot.css' because it no longer exists.
         Removing endpoints for asset 'C:\Users\toduc\Downloads\SmartStay\wwwroot\lib\bootstrap\dist\css\bootstrap-reboot.css' because it no longer exists.
         Removing endpoints for asset 'C:\Users\toduc\Downloads\SmartStay\wwwroot\lib\bootstrap\dist\js\bootstrap.esm.min.js.map' because it no longer exists.
         Removing endpoints for asset 'C:\Users\toduc\Downloads\SmartStay\wwwroot\lib\bootstrap\dist\js\bootstrap.esm.min.js.map' because it no longer exists.
         Removing endpoints for asset 'C:\Users\toduc\Downloads\SmartStay\wwwroot\lib\bootstrap\dist\js\bootstrap.js' because it no longer exists.
         Removing endpoints for asset 'C:\Users\toduc\Downloads\SmartStay\wwwroot\lib\bootstrap\dist\js\bootstrap.js' because it no longer exists.
         Removing endpoints for asset 'C:\Users\toduc\Downloads\SmartStay\wwwroot\lib\bootstrap\dist\js\bootstrap.js.map' because it no longer exists.
         Removing endpoints for asset 'C:\Users\toduc\Downloads\SmartStay\wwwroot\lib\bootstrap\dist\js\bootstrap.js.map' because it no longer exists.
         Removing endpoints for asset 'C:\Users\toduc\Downloads\SmartStay\wwwroot\lib\bootstrap\dist\css\bootstrap-reboot.css.map' because it no longer exists.
         Removing endpoints for asset 'C:\Users\toduc\Downloads\SmartStay\wwwroot\lib\bootstrap\dist\css\bootstrap-reboot.css.map' because it no longer exists.
         Removing endpoints for asset 'C:\Users\toduc\Downloads\SmartStay\wwwroot\lib\bootstrap\dist\css\bootstrap-reboot.min.css' because it no longer exists.
         Removing endpoints for asset 'C:\Users\toduc\Downloads\SmartStay\wwwroot\lib\bootstrap\dist\css\bootstrap-reboot.min.css' because it no longer exists.
         Removing endpoints for asset 'C:\Users\toduc\Downloads\SmartStay\wwwroot\lib\bootstrap\dist\css\bootstrap-reboot.min.css.map' because it no longer exists.
         Removing endpoints for asset 'C:\Users\toduc\Downloads\SmartStay\wwwroot\lib\bootstrap\dist\css\bootstrap-reboot.min.css.map' because it no longer exists.
         Removing endpoints for asset 'C:\Users\toduc\Downloads\SmartStay\wwwroot\lib\bootstrap\dist\css\bootstrap-reboot.rtl.css' because it no longer exists.
         Removing endpoints for asset 'C:\Users\toduc\Downloads\SmartStay\wwwroot\lib\bootstrap\dist\css\bootstrap-reboot.rtl.css' because it no longer exists.
         Removing endpoints for asset 'C:\Users\toduc\Downloads\SmartStay\wwwroot\lib\bootstrap\dist\css\bootstrap-reboot.rtl.css.map' because it no longer exists.
         Removing endpoints for asset 'C:\Users\toduc\Downloads\SmartStay\wwwroot\lib\bootstrap\dist\css\bootstrap-reboot.rtl.css.map' because it no longer exists.
         Removing endpoints for asset 'C:\Users\toduc\Downloads\SmartStay\wwwroot\lib\bootstrap\dist\css\bootstrap-reboot.rtl.min.css' because it no longer exists.
         Removing endpoints for asset 'C:\Users\toduc\Downloads\SmartStay\wwwroot\lib\bootstrap\dist\css\bootstrap-reboot.rtl.min.css' because it no longer exists.
         Removing endpoints for asset 'C:\Users\toduc\Downloads\SmartStay\wwwroot\lib\bootstrap\dist\css\bootstrap-reboot.rtl.min.css.map' because it no longer exists.
         Removing endpoints for asset 'C:\Users\toduc\Downloads\SmartStay\wwwroot\lib\bootstrap\dist\css\bootstrap-reboot.rtl.min.css.map' because it no longer exists.
         Removing endpoints for asset 'C:\Users\toduc\Downloads\SmartStay\wwwroot\lib\bootstrap\dist\css\bootstrap-utilities.css' because it no longer exists.
         Removing endpoints for asset 'C:\Users\toduc\Downloads\SmartStay\wwwroot\lib\bootstrap\dist\css\bootstrap-utilities.css' because it no longer exists.
         Removing endpoints for asset 'C:\Users\toduc\Downloads\SmartStay\wwwroot\lib\bootstrap\dist\css\bootstrap-utilities.css.map' because it no longer exists.
         Removing endpoints for asset 'C:\Users\toduc\Downloads\SmartStay\wwwroot\lib\bootstrap\dist\css\bootstrap-utilities.css.map' because it no longer exists.
         Removing endpoints for asset 'C:\Users\toduc\Downloads\SmartStay\wwwroot\lib\bootstrap\dist\css\bootstrap-utilities.min.css' because it no longer exists.
         Removing endpoints for asset 'C:\Users\toduc\Downloads\SmartStay\wwwroot\lib\bootstrap\dist\css\bootstrap-utilities.min.css' because it no longer exists.
         Removing endpoints for asset 'C:\Users\toduc\Downloads\SmartStay\wwwroot\lib\bootstrap\dist\css\bootstrap.rtl.css' because it no longer exists.
         Removing endpoints for asset 'C:\Users\toduc\Downloads\SmartStay\wwwroot\lib\bootstrap\dist\css\bootstrap.rtl.css' because it no longer exists.
         Removing endpoints for asset 'C:\Users\toduc\Downloads\SmartStay\wwwroot\uploads\rooms\1\e752d234-45c1-40f0-abdb-208071a8ff51.png' because it no longer exists.
         Removing endpoints for asset 'C:\Users\toduc\Downloads\SmartStay\wwwroot\uploads\rooms\1\e752d234-45c1-40f0-abdb-208071a8ff51.png' because it no longer exists.
         Removing endpoints for asset 'C:\Users\toduc\Downloads\SmartStay\wwwroot\lib\bootstrap\dist\css\bootstrap.min.css' because it no longer exists.
         Removing endpoints for asset 'C:\Users\toduc\Downloads\SmartStay\wwwroot\lib\bootstrap\dist\css\bootstrap.min.css' because it no longer exists.
         Removing endpoints for asset 'C:\Users\toduc\Downloads\SmartStay\wwwroot\lib\bootstrap\dist\css\bootstrap.min.css.map' because it no longer exists.
         Removing endpoints for asset 'C:\Users\toduc\Downloads\SmartStay\wwwroot\lib\bootstrap\dist\css\bootstrap.min.css.map' because it no longer exists.
         Removing endpoints for asset 'C:\Users\toduc\Downloads\SmartStay\wwwroot\css\app.css' because it no longer exists.
         Removing endpoints for asset 'C:\Users\toduc\Downloads\SmartStay\wwwroot\css\app.css' because it no longer exists.
         Removing endpoints for asset 'C:\Users\toduc\Downloads\SmartStay\wwwroot\favicon.ico' because it no longer exists.
         Removing endpoints for asset 'C:\Users\toduc\Downloads\SmartStay\wwwroot\favicon.ico' because it no longer exists.
         Removing endpoints for asset 'C:\Users\toduc\Downloads\SmartStay\wwwroot\images\khachthue\169ac11e-51c2-4ec0-83f6-fa06099c9c31.jpg' because it no longer exists.
         Removing endpoints for asset 'C:\Users\toduc\Downloads\SmartStay\wwwroot\images\khachthue\169ac11e-51c2-4ec0-83f6-fa06099c9c31.jpg' because it no longer exists.
         Removing endpoints for asset 'C:\Users\toduc\Downloads\SmartStay\wwwroot\images\khachthue\30a94b26-aaa2-4ca2-9846-863d70df0a1d.png' because it no longer exists.
         Removing endpoints for asset 'C:\Users\toduc\Downloads\SmartStay\wwwroot\images\khachthue\30a94b26-aaa2-4ca2-9846-863d70df0a1d.png' because it no longer exists.
         Removing endpoints for asset 'C:\Users\toduc\Downloads\SmartStay\wwwroot\images\khachthue\470101b0-382e-4610-990d-27d313a70c2b.jpg' because it no longer exists.
         Removing endpoints for asset 'C:\Users\toduc\Downloads\SmartStay\wwwroot\images\khachthue\470101b0-382e-4610-990d-27d313a70c2b.jpg' because it no longer exists.
         Removing endpoints for asset 'C:\Users\toduc\Downloads\SmartStay\wwwroot\images\khachthue\52e1789c-bb93-4a31-9b32-e47b66085be5.jpg' because it no longer exists.
         Removing endpoints for asset 'C:\Users\toduc\Downloads\SmartStay\wwwroot\images\khachthue\52e1789c-bb93-4a31-9b32-e47b66085be5.jpg' because it no longer exists.
         Removing endpoints for asset 'C:\Users\toduc\Downloads\SmartStay\wwwroot\images\khachthue\7159c391-099e-4253-9500-cb82a64568b8.png' because it no longer exists.
         Removing endpoints for asset 'C:\Users\toduc\Downloads\SmartStay\wwwroot\images\khachthue\7159c391-099e-4253-9500-cb82a64568b8.png' because it no longer exists.
         Removing endpoints for asset 'C:\Users\toduc\Downloads\SmartStay\wwwroot\images\phongtro\5f80b730-a380-4890-bfdf-aef6318a2702_banner_sinh_ton_noi_hoang_da.png' because it no longer exists.
         Removing endpoints for asset 'C:\Users\toduc\Downloads\SmartStay\wwwroot\images\phongtro\5f80b730-a380-4890-bfdf-aef6318a2702_banner_sinh_ton_noi_hoang_da.png' because it no longer exists.
         Removing endpoints for asset 'C:\Users\toduc\Downloads\SmartStay\wwwroot\images\phongtro\6993ec13-6289-47b2-96ba-c24b06b39956_banner_sinh_ton_noi_hoang_da.png' because it no longer exists.
         Removing endpoints for asset 'C:\Users\toduc\Downloads\SmartStay\wwwroot\images\phongtro\6993ec13-6289-47b2-96ba-c24b06b39956_banner_sinh_ton_noi_hoang_da.png' because it no longer exists.
         Removing endpoints for asset 'C:\Users\toduc\Downloads\SmartStay\wwwroot\images\phongtro\69a9928a-378e-4387-8584-f0ca93c81297_banner_sinh_ton_noi_hoang_da.png' because it no longer exists.
         Removing endpoints for asset 'C:\Users\toduc\Downloads\SmartStay\wwwroot\images\phongtro\69a9928a-378e-4387-8584-f0ca93c81297_banner_sinh_ton_noi_hoang_da.png' because it no longer exists.
         Removing endpoints for asset 'C:\Users\toduc\Downloads\SmartStay\wwwroot\images\phongtro\7d8c4580-9fe6-40dd-a094-c830d8cb364e_Screenshot 2026-02-06 224252.png' because it no longer exists.
         Removing endpoints for asset 'C:\Users\toduc\Downloads\SmartStay\wwwroot\images\phongtro\7d8c4580-9fe6-40dd-a094-c830d8cb364e_Screenshot 2026-02-06 224252.png' because it no longer exists.
         Removing endpoints for asset 'C:\Users\toduc\Downloads\SmartStay\wwwroot\images\phongtro\9a246d91-4772-49b4-a7e4-5aa765689bc9_tải xuống.jpg' because it no longer exists.
         Removing endpoints for asset 'C:\Users\toduc\Downloads\SmartStay\wwwroot\images\phongtro\9a246d91-4772-49b4-a7e4-5aa765689bc9_tải xuống.jpg' because it no longer exists.
         Removing endpoints for asset 'C:\Users\toduc\Downloads\SmartStay\wwwroot\images\phongtro\a873c948-f3e4-4c0d-bf7e-e16c5487cbf7_Screenshot 2026-02-02 201521.png' because it no longer exists.
         Removing endpoints for asset 'C:\Users\toduc\Downloads\SmartStay\wwwroot\images\phongtro\a873c948-f3e4-4c0d-bf7e-e16c5487cbf7_Screenshot 2026-02-02 201521.png' because it no longer exists.
         Removing endpoints for asset 'C:\Users\toduc\Downloads\SmartStay\wwwroot\images\phongtro\b45c992e-9db4-49a7-8c45-abc674ca8d17_Screenshot 2025-10-01 094135.png' because it no longer exists.
         Removing endpoints for asset 'C:\Users\toduc\Downloads\SmartStay\wwwroot\images\phongtro\b45c992e-9db4-49a7-8c45-abc674ca8d17_Screenshot 2025-10-01 094135.png' because it no longer exists.
         Removing endpoints for asset 'C:\Users\toduc\Downloads\SmartStay\wwwroot\images\phongtro\ca212be1-5d96-4c4e-99ed-0b8dccf5a7a5_anh chinh minh.jpg' because it no longer exists.
         Removing endpoints for asset 'C:\Users\toduc\Downloads\SmartStay\wwwroot\images\phongtro\ca212be1-5d96-4c4e-99ed-0b8dccf5a7a5_anh chinh minh.jpg' because it no longer exists.
         Removing endpoints for asset 'C:\Users\toduc\Downloads\SmartStay\wwwroot\lib\bootstrap\dist\css\bootstrap.rtl.css.map' because it no longer exists.
         Removing endpoints for asset 'C:\Users\toduc\Downloads\SmartStay\wwwroot\lib\bootstrap\dist\css\bootstrap.rtl.css.map' because it no longer exists.
         Removing endpoints for asset 'C:\Users\toduc\Downloads\SmartStay\wwwroot\lib\bootstrap\dist\css\bootstrap.rtl.min.css' because it no longer exists.
         Removing endpoints for asset 'C:\Users\toduc\Downloads\SmartStay\wwwroot\lib\bootstrap\dist\css\bootstrap.rtl.min.css' because it no longer exists.
         Removing endpoints for asset 'C:\Users\toduc\Downloads\SmartStay\wwwroot\lib\bootstrap\dist\css\bootstrap.rtl.min.css.map' because it no longer exists.
         Removing endpoints for asset 'C:\Users\toduc\Downloads\SmartStay\wwwroot\lib\bootstrap\dist\css\bootstrap.rtl.min.css.map' because it no longer exists.
         Removing endpoints for asset 'C:\Users\toduc\Downloads\SmartStay\wwwroot\js\site.js' because it no longer exists.
         Removing endpoints for asset 'C:\Users\toduc\Downloads\SmartStay\wwwroot\js\site.js' because it no longer exists.
         Removing endpoints for asset 'C:\Users\toduc\Downloads\SmartStay\wwwroot\lib\bootstrap\dist\js\bootstrap.bundle.js' because it no longer exists.
         Removing endpoints for asset 'C:\Users\toduc\Downloads\SmartStay\wwwroot\lib\bootstrap\dist\js\bootstrap.bundle.js' because it no longer exists.
         Removing endpoints for asset 'C:\Users\toduc\Downloads\SmartStay\wwwroot\lib\bootstrap\dist\js\bootstrap.bundle.js.map' because it no longer exists.
         Removing endpoints for asset 'C:\Users\toduc\Downloads\SmartStay\wwwroot\lib\bootstrap\dist\js\bootstrap.bundle.js.map' because it no longer exists.
         Removing endpoints for asset 'C:\Users\toduc\Downloads\SmartStay\wwwroot\css\site.css' because it no longer exists.
         Removing endpoints for asset 'C:\Users\toduc\Downloads\SmartStay\wwwroot\css\site.css' because it no longer exists.
         Removing endpoints for asset 'C:\Users\toduc\Downloads\SmartStay\wwwroot\images\khachthue\d976ee01-ad82-48ff-a272-6f65f9b2c818.jpg' because it no longer exists.
         Removing endpoints for asset 'C:\Users\toduc\Downloads\SmartStay\wwwroot\images\khachthue\d976ee01-ad82-48ff-a272-6f65f9b2c818.jpg' because it no longer exists.
         Removing endpoints for asset 'C:\Users\toduc\Downloads\SmartStay\wwwroot\images\phongtro\5637c904-8589-43e7-b1ba-c26e5f81595c_tải xuống.jpg' because it no longer exists.
         Removing endpoints for asset 'C:\Users\toduc\Downloads\SmartStay\wwwroot\images\phongtro\5637c904-8589-43e7-b1ba-c26e5f81595c_tải xuống.jpg' because it no longer exists.
         Removing endpoints for asset 'C:\Users\toduc\Downloads\SmartStay\wwwroot\images\phongtro\e59ef006-9308-408e-bd99-2c9978263404_Tottenham.jpg' because it no longer exists.
         Removing endpoints for asset 'C:\Users\toduc\Downloads\SmartStay\wwwroot\images\phongtro\e59ef006-9308-408e-bd99-2c9978263404_Tottenham.jpg' because it no longer exists.
         Removing endpoints for asset 'C:\Users\toduc\Downloads\SmartStay\wwwroot\lib\bootstrap\dist\css\bootstrap-grid.css' because it no longer exists.
         Removing endpoints for asset 'C:\Users\toduc\Downloads\SmartStay\wwwroot\lib\bootstrap\dist\css\bootstrap-grid.css' because it no longer exists.
         Removing endpoints for asset 'C:\Users\toduc\Downloads\SmartStay\wwwroot\lib\bootstrap\dist\css\bootstrap-grid.css.map' because it no longer exists.
         Removing endpoints for asset 'C:\Users\toduc\Downloads\SmartStay\wwwroot\lib\bootstrap\dist\css\bootstrap-grid.css.map' because it no longer exists.
         Removing endpoints for asset 'C:\Users\toduc\Downloads\SmartStay\wwwroot\lib\bootstrap\dist\css\bootstrap-grid.min.css' because it no longer exists.
         Removing endpoints for asset 'C:\Users\toduc\Downloads\SmartStay\wwwroot\lib\bootstrap\dist\css\bootstrap-grid.min.css' because it no longer exists.
         Removing endpoints for asset 'C:\Users\toduc\Downloads\SmartStay\wwwroot\lib\bootstrap\dist\css\bootstrap-grid.min.css.map' because it no longer exists.
         Removing endpoints for asset 'C:\Users\toduc\Downloads\SmartStay\wwwroot\lib\bootstrap\dist\css\bootstrap-grid.min.css.map' because it no longer exists.
         Removing endpoints for asset 'C:\Users\toduc\Downloads\SmartStay\wwwroot\lib\bootstrap\dist\css\bootstrap-grid.rtl.css' because it no longer exists.
         Removing endpoints for asset 'C:\Users\toduc\Downloads\SmartStay\wwwroot\lib\bootstrap\dist\css\bootstrap-grid.rtl.css' because it no longer exists.
         Removing endpoints for asset 'C:\Users\toduc\Downloads\SmartStay\wwwroot\lib\bootstrap\dist\css\bootstrap-grid.rtl.css.map' because it no longer exists.
         Removing endpoints for asset 'C:\Users\toduc\Downloads\SmartStay\wwwroot\lib\bootstrap\dist\css\bootstrap-grid.rtl.css.map' because it no longer exists.
         Removing endpoints for asset 'C:\Users\toduc\Downloads\SmartStay\wwwroot\lib\bootstrap\dist\css\bootstrap-grid.rtl.min.css' because it no longer exists.
         Removing endpoints for asset 'C:\Users\toduc\Downloads\SmartStay\wwwroot\lib\bootstrap\dist\css\bootstrap-grid.rtl.min.css' because it no longer exists.
         Removing endpoints for asset 'C:\Users\toduc\Downloads\SmartStay\wwwroot\lib\bootstrap\dist\css\bootstrap-grid.rtl.min.css.map' because it no longer exists.
         Removing endpoints for asset 'C:\Users\toduc\Downloads\SmartStay\wwwroot\lib\bootstrap\dist\css\bootstrap-grid.rtl.min.css.map' because it no longer exists.
         Matched Views/Shared/_Layout.cshtml.rz.scp.css to text/css using pattern *.css
         Adding endpoint Views/Shared/_Layout.cshtml.rz.scp.css for asset C:\Users\toduc\Downloads\SmartStay\obj\Debug\net8.0\scopedcss\Views\Shared\_Layout.cshtml.rz.scp.css.
       Done executing task "DefineStaticWebAssetEndpoints".
   1:7>Done building target "_ComputeScopedCssStaticWebAssets" in project "do_an_tot_nghiep.csproj".
   1:7>Target "_CollectAllScopedCssAssets" in file "C:\Program Files\dotnet\sdk\10.0.100\Sdks\Microsoft.NET.Sdk.StaticWebAssets\targets\Microsoft.NET.Sdk.StaticWebAssets.ScopedCss.targets" from project "C:\Users\toduc\Downloads\SmartStay\do_an_tot_nghiep.csproj" (target "BundleScopedCssFiles" depends on it):
       Using "ResolveAllScopedCssAssets" task from assembly "C:\Program Files\dotnet\sdk\10.0.100\Sdks\Microsoft.NET.Sdk.StaticWebAssets\targets\..\tasks\net10.0\Microsoft.NET.Sdk.StaticWebAssets.Tasks.dll".
       Task "ResolveAllScopedCssAssets"
       Done executing task "ResolveAllScopedCssAssets".
   1:7>Done building target "_CollectAllScopedCssAssets" in project "do_an_tot_nghiep.csproj".
       Target "ResolveScopedCssOutputs" skipped. Previously built successfully.
   1:7>Target "_ProcessScopedCssFiles" in file "C:\Program Files\dotnet\sdk\10.0.100\Sdks\Microsoft.NET.Sdk.StaticWebAssets\targets\Microsoft.NET.Sdk.StaticWebAssets.ScopedCss.targets" from project "C:\Users\toduc\Downloads\SmartStay\do_an_tot_nghiep.csproj" (target "BundleScopedCssFiles" depends on it):
       Skipping target "_ProcessScopedCssFiles" because all output files are up-to-date with respect to the input files.
       Input files: Views\Shared\_Layout.cshtml.css
       Output files: C:\Users\toduc\Downloads\SmartStay\obj\Debug\net8.0\scopedcss\Views\Shared\_Layout.cshtml.rz.scp.css
   1:7>Done building target "_ProcessScopedCssFiles" in project "do_an_tot_nghiep.csproj".
       Target "ResolveStaticWebAssetsConfiguration" skipped. Previously built successfully.
   1:7>Target "_ResolveBundlingConfiguration" in file "C:\Program Files\dotnet\sdk\10.0.100\Sdks\Microsoft.NET.Sdk.StaticWebAssets\targets\Microsoft.NET.Sdk.StaticWebAssets.ScopedCss.targets" from project "C:\Users\toduc\Downloads\SmartStay\do_an_tot_nghiep.csproj" (target "BundleScopedCssFiles" depends on it):
   1:7>Done building target "_ResolveBundlingConfiguration" in project "do_an_tot_nghiep.csproj".
   1:7>Target "BundleScopedCssFiles" in file "C:\Program Files\dotnet\sdk\10.0.100\Sdks\Microsoft.NET.Sdk.StaticWebAssets\targets\Microsoft.NET.Sdk.StaticWebAssets.ScopedCss.targets" from project "C:\Users\toduc\Downloads\SmartStay\do_an_tot_nghiep.csproj" (target "GenerateComputedBuildStaticWebAssets" depends on it):
       Using "ConcatenateCssFiles" task from assembly "C:\Program Files\dotnet\sdk\10.0.100\Sdks\Microsoft.NET.Sdk.StaticWebAssets\targets\..\tasks\net10.0\Microsoft.NET.Sdk.StaticWebAssets.Tasks.dll".
       Task "ConcatenateCssFiles"
       Done executing task "ConcatenateCssFiles".
       Task "ConcatenateCssFiles"
       Done executing task "ConcatenateCssFiles".
   1:7>Done building target "BundleScopedCssFiles" in project "do_an_tot_nghiep.csproj".
   1:7>Target "GenerateComputedBuildStaticWebAssets" in file "C:\Program Files\dotnet\sdk\10.0.100\Sdks\Microsoft.NET.Sdk.StaticWebAssets\targets\Microsoft.NET.Sdk.StaticWebAssets.targets" from project "C:\Users\toduc\Downloads\SmartStay\do_an_tot_nghiep.csproj" (target "ResolveStaticWebAssetsInputs" depends on it):
   1:7>Done building target "GenerateComputedBuildStaticWebAssets" in project "do_an_tot_nghiep.csproj".
       Target "UpdateExistingPackageStaticWebAssets" skipped. Previously built successfully.
   1:7>Target "UpdateLegacyPackageScopedCssBundles" in file "C:\Program Files\dotnet\sdk\10.0.100\Sdks\Microsoft.NET.Sdk.StaticWebAssets\targets\Microsoft.NET.Sdk.StaticWebAssets.ScopedCss.targets" from project "C:\Users\toduc\Downloads\SmartStay\do_an_tot_nghiep.csproj" (target "ResolveScopedCssAssets" depends on it):
       Task "DefineStaticWebAssets"
         No cache manifest path specified. Cache will not be used.
       Done executing task "DefineStaticWebAssets".
       Task "DefineStaticWebAssets"
         No cache manifest path specified. Cache will not be used.
       Done executing task "DefineStaticWebAssets".
   1:7>Done building target "UpdateLegacyPackageScopedCssBundles" in project "do_an_tot_nghiep.csproj".
       Target "_ResolveBundlingConfiguration" skipped. Previously built successfully.
       Target "_ProcessScopedCssFiles" skipped. Previously built successfully.
       Target "BundleScopedCssFiles" skipped. Previously built successfully.
   1:7>Target "GenerateScopedCssFiles" in file "C:\Program Files\dotnet\sdk\10.0.100\Sdks\Microsoft.NET.Sdk.StaticWebAssets\targets\Microsoft.NET.Sdk.StaticWebAssets.ScopedCss.targets" from project "C:\Users\toduc\Downloads\SmartStay\do_an_tot_nghiep.csproj" (target "ResolveScopedCssAssets" depends on it):
   1:7>Done building target "GenerateScopedCssFiles" in project "do_an_tot_nghiep.csproj".
       Target "_ResolveBundlingConfiguration" skipped. Previously built successfully.
       Target "_CollectAllScopedCssAssets" skipped. Previously built successfully.
   1:7>Target "ResolveBundledCssAssets" in file "C:\Program Files\dotnet\sdk\10.0.100\Sdks\Microsoft.NET.Sdk.StaticWebAssets\targets\Microsoft.NET.Sdk.StaticWebAssets.ScopedCss.targets" from project "C:\Users\toduc\Downloads\SmartStay\do_an_tot_nghiep.csproj" (target "ResolveScopedCssAssets" depends on it):
       Task "DefineStaticWebAssets"
         No cache manifest path specified. Cache will not be used.
         RelativePath 'do_an_tot_nghiep#[.{fingerprint}]?.styles.css' normalized to 'do_an_tot_nghiep#[.{fingerprint}]?.styles.css' found for candidate 'C:\Users\toduc\Downloads\SmartStay\obj\Debug\net8.0\scopedcss\bundle\do_an_tot_nghiep.styles.css' and will be used for matching.
         Computing fingerprint and integrity for asset 'C:\Users\toduc\Downloads\SmartStay\obj\Debug\net8.0\scopedcss\bundle\do_an_tot_nghiep.styles.css'
         Identity for candidate 'C:\Users\toduc\Downloads\SmartStay\obj\Debug\net8.0\scopedcss\bundle\do_an_tot_nghiep.styles.css' is 'C:\Users\toduc\Downloads\SmartStay\obj\Debug\net8.0\scopedcss\bundle\do_an_tot_nghiep.styles.css' because it starts with content root 'C:\Users\toduc\Downloads\SmartStay\obj\Debug\net8.0\scopedcss\bundle\'.
       Done executing task "DefineStaticWebAssets".
       Task "DefineStaticWebAssetEndpoints"
         Removing endpoints for asset 'C:\Users\toduc\Downloads\SmartStay\wwwroot\lib\jquery-validation\dist\additional-methods.min.js' because it no longer exists.
         Removing endpoints for asset 'C:\Users\toduc\Downloads\SmartStay\wwwroot\lib\jquery-validation\dist\additional-methods.min.js' because it no longer exists.
         Removing endpoints for asset 'C:\Users\toduc\Downloads\SmartStay\wwwroot\lib\jquery-validation\dist\jquery.validate.js' because it no longer exists.
         Removing endpoints for asset 'C:\Users\toduc\Downloads\SmartStay\wwwroot\lib\jquery-validation\dist\jquery.validate.js' because it no longer exists.
         Removing endpoints for asset 'C:\Users\toduc\Downloads\SmartStay\wwwroot\lib\jquery-validation\dist\jquery.validate.min.js' because it no longer exists.
         Removing endpoints for asset 'C:\Users\toduc\Downloads\SmartStay\wwwroot\lib\jquery-validation\dist\jquery.validate.min.js' because it no longer exists.
         Removing endpoints for asset 'C:\Users\toduc\Downloads\SmartStay\wwwroot\lib\jquery-validation\LICENSE.md' because it no longer exists.
         Removing endpoints for asset 'C:\Users\toduc\Downloads\SmartStay\wwwroot\lib\jquery-validation\LICENSE.md' because it no longer exists.
         Removing endpoints for asset 'C:\Users\toduc\Downloads\SmartStay\wwwroot\lib\jquery\dist\jquery.js' because it no longer exists.
         Removing endpoints for asset 'C:\Users\toduc\Downloads\SmartStay\wwwroot\lib\jquery\dist\jquery.js' because it no longer exists.
         Removing endpoints for asset 'C:\Users\toduc\Downloads\SmartStay\wwwroot\lib\jquery\dist\jquery.min.js' because it no longer exists.
         Removing endpoints for asset 'C:\Users\toduc\Downloads\SmartStay\wwwroot\lib\jquery\dist\jquery.min.js' because it no longer exists.
         Removing endpoints for asset 'C:\Users\toduc\Downloads\SmartStay\wwwroot\lib\jquery\dist\jquery.min.map' because it no longer exists.
         Removing endpoints for asset 'C:\Users\toduc\Downloads\SmartStay\wwwroot\lib\jquery\dist\jquery.min.map' because it no longer exists.
         Removing endpoints for asset 'C:\Users\toduc\Downloads\SmartStay\wwwroot\lib\jquery\LICENSE.txt' because it no longer exists.
         Removing endpoints for asset 'C:\Users\toduc\Downloads\SmartStay\wwwroot\lib\jquery\LICENSE.txt' because it no longer exists.
         Removing endpoints for asset 'C:\Users\toduc\Downloads\SmartStay\wwwroot\uploads\buildings\1\fe8d616a-d80d-4b94-a73d-cc97ce64113c.png' because it no longer exists.
         Removing endpoints for asset 'C:\Users\toduc\Downloads\SmartStay\wwwroot\uploads\buildings\1\fe8d616a-d80d-4b94-a73d-cc97ce64113c.png' because it no longer exists.
         Removing endpoints for asset 'C:\Users\toduc\Downloads\SmartStay\wwwroot\uploads\rooms\1\0a9d22b3-c982-401f-b01f-9425793078b4.png' because it no longer exists.
         Removing endpoints for asset 'C:\Users\toduc\Downloads\SmartStay\wwwroot\uploads\rooms\1\0a9d22b3-c982-401f-b01f-9425793078b4.png' because it no longer exists.
         Removing endpoints for asset 'C:\Users\toduc\Downloads\SmartStay\wwwroot\uploads\rooms\1\fff77a6f-9794-4d4f-8847-79f15c93d33b.png' because it no longer exists.
         Removing endpoints for asset 'C:\Users\toduc\Downloads\SmartStay\wwwroot\uploads\rooms\1\fff77a6f-9794-4d4f-8847-79f15c93d33b.png' because it no longer exists.
         Removing endpoints for asset 'C:\Users\toduc\Downloads\SmartStay\wwwroot\lib\bootstrap\dist\css\bootstrap-utilities.min.css.map' because it no longer exists.
         Removing endpoints for asset 'C:\Users\toduc\Downloads\SmartStay\wwwroot\lib\bootstrap\dist\css\bootstrap-utilities.min.css.map' because it no longer exists.
         Removing endpoints for asset 'C:\Users\toduc\Downloads\SmartStay\wwwroot\lib\bootstrap\dist\css\bootstrap-utilities.rtl.css' because it no longer exists.
         Removing endpoints for asset 'C:\Users\toduc\Downloads\SmartStay\wwwroot\lib\bootstrap\dist\css\bootstrap-utilities.rtl.css' because it no longer exists.
         Removing endpoints for asset 'C:\Users\toduc\Downloads\SmartStay\wwwroot\lib\bootstrap\dist\css\bootstrap-utilities.rtl.css.map' because it no longer exists.
         Removing endpoints for asset 'C:\Users\toduc\Downloads\SmartStay\wwwroot\lib\bootstrap\dist\css\bootstrap-utilities.rtl.css.map' because it no longer exists.
         Removing endpoints for asset 'C:\Users\toduc\Downloads\SmartStay\wwwroot\lib\bootstrap\dist\css\bootstrap-utilities.rtl.min.css' because it no longer exists.
         Removing endpoints for asset 'C:\Users\toduc\Downloads\SmartStay\wwwroot\lib\bootstrap\dist\css\bootstrap-utilities.rtl.min.css' because it no longer exists.
         Removing endpoints for asset 'C:\Users\toduc\Downloads\SmartStay\wwwroot\lib\bootstrap\dist\css\bootstrap-utilities.rtl.min.css.map' because it no longer exists.
         Removing endpoints for asset 'C:\Users\toduc\Downloads\SmartStay\wwwroot\lib\bootstrap\dist\css\bootstrap-utilities.rtl.min.css.map' because it no longer exists.
         Removing endpoints for asset 'C:\Users\toduc\Downloads\SmartStay\wwwroot\lib\bootstrap\dist\css\bootstrap.css' because it no longer exists.
         Removing endpoints for asset 'C:\Users\toduc\Downloads\SmartStay\wwwroot\lib\bootstrap\dist\css\bootstrap.css' because it no longer exists.
         Removing endpoints for asset 'C:\Users\toduc\Downloads\SmartStay\wwwroot\lib\bootstrap\dist\css\bootstrap.css.map' because it no longer exists.
         Removing endpoints for asset 'C:\Users\toduc\Downloads\SmartStay\wwwroot\lib\bootstrap\dist\css\bootstrap.css.map' because it no longer exists.
         Removing endpoints for asset 'C:\Users\toduc\Downloads\SmartStay\wwwroot\lib\bootstrap\dist\js\bootstrap.bundle.min.js' because it no longer exists.
         Removing endpoints for asset 'C:\Users\toduc\Downloads\SmartStay\wwwroot\lib\bootstrap\dist\js\bootstrap.bundle.min.js' because it no longer exists.
         Removing endpoints for asset 'C:\Users\toduc\Downloads\SmartStay\wwwroot\lib\bootstrap\dist\js\bootstrap.bundle.min.js.map' because it no longer exists.
         Removing endpoints for asset 'C:\Users\toduc\Downloads\SmartStay\wwwroot\lib\bootstrap\dist\js\bootstrap.bundle.min.js.map' because it no longer exists.
         Removing endpoints for asset 'C:\Users\toduc\Downloads\SmartStay\wwwroot\lib\bootstrap\dist\js\bootstrap.esm.js' because it no longer exists.
         Removing endpoints for asset 'C:\Users\toduc\Downloads\SmartStay\wwwroot\lib\bootstrap\dist\js\bootstrap.esm.js' because it no longer exists.
         Removing endpoints for asset 'C:\Users\toduc\Downloads\SmartStay\wwwroot\lib\bootstrap\dist\js\bootstrap.esm.js.map' because it no longer exists.
         Removing endpoints for asset 'C:\Users\toduc\Downloads\SmartStay\wwwroot\lib\bootstrap\dist\js\bootstrap.esm.js.map' because it no longer exists.
         Removing endpoints for asset 'C:\Users\toduc\Downloads\SmartStay\wwwroot\lib\bootstrap\dist\js\bootstrap.esm.min.js' because it no longer exists.
         Removing endpoints for asset 'C:\Users\toduc\Downloads\SmartStay\wwwroot\lib\bootstrap\dist\js\bootstrap.esm.min.js' because it no longer exists.
         Removing endpoints for asset 'C:\Users\toduc\Downloads\SmartStay\wwwroot\lib\bootstrap\dist\js\bootstrap.min.js' because it no longer exists.
         Removing endpoints for asset 'C:\Users\toduc\Downloads\SmartStay\wwwroot\lib\bootstrap\dist\js\bootstrap.min.js' because it no longer exists.
         Removing endpoints for asset 'C:\Users\toduc\Downloads\SmartStay\wwwroot\lib\bootstrap\dist\js\bootstrap.min.js.map' because it no longer exists.
         Removing endpoints for asset 'C:\Users\toduc\Downloads\SmartStay\wwwroot\lib\bootstrap\dist\js\bootstrap.min.js.map' because it no longer exists.
         Removing endpoints for asset 'C:\Users\toduc\Downloads\SmartStay\wwwroot\lib\bootstrap\LICENSE' because it no longer exists.
         Removing endpoints for asset 'C:\Users\toduc\Downloads\SmartStay\wwwroot\lib\bootstrap\LICENSE' because it no longer exists.
         Removing endpoints for asset 'C:\Users\toduc\Downloads\SmartStay\wwwroot\lib\jquery-validation-unobtrusive\jquery.validate.unobtrusive.js' because it no longer exists.
         Removing endpoints for asset 'C:\Users\toduc\Downloads\SmartStay\wwwroot\lib\jquery-validation-unobtrusive\jquery.validate.unobtrusive.js' because it no longer exists.
         Removing endpoints for asset 'C:\Users\toduc\Downloads\SmartStay\wwwroot\lib\jquery-validation-unobtrusive\jquery.validate.unobtrusive.min.js' because it no longer exists.
         Removing endpoints for asset 'C:\Users\toduc\Downloads\SmartStay\wwwroot\lib\jquery-validation-unobtrusive\jquery.validate.unobtrusive.min.js' because it no longer exists.
         Removing endpoints for asset 'C:\Users\toduc\Downloads\SmartStay\wwwroot\lib\jquery-validation-unobtrusive\LICENSE.txt' because it no longer exists.
         Removing endpoints for asset 'C:\Users\toduc\Downloads\SmartStay\wwwroot\lib\jquery-validation-unobtrusive\LICENSE.txt' because it no longer exists.
         Removing endpoints for asset 'C:\Users\toduc\Downloads\SmartStay\wwwroot\lib\jquery-validation\dist\additional-methods.js' because it no longer exists.
         Removing endpoints for asset 'C:\Users\toduc\Downloads\SmartStay\wwwroot\lib\jquery-validation\dist\additional-methods.js' because it no longer exists.
         Removing endpoints for asset 'C:\Users\toduc\Downloads\SmartStay\wwwroot\images\phongtro\5aaefbd0-a470-4226-af4b-8cb261593738_Screenshot 2026-01-12 210119.png' because it no longer exists.
         Removing endpoints for asset 'C:\Users\toduc\Downloads\SmartStay\wwwroot\images\phongtro\5aaefbd0-a470-4226-af4b-8cb261593738_Screenshot 2026-01-12 210119.png' because it no longer exists.
         Removing endpoints for asset 'C:\Users\toduc\Downloads\SmartStay\wwwroot\lib\bootstrap\dist\css\bootstrap-reboot.css' because it no longer exists.
         Removing endpoints for asset 'C:\Users\toduc\Downloads\SmartStay\wwwroot\lib\bootstrap\dist\css\bootstrap-reboot.css' because it no longer exists.
         Removing endpoints for asset 'C:\Users\toduc\Downloads\SmartStay\wwwroot\lib\bootstrap\dist\js\bootstrap.esm.min.js.map' because it no longer exists.
         Removing endpoints for asset 'C:\Users\toduc\Downloads\SmartStay\wwwroot\lib\bootstrap\dist\js\bootstrap.esm.min.js.map' because it no longer exists.
         Removing endpoints for asset 'C:\Users\toduc\Downloads\SmartStay\wwwroot\lib\bootstrap\dist\js\bootstrap.js' because it no longer exists.
         Removing endpoints for asset 'C:\Users\toduc\Downloads\SmartStay\wwwroot\lib\bootstrap\dist\js\bootstrap.js' because it no longer exists.
         Removing endpoints for asset 'C:\Users\toduc\Downloads\SmartStay\wwwroot\lib\bootstrap\dist\js\bootstrap.js.map' because it no longer exists.
         Removing endpoints for asset 'C:\Users\toduc\Downloads\SmartStay\wwwroot\lib\bootstrap\dist\js\bootstrap.js.map' because it no longer exists.
         Removing endpoints for asset 'C:\Users\toduc\Downloads\SmartStay\wwwroot\lib\bootstrap\dist\css\bootstrap-reboot.css.map' because it no longer exists.
         Removing endpoints for asset 'C:\Users\toduc\Downloads\SmartStay\wwwroot\lib\bootstrap\dist\css\bootstrap-reboot.css.map' because it no longer exists.
         Removing endpoints for asset 'C:\Users\toduc\Downloads\SmartStay\wwwroot\lib\bootstrap\dist\css\bootstrap-reboot.min.css' because it no longer exists.
         Removing endpoints for asset 'C:\Users\toduc\Downloads\SmartStay\wwwroot\lib\bootstrap\dist\css\bootstrap-reboot.min.css' because it no longer exists.
         Removing endpoints for asset 'C:\Users\toduc\Downloads\SmartStay\wwwroot\lib\bootstrap\dist\css\bootstrap-reboot.min.css.map' because it no longer exists.
         Removing endpoints for asset 'C:\Users\toduc\Downloads\SmartStay\wwwroot\lib\bootstrap\dist\css\bootstrap-reboot.min.css.map' because it no longer exists.
         Removing endpoints for asset 'C:\Users\toduc\Downloads\SmartStay\wwwroot\lib\bootstrap\dist\css\bootstrap-reboot.rtl.css' because it no longer exists.
         Removing endpoints for asset 'C:\Users\toduc\Downloads\SmartStay\wwwroot\lib\bootstrap\dist\css\bootstrap-reboot.rtl.css' because it no longer exists.
         Removing endpoints for asset 'C:\Users\toduc\Downloads\SmartStay\wwwroot\lib\bootstrap\dist\css\bootstrap-reboot.rtl.css.map' because it no longer exists.
         Removing endpoints for asset 'C:\Users\toduc\Downloads\SmartStay\wwwroot\lib\bootstrap\dist\css\bootstrap-reboot.rtl.css.map' because it no longer exists.
         Removing endpoints for asset 'C:\Users\toduc\Downloads\SmartStay\wwwroot\lib\bootstrap\dist\css\bootstrap-reboot.rtl.min.css' because it no longer exists.
         Removing endpoints for asset 'C:\Users\toduc\Downloads\SmartStay\wwwroot\lib\bootstrap\dist\css\bootstrap-reboot.rtl.min.css' because it no longer exists.
         Removing endpoints for asset 'C:\Users\toduc\Downloads\SmartStay\wwwroot\lib\bootstrap\dist\css\bootstrap-reboot.rtl.min.css.map' because it no longer exists.
         Removing endpoints for asset 'C:\Users\toduc\Downloads\SmartStay\wwwroot\lib\bootstrap\dist\css\bootstrap-reboot.rtl.min.css.map' because it no longer exists.
         Removing endpoints for asset 'C:\Users\toduc\Downloads\SmartStay\wwwroot\lib\bootstrap\dist\css\bootstrap-utilities.css' because it no longer exists.
         Removing endpoints for asset 'C:\Users\toduc\Downloads\SmartStay\wwwroot\lib\bootstrap\dist\css\bootstrap-utilities.css' because it no longer exists.
         Removing endpoints for asset 'C:\Users\toduc\Downloads\SmartStay\wwwroot\lib\bootstrap\dist\css\bootstrap-utilities.css.map' because it no longer exists.
         Removing endpoints for asset 'C:\Users\toduc\Downloads\SmartStay\wwwroot\lib\bootstrap\dist\css\bootstrap-utilities.css.map' because it no longer exists.
         Removing endpoints for asset 'C:\Users\toduc\Downloads\SmartStay\wwwroot\lib\bootstrap\dist\css\bootstrap-utilities.min.css' because it no longer exists.
         Removing endpoints for asset 'C:\Users\toduc\Downloads\SmartStay\wwwroot\lib\bootstrap\dist\css\bootstrap-utilities.min.css' because it no longer exists.
         Removing endpoints for asset 'C:\Users\toduc\Downloads\SmartStay\wwwroot\lib\bootstrap\dist\css\bootstrap.rtl.css' because it no longer exists.
         Removing endpoints for asset 'C:\Users\toduc\Downloads\SmartStay\wwwroot\lib\bootstrap\dist\css\bootstrap.rtl.css' because it no longer exists.
         Removing endpoints for asset 'C:\Users\toduc\Downloads\SmartStay\wwwroot\uploads\rooms\1\e752d234-45c1-40f0-abdb-208071a8ff51.png' because it no longer exists.
         Removing endpoints for asset 'C:\Users\toduc\Downloads\SmartStay\wwwroot\uploads\rooms\1\e752d234-45c1-40f0-abdb-208071a8ff51.png' because it no longer exists.
         Removing endpoints for asset 'C:\Users\toduc\Downloads\SmartStay\wwwroot\lib\bootstrap\dist\css\bootstrap.min.css' because it no longer exists.
         Removing endpoints for asset 'C:\Users\toduc\Downloads\SmartStay\wwwroot\lib\bootstrap\dist\css\bootstrap.min.css' because it no longer exists.
         Removing endpoints for asset 'C:\Users\toduc\Downloads\SmartStay\wwwroot\lib\bootstrap\dist\css\bootstrap.min.css.map' because it no longer exists.
         Removing endpoints for asset 'C:\Users\toduc\Downloads\SmartStay\wwwroot\lib\bootstrap\dist\css\bootstrap.min.css.map' because it no longer exists.
         Removing endpoints for asset 'C:\Users\toduc\Downloads\SmartStay\wwwroot\css\app.css' because it no longer exists.
         Removing endpoints for asset 'C:\Users\toduc\Downloads\SmartStay\wwwroot\css\app.css' because it no longer exists.
         Removing endpoints for asset 'C:\Users\toduc\Downloads\SmartStay\wwwroot\favicon.ico' because it no longer exists.
         Removing endpoints for asset 'C:\Users\toduc\Downloads\SmartStay\wwwroot\favicon.ico' because it no longer exists.
         Removing endpoints for asset 'C:\Users\toduc\Downloads\SmartStay\wwwroot\images\khachthue\169ac11e-51c2-4ec0-83f6-fa06099c9c31.jpg' because it no longer exists.
         Removing endpoints for asset 'C:\Users\toduc\Downloads\SmartStay\wwwroot\images\khachthue\169ac11e-51c2-4ec0-83f6-fa06099c9c31.jpg' because it no longer exists.
         Removing endpoints for asset 'C:\Users\toduc\Downloads\SmartStay\wwwroot\images\khachthue\30a94b26-aaa2-4ca2-9846-863d70df0a1d.png' because it no longer exists.
         Removing endpoints for asset 'C:\Users\toduc\Downloads\SmartStay\wwwroot\images\khachthue\30a94b26-aaa2-4ca2-9846-863d70df0a1d.png' because it no longer exists.
         Removing endpoints for asset 'C:\Users\toduc\Downloads\SmartStay\wwwroot\images\khachthue\470101b0-382e-4610-990d-27d313a70c2b.jpg' because it no longer exists.
         Removing endpoints for asset 'C:\Users\toduc\Downloads\SmartStay\wwwroot\images\khachthue\470101b0-382e-4610-990d-27d313a70c2b.jpg' because it no longer exists.
         Removing endpoints for asset 'C:\Users\toduc\Downloads\SmartStay\wwwroot\images\khachthue\52e1789c-bb93-4a31-9b32-e47b66085be5.jpg' because it no longer exists.
         Removing endpoints for asset 'C:\Users\toduc\Downloads\SmartStay\wwwroot\images\khachthue\52e1789c-bb93-4a31-9b32-e47b66085be5.jpg' because it no longer exists.
         Removing endpoints for asset 'C:\Users\toduc\Downloads\SmartStay\wwwroot\images\khachthue\7159c391-099e-4253-9500-cb82a64568b8.png' because it no longer exists.
         Removing endpoints for asset 'C:\Users\toduc\Downloads\SmartStay\wwwroot\images\khachthue\7159c391-099e-4253-9500-cb82a64568b8.png' because it no longer exists.
         Removing endpoints for asset 'C:\Users\toduc\Downloads\SmartStay\wwwroot\images\phongtro\5f80b730-a380-4890-bfdf-aef6318a2702_banner_sinh_ton_noi_hoang_da.png' because it no longer exists.
         Removing endpoints for asset 'C:\Users\toduc\Downloads\SmartStay\wwwroot\images\phongtro\5f80b730-a380-4890-bfdf-aef6318a2702_banner_sinh_ton_noi_hoang_da.png' because it no longer exists.
         Removing endpoints for asset 'C:\Users\toduc\Downloads\SmartStay\wwwroot\images\phongtro\6993ec13-6289-47b2-96ba-c24b06b39956_banner_sinh_ton_noi_hoang_da.png' because it no longer exists.
         Removing endpoints for asset 'C:\Users\toduc\Downloads\SmartStay\wwwroot\images\phongtro\6993ec13-6289-47b2-96ba-c24b06b39956_banner_sinh_ton_noi_hoang_da.png' because it no longer exists.
         Removing endpoints for asset 'C:\Users\toduc\Downloads\SmartStay\wwwroot\images\phongtro\69a9928a-378e-4387-8584-f0ca93c81297_banner_sinh_ton_noi_hoang_da.png' because it no longer exists.
         Removing endpoints for asset 'C:\Users\toduc\Downloads\SmartStay\wwwroot\images\phongtro\69a9928a-378e-4387-8584-f0ca93c81297_banner_sinh_ton_noi_hoang_da.png' because it no longer exists.
         Removing endpoints for asset 'C:\Users\toduc\Downloads\SmartStay\wwwroot\images\phongtro\7d8c4580-9fe6-40dd-a094-c830d8cb364e_Screenshot 2026-02-06 224252.png' because it no longer exists.
         Removing endpoints for asset 'C:\Users\toduc\Downloads\SmartStay\wwwroot\images\phongtro\7d8c4580-9fe6-40dd-a094-c830d8cb364e_Screenshot 2026-02-06 224252.png' because it no longer exists.
         Removing endpoints for asset 'C:\Users\toduc\Downloads\SmartStay\wwwroot\images\phongtro\9a246d91-4772-49b4-a7e4-5aa765689bc9_tải xuống.jpg' because it no longer exists.
         Removing endpoints for asset 'C:\Users\toduc\Downloads\SmartStay\wwwroot\images\phongtro\9a246d91-4772-49b4-a7e4-5aa765689bc9_tải xuống.jpg' because it no longer exists.
         Removing endpoints for asset 'C:\Users\toduc\Downloads\SmartStay\wwwroot\images\phongtro\a873c948-f3e4-4c0d-bf7e-e16c5487cbf7_Screenshot 2026-02-02 201521.png' because it no longer exists.
         Removing endpoints for asset 'C:\Users\toduc\Downloads\SmartStay\wwwroot\images\phongtro\a873c948-f3e4-4c0d-bf7e-e16c5487cbf7_Screenshot 2026-02-02 201521.png' because it no longer exists.
         Removing endpoints for asset 'C:\Users\toduc\Downloads\SmartStay\wwwroot\images\phongtro\b45c992e-9db4-49a7-8c45-abc674ca8d17_Screenshot 2025-10-01 094135.png' because it no longer exists.
         Removing endpoints for asset 'C:\Users\toduc\Downloads\SmartStay\wwwroot\images\phongtro\b45c992e-9db4-49a7-8c45-abc674ca8d17_Screenshot 2025-10-01 094135.png' because it no longer exists.
         Removing endpoints for asset 'C:\Users\toduc\Downloads\SmartStay\wwwroot\images\phongtro\ca212be1-5d96-4c4e-99ed-0b8dccf5a7a5_anh chinh minh.jpg' because it no longer exists.
         Removing endpoints for asset 'C:\Users\toduc\Downloads\SmartStay\wwwroot\images\phongtro\ca212be1-5d96-4c4e-99ed-0b8dccf5a7a5_anh chinh minh.jpg' because it no longer exists.
         Removing endpoints for asset 'C:\Users\toduc\Downloads\SmartStay\wwwroot\lib\bootstrap\dist\css\bootstrap.rtl.css.map' because it no longer exists.
         Removing endpoints for asset 'C:\Users\toduc\Downloads\SmartStay\wwwroot\lib\bootstrap\dist\css\bootstrap.rtl.css.map' because it no longer exists.
         Removing endpoints for asset 'C:\Users\toduc\Downloads\SmartStay\wwwroot\lib\bootstrap\dist\css\bootstrap.rtl.min.css' because it no longer exists.
         Removing endpoints for asset 'C:\Users\toduc\Downloads\SmartStay\wwwroot\lib\bootstrap\dist\css\bootstrap.rtl.min.css' because it no longer exists.
         Removing endpoints for asset 'C:\Users\toduc\Downloads\SmartStay\wwwroot\lib\bootstrap\dist\css\bootstrap.rtl.min.css.map' because it no longer exists.
         Removing endpoints for asset 'C:\Users\toduc\Downloads\SmartStay\wwwroot\lib\bootstrap\dist\css\bootstrap.rtl.min.css.map' because it no longer exists.
         Removing endpoints for asset 'C:\Users\toduc\Downloads\SmartStay\wwwroot\js\site.js' because it no longer exists.
         Removing endpoints for asset 'C:\Users\toduc\Downloads\SmartStay\wwwroot\js\site.js' because it no longer exists.
         Removing endpoints for asset 'C:\Users\toduc\Downloads\SmartStay\wwwroot\lib\bootstrap\dist\js\bootstrap.bundle.js' because it no longer exists.
         Removing endpoints for asset 'C:\Users\toduc\Downloads\SmartStay\wwwroot\lib\bootstrap\dist\js\bootstrap.bundle.js' because it no longer exists.
         Removing endpoints for asset 'C:\Users\toduc\Downloads\SmartStay\wwwroot\lib\bootstrap\dist\js\bootstrap.bundle.js.map' because it no longer exists.
         Removing endpoints for asset 'C:\Users\toduc\Downloads\SmartStay\wwwroot\lib\bootstrap\dist\js\bootstrap.bundle.js.map' because it no longer exists.
         Removing endpoints for asset 'C:\Users\toduc\Downloads\SmartStay\wwwroot\css\site.css' because it no longer exists.
         Removing endpoints for asset 'C:\Users\toduc\Downloads\SmartStay\wwwroot\css\site.css' because it no longer exists.
         Removing endpoints for asset 'C:\Users\toduc\Downloads\SmartStay\wwwroot\images\khachthue\d976ee01-ad82-48ff-a272-6f65f9b2c818.jpg' because it no longer exists.
         Removing endpoints for asset 'C:\Users\toduc\Downloads\SmartStay\wwwroot\images\khachthue\d976ee01-ad82-48ff-a272-6f65f9b2c818.jpg' because it no longer exists.
         Removing endpoints for asset 'C:\Users\toduc\Downloads\SmartStay\wwwroot\images\phongtro\5637c904-8589-43e7-b1ba-c26e5f81595c_tải xuống.jpg' because it no longer exists.
         Removing endpoints for asset 'C:\Users\toduc\Downloads\SmartStay\wwwroot\images\phongtro\5637c904-8589-43e7-b1ba-c26e5f81595c_tải xuống.jpg' because it no longer exists.
         Removing endpoints for asset 'C:\Users\toduc\Downloads\SmartStay\wwwroot\images\phongtro\e59ef006-9308-408e-bd99-2c9978263404_Tottenham.jpg' because it no longer exists.
         Removing endpoints for asset 'C:\Users\toduc\Downloads\SmartStay\wwwroot\images\phongtro\e59ef006-9308-408e-bd99-2c9978263404_Tottenham.jpg' because it no longer exists.
         Removing endpoints for asset 'C:\Users\toduc\Downloads\SmartStay\wwwroot\lib\bootstrap\dist\css\bootstrap-grid.css' because it no longer exists.
         Removing endpoints for asset 'C:\Users\toduc\Downloads\SmartStay\wwwroot\lib\bootstrap\dist\css\bootstrap-grid.css' because it no longer exists.
         Removing endpoints for asset 'C:\Users\toduc\Downloads\SmartStay\wwwroot\lib\bootstrap\dist\css\bootstrap-grid.css.map' because it no longer exists.
         Removing endpoints for asset 'C:\Users\toduc\Downloads\SmartStay\wwwroot\lib\bootstrap\dist\css\bootstrap-grid.css.map' because it no longer exists.
         Removing endpoints for asset 'C:\Users\toduc\Downloads\SmartStay\wwwroot\lib\bootstrap\dist\css\bootstrap-grid.min.css' because it no longer exists.
         Removing endpoints for asset 'C:\Users\toduc\Downloads\SmartStay\wwwroot\lib\bootstrap\dist\css\bootstrap-grid.min.css' because it no longer exists.
         Removing endpoints for asset 'C:\Users\toduc\Downloads\SmartStay\wwwroot\lib\bootstrap\dist\css\bootstrap-grid.min.css.map' because it no longer exists.
         Removing endpoints for asset 'C:\Users\toduc\Downloads\SmartStay\wwwroot\lib\bootstrap\dist\css\bootstrap-grid.min.css.map' because it no longer exists.
         Removing endpoints for asset 'C:\Users\toduc\Downloads\SmartStay\wwwroot\lib\bootstrap\dist\css\bootstrap-grid.rtl.css' because it no longer exists.
         Removing endpoints for asset 'C:\Users\toduc\Downloads\SmartStay\wwwroot\lib\bootstrap\dist\css\bootstrap-grid.rtl.css' because it no longer exists.
         Removing endpoints for asset 'C:\Users\toduc\Downloads\SmartStay\wwwroot\lib\bootstrap\dist\css\bootstrap-grid.rtl.css.map' because it no longer exists.
         Removing endpoints for asset 'C:\Users\toduc\Downloads\SmartStay\wwwroot\lib\bootstrap\dist\css\bootstrap-grid.rtl.css.map' because it no longer exists.
         Removing endpoints for asset 'C:\Users\toduc\Downloads\SmartStay\wwwroot\lib\bootstrap\dist\css\bootstrap-grid.rtl.min.css' because it no longer exists.
         Removing endpoints for asset 'C:\Users\toduc\Downloads\SmartStay\wwwroot\lib\bootstrap\dist\css\bootstrap-grid.rtl.min.css' because it no longer exists.
         Removing endpoints for asset 'C:\Users\toduc\Downloads\SmartStay\wwwroot\lib\bootstrap\dist\css\bootstrap-grid.rtl.min.css.map' because it no longer exists.
         Removing endpoints for asset 'C:\Users\toduc\Downloads\SmartStay\wwwroot\lib\bootstrap\dist\css\bootstrap-grid.rtl.min.css.map' because it no longer exists.
         Matched do_an_tot_nghiep.styles.css to text/css using pattern *.css
         Adding endpoint do_an_tot_nghiep.styles.css for asset C:\Users\toduc\Downloads\SmartStay\obj\Debug\net8.0\scopedcss\bundle\do_an_tot_nghiep.styles.css.
         Matched do_an_tot_nghiep.styles.css to text/css using pattern *.css
         Adding endpoint do_an_tot_nghiep.v20kkospdf.styles.css for asset C:\Users\toduc\Downloads\SmartStay\obj\Debug\net8.0\scopedcss\bundle\do_an_tot_nghiep.styles.css.
       Done executing task "DefineStaticWebAssetEndpoints".
       Task "DefineStaticWebAssets"
         No cache manifest path specified. Cache will not be used.
         RelativePath 'do_an_tot_nghiep#[.{fingerprint}]!.bundle.scp.css' normalized to 'do_an_tot_nghiep#[.{fingerprint}]!.bundle.scp.css' found for candidate 'C:\Users\toduc\Downloads\SmartStay\obj\Debug\net8.0\scopedcss\projectbundle\do_an_tot_nghiep.bundle.scp.css' and will be used for matching.
         Computing fingerprint and integrity for asset 'C:\Users\toduc\Downloads\SmartStay\obj\Debug\net8.0\scopedcss\projectbundle\do_an_tot_nghiep.bundle.scp.css'
         Identity for candidate 'C:\Users\toduc\Downloads\SmartStay\obj\Debug\net8.0\scopedcss\projectbundle\do_an_tot_nghiep.bundle.scp.css' is 'C:\Users\toduc\Downloads\SmartStay\obj\Debug\net8.0\scopedcss\projectbundle\do_an_tot_nghiep.bundle.scp.css' because it starts with content root 'C:\Users\toduc\Downloads\SmartStay\obj\Debug\net8.0\scopedcss\projectbundle\'.
       Done executing task "DefineStaticWebAssets".
       Task "DefineStaticWebAssetEndpoints"
         Removing endpoints for asset 'C:\Users\toduc\Downloads\SmartStay\wwwroot\lib\jquery-validation\dist\additional-methods.min.js' because it no longer exists.
         Removing endpoints for asset 'C:\Users\toduc\Downloads\SmartStay\wwwroot\lib\jquery-validation\dist\additional-methods.min.js' because it no longer exists.
         Removing endpoints for asset 'C:\Users\toduc\Downloads\SmartStay\wwwroot\lib\jquery-validation\dist\jquery.validate.js' because it no longer exists.
         Removing endpoints for asset 'C:\Users\toduc\Downloads\SmartStay\wwwroot\lib\jquery-validation\dist\jquery.validate.js' because it no longer exists.
         Removing endpoints for asset 'C:\Users\toduc\Downloads\SmartStay\wwwroot\lib\jquery-validation\dist\jquery.validate.min.js' because it no longer exists.
         Removing endpoints for asset 'C:\Users\toduc\Downloads\SmartStay\wwwroot\lib\jquery-validation\dist\jquery.validate.min.js' because it no longer exists.
         Removing endpoints for asset 'C:\Users\toduc\Downloads\SmartStay\wwwroot\lib\jquery-validation\LICENSE.md' because it no longer exists.
         Removing endpoints for asset 'C:\Users\toduc\Downloads\SmartStay\wwwroot\lib\jquery-validation\LICENSE.md' because it no longer exists.
         Removing endpoints for asset 'C:\Users\toduc\Downloads\SmartStay\wwwroot\lib\jquery\dist\jquery.js' because it no longer exists.
         Removing endpoints for asset 'C:\Users\toduc\Downloads\SmartStay\wwwroot\lib\jquery\dist\jquery.js' because it no longer exists.
         Removing endpoints for asset 'C:\Users\toduc\Downloads\SmartStay\wwwroot\lib\jquery\dist\jquery.min.js' because it no longer exists.
         Removing endpoints for asset 'C:\Users\toduc\Downloads\SmartStay\wwwroot\lib\jquery\dist\jquery.min.js' because it no longer exists.
         Removing endpoints for asset 'C:\Users\toduc\Downloads\SmartStay\wwwroot\lib\jquery\dist\jquery.min.map' because it no longer exists.
         Removing endpoints for asset 'C:\Users\toduc\Downloads\SmartStay\wwwroot\lib\jquery\dist\jquery.min.map' because it no longer exists.
         Removing endpoints for asset 'C:\Users\toduc\Downloads\SmartStay\wwwroot\lib\jquery\LICENSE.txt' because it no longer exists.
         Removing endpoints for asset 'C:\Users\toduc\Downloads\SmartStay\wwwroot\lib\jquery\LICENSE.txt' because it no longer exists.
         Removing endpoints for asset 'C:\Users\toduc\Downloads\SmartStay\wwwroot\uploads\buildings\1\fe8d616a-d80d-4b94-a73d-cc97ce64113c.png' because it no longer exists.
         Removing endpoints for asset 'C:\Users\toduc\Downloads\SmartStay\wwwroot\uploads\buildings\1\fe8d616a-d80d-4b94-a73d-cc97ce64113c.png' because it no longer exists.
         Removing endpoints for asset 'C:\Users\toduc\Downloads\SmartStay\wwwroot\uploads\rooms\1\0a9d22b3-c982-401f-b01f-9425793078b4.png' because it no longer exists.
         Removing endpoints for asset 'C:\Users\toduc\Downloads\SmartStay\wwwroot\uploads\rooms\1\0a9d22b3-c982-401f-b01f-9425793078b4.png' because it no longer exists.
         Removing endpoints for asset 'C:\Users\toduc\Downloads\SmartStay\wwwroot\uploads\rooms\1\fff77a6f-9794-4d4f-8847-79f15c93d33b.png' because it no longer exists.
         Removing endpoints for asset 'C:\Users\toduc\Downloads\SmartStay\wwwroot\uploads\rooms\1\fff77a6f-9794-4d4f-8847-79f15c93d33b.png' because it no longer exists.
         Removing endpoints for asset 'C:\Users\toduc\Downloads\SmartStay\wwwroot\lib\bootstrap\dist\css\bootstrap-utilities.min.css.map' because it no longer exists.
         Removing endpoints for asset 'C:\Users\toduc\Downloads\SmartStay\wwwroot\lib\bootstrap\dist\css\bootstrap-utilities.min.css.map' because it no longer exists.
         Removing endpoints for asset 'C:\Users\toduc\Downloads\SmartStay\wwwroot\lib\bootstrap\dist\css\bootstrap-utilities.rtl.css' because it no longer exists.
         Removing endpoints for asset 'C:\Users\toduc\Downloads\SmartStay\wwwroot\lib\bootstrap\dist\css\bootstrap-utilities.rtl.css' because it no longer exists.
         Removing endpoints for asset 'C:\Users\toduc\Downloads\SmartStay\wwwroot\lib\bootstrap\dist\css\bootstrap-utilities.rtl.css.map' because it no longer exists.
         Removing endpoints for asset 'C:\Users\toduc\Downloads\SmartStay\wwwroot\lib\bootstrap\dist\css\bootstrap-utilities.rtl.css.map' because it no longer exists.
         Removing endpoints for asset 'C:\Users\toduc\Downloads\SmartStay\wwwroot\lib\bootstrap\dist\css\bootstrap-utilities.rtl.min.css' because it no longer exists.
         Removing endpoints for asset 'C:\Users\toduc\Downloads\SmartStay\wwwroot\lib\bootstrap\dist\css\bootstrap-utilities.rtl.min.css' because it no longer exists.
         Removing endpoints for asset 'C:\Users\toduc\Downloads\SmartStay\wwwroot\lib\bootstrap\dist\css\bootstrap-utilities.rtl.min.css.map' because it no longer exists.
         Removing endpoints for asset 'C:\Users\toduc\Downloads\SmartStay\wwwroot\lib\bootstrap\dist\css\bootstrap-utilities.rtl.min.css.map' because it no longer exists.
         Removing endpoints for asset 'C:\Users\toduc\Downloads\SmartStay\wwwroot\lib\bootstrap\dist\css\bootstrap.css' because it no longer exists.
         Removing endpoints for asset 'C:\Users\toduc\Downloads\SmartStay\wwwroot\lib\bootstrap\dist\css\bootstrap.css' because it no longer exists.
         Removing endpoints for asset 'C:\Users\toduc\Downloads\SmartStay\wwwroot\lib\bootstrap\dist\css\bootstrap.css.map' because it no longer exists.
         Removing endpoints for asset 'C:\Users\toduc\Downloads\SmartStay\wwwroot\lib\bootstrap\dist\css\bootstrap.css.map' because it no longer exists.
         Removing endpoints for asset 'C:\Users\toduc\Downloads\SmartStay\wwwroot\lib\bootstrap\dist\js\bootstrap.bundle.min.js' because it no longer exists.
         Removing endpoints for asset 'C:\Users\toduc\Downloads\SmartStay\wwwroot\lib\bootstrap\dist\js\bootstrap.bundle.min.js' because it no longer exists.
         Removing endpoints for asset 'C:\Users\toduc\Downloads\SmartStay\wwwroot\lib\bootstrap\dist\js\bootstrap.bundle.min.js.map' because it no longer exists.
         Removing endpoints for asset 'C:\Users\toduc\Downloads\SmartStay\wwwroot\lib\bootstrap\dist\js\bootstrap.bundle.min.js.map' because it no longer exists.
         Removing endpoints for asset 'C:\Users\toduc\Downloads\SmartStay\wwwroot\lib\bootstrap\dist\js\bootstrap.esm.js' because it no longer exists.
         Removing endpoints for asset 'C:\Users\toduc\Downloads\SmartStay\wwwroot\lib\bootstrap\dist\js\bootstrap.esm.js' because it no longer exists.
         Removing endpoints for asset 'C:\Users\toduc\Downloads\SmartStay\wwwroot\lib\bootstrap\dist\js\bootstrap.esm.js.map' because it no longer exists.
         Removing endpoints for asset 'C:\Users\toduc\Downloads\SmartStay\wwwroot\lib\bootstrap\dist\js\bootstrap.esm.js.map' because it no longer exists.
         Removing endpoints for asset 'C:\Users\toduc\Downloads\SmartStay\wwwroot\lib\bootstrap\dist\js\bootstrap.esm.min.js' because it no longer exists.
         Removing endpoints for asset 'C:\Users\toduc\Downloads\SmartStay\wwwroot\lib\bootstrap\dist\js\bootstrap.esm.min.js' because it no longer exists.
         Removing endpoints for asset 'C:\Users\toduc\Downloads\SmartStay\wwwroot\lib\bootstrap\dist\js\bootstrap.min.js' because it no longer exists.
         Removing endpoints for asset 'C:\Users\toduc\Downloads\SmartStay\wwwroot\lib\bootstrap\dist\js\bootstrap.min.js' because it no longer exists.
         Removing endpoints for asset 'C:\Users\toduc\Downloads\SmartStay\wwwroot\lib\bootstrap\dist\js\bootstrap.min.js.map' because it no longer exists.
         Removing endpoints for asset 'C:\Users\toduc\Downloads\SmartStay\wwwroot\lib\bootstrap\dist\js\bootstrap.min.js.map' because it no longer exists.
         Removing endpoints for asset 'C:\Users\toduc\Downloads\SmartStay\wwwroot\lib\bootstrap\LICENSE' because it no longer exists.
         Removing endpoints for asset 'C:\Users\toduc\Downloads\SmartStay\wwwroot\lib\bootstrap\LICENSE' because it no longer exists.
         Removing endpoints for asset 'C:\Users\toduc\Downloads\SmartStay\wwwroot\lib\jquery-validation-unobtrusive\jquery.validate.unobtrusive.js' because it no longer exists.
         Removing endpoints for asset 'C:\Users\toduc\Downloads\SmartStay\wwwroot\lib\jquery-validation-unobtrusive\jquery.validate.unobtrusive.js' because it no longer exists.
         Removing endpoints for asset 'C:\Users\toduc\Downloads\SmartStay\wwwroot\lib\jquery-validation-unobtrusive\jquery.validate.unobtrusive.min.js' because it no longer exists.
         Removing endpoints for asset 'C:\Users\toduc\Downloads\SmartStay\wwwroot\lib\jquery-validation-unobtrusive\jquery.validate.unobtrusive.min.js' because it no longer exists.
         Removing endpoints for asset 'C:\Users\toduc\Downloads\SmartStay\wwwroot\lib\jquery-validation-unobtrusive\LICENSE.txt' because it no longer exists.
         Removing endpoints for asset 'C:\Users\toduc\Downloads\SmartStay\wwwroot\lib\jquery-validation-unobtrusive\LICENSE.txt' because it no longer exists.
         Removing endpoints for asset 'C:\Users\toduc\Downloads\SmartStay\wwwroot\lib\jquery-validation\dist\additional-methods.js' because it no longer exists.
         Removing endpoints for asset 'C:\Users\toduc\Downloads\SmartStay\wwwroot\lib\jquery-validation\dist\additional-methods.js' because it no longer exists.
         Removing endpoints for asset 'C:\Users\toduc\Downloads\SmartStay\wwwroot\images\phongtro\5aaefbd0-a470-4226-af4b-8cb261593738_Screenshot 2026-01-12 210119.png' because it no longer exists.
         Removing endpoints for asset 'C:\Users\toduc\Downloads\SmartStay\wwwroot\images\phongtro\5aaefbd0-a470-4226-af4b-8cb261593738_Screenshot 2026-01-12 210119.png' because it no longer exists.
         Removing endpoints for asset 'C:\Users\toduc\Downloads\SmartStay\wwwroot\lib\bootstrap\dist\css\bootstrap-reboot.css' because it no longer exists.
         Removing endpoints for asset 'C:\Users\toduc\Downloads\SmartStay\wwwroot\lib\bootstrap\dist\css\bootstrap-reboot.css' because it no longer exists.
         Removing endpoints for asset 'C:\Users\toduc\Downloads\SmartStay\wwwroot\lib\bootstrap\dist\js\bootstrap.esm.min.js.map' because it no longer exists.
         Removing endpoints for asset 'C:\Users\toduc\Downloads\SmartStay\wwwroot\lib\bootstrap\dist\js\bootstrap.esm.min.js.map' because it no longer exists.
         Removing endpoints for asset 'C:\Users\toduc\Downloads\SmartStay\wwwroot\lib\bootstrap\dist\js\bootstrap.js' because it no longer exists.
         Removing endpoints for asset 'C:\Users\toduc\Downloads\SmartStay\wwwroot\lib\bootstrap\dist\js\bootstrap.js' because it no longer exists.
         Removing endpoints for asset 'C:\Users\toduc\Downloads\SmartStay\wwwroot\lib\bootstrap\dist\js\bootstrap.js.map' because it no longer exists.
         Removing endpoints for asset 'C:\Users\toduc\Downloads\SmartStay\wwwroot\lib\bootstrap\dist\js\bootstrap.js.map' because it no longer exists.
         Removing endpoints for asset 'C:\Users\toduc\Downloads\SmartStay\wwwroot\lib\bootstrap\dist\css\bootstrap-reboot.css.map' because it no longer exists.
         Removing endpoints for asset 'C:\Users\toduc\Downloads\SmartStay\wwwroot\lib\bootstrap\dist\css\bootstrap-reboot.css.map' because it no longer exists.
         Removing endpoints for asset 'C:\Users\toduc\Downloads\SmartStay\wwwroot\lib\bootstrap\dist\css\bootstrap-reboot.min.css' because it no longer exists.
         Removing endpoints for asset 'C:\Users\toduc\Downloads\SmartStay\wwwroot\lib\bootstrap\dist\css\bootstrap-reboot.min.css' because it no longer exists.
         Removing endpoints for asset 'C:\Users\toduc\Downloads\SmartStay\wwwroot\lib\bootstrap\dist\css\bootstrap-reboot.min.css.map' because it no longer exists.
         Removing endpoints for asset 'C:\Users\toduc\Downloads\SmartStay\wwwroot\lib\bootstrap\dist\css\bootstrap-reboot.min.css.map' because it no longer exists.
         Removing endpoints for asset 'C:\Users\toduc\Downloads\SmartStay\wwwroot\lib\bootstrap\dist\css\bootstrap-reboot.rtl.css' because it no longer exists.
         Removing endpoints for asset 'C:\Users\toduc\Downloads\SmartStay\wwwroot\lib\bootstrap\dist\css\bootstrap-reboot.rtl.css' because it no longer exists.
         Removing endpoints for asset 'C:\Users\toduc\Downloads\SmartStay\wwwroot\lib\bootstrap\dist\css\bootstrap-reboot.rtl.css.map' because it no longer exists.
         Removing endpoints for asset 'C:\Users\toduc\Downloads\SmartStay\wwwroot\lib\bootstrap\dist\css\bootstrap-reboot.rtl.css.map' because it no longer exists.
         Removing endpoints for asset 'C:\Users\toduc\Downloads\SmartStay\wwwroot\lib\bootstrap\dist\css\bootstrap-reboot.rtl.min.css' because it no longer exists.
         Removing endpoints for asset 'C:\Users\toduc\Downloads\SmartStay\wwwroot\lib\bootstrap\dist\css\bootstrap-reboot.rtl.min.css' because it no longer exists.
         Removing endpoints for asset 'C:\Users\toduc\Downloads\SmartStay\wwwroot\lib\bootstrap\dist\css\bootstrap-reboot.rtl.min.css.map' because it no longer exists.
         Removing endpoints for asset 'C:\Users\toduc\Downloads\SmartStay\wwwroot\lib\bootstrap\dist\css\bootstrap-reboot.rtl.min.css.map' because it no longer exists.
         Removing endpoints for asset 'C:\Users\toduc\Downloads\SmartStay\wwwroot\lib\bootstrap\dist\css\bootstrap-utilities.css' because it no longer exists.
         Removing endpoints for asset 'C:\Users\toduc\Downloads\SmartStay\wwwroot\lib\bootstrap\dist\css\bootstrap-utilities.css' because it no longer exists.
         Removing endpoints for asset 'C:\Users\toduc\Downloads\SmartStay\wwwroot\lib\bootstrap\dist\css\bootstrap-utilities.css.map' because it no longer exists.
         Removing endpoints for asset 'C:\Users\toduc\Downloads\SmartStay\wwwroot\lib\bootstrap\dist\css\bootstrap-utilities.css.map' because it no longer exists.
         Removing endpoints for asset 'C:\Users\toduc\Downloads\SmartStay\wwwroot\lib\bootstrap\dist\css\bootstrap-utilities.min.css' because it no longer exists.
         Removing endpoints for asset 'C:\Users\toduc\Downloads\SmartStay\wwwroot\lib\bootstrap\dist\css\bootstrap-utilities.min.css' because it no longer exists.
         Removing endpoints for asset 'C:\Users\toduc\Downloads\SmartStay\wwwroot\lib\bootstrap\dist\css\bootstrap.rtl.css' because it no longer exists.
         Removing endpoints for asset 'C:\Users\toduc\Downloads\SmartStay\wwwroot\lib\bootstrap\dist\css\bootstrap.rtl.css' because it no longer exists.
         Removing endpoints for asset 'C:\Users\toduc\Downloads\SmartStay\wwwroot\uploads\rooms\1\e752d234-45c1-40f0-abdb-208071a8ff51.png' because it no longer exists.
         Removing endpoints for asset 'C:\Users\toduc\Downloads\SmartStay\wwwroot\uploads\rooms\1\e752d234-45c1-40f0-abdb-208071a8ff51.png' because it no longer exists.
         Removing endpoints for asset 'C:\Users\toduc\Downloads\SmartStay\wwwroot\lib\bootstrap\dist\css\bootstrap.min.css' because it no longer exists.
         Removing endpoints for asset 'C:\Users\toduc\Downloads\SmartStay\wwwroot\lib\bootstrap\dist\css\bootstrap.min.css' because it no longer exists.
         Removing endpoints for asset 'C:\Users\toduc\Downloads\SmartStay\wwwroot\lib\bootstrap\dist\css\bootstrap.min.css.map' because it no longer exists.
         Removing endpoints for asset 'C:\Users\toduc\Downloads\SmartStay\wwwroot\lib\bootstrap\dist\css\bootstrap.min.css.map' because it no longer exists.
         Removing endpoints for asset 'C:\Users\toduc\Downloads\SmartStay\wwwroot\css\app.css' because it no longer exists.
         Removing endpoints for asset 'C:\Users\toduc\Downloads\SmartStay\wwwroot\css\app.css' because it no longer exists.
         Removing endpoints for asset 'C:\Users\toduc\Downloads\SmartStay\wwwroot\favicon.ico' because it no longer exists.
         Removing endpoints for asset 'C:\Users\toduc\Downloads\SmartStay\wwwroot\favicon.ico' because it no longer exists.
         Removing endpoints for asset 'C:\Users\toduc\Downloads\SmartStay\wwwroot\images\khachthue\169ac11e-51c2-4ec0-83f6-fa06099c9c31.jpg' because it no longer exists.
         Removing endpoints for asset 'C:\Users\toduc\Downloads\SmartStay\wwwroot\images\khachthue\169ac11e-51c2-4ec0-83f6-fa06099c9c31.jpg' because it no longer exists.
         Removing endpoints for asset 'C:\Users\toduc\Downloads\SmartStay\wwwroot\images\khachthue\30a94b26-aaa2-4ca2-9846-863d70df0a1d.png' because it no longer exists.
         Removing endpoints for asset 'C:\Users\toduc\Downloads\SmartStay\wwwroot\images\khachthue\30a94b26-aaa2-4ca2-9846-863d70df0a1d.png' because it no longer exists.
         Removing endpoints for asset 'C:\Users\toduc\Downloads\SmartStay\wwwroot\images\khachthue\470101b0-382e-4610-990d-27d313a70c2b.jpg' because it no longer exists.
         Removing endpoints for asset 'C:\Users\toduc\Downloads\SmartStay\wwwroot\images\khachthue\470101b0-382e-4610-990d-27d313a70c2b.jpg' because it no longer exists.
         Removing endpoints for asset 'C:\Users\toduc\Downloads\SmartStay\wwwroot\images\khachthue\52e1789c-bb93-4a31-9b32-e47b66085be5.jpg' because it no longer exists.
         Removing endpoints for asset 'C:\Users\toduc\Downloads\SmartStay\wwwroot\images\khachthue\52e1789c-bb93-4a31-9b32-e47b66085be5.jpg' because it no longer exists.
         Removing endpoints for asset 'C:\Users\toduc\Downloads\SmartStay\wwwroot\images\khachthue\7159c391-099e-4253-9500-cb82a64568b8.png' because it no longer exists.
         Removing endpoints for asset 'C:\Users\toduc\Downloads\SmartStay\wwwroot\images\khachthue\7159c391-099e-4253-9500-cb82a64568b8.png' because it no longer exists.
         Removing endpoints for asset 'C:\Users\toduc\Downloads\SmartStay\wwwroot\images\phongtro\5f80b730-a380-4890-bfdf-aef6318a2702_banner_sinh_ton_noi_hoang_da.png' because it no longer exists.
         Removing endpoints for asset 'C:\Users\toduc\Downloads\SmartStay\wwwroot\images\phongtro\5f80b730-a380-4890-bfdf-aef6318a2702_banner_sinh_ton_noi_hoang_da.png' because it no longer exists.
         Removing endpoints for asset 'C:\Users\toduc\Downloads\SmartStay\wwwroot\images\phongtro\6993ec13-6289-47b2-96ba-c24b06b39956_banner_sinh_ton_noi_hoang_da.png' because it no longer exists.
         Removing endpoints for asset 'C:\Users\toduc\Downloads\SmartStay\wwwroot\images\phongtro\6993ec13-6289-47b2-96ba-c24b06b39956_banner_sinh_ton_noi_hoang_da.png' because it no longer exists.
         Removing endpoints for asset 'C:\Users\toduc\Downloads\SmartStay\wwwroot\images\phongtro\69a9928a-378e-4387-8584-f0ca93c81297_banner_sinh_ton_noi_hoang_da.png' because it no longer exists.
         Removing endpoints for asset 'C:\Users\toduc\Downloads\SmartStay\wwwroot\images\phongtro\69a9928a-378e-4387-8584-f0ca93c81297_banner_sinh_ton_noi_hoang_da.png' because it no longer exists.
         Removing endpoints for asset 'C:\Users\toduc\Downloads\SmartStay\wwwroot\images\phongtro\7d8c4580-9fe6-40dd-a094-c830d8cb364e_Screenshot 2026-02-06 224252.png' because it no longer exists.
         Removing endpoints for asset 'C:\Users\toduc\Downloads\SmartStay\wwwroot\images\phongtro\7d8c4580-9fe6-40dd-a094-c830d8cb364e_Screenshot 2026-02-06 224252.png' because it no longer exists.
         Removing endpoints for asset 'C:\Users\toduc\Downloads\SmartStay\wwwroot\images\phongtro\9a246d91-4772-49b4-a7e4-5aa765689bc9_tải xuống.jpg' because it no longer exists.
         Removing endpoints for asset 'C:\Users\toduc\Downloads\SmartStay\wwwroot\images\phongtro\9a246d91-4772-49b4-a7e4-5aa765689bc9_tải xuống.jpg' because it no longer exists.
         Removing endpoints for asset 'C:\Users\toduc\Downloads\SmartStay\wwwroot\images\phongtro\a873c948-f3e4-4c0d-bf7e-e16c5487cbf7_Screenshot 2026-02-02 201521.png' because it no longer exists.
         Removing endpoints for asset 'C:\Users\toduc\Downloads\SmartStay\wwwroot\images\phongtro\a873c948-f3e4-4c0d-bf7e-e16c5487cbf7_Screenshot 2026-02-02 201521.png' because it no longer exists.
         Removing endpoints for asset 'C:\Users\toduc\Downloads\SmartStay\wwwroot\images\phongtro\b45c992e-9db4-49a7-8c45-abc674ca8d17_Screenshot 2025-10-01 094135.png' because it no longer exists.
         Removing endpoints for asset 'C:\Users\toduc\Downloads\SmartStay\wwwroot\images\phongtro\b45c992e-9db4-49a7-8c45-abc674ca8d17_Screenshot 2025-10-01 094135.png' because it no longer exists.
         Removing endpoints for asset 'C:\Users\toduc\Downloads\SmartStay\wwwroot\images\phongtro\ca212be1-5d96-4c4e-99ed-0b8dccf5a7a5_anh chinh minh.jpg' because it no longer exists.
         Removing endpoints for asset 'C:\Users\toduc\Downloads\SmartStay\wwwroot\images\phongtro\ca212be1-5d96-4c4e-99ed-0b8dccf5a7a5_anh chinh minh.jpg' because it no longer exists.
         Removing endpoints for asset 'C:\Users\toduc\Downloads\SmartStay\wwwroot\lib\bootstrap\dist\css\bootstrap.rtl.css.map' because it no longer exists.
         Removing endpoints for asset 'C:\Users\toduc\Downloads\SmartStay\wwwroot\lib\bootstrap\dist\css\bootstrap.rtl.css.map' because it no longer exists.
         Removing endpoints for asset 'C:\Users\toduc\Downloads\SmartStay\wwwroot\lib\bootstrap\dist\css\bootstrap.rtl.min.css' because it no longer exists.
         Removing endpoints for asset 'C:\Users\toduc\Downloads\SmartStay\wwwroot\lib\bootstrap\dist\css\bootstrap.rtl.min.css' because it no longer exists.
         Removing endpoints for asset 'C:\Users\toduc\Downloads\SmartStay\wwwroot\lib\bootstrap\dist\css\bootstrap.rtl.min.css.map' because it no longer exists.
         Removing endpoints for asset 'C:\Users\toduc\Downloads\SmartStay\wwwroot\lib\bootstrap\dist\css\bootstrap.rtl.min.css.map' because it no longer exists.
         Removing endpoints for asset 'C:\Users\toduc\Downloads\SmartStay\wwwroot\js\site.js' because it no longer exists.
         Removing endpoints for asset 'C:\Users\toduc\Downloads\SmartStay\wwwroot\js\site.js' because it no longer exists.
         Removing endpoints for asset 'C:\Users\toduc\Downloads\SmartStay\wwwroot\lib\bootstrap\dist\js\bootstrap.bundle.js' because it no longer exists.
         Removing endpoints for asset 'C:\Users\toduc\Downloads\SmartStay\wwwroot\lib\bootstrap\dist\js\bootstrap.bundle.js' because it no longer exists.
         Removing endpoints for asset 'C:\Users\toduc\Downloads\SmartStay\wwwroot\lib\bootstrap\dist\js\bootstrap.bundle.js.map' because it no longer exists.
         Removing endpoints for asset 'C:\Users\toduc\Downloads\SmartStay\wwwroot\lib\bootstrap\dist\js\bootstrap.bundle.js.map' because it no longer exists.
         Removing endpoints for asset 'C:\Users\toduc\Downloads\SmartStay\wwwroot\css\site.css' because it no longer exists.
         Removing endpoints for asset 'C:\Users\toduc\Downloads\SmartStay\wwwroot\css\site.css' because it no longer exists.
         Removing endpoints for asset 'C:\Users\toduc\Downloads\SmartStay\wwwroot\images\khachthue\d976ee01-ad82-48ff-a272-6f65f9b2c818.jpg' because it no longer exists.
         Removing endpoints for asset 'C:\Users\toduc\Downloads\SmartStay\wwwroot\images\khachthue\d976ee01-ad82-48ff-a272-6f65f9b2c818.jpg' because it no longer exists.
         Removing endpoints for asset 'C:\Users\toduc\Downloads\SmartStay\wwwroot\images\phongtro\5637c904-8589-43e7-b1ba-c26e5f81595c_tải xuống.jpg' because it no longer exists.
         Removing endpoints for asset 'C:\Users\toduc\Downloads\SmartStay\wwwroot\images\phongtro\5637c904-8589-43e7-b1ba-c26e5f81595c_tải xuống.jpg' because it no longer exists.
         Removing endpoints for asset 'C:\Users\toduc\Downloads\SmartStay\wwwroot\images\phongtro\e59ef006-9308-408e-bd99-2c9978263404_Tottenham.jpg' because it no longer exists.
         Removing endpoints for asset 'C:\Users\toduc\Downloads\SmartStay\wwwroot\images\phongtro\e59ef006-9308-408e-bd99-2c9978263404_Tottenham.jpg' because it no longer exists.
         Removing endpoints for asset 'C:\Users\toduc\Downloads\SmartStay\wwwroot\lib\bootstrap\dist\css\bootstrap-grid.css' because it no longer exists.
         Removing endpoints for asset 'C:\Users\toduc\Downloads\SmartStay\wwwroot\lib\bootstrap\dist\css\bootstrap-grid.css' because it no longer exists.
         Removing endpoints for asset 'C:\Users\toduc\Downloads\SmartStay\wwwroot\lib\bootstrap\dist\css\bootstrap-grid.css.map' because it no longer exists.
         Removing endpoints for asset 'C:\Users\toduc\Downloads\SmartStay\wwwroot\lib\bootstrap\dist\css\bootstrap-grid.css.map' because it no longer exists.
         Removing endpoints for asset 'C:\Users\toduc\Downloads\SmartStay\wwwroot\lib\bootstrap\dist\css\bootstrap-grid.min.css' because it no longer exists.
         Removing endpoints for asset 'C:\Users\toduc\Downloads\SmartStay\wwwroot\lib\bootstrap\dist\css\bootstrap-grid.min.css' because it no longer exists.
         Removing endpoints for asset 'C:\Users\toduc\Downloads\SmartStay\wwwroot\lib\bootstrap\dist\css\bootstrap-grid.min.css.map' because it no longer exists.
         Removing endpoints for asset 'C:\Users\toduc\Downloads\SmartStay\wwwroot\lib\bootstrap\dist\css\bootstrap-grid.min.css.map' because it no longer exists.
         Removing endpoints for asset 'C:\Users\toduc\Downloads\SmartStay\wwwroot\lib\bootstrap\dist\css\bootstrap-grid.rtl.css' because it no longer exists.
         Removing endpoints for asset 'C:\Users\toduc\Downloads\SmartStay\wwwroot\lib\bootstrap\dist\css\bootstrap-grid.rtl.css' because it no longer exists.
         Removing endpoints for asset 'C:\Users\toduc\Downloads\SmartStay\wwwroot\lib\bootstrap\dist\css\bootstrap-grid.rtl.css.map' because it no longer exists.
         Removing endpoints for asset 'C:\Users\toduc\Downloads\SmartStay\wwwroot\lib\bootstrap\dist\css\bootstrap-grid.rtl.css.map' because it no longer exists.
         Removing endpoints for asset 'C:\Users\toduc\Downloads\SmartStay\wwwroot\lib\bootstrap\dist\css\bootstrap-grid.rtl.min.css' because it no longer exists.
         Removing endpoints for asset 'C:\Users\toduc\Downloads\SmartStay\wwwroot\lib\bootstrap\dist\css\bootstrap-grid.rtl.min.css' because it no longer exists.
         Removing endpoints for asset 'C:\Users\toduc\Downloads\SmartStay\wwwroot\lib\bootstrap\dist\css\bootstrap-grid.rtl.min.css.map' because it no longer exists.
         Removing endpoints for asset 'C:\Users\toduc\Downloads\SmartStay\wwwroot\lib\bootstrap\dist\css\bootstrap-grid.rtl.min.css.map' because it no longer exists.
         Matched do_an_tot_nghiep.bundle.scp.css to text/css using pattern *.css
         Adding endpoint do_an_tot_nghiep.bundle.scp.css for asset C:\Users\toduc\Downloads\SmartStay\obj\Debug\net8.0\scopedcss\projectbundle\do_an_tot_nghiep.bundle.scp.css.
         Matched do_an_tot_nghiep.bundle.scp.css to text/css using pattern *.css
         Adding endpoint do_an_tot_nghiep.v20kkospdf.bundle.scp.css for asset C:\Users\toduc\Downloads\SmartStay\obj\Debug\net8.0\scopedcss\projectbundle\do_an_tot_nghiep.bundle.scp.css.
       Done executing task "DefineStaticWebAssetEndpoints".
   1:7>Done building target "ResolveBundledCssAssets" in project "do_an_tot_nghiep.csproj".
   1:7>Target "ResolveScopedCssAssets" in file "C:\Program Files\dotnet\sdk\10.0.100\Sdks\Microsoft.NET.Sdk.StaticWebAssets\targets\Microsoft.NET.Sdk.StaticWebAssets.ScopedCss.targets" from project "C:\Users\toduc\Downloads\SmartStay\do_an_tot_nghiep.csproj" (target "ResolveStaticWebAssetsInputs" depends on it):
   1:7>Done building target "ResolveScopedCssAssets" in project "do_an_tot_nghiep.csproj".
   1:7>Target "ResolveStaticWebAssetsInputs" in file "C:\Program Files\dotnet\sdk\10.0.100\Sdks\Microsoft.NET.Sdk.StaticWebAssets\targets\Microsoft.NET.Sdk.StaticWebAssets.targets" from project "C:\Users\toduc\Downloads\SmartStay\do_an_tot_nghiep.csproj" (target "ResolveBuildStaticWebAssets" depends on it):
   1:7>Done building target "ResolveStaticWebAssetsInputs" in project "do_an_tot_nghiep.csproj".
       Target "ResolveStaticWebAssetsInputs" skipped. Previously built successfully.
   1:7>Target "ResolveBuildCompressedStaticWebAssetsConfiguration" in file "C:\Program Files\dotnet\sdk\10.0.100\Sdks\Microsoft.NET.Sdk.StaticWebAssets\targets\Microsoft.NET.Sdk.StaticWebAssets.Compression.targets" from project "C:\Users\toduc\Downloads\SmartStay\do_an_tot_nghiep.csproj" (target "GenerateBuildCompressedStaticWebAssets" depends on it):
       Using "DiscoverPrecompressedAssets" task from assembly "C:\Program Files\dotnet\sdk\10.0.100\Sdks\Microsoft.NET.Sdk.StaticWebAssets\targets\..\tasks\net10.0\Microsoft.NET.Sdk.StaticWebAssets.Tasks.dll".
       Task "DiscoverPrecompressedAssets"
       Done executing task "DiscoverPrecompressedAssets".
       Using "ResolveCompressedAssets" task from assembly "C:\Program Files\dotnet\sdk\10.0.100\Sdks\Microsoft.NET.Sdk.StaticWebAssets\targets\..\tasks\net10.0\Microsoft.NET.Sdk.StaticWebAssets.Tasks.dll".
       Task "ResolveCompressedAssets"
         Asset 'C:\Users\toduc\Downloads\SmartStay\wwwroot\css\app.css' is not compressed.
         Asset 'C:\Users\toduc\Downloads\SmartStay\wwwroot\css\site.css' is not compressed.
         Asset 'C:\Users\toduc\Downloads\SmartStay\wwwroot\favicon.ico' is not compressed.
         Asset 'C:\Users\toduc\Downloads\SmartStay\wwwroot\images\khachthue\169ac11e-51c2-4ec0-83f6-fa06099c9c31.jpg' is not compressed.
         Asset 'C:\Users\toduc\Downloads\SmartStay\wwwroot\images\khachthue\30a94b26-aaa2-4ca2-9846-863d70df0a1d.png' is not compressed.
         Asset 'C:\Users\toduc\Downloads\SmartStay\wwwroot\images\khachthue\470101b0-382e-4610-990d-27d313a70c2b.jpg' is not compressed.
         Asset 'C:\Users\toduc\Downloads\SmartStay\wwwroot\images\khachthue\52e1789c-bb93-4a31-9b32-e47b66085be5.jpg' is not compressed.
         Asset 'C:\Users\toduc\Downloads\SmartStay\wwwroot\images\khachthue\7159c391-099e-4253-9500-cb82a64568b8.png' is not compressed.
         Asset 'C:\Users\toduc\Downloads\SmartStay\wwwroot\images\khachthue\d976ee01-ad82-48ff-a272-6f65f9b2c818.jpg' is not compressed.
         Asset 'C:\Users\toduc\Downloads\SmartStay\wwwroot\images\phongtro\5637c904-8589-43e7-b1ba-c26e5f81595c_tải xuống.jpg' is not compressed.
         Asset 'C:\Users\toduc\Downloads\SmartStay\wwwroot\images\phongtro\5aaefbd0-a470-4226-af4b-8cb261593738_Screenshot 2026-01-12 210119.png' is not compressed.
         Asset 'C:\Users\toduc\Downloads\SmartStay\wwwroot\images\phongtro\5f80b730-a380-4890-bfdf-aef6318a2702_banner_sinh_ton_noi_hoang_da.png' is not compressed.
         Asset 'C:\Users\toduc\Downloads\SmartStay\wwwroot\images\phongtro\6993ec13-6289-47b2-96ba-c24b06b39956_banner_sinh_ton_noi_hoang_da.png' is not compressed.
         Asset 'C:\Users\toduc\Downloads\SmartStay\wwwroot\images\phongtro\69a9928a-378e-4387-8584-f0ca93c81297_banner_sinh_ton_noi_hoang_da.png' is not compressed.
         Asset 'C:\Users\toduc\Downloads\SmartStay\wwwroot\images\phongtro\7d8c4580-9fe6-40dd-a094-c830d8cb364e_Screenshot 2026-02-06 224252.png' is not compressed.
         Asset 'C:\Users\toduc\Downloads\SmartStay\wwwroot\images\phongtro\9a246d91-4772-49b4-a7e4-5aa765689bc9_tải xuống.jpg' is not compressed.
         Asset 'C:\Users\toduc\Downloads\SmartStay\wwwroot\images\phongtro\a873c948-f3e4-4c0d-bf7e-e16c5487cbf7_Screenshot 2026-02-02 201521.png' is not compressed.
         Asset 'C:\Users\toduc\Downloads\SmartStay\wwwroot\images\phongtro\b45c992e-9db4-49a7-8c45-abc674ca8d17_Screenshot 2025-10-01 094135.png' is not compressed.
         Asset 'C:\Users\toduc\Downloads\SmartStay\wwwroot\images\phongtro\ca212be1-5d96-4c4e-99ed-0b8dccf5a7a5_anh chinh minh.jpg' is not compressed.
         Asset 'C:\Users\toduc\Downloads\SmartStay\wwwroot\images\phongtro\e59ef006-9308-408e-bd99-2c9978263404_Tottenham.jpg' is not compressed.
         Asset 'C:\Users\toduc\Downloads\SmartStay\wwwroot\js\site.js' is not compressed.
         Asset 'C:\Users\toduc\Downloads\SmartStay\wwwroot\lib\bootstrap\dist\css\bootstrap-grid.css' is not compressed.
         Asset 'C:\Users\toduc\Downloads\SmartStay\wwwroot\lib\bootstrap\dist\css\bootstrap-grid.css.map' is not compressed.
         Asset 'C:\Users\toduc\Downloads\SmartStay\wwwroot\lib\bootstrap\dist\css\bootstrap-grid.min.css' is not compressed.
         Asset 'C:\Users\toduc\Downloads\SmartStay\wwwroot\lib\bootstrap\dist\css\bootstrap-grid.min.css.map' is not compressed.
         Asset 'C:\Users\toduc\Downloads\SmartStay\wwwroot\lib\bootstrap\dist\css\bootstrap-grid.rtl.css' is not compressed.
         Asset 'C:\Users\toduc\Downloads\SmartStay\wwwroot\lib\bootstrap\dist\css\bootstrap-grid.rtl.css.map' is not compressed.
         Asset 'C:\Users\toduc\Downloads\SmartStay\wwwroot\lib\bootstrap\dist\css\bootstrap-grid.rtl.min.css' is not compressed.
         Asset 'C:\Users\toduc\Downloads\SmartStay\wwwroot\lib\bootstrap\dist\css\bootstrap-grid.rtl.min.css.map' is not compressed.
         Asset 'C:\Users\toduc\Downloads\SmartStay\wwwroot\lib\bootstrap\dist\css\bootstrap-reboot.css' is not compressed.
         Asset 'C:\Users\toduc\Downloads\SmartStay\wwwroot\lib\bootstrap\dist\css\bootstrap-reboot.css.map' is not compressed.
         Asset 'C:\Users\toduc\Downloads\SmartStay\wwwroot\lib\bootstrap\dist\css\bootstrap-reboot.min.css' is not compressed.
         Asset 'C:\Users\toduc\Downloads\SmartStay\wwwroot\lib\bootstrap\dist\css\bootstrap-reboot.min.css.map' is not compressed.
         Asset 'C:\Users\toduc\Downloads\SmartStay\wwwroot\lib\bootstrap\dist\css\bootstrap-reboot.rtl.css' is not compressed.
         Asset 'C:\Users\toduc\Downloads\SmartStay\wwwroot\lib\bootstrap\dist\css\bootstrap-reboot.rtl.css.map' is not compressed.
         Asset 'C:\Users\toduc\Downloads\SmartStay\wwwroot\lib\bootstrap\dist\css\bootstrap-reboot.rtl.min.css' is not compressed.
         Asset 'C:\Users\toduc\Downloads\SmartStay\wwwroot\lib\bootstrap\dist\css\bootstrap-reboot.rtl.min.css.map' is not compressed.
         Asset 'C:\Users\toduc\Downloads\SmartStay\wwwroot\lib\bootstrap\dist\css\bootstrap-utilities.css' is not compressed.
         Asset 'C:\Users\toduc\Downloads\SmartStay\wwwroot\lib\bootstrap\dist\css\bootstrap-utilities.css.map' is not compressed.
         Asset 'C:\Users\toduc\Downloads\SmartStay\wwwroot\lib\bootstrap\dist\css\bootstrap-utilities.min.css' is not compressed.
         Asset 'C:\Users\toduc\Downloads\SmartStay\wwwroot\lib\bootstrap\dist\css\bootstrap-utilities.min.css.map' is not compressed.
         Asset 'C:\Users\toduc\Downloads\SmartStay\wwwroot\lib\bootstrap\dist\css\bootstrap-utilities.rtl.css' is not compressed.
         Asset 'C:\Users\toduc\Downloads\SmartStay\wwwroot\lib\bootstrap\dist\css\bootstrap-utilities.rtl.css.map' is not compressed.
         Asset 'C:\Users\toduc\Downloads\SmartStay\wwwroot\lib\bootstrap\dist\css\bootstrap-utilities.rtl.min.css' is not compressed.
         Asset 'C:\Users\toduc\Downloads\SmartStay\wwwroot\lib\bootstrap\dist\css\bootstrap-utilities.rtl.min.css.map' is not compressed.
         Asset 'C:\Users\toduc\Downloads\SmartStay\wwwroot\lib\bootstrap\dist\css\bootstrap.css' is not compressed.
         Asset 'C:\Users\toduc\Downloads\SmartStay\wwwroot\lib\bootstrap\dist\css\bootstrap.css.map' is not compressed.
         Asset 'C:\Users\toduc\Downloads\SmartStay\wwwroot\lib\bootstrap\dist\css\bootstrap.min.css' is not compressed.
         Asset 'C:\Users\toduc\Downloads\SmartStay\wwwroot\lib\bootstrap\dist\css\bootstrap.min.css.map' is not compressed.
         Asset 'C:\Users\toduc\Downloads\SmartStay\wwwroot\lib\bootstrap\dist\css\bootstrap.rtl.css' is not compressed.
         Asset 'C:\Users\toduc\Downloads\SmartStay\wwwroot\lib\bootstrap\dist\css\bootstrap.rtl.css.map' is not compressed.
         Asset 'C:\Users\toduc\Downloads\SmartStay\wwwroot\lib\bootstrap\dist\css\bootstrap.rtl.min.css' is not compressed.
         Asset 'C:\Users\toduc\Downloads\SmartStay\wwwroot\lib\bootstrap\dist\css\bootstrap.rtl.min.css.map' is not compressed.
         Asset 'C:\Users\toduc\Downloads\SmartStay\wwwroot\lib\bootstrap\dist\js\bootstrap.bundle.js' is not compressed.
         Asset 'C:\Users\toduc\Downloads\SmartStay\wwwroot\lib\bootstrap\dist\js\bootstrap.bundle.js.map' is not compressed.
         Asset 'C:\Users\toduc\Downloads\SmartStay\wwwroot\lib\bootstrap\dist\js\bootstrap.bundle.min.js' is not compressed.
         Asset 'C:\Users\toduc\Downloads\SmartStay\wwwroot\lib\bootstrap\dist\js\bootstrap.bundle.min.js.map' is not compressed.
         Asset 'C:\Users\toduc\Downloads\SmartStay\wwwroot\lib\bootstrap\dist\js\bootstrap.esm.js' is not compressed.
         Asset 'C:\Users\toduc\Downloads\SmartStay\wwwroot\lib\bootstrap\dist\js\bootstrap.esm.js.map' is not compressed.
         Asset 'C:\Users\toduc\Downloads\SmartStay\wwwroot\lib\bootstrap\dist\js\bootstrap.esm.min.js' is not compressed.
         Asset 'C:\Users\toduc\Downloads\SmartStay\wwwroot\lib\bootstrap\dist\js\bootstrap.esm.min.js.map' is not compressed.
         Asset 'C:\Users\toduc\Downloads\SmartStay\wwwroot\lib\bootstrap\dist\js\bootstrap.js' is not compressed.
         Asset 'C:\Users\toduc\Downloads\SmartStay\wwwroot\lib\bootstrap\dist\js\bootstrap.js.map' is not compressed.
         Asset 'C:\Users\toduc\Downloads\SmartStay\wwwroot\lib\bootstrap\dist\js\bootstrap.min.js' is not compressed.
         Asset 'C:\Users\toduc\Downloads\SmartStay\wwwroot\lib\bootstrap\dist\js\bootstrap.min.js.map' is not compressed.
         Asset 'C:\Users\toduc\Downloads\SmartStay\wwwroot\lib\bootstrap\LICENSE' is not compressed.
         Asset 'C:\Users\toduc\Downloads\SmartStay\wwwroot\lib\jquery-validation-unobtrusive\jquery.validate.unobtrusive.js' is not compressed.
         Asset 'C:\Users\toduc\Downloads\SmartStay\wwwroot\lib\jquery-validation-unobtrusive\jquery.validate.unobtrusive.min.js' is not compressed.
         Asset 'C:\Users\toduc\Downloads\SmartStay\wwwroot\lib\jquery-validation-unobtrusive\LICENSE.txt' is not compressed.
         Asset 'C:\Users\toduc\Downloads\SmartStay\wwwroot\lib\jquery-validation\dist\additional-methods.js' is not compressed.
         Asset 'C:\Users\toduc\Downloads\SmartStay\wwwroot\lib\jquery-validation\dist\additional-methods.min.js' is not compressed.
         Asset 'C:\Users\toduc\Downloads\SmartStay\wwwroot\lib\jquery-validation\dist\jquery.validate.js' is not compressed.
         Asset 'C:\Users\toduc\Downloads\SmartStay\wwwroot\lib\jquery-validation\dist\jquery.validate.min.js' is not compressed.
         Asset 'C:\Users\toduc\Downloads\SmartStay\wwwroot\lib\jquery-validation\LICENSE.md' is not compressed.
         Asset 'C:\Users\toduc\Downloads\SmartStay\wwwroot\lib\jquery\dist\jquery.js' is not compressed.
         Asset 'C:\Users\toduc\Downloads\SmartStay\wwwroot\lib\jquery\dist\jquery.min.js' is not compressed.
         Asset 'C:\Users\toduc\Downloads\SmartStay\wwwroot\lib\jquery\dist\jquery.min.map' is not compressed.
         Asset 'C:\Users\toduc\Downloads\SmartStay\wwwroot\lib\jquery\LICENSE.txt' is not compressed.
         Asset 'C:\Users\toduc\Downloads\SmartStay\wwwroot\uploads\buildings\1\fe8d616a-d80d-4b94-a73d-cc97ce64113c.png' is not compressed.
         Asset 'C:\Users\toduc\Downloads\SmartStay\wwwroot\uploads\rooms\1\0a9d22b3-c982-401f-b01f-9425793078b4.png' is not compressed.
         Asset 'C:\Users\toduc\Downloads\SmartStay\wwwroot\uploads\rooms\1\e752d234-45c1-40f0-abdb-208071a8ff51.png' is not compressed.
         Asset 'C:\Users\toduc\Downloads\SmartStay\wwwroot\uploads\rooms\1\fff77a6f-9794-4d4f-8847-79f15c93d33b.png' is not compressed.
         Asset 'C:\Users\toduc\Downloads\SmartStay\obj\Debug\net8.0\scopedcss\bundle\do_an_tot_nghiep.styles.css' is not compressed.
         Asset 'C:\Users\toduc\Downloads\SmartStay\obj\Debug\net8.0\scopedcss\projectbundle\do_an_tot_nghiep.bundle.scp.css' is not compressed.
         Asset 'C:\Users\toduc\Downloads\SmartStay\wwwroot\css\app.css' with relative path 'css/app.css' did not match include pattern '' or matched exclude pattern ''.
         Asset 'C:\Users\toduc\Downloads\SmartStay\wwwroot\css\site.css' with relative path 'css/site.css' did not match include pattern '' or matched exclude pattern ''.
         Asset 'C:\Users\toduc\Downloads\SmartStay\wwwroot\favicon.ico' with relative path 'favicon.ico' did not match include pattern '' or matched exclude pattern ''.
         Asset 'C:\Users\toduc\Downloads\SmartStay\wwwroot\images\khachthue\169ac11e-51c2-4ec0-83f6-fa06099c9c31.jpg' with relative path 'images/khachthue/169ac11e-51c2-4ec0-83f6-fa06099c9c31.jpg' did not match include pattern '' or matched exclude pattern ''.
         Asset 'C:\Users\toduc\Downloads\SmartStay\wwwroot\images\khachthue\30a94b26-aaa2-4ca2-9846-863d70df0a1d.png' with relative path 'images/khachthue/30a94b26-aaa2-4ca2-9846-863d70df0a1d.png' did not match include pattern '' or matched exclude pattern ''.
         Asset 'C:\Users\toduc\Downloads\SmartStay\wwwroot\images\khachthue\470101b0-382e-4610-990d-27d313a70c2b.jpg' with relative path 'images/khachthue/470101b0-382e-4610-990d-27d313a70c2b.jpg' did not match include pattern '' or matched exclude pattern ''.
         Asset 'C:\Users\toduc\Downloads\SmartStay\wwwroot\images\khachthue\52e1789c-bb93-4a31-9b32-e47b66085be5.jpg' with relative path 'images/khachthue/52e1789c-bb93-4a31-9b32-e47b66085be5.jpg' did not match include pattern '' or matched exclude pattern ''.
         Asset 'C:\Users\toduc\Downloads\SmartStay\wwwroot\images\khachthue\7159c391-099e-4253-9500-cb82a64568b8.png' with relative path 'images/khachthue/7159c391-099e-4253-9500-cb82a64568b8.png' did not match include pattern '' or matched exclude pattern ''.
         Asset 'C:\Users\toduc\Downloads\SmartStay\wwwroot\images\khachthue\d976ee01-ad82-48ff-a272-6f65f9b2c818.jpg' with relative path 'images/khachthue/d976ee01-ad82-48ff-a272-6f65f9b2c818.jpg' did not match include pattern '' or matched exclude pattern ''.
         Asset 'C:\Users\toduc\Downloads\SmartStay\wwwroot\images\phongtro\5637c904-8589-43e7-b1ba-c26e5f81595c_tải xuống.jpg' with relative path 'images/phongtro/5637c904-8589-43e7-b1ba-c26e5f81595c_tải xuống.jpg' did not match include pattern '' or matched exclude pattern ''.
         Asset 'C:\Users\toduc\Downloads\SmartStay\wwwroot\images\phongtro\5aaefbd0-a470-4226-af4b-8cb261593738_Screenshot 2026-01-12 210119.png' with relative path 'images/phongtro/5aaefbd0-a470-4226-af4b-8cb261593738_Screenshot 2026-01-12 210119.png' did not match include pattern '' or matched exclude pattern ''.
         Asset 'C:\Users\toduc\Downloads\SmartStay\wwwroot\images\phongtro\5f80b730-a380-4890-bfdf-aef6318a2702_banner_sinh_ton_noi_hoang_da.png' with relative path 'images/phongtro/5f80b730-a380-4890-bfdf-aef6318a2702_banner_sinh_ton_noi_hoang_da.png' did not match include pattern '' or matched exclude pattern ''.
         Asset 'C:\Users\toduc\Downloads\SmartStay\wwwroot\images\phongtro\6993ec13-6289-47b2-96ba-c24b06b39956_banner_sinh_ton_noi_hoang_da.png' with relative path 'images/phongtro/6993ec13-6289-47b2-96ba-c24b06b39956_banner_sinh_ton_noi_hoang_da.png' did not match include pattern '' or matched exclude pattern ''.
         Asset 'C:\Users\toduc\Downloads\SmartStay\wwwroot\images\phongtro\69a9928a-378e-4387-8584-f0ca93c81297_banner_sinh_ton_noi_hoang_da.png' with relative path 'images/phongtro/69a9928a-378e-4387-8584-f0ca93c81297_banner_sinh_ton_noi_hoang_da.png' did not match include pattern '' or matched exclude pattern ''.
         Asset 'C:\Users\toduc\Downloads\SmartStay\wwwroot\images\phongtro\7d8c4580-9fe6-40dd-a094-c830d8cb364e_Screenshot 2026-02-06 224252.png' with relative path 'images/phongtro/7d8c4580-9fe6-40dd-a094-c830d8cb364e_Screenshot 2026-02-06 224252.png' did not match include pattern '' or matched exclude pattern ''.
         Asset 'C:\Users\toduc\Downloads\SmartStay\wwwroot\images\phongtro\9a246d91-4772-49b4-a7e4-5aa765689bc9_tải xuống.jpg' with relative path 'images/phongtro/9a246d91-4772-49b4-a7e4-5aa765689bc9_tải xuống.jpg' did not match include pattern '' or matched exclude pattern ''.
         Asset 'C:\Users\toduc\Downloads\SmartStay\wwwroot\images\phongtro\a873c948-f3e4-4c0d-bf7e-e16c5487cbf7_Screenshot 2026-02-02 201521.png' with relative path 'images/phongtro/a873c948-f3e4-4c0d-bf7e-e16c5487cbf7_Screenshot 2026-02-02 201521.png' did not match include pattern '' or matched exclude pattern ''.
         Asset 'C:\Users\toduc\Downloads\SmartStay\wwwroot\images\phongtro\b45c992e-9db4-49a7-8c45-abc674ca8d17_Screenshot 2025-10-01 094135.png' with relative path 'images/phongtro/b45c992e-9db4-49a7-8c45-abc674ca8d17_Screenshot 2025-10-01 094135.png' did not match include pattern '' or matched exclude pattern ''.
         Asset 'C:\Users\toduc\Downloads\SmartStay\wwwroot\images\phongtro\ca212be1-5d96-4c4e-99ed-0b8dccf5a7a5_anh chinh minh.jpg' with relative path 'images/phongtro/ca212be1-5d96-4c4e-99ed-0b8dccf5a7a5_anh chinh minh.jpg' did not match include pattern '' or matched exclude pattern ''.
         Asset 'C:\Users\toduc\Downloads\SmartStay\wwwroot\images\phongtro\e59ef006-9308-408e-bd99-2c9978263404_Tottenham.jpg' with relative path 'images/phongtro/e59ef006-9308-408e-bd99-2c9978263404_Tottenham.jpg' did not match include pattern '' or matched exclude pattern ''.
         Asset 'C:\Users\toduc\Downloads\SmartStay\wwwroot\js\site.js' with relative path 'js/site.js' did not match include pattern '' or matched exclude pattern ''.
         Asset 'C:\Users\toduc\Downloads\SmartStay\wwwroot\lib\bootstrap\dist\css\bootstrap-grid.css' with relative path 'lib/bootstrap/dist/css/bootstrap-grid.css' did not match include pattern '' or matched exclude pattern ''.
         Asset 'C:\Users\toduc\Downloads\SmartStay\wwwroot\lib\bootstrap\dist\css\bootstrap-grid.css.map' with relative path 'lib/bootstrap/dist/css/bootstrap-grid.css.map' did not match include pattern '' or matched exclude pattern ''.
         Asset 'C:\Users\toduc\Downloads\SmartStay\wwwroot\lib\bootstrap\dist\css\bootstrap-grid.min.css' with relative path 'lib/bootstrap/dist/css/bootstrap-grid.min.css' did not match include pattern '' or matched exclude pattern ''.
         Asset 'C:\Users\toduc\Downloads\SmartStay\wwwroot\lib\bootstrap\dist\css\bootstrap-grid.min.css.map' with relative path 'lib/bootstrap/dist/css/bootstrap-grid.min.css.map' did not match include pattern '' or matched exclude pattern ''.
         Asset 'C:\Users\toduc\Downloads\SmartStay\wwwroot\lib\bootstrap\dist\css\bootstrap-grid.rtl.css' with relative path 'lib/bootstrap/dist/css/bootstrap-grid.rtl.css' did not match include pattern '' or matched exclude pattern ''.
         Asset 'C:\Users\toduc\Downloads\SmartStay\wwwroot\lib\bootstrap\dist\css\bootstrap-grid.rtl.css.map' with relative path 'lib/bootstrap/dist/css/bootstrap-grid.rtl.css.map' did not match include pattern '' or matched exclude pattern ''.
         Asset 'C:\Users\toduc\Downloads\SmartStay\wwwroot\lib\bootstrap\dist\css\bootstrap-grid.rtl.min.css' with relative path 'lib/bootstrap/dist/css/bootstrap-grid.rtl.min.css' did not match include pattern '' or matched exclude pattern ''.
         Asset 'C:\Users\toduc\Downloads\SmartStay\wwwroot\lib\bootstrap\dist\css\bootstrap-grid.rtl.min.css.map' with relative path 'lib/bootstrap/dist/css/bootstrap-grid.rtl.min.css.map' did not match include pattern '' or matched exclude pattern ''.
         Asset 'C:\Users\toduc\Downloads\SmartStay\wwwroot\lib\bootstrap\dist\css\bootstrap-reboot.css' with relative path 'lib/bootstrap/dist/css/bootstrap-reboot.css' did not match include pattern '' or matched exclude pattern ''.
         Asset 'C:\Users\toduc\Downloads\SmartStay\wwwroot\lib\bootstrap\dist\css\bootstrap-reboot.css.map' with relative path 'lib/bootstrap/dist/css/bootstrap-reboot.css.map' did not match include pattern '' or matched exclude pattern ''.
         Asset 'C:\Users\toduc\Downloads\SmartStay\wwwroot\lib\bootstrap\dist\css\bootstrap-reboot.min.css' with relative path 'lib/bootstrap/dist/css/bootstrap-reboot.min.css' did not match include pattern '' or matched exclude pattern ''.
         Asset 'C:\Users\toduc\Downloads\SmartStay\wwwroot\lib\bootstrap\dist\css\bootstrap-reboot.min.css.map' with relative path 'lib/bootstrap/dist/css/bootstrap-reboot.min.css.map' did not match include pattern '' or matched exclude pattern ''.
         Asset 'C:\Users\toduc\Downloads\SmartStay\wwwroot\lib\bootstrap\dist\css\bootstrap-reboot.rtl.css' with relative path 'lib/bootstrap/dist/css/bootstrap-reboot.rtl.css' did not match include pattern '' or matched exclude pattern ''.
         Asset 'C:\Users\toduc\Downloads\SmartStay\wwwroot\lib\bootstrap\dist\css\bootstrap-reboot.rtl.css.map' with relative path 'lib/bootstrap/dist/css/bootstrap-reboot.rtl.css.map' did not match include pattern '' or matched exclude pattern ''.
         Asset 'C:\Users\toduc\Downloads\SmartStay\wwwroot\lib\bootstrap\dist\css\bootstrap-reboot.rtl.min.css' with relative path 'lib/bootstrap/dist/css/bootstrap-reboot.rtl.min.css' did not match include pattern '' or matched exclude pattern ''.
         Asset 'C:\Users\toduc\Downloads\SmartStay\wwwroot\lib\bootstrap\dist\css\bootstrap-reboot.rtl.min.css.map' with relative path 'lib/bootstrap/dist/css/bootstrap-reboot.rtl.min.css.map' did not match include pattern '' or matched exclude pattern ''.
         Asset 'C:\Users\toduc\Downloads\SmartStay\wwwroot\lib\bootstrap\dist\css\bootstrap-utilities.css' with relative path 'lib/bootstrap/dist/css/bootstrap-utilities.css' did not match include pattern '' or matched exclude pattern ''.
         Asset 'C:\Users\toduc\Downloads\SmartStay\wwwroot\lib\bootstrap\dist\css\bootstrap-utilities.css.map' with relative path 'lib/bootstrap/dist/css/bootstrap-utilities.css.map' did not match include pattern '' or matched exclude pattern ''.
         Asset 'C:\Users\toduc\Downloads\SmartStay\wwwroot\lib\bootstrap\dist\css\bootstrap-utilities.min.css' with relative path 'lib/bootstrap/dist/css/bootstrap-utilities.min.css' did not match include pattern '' or matched exclude pattern ''.
         Asset 'C:\Users\toduc\Downloads\SmartStay\wwwroot\lib\bootstrap\dist\css\bootstrap-utilities.min.css.map' with relative path 'lib/bootstrap/dist/css/bootstrap-utilities.min.css.map' did not match include pattern '' or matched exclude pattern ''.
         Asset 'C:\Users\toduc\Downloads\SmartStay\wwwroot\lib\bootstrap\dist\css\bootstrap-utilities.rtl.css' with relative path 'lib/bootstrap/dist/css/bootstrap-utilities.rtl.css' did not match include pattern '' or matched exclude pattern ''.
         Asset 'C:\Users\toduc\Downloads\SmartStay\wwwroot\lib\bootstrap\dist\css\bootstrap-utilities.rtl.css.map' with relative path 'lib/bootstrap/dist/css/bootstrap-utilities.rtl.css.map' did not match include pattern '' or matched exclude pattern ''.
         Asset 'C:\Users\toduc\Downloads\SmartStay\wwwroot\lib\bootstrap\dist\css\bootstrap-utilities.rtl.min.css' with relative path 'lib/bootstrap/dist/css/bootstrap-utilities.rtl.min.css' did not match include pattern '' or matched exclude pattern ''.
         Asset 'C:\Users\toduc\Downloads\SmartStay\wwwroot\lib\bootstrap\dist\css\bootstrap-utilities.rtl.min.css.map' with relative path 'lib/bootstrap/dist/css/bootstrap-utilities.rtl.min.css.map' did not match include pattern '' or matched exclude pattern ''.
         Asset 'C:\Users\toduc\Downloads\SmartStay\wwwroot\lib\bootstrap\dist\css\bootstrap.css' with relative path 'lib/bootstrap/dist/css/bootstrap.css' did not match include pattern '' or matched exclude pattern ''.
         Asset 'C:\Users\toduc\Downloads\SmartStay\wwwroot\lib\bootstrap\dist\css\bootstrap.css.map' with relative path 'lib/bootstrap/dist/css/bootstrap.css.map' did not match include pattern '' or matched exclude pattern ''.
         Asset 'C:\Users\toduc\Downloads\SmartStay\wwwroot\lib\bootstrap\dist\css\bootstrap.min.css' with relative path 'lib/bootstrap/dist/css/bootstrap.min.css' did not match include pattern '' or matched exclude pattern ''.
         Asset 'C:\Users\toduc\Downloads\SmartStay\wwwroot\lib\bootstrap\dist\css\bootstrap.min.css.map' with relative path 'lib/bootstrap/dist/css/bootstrap.min.css.map' did not match include pattern '' or matched exclude pattern ''.
         Asset 'C:\Users\toduc\Downloads\SmartStay\wwwroot\lib\bootstrap\dist\css\bootstrap.rtl.css' with relative path 'lib/bootstrap/dist/css/bootstrap.rtl.css' did not match include pattern '' or matched exclude pattern ''.
         Asset 'C:\Users\toduc\Downloads\SmartStay\wwwroot\lib\bootstrap\dist\css\bootstrap.rtl.css.map' with relative path 'lib/bootstrap/dist/css/bootstrap.rtl.css.map' did not match include pattern '' or matched exclude pattern ''.
         Asset 'C:\Users\toduc\Downloads\SmartStay\wwwroot\lib\bootstrap\dist\css\bootstrap.rtl.min.css' with relative path 'lib/bootstrap/dist/css/bootstrap.rtl.min.css' did not match include pattern '' or matched exclude pattern ''.
         Asset 'C:\Users\toduc\Downloads\SmartStay\wwwroot\lib\bootstrap\dist\css\bootstrap.rtl.min.css.map' with relative path 'lib/bootstrap/dist/css/bootstrap.rtl.min.css.map' did not match include pattern '' or matched exclude pattern ''.
         Asset 'C:\Users\toduc\Downloads\SmartStay\wwwroot\lib\bootstrap\dist\js\bootstrap.bundle.js' with relative path 'lib/bootstrap/dist/js/bootstrap.bundle.js' did not match include pattern '' or matched exclude pattern ''.
         Asset 'C:\Users\toduc\Downloads\SmartStay\wwwroot\lib\bootstrap\dist\js\bootstrap.bundle.js.map' with relative path 'lib/bootstrap/dist/js/bootstrap.bundle.js.map' did not match include pattern '' or matched exclude pattern ''.
         Asset 'C:\Users\toduc\Downloads\SmartStay\wwwroot\lib\bootstrap\dist\js\bootstrap.bundle.min.js' with relative path 'lib/bootstrap/dist/js/bootstrap.bundle.min.js' did not match include pattern '' or matched exclude pattern ''.
         Asset 'C:\Users\toduc\Downloads\SmartStay\wwwroot\lib\bootstrap\dist\js\bootstrap.bundle.min.js.map' with relative path 'lib/bootstrap/dist/js/bootstrap.bundle.min.js.map' did not match include pattern '' or matched exclude pattern ''.
         Asset 'C:\Users\toduc\Downloads\SmartStay\wwwroot\lib\bootstrap\dist\js\bootstrap.esm.js' with relative path 'lib/bootstrap/dist/js/bootstrap.esm.js' did not match include pattern '' or matched exclude pattern ''.
         Asset 'C:\Users\toduc\Downloads\SmartStay\wwwroot\lib\bootstrap\dist\js\bootstrap.esm.js.map' with relative path 'lib/bootstrap/dist/js/bootstrap.esm.js.map' did not match include pattern '' or matched exclude pattern ''.
         Asset 'C:\Users\toduc\Downloads\SmartStay\wwwroot\lib\bootstrap\dist\js\bootstrap.esm.min.js' with relative path 'lib/bootstrap/dist/js/bootstrap.esm.min.js' did not match include pattern '' or matched exclude pattern ''.
         Asset 'C:\Users\toduc\Downloads\SmartStay\wwwroot\lib\bootstrap\dist\js\bootstrap.esm.min.js.map' with relative path 'lib/bootstrap/dist/js/bootstrap.esm.min.js.map' did not match include pattern '' or matched exclude pattern ''.
         Asset 'C:\Users\toduc\Downloads\SmartStay\wwwroot\lib\bootstrap\dist\js\bootstrap.js' with relative path 'lib/bootstrap/dist/js/bootstrap.js' did not match include pattern '' or matched exclude pattern ''.
         Asset 'C:\Users\toduc\Downloads\SmartStay\wwwroot\lib\bootstrap\dist\js\bootstrap.js.map' with relative path 'lib/bootstrap/dist/js/bootstrap.js.map' did not match include pattern '' or matched exclude pattern ''.
         Asset 'C:\Users\toduc\Downloads\SmartStay\wwwroot\lib\bootstrap\dist\js\bootstrap.min.js' with relative path 'lib/bootstrap/dist/js/bootstrap.min.js' did not match include pattern '' or matched exclude pattern ''.
         Asset 'C:\Users\toduc\Downloads\SmartStay\wwwroot\lib\bootstrap\dist\js\bootstrap.min.js.map' with relative path 'lib/bootstrap/dist/js/bootstrap.min.js.map' did not match include pattern '' or matched exclude pattern ''.
         Asset 'C:\Users\toduc\Downloads\SmartStay\wwwroot\lib\bootstrap\LICENSE' with relative path 'lib/bootstrap/LICENSE' did not match include pattern '' or matched exclude pattern ''.
         Asset 'C:\Users\toduc\Downloads\SmartStay\wwwroot\lib\jquery-validation-unobtrusive\jquery.validate.unobtrusive.js' with relative path 'lib/jquery-validation-unobtrusive/jquery.validate.unobtrusive.js' did not match include pattern '' or matched exclude pattern ''.
         Asset 'C:\Users\toduc\Downloads\SmartStay\wwwroot\lib\jquery-validation-unobtrusive\jquery.validate.unobtrusive.min.js' with relative path 'lib/jquery-validation-unobtrusive/jquery.validate.unobtrusive.min.js' did not match include pattern '' or matched exclude pattern ''.
         Asset 'C:\Users\toduc\Downloads\SmartStay\wwwroot\lib\jquery-validation-unobtrusive\LICENSE.txt' with relative path 'lib/jquery-validation-unobtrusive/LICENSE.txt' did not match include pattern '' or matched exclude pattern ''.
         Asset 'C:\Users\toduc\Downloads\SmartStay\wwwroot\lib\jquery-validation\dist\additional-methods.js' with relative path 'lib/jquery-validation/dist/additional-methods.js' did not match include pattern '' or matched exclude pattern ''.
         Asset 'C:\Users\toduc\Downloads\SmartStay\wwwroot\lib\jquery-validation\dist\additional-methods.min.js' with relative path 'lib/jquery-validation/dist/additional-methods.min.js' did not match include pattern '' or matched exclude pattern ''.
         Asset 'C:\Users\toduc\Downloads\SmartStay\wwwroot\lib\jquery-validation\dist\jquery.validate.js' with relative path 'lib/jquery-validation/dist/jquery.validate.js' did not match include pattern '' or matched exclude pattern ''.
         Asset 'C:\Users\toduc\Downloads\SmartStay\wwwroot\lib\jquery-validation\dist\jquery.validate.min.js' with relative path 'lib/jquery-validation/dist/jquery.validate.min.js' did not match include pattern '' or matched exclude pattern ''.
         Asset 'C:\Users\toduc\Downloads\SmartStay\wwwroot\lib\jquery-validation\LICENSE.md' with relative path 'lib/jquery-validation/LICENSE.md' did not match include pattern '' or matched exclude pattern ''.
         Asset 'C:\Users\toduc\Downloads\SmartStay\wwwroot\lib\jquery\dist\jquery.js' with relative path 'lib/jquery/dist/jquery.js' did not match include pattern '' or matched exclude pattern ''.
         Asset 'C:\Users\toduc\Downloads\SmartStay\wwwroot\lib\jquery\dist\jquery.min.js' with relative path 'lib/jquery/dist/jquery.min.js' did not match include pattern '' or matched exclude pattern ''.
         Asset 'C:\Users\toduc\Downloads\SmartStay\wwwroot\lib\jquery\dist\jquery.min.map' with relative path 'lib/jquery/dist/jquery.min.map' did not match include pattern '' or matched exclude pattern ''.
         Asset 'C:\Users\toduc\Downloads\SmartStay\wwwroot\lib\jquery\LICENSE.txt' with relative path 'lib/jquery/LICENSE.txt' did not match include pattern '' or matched exclude pattern ''.
         Asset 'C:\Users\toduc\Downloads\SmartStay\wwwroot\uploads\buildings\1\fe8d616a-d80d-4b94-a73d-cc97ce64113c.png' with relative path 'uploads/buildings/1/fe8d616a-d80d-4b94-a73d-cc97ce64113c.png' did not match include pattern '' or matched exclude pattern ''.
         Asset 'C:\Users\toduc\Downloads\SmartStay\wwwroot\uploads\rooms\1\0a9d22b3-c982-401f-b01f-9425793078b4.png' with relative path 'uploads/rooms/1/0a9d22b3-c982-401f-b01f-9425793078b4.png' did not match include pattern '' or matched exclude pattern ''.
         Asset 'C:\Users\toduc\Downloads\SmartStay\wwwroot\uploads\rooms\1\e752d234-45c1-40f0-abdb-208071a8ff51.png' with relative path 'uploads/rooms/1/e752d234-45c1-40f0-abdb-208071a8ff51.png' did not match include pattern '' or matched exclude pattern ''.
         Asset 'C:\Users\toduc\Downloads\SmartStay\wwwroot\uploads\rooms\1\fff77a6f-9794-4d4f-8847-79f15c93d33b.png' with relative path 'uploads/rooms/1/fff77a6f-9794-4d4f-8847-79f15c93d33b.png' did not match include pattern '' or matched exclude pattern ''.
         Asset 'C:\Users\toduc\Downloads\SmartStay\obj\Debug\net8.0\scopedcss\bundle\do_an_tot_nghiep.styles.css' with relative path 'do_an_tot_nghiep.styles.css' did not match include pattern '' or matched exclude pattern ''.
         Asset 'C:\Users\toduc\Downloads\SmartStay\obj\Debug\net8.0\scopedcss\projectbundle\do_an_tot_nghiep.bundle.scp.css' with relative path 'do_an_tot_nghiep.bundle.scp.css' did not match include pattern '' or matched exclude pattern ''.
         Resolved 0 compressed assets for 0 candidate assets.
       Done executing task "ResolveCompressedAssets".
   1:7>Done building target "ResolveBuildCompressedStaticWebAssetsConfiguration" in project "do_an_tot_nghiep.csproj".
   1:7>Target "GenerateBuildCompressedStaticWebAssets" in file "C:\Program Files\dotnet\sdk\10.0.100\Sdks\Microsoft.NET.Sdk.StaticWebAssets\targets\Microsoft.NET.Sdk.StaticWebAssets.Compression.targets" from project "C:\Users\toduc\Downloads\SmartStay\do_an_tot_nghiep.csproj" (target "ResolveBuildCompressedStaticWebAssets" depends on it):
   1:7>Done building target "GenerateBuildCompressedStaticWebAssets" in project "do_an_tot_nghiep.csproj".
   1:7>Target "ResolveBuildCompressedStaticWebAssets" in file "C:\Program Files\dotnet\sdk\10.0.100\Sdks\Microsoft.NET.Sdk.StaticWebAssets\targets\Microsoft.NET.Sdk.StaticWebAssets.Compression.targets" from project "C:\Users\toduc\Downloads\SmartStay\do_an_tot_nghiep.csproj" (target "ResolveBuildRelatedStaticWebAssets" depends on it):
       Task "DefineStaticWebAssets"
         Updating cache completely.
       Done executing task "DefineStaticWebAssets".
       Task "DefineStaticWebAssetEndpoints"
       Done executing task "DefineStaticWebAssetEndpoints".
       Using "ApplyCompressionNegotiation" task from assembly "C:\Program Files\dotnet\sdk\10.0.100\Sdks\Microsoft.NET.Sdk.StaticWebAssets\targets\..\tasks\net10.0\Microsoft.NET.Sdk.StaticWebAssets.Tasks.dll".
       Task "ApplyCompressionNegotiation"
       Done executing task "ApplyCompressionNegotiation".
   1:7>Done building target "ResolveBuildCompressedStaticWebAssets" in project "do_an_tot_nghiep.csproj".
       Target "ResolveStaticWebAssetsInputs" skipped. Previously built successfully.
   1:7>Target "ResolveBuildRelatedStaticWebAssets" in file "C:\Program Files\dotnet\sdk\10.0.100\Sdks\Microsoft.NET.Sdk.StaticWebAssets\targets\Microsoft.NET.Sdk.StaticWebAssets.targets" from project "C:\Users\toduc\Downloads\SmartStay\do_an_tot_nghiep.csproj" (target "ResolveBuildStaticWebAssets" depends on it):
   1:7>Done building target "ResolveBuildRelatedStaticWebAssets" in project "do_an_tot_nghiep.csproj".
   1:7>Target "ResolveBuildStaticWebAssets" in file "C:\Program Files\dotnet\sdk\10.0.100\Sdks\Microsoft.NET.Sdk.StaticWebAssets\targets\Microsoft.NET.Sdk.StaticWebAssets.targets" from project "C:\Users\toduc\Downloads\SmartStay\do_an_tot_nghiep.csproj" (target "StaticWebAssetsPrepareForRun" depends on it):
   1:7>Done building target "ResolveBuildStaticWebAssets" in project "do_an_tot_nghiep.csproj".
       Target "ResolveBuildStaticWebAssets" skipped. Previously built successfully.
   1:7>Target "GenerateStaticWebAssetsManifest" in file "C:\Program Files\dotnet\sdk\10.0.100\Sdks\Microsoft.NET.Sdk.StaticWebAssets\targets\Microsoft.NET.Sdk.StaticWebAssets.targets" from project "C:\Users\toduc\Downloads\SmartStay\do_an_tot_nghiep.csproj" (target "StaticWebAssetsPrepareForRun" depends on it):
       Using "GenerateStaticWebAssetsManifest" task from assembly "C:\Program Files\dotnet\sdk\10.0.100\Sdks\Microsoft.NET.Sdk.StaticWebAssets\targets\..\tasks\net10.0\Microsoft.NET.Sdk.StaticWebAssets.Tasks.dll".
       Task "GenerateStaticWebAssetsManifest"
         Generating manifest for '84' assets and '168' endpoints
         Skipping manifest updated because manifest version 'YALKlndoS4G56gIPLJBz2yl55GOSocZQuBKT17w0FNY=' has not changed.
       Done executing task "GenerateStaticWebAssetsManifest".
       Using "GenerateStaticWebAssetEndpointsManifest" task from assembly "C:\Program Files\dotnet\sdk\10.0.100\Sdks\Microsoft.NET.Sdk.StaticWebAssets\targets\..\tasks\net10.0\Microsoft.NET.Sdk.StaticWebAssets.Tasks.dll".
       Task "GenerateStaticWebAssetEndpointsManifest"
         Skipping manifest generation because manifest file 'obj\Debug\net8.0\staticwebassets.build.endpoints.json' is up to date.
       Done executing task "GenerateStaticWebAssetEndpointsManifest".
       Using "GenerateStaticWebAssetsDevelopmentManifest" task from assembly "C:\Program Files\dotnet\sdk\10.0.100\Sdks\Microsoft.NET.Sdk.StaticWebAssets\targets\..\tasks\net10.0\Microsoft.NET.Sdk.StaticWebAssets.Tasks.dll".
       Task "GenerateStaticWebAssetsDevelopmentManifest"
         Skipping manifest generation because manifest file 'obj\Debug\net8.0\staticwebassets.development.json' is up to date.
       Done executing task "GenerateStaticWebAssetsDevelopmentManifest".
   1:7>Done building target "GenerateStaticWebAssetsManifest" in project "do_an_tot_nghiep.csproj".
   1:7>Target "LoadStaticWebAssetsBuildManifest" in file "C:\Program Files\dotnet\sdk\10.0.100\Sdks\Microsoft.NET.Sdk.StaticWebAssets\targets\Microsoft.NET.Sdk.StaticWebAssets.Publish.targets" from project "C:\Users\toduc\Downloads\SmartStay\do_an_tot_nghiep.csproj" (target "CopyStaticWebAssetsToOutputDirectory" depends on it):
   1:7>Done building target "LoadStaticWebAssetsBuildManifest" in project "do_an_tot_nghiep.csproj".
   1:7>Target "_EnsureContentRootFolders" in file "C:\Program Files\dotnet\sdk\10.0.100\Sdks\Microsoft.NET.Sdk.StaticWebAssets\targets\Microsoft.NET.Sdk.StaticWebAssets.targets" from project "C:\Users\toduc\Downloads\SmartStay\do_an_tot_nghiep.csproj" (target "CopyStaticWebAssetsToOutputDirectory" depends on it):
       Task "MakeDir"
       Done executing task "MakeDir".
   1:7>Done building target "_EnsureContentRootFolders" in project "do_an_tot_nghiep.csproj".
   1:7>Target "CopyStaticWebAssetsToOutputDirectory" in file "C:\Program Files\dotnet\sdk\10.0.100\Sdks\Microsoft.NET.Sdk.StaticWebAssets\targets\Microsoft.NET.Sdk.StaticWebAssets.targets" from project "C:\Users\toduc\Downloads\SmartStay\do_an_tot_nghiep.csproj" (target "StaticWebAssetsPrepareForRun" depends on it):
   1:7>Done building target "CopyStaticWebAssetsToOutputDirectory" in project "do_an_tot_nghiep.csproj".
   1:7>Target "_SplitStaticWebAssetsByCopyOptions" in file "C:\Program Files\dotnet\sdk\10.0.100\Sdks\Microsoft.NET.Sdk.StaticWebAssets\targets\Microsoft.NET.Sdk.StaticWebAssets.targets" from project "C:\Users\toduc\Downloads\SmartStay\do_an_tot_nghiep.csproj" (target "StaticWebAssetsPrepareForRun" depends on it):
       Using "CollectStaticWebAssetsToCopy" task from assembly "C:\Program Files\dotnet\sdk\10.0.100\Sdks\Microsoft.NET.Sdk.StaticWebAssets\targets\..\tasks\net10.0\Microsoft.NET.Sdk.StaticWebAssets.Tasks.dll".
       Task "CollectStaticWebAssetsToCopy"
         Skipping asset 'C:\Users\toduc\Downloads\SmartStay\wwwroot\css\app.css' since copy to output directory option is 'Never'
         Skipping asset 'C:\Users\toduc\Downloads\SmartStay\wwwroot\css\site.css' since copy to output directory option is 'Never'
         Skipping asset 'C:\Users\toduc\Downloads\SmartStay\wwwroot\favicon.ico' since copy to output directory option is 'Never'
         Skipping asset 'C:\Users\toduc\Downloads\SmartStay\wwwroot\images\khachthue\169ac11e-51c2-4ec0-83f6-fa06099c9c31.jpg' since copy to output directory option is 'Never'
         Skipping asset 'C:\Users\toduc\Downloads\SmartStay\wwwroot\images\khachthue\30a94b26-aaa2-4ca2-9846-863d70df0a1d.png' since copy to output directory option is 'Never'
         Skipping asset 'C:\Users\toduc\Downloads\SmartStay\wwwroot\images\khachthue\470101b0-382e-4610-990d-27d313a70c2b.jpg' since copy to output directory option is 'Never'
         Skipping asset 'C:\Users\toduc\Downloads\SmartStay\wwwroot\images\khachthue\52e1789c-bb93-4a31-9b32-e47b66085be5.jpg' since copy to output directory option is 'Never'
         Skipping asset 'C:\Users\toduc\Downloads\SmartStay\wwwroot\images\khachthue\7159c391-099e-4253-9500-cb82a64568b8.png' since copy to output directory option is 'Never'
         Skipping asset 'C:\Users\toduc\Downloads\SmartStay\wwwroot\images\khachthue\d976ee01-ad82-48ff-a272-6f65f9b2c818.jpg' since copy to output directory option is 'Never'
         Skipping asset 'C:\Users\toduc\Downloads\SmartStay\wwwroot\images\phongtro\5637c904-8589-43e7-b1ba-c26e5f81595c_tải xuống.jpg' since copy to output directory option is 'Never'
         Skipping asset 'C:\Users\toduc\Downloads\SmartStay\wwwroot\images\phongtro\5aaefbd0-a470-4226-af4b-8cb261593738_Screenshot 2026-01-12 210119.png' since copy to output directory option is 'Never'
         Skipping asset 'C:\Users\toduc\Downloads\SmartStay\wwwroot\images\phongtro\5f80b730-a380-4890-bfdf-aef6318a2702_banner_sinh_ton_noi_hoang_da.png' since copy to output directory option is 'Never'
         Skipping asset 'C:\Users\toduc\Downloads\SmartStay\wwwroot\images\phongtro\6993ec13-6289-47b2-96ba-c24b06b39956_banner_sinh_ton_noi_hoang_da.png' since copy to output directory option is 'Never'
         Skipping asset 'C:\Users\toduc\Downloads\SmartStay\wwwroot\images\phongtro\69a9928a-378e-4387-8584-f0ca93c81297_banner_sinh_ton_noi_hoang_da.png' since copy to output directory option is 'Never'
         Skipping asset 'C:\Users\toduc\Downloads\SmartStay\wwwroot\images\phongtro\7d8c4580-9fe6-40dd-a094-c830d8cb364e_Screenshot 2026-02-06 224252.png' since copy to output directory option is 'Never'
         Skipping asset 'C:\Users\toduc\Downloads\SmartStay\wwwroot\images\phongtro\9a246d91-4772-49b4-a7e4-5aa765689bc9_tải xuống.jpg' since copy to output directory option is 'Never'
         Skipping asset 'C:\Users\toduc\Downloads\SmartStay\wwwroot\images\phongtro\a873c948-f3e4-4c0d-bf7e-e16c5487cbf7_Screenshot 2026-02-02 201521.png' since copy to output directory option is 'Never'
         Skipping asset 'C:\Users\toduc\Downloads\SmartStay\wwwroot\images\phongtro\b45c992e-9db4-49a7-8c45-abc674ca8d17_Screenshot 2025-10-01 094135.png' since copy to output directory option is 'Never'
         Skipping asset 'C:\Users\toduc\Downloads\SmartStay\wwwroot\images\phongtro\ca212be1-5d96-4c4e-99ed-0b8dccf5a7a5_anh chinh minh.jpg' since copy to output directory option is 'Never'
         Skipping asset 'C:\Users\toduc\Downloads\SmartStay\wwwroot\images\phongtro\e59ef006-9308-408e-bd99-2c9978263404_Tottenham.jpg' since copy to output directory option is 'Never'
         Skipping asset 'C:\Users\toduc\Downloads\SmartStay\wwwroot\js\site.js' since copy to output directory option is 'Never'
         Skipping asset 'C:\Users\toduc\Downloads\SmartStay\wwwroot\lib\bootstrap\dist\css\bootstrap-grid.css' since copy to output directory option is 'Never'
         Skipping asset 'C:\Users\toduc\Downloads\SmartStay\wwwroot\lib\bootstrap\dist\css\bootstrap-grid.css.map' since copy to output directory option is 'Never'
         Skipping asset 'C:\Users\toduc\Downloads\SmartStay\wwwroot\lib\bootstrap\dist\css\bootstrap-grid.min.css' since copy to output directory option is 'Never'
         Skipping asset 'C:\Users\toduc\Downloads\SmartStay\wwwroot\lib\bootstrap\dist\css\bootstrap-grid.min.css.map' since copy to output directory option is 'Never'
         Skipping asset 'C:\Users\toduc\Downloads\SmartStay\wwwroot\lib\bootstrap\dist\css\bootstrap-grid.rtl.css' since copy to output directory option is 'Never'
         Skipping asset 'C:\Users\toduc\Downloads\SmartStay\wwwroot\lib\bootstrap\dist\css\bootstrap-grid.rtl.css.map' since copy to output directory option is 'Never'
         Skipping asset 'C:\Users\toduc\Downloads\SmartStay\wwwroot\lib\bootstrap\dist\css\bootstrap-grid.rtl.min.css' since copy to output directory option is 'Never'
         Skipping asset 'C:\Users\toduc\Downloads\SmartStay\wwwroot\lib\bootstrap\dist\css\bootstrap-grid.rtl.min.css.map' since copy to output directory option is 'Never'
         Skipping asset 'C:\Users\toduc\Downloads\SmartStay\wwwroot\lib\bootstrap\dist\css\bootstrap-reboot.css' since copy to output directory option is 'Never'
         Skipping asset 'C:\Users\toduc\Downloads\SmartStay\wwwroot\lib\bootstrap\dist\css\bootstrap-reboot.css.map' since copy to output directory option is 'Never'
         Skipping asset 'C:\Users\toduc\Downloads\SmartStay\wwwroot\lib\bootstrap\dist\css\bootstrap-reboot.min.css' since copy to output directory option is 'Never'
         Skipping asset 'C:\Users\toduc\Downloads\SmartStay\wwwroot\lib\bootstrap\dist\css\bootstrap-reboot.min.css.map' since copy to output directory option is 'Never'
         Skipping asset 'C:\Users\toduc\Downloads\SmartStay\wwwroot\lib\bootstrap\dist\css\bootstrap-reboot.rtl.css' since copy to output directory option is 'Never'
         Skipping asset 'C:\Users\toduc\Downloads\SmartStay\wwwroot\lib\bootstrap\dist\css\bootstrap-reboot.rtl.css.map' since copy to output directory option is 'Never'
         Skipping asset 'C:\Users\toduc\Downloads\SmartStay\wwwroot\lib\bootstrap\dist\css\bootstrap-reboot.rtl.min.css' since copy to output directory option is 'Never'
         Skipping asset 'C:\Users\toduc\Downloads\SmartStay\wwwroot\lib\bootstrap\dist\css\bootstrap-reboot.rtl.min.css.map' since copy to output directory option is 'Never'
         Skipping asset 'C:\Users\toduc\Downloads\SmartStay\wwwroot\lib\bootstrap\dist\css\bootstrap-utilities.css' since copy to output directory option is 'Never'
         Skipping asset 'C:\Users\toduc\Downloads\SmartStay\wwwroot\lib\bootstrap\dist\css\bootstrap-utilities.css.map' since copy to output directory option is 'Never'
         Skipping asset 'C:\Users\toduc\Downloads\SmartStay\wwwroot\lib\bootstrap\dist\css\bootstrap-utilities.min.css' since copy to output directory option is 'Never'
         Skipping asset 'C:\Users\toduc\Downloads\SmartStay\wwwroot\lib\bootstrap\dist\css\bootstrap-utilities.min.css.map' since copy to output directory option is 'Never'
         Skipping asset 'C:\Users\toduc\Downloads\SmartStay\wwwroot\lib\bootstrap\dist\css\bootstrap-utilities.rtl.css' since copy to output directory option is 'Never'
         Skipping asset 'C:\Users\toduc\Downloads\SmartStay\wwwroot\lib\bootstrap\dist\css\bootstrap-utilities.rtl.css.map' since copy to output directory option is 'Never'
         Skipping asset 'C:\Users\toduc\Downloads\SmartStay\wwwroot\lib\bootstrap\dist\css\bootstrap-utilities.rtl.min.css' since copy to output directory option is 'Never'
         Skipping asset 'C:\Users\toduc\Downloads\SmartStay\wwwroot\lib\bootstrap\dist\css\bootstrap-utilities.rtl.min.css.map' since copy to output directory option is 'Never'
         Skipping asset 'C:\Users\toduc\Downloads\SmartStay\wwwroot\lib\bootstrap\dist\css\bootstrap.css' since copy to output directory option is 'Never'
         Skipping asset 'C:\Users\toduc\Downloads\SmartStay\wwwroot\lib\bootstrap\dist\css\bootstrap.css.map' since copy to output directory option is 'Never'
         Skipping asset 'C:\Users\toduc\Downloads\SmartStay\wwwroot\lib\bootstrap\dist\css\bootstrap.min.css' since copy to output directory option is 'Never'
         Skipping asset 'C:\Users\toduc\Downloads\SmartStay\wwwroot\lib\bootstrap\dist\css\bootstrap.min.css.map' since copy to output directory option is 'Never'
         Skipping asset 'C:\Users\toduc\Downloads\SmartStay\wwwroot\lib\bootstrap\dist\css\bootstrap.rtl.css' since copy to output directory option is 'Never'
         Skipping asset 'C:\Users\toduc\Downloads\SmartStay\wwwroot\lib\bootstrap\dist\css\bootstrap.rtl.css.map' since copy to output directory option is 'Never'
         Skipping asset 'C:\Users\toduc\Downloads\SmartStay\wwwroot\lib\bootstrap\dist\css\bootstrap.rtl.min.css' since copy to output directory option is 'Never'
         Skipping asset 'C:\Users\toduc\Downloads\SmartStay\wwwroot\lib\bootstrap\dist\css\bootstrap.rtl.min.css.map' since copy to output directory option is 'Never'
         Skipping asset 'C:\Users\toduc\Downloads\SmartStay\wwwroot\lib\bootstrap\dist\js\bootstrap.bundle.js' since copy to output directory option is 'Never'
         Skipping asset 'C:\Users\toduc\Downloads\SmartStay\wwwroot\lib\bootstrap\dist\js\bootstrap.bundle.js.map' since copy to output directory option is 'Never'
         Skipping asset 'C:\Users\toduc\Downloads\SmartStay\wwwroot\lib\bootstrap\dist\js\bootstrap.bundle.min.js' since copy to output directory option is 'Never'
         Skipping asset 'C:\Users\toduc\Downloads\SmartStay\wwwroot\lib\bootstrap\dist\js\bootstrap.bundle.min.js.map' since copy to output directory option is 'Never'
         Skipping asset 'C:\Users\toduc\Downloads\SmartStay\wwwroot\lib\bootstrap\dist\js\bootstrap.esm.js' since copy to output directory option is 'Never'
         Skipping asset 'C:\Users\toduc\Downloads\SmartStay\wwwroot\lib\bootstrap\dist\js\bootstrap.esm.js.map' since copy to output directory option is 'Never'
         Skipping asset 'C:\Users\toduc\Downloads\SmartStay\wwwroot\lib\bootstrap\dist\js\bootstrap.esm.min.js' since copy to output directory option is 'Never'
         Skipping asset 'C:\Users\toduc\Downloads\SmartStay\wwwroot\lib\bootstrap\dist\js\bootstrap.esm.min.js.map' since copy to output directory option is 'Never'
         Skipping asset 'C:\Users\toduc\Downloads\SmartStay\wwwroot\lib\bootstrap\dist\js\bootstrap.js' since copy to output directory option is 'Never'
         Skipping asset 'C:\Users\toduc\Downloads\SmartStay\wwwroot\lib\bootstrap\dist\js\bootstrap.js.map' since copy to output directory option is 'Never'
         Skipping asset 'C:\Users\toduc\Downloads\SmartStay\wwwroot\lib\bootstrap\dist\js\bootstrap.min.js' since copy to output directory option is 'Never'
         Skipping asset 'C:\Users\toduc\Downloads\SmartStay\wwwroot\lib\bootstrap\dist\js\bootstrap.min.js.map' since copy to output directory option is 'Never'
         Skipping asset 'C:\Users\toduc\Downloads\SmartStay\wwwroot\lib\bootstrap\LICENSE' since copy to output directory option is 'Never'
         Skipping asset 'C:\Users\toduc\Downloads\SmartStay\wwwroot\lib\jquery-validation-unobtrusive\jquery.validate.unobtrusive.js' since copy to output directory option is 'Never'
         Skipping asset 'C:\Users\toduc\Downloads\SmartStay\wwwroot\lib\jquery-validation-unobtrusive\jquery.validate.unobtrusive.min.js' since copy to output directory option is 'Never'
         Skipping asset 'C:\Users\toduc\Downloads\SmartStay\wwwroot\lib\jquery-validation-unobtrusive\LICENSE.txt' since copy to output directory option is 'Never'
         Skipping asset 'C:\Users\toduc\Downloads\SmartStay\wwwroot\lib\jquery-validation\dist\additional-methods.js' since copy to output directory option is 'Never'
         Skipping asset 'C:\Users\toduc\Downloads\SmartStay\wwwroot\lib\jquery-validation\dist\additional-methods.min.js' since copy to output directory option is 'Never'
         Skipping asset 'C:\Users\toduc\Downloads\SmartStay\wwwroot\lib\jquery-validation\dist\jquery.validate.js' since copy to output directory option is 'Never'
         Skipping asset 'C:\Users\toduc\Downloads\SmartStay\wwwroot\lib\jquery-validation\dist\jquery.validate.min.js' since copy to output directory option is 'Never'
         Skipping asset 'C:\Users\toduc\Downloads\SmartStay\wwwroot\lib\jquery-validation\LICENSE.md' since copy to output directory option is 'Never'
         Skipping asset 'C:\Users\toduc\Downloads\SmartStay\wwwroot\lib\jquery\dist\jquery.js' since copy to output directory option is 'Never'
         Skipping asset 'C:\Users\toduc\Downloads\SmartStay\wwwroot\lib\jquery\dist\jquery.min.js' since copy to output directory option is 'Never'
         Skipping asset 'C:\Users\toduc\Downloads\SmartStay\wwwroot\lib\jquery\dist\jquery.min.map' since copy to output directory option is 'Never'
         Skipping asset 'C:\Users\toduc\Downloads\SmartStay\wwwroot\lib\jquery\LICENSE.txt' since copy to output directory option is 'Never'
         Skipping asset 'C:\Users\toduc\Downloads\SmartStay\wwwroot\uploads\buildings\1\fe8d616a-d80d-4b94-a73d-cc97ce64113c.png' since copy to output directory option is 'Never'
         Skipping asset 'C:\Users\toduc\Downloads\SmartStay\wwwroot\uploads\rooms\1\0a9d22b3-c982-401f-b01f-9425793078b4.png' since copy to output directory option is 'Never'
         Skipping asset 'C:\Users\toduc\Downloads\SmartStay\wwwroot\uploads\rooms\1\e752d234-45c1-40f0-abdb-208071a8ff51.png' since copy to output directory option is 'Never'
         Skipping asset 'C:\Users\toduc\Downloads\SmartStay\wwwroot\uploads\rooms\1\fff77a6f-9794-4d4f-8847-79f15c93d33b.png' since copy to output directory option is 'Never'
         Skipping asset 'C:\Users\toduc\Downloads\SmartStay\obj\Debug\net8.0\scopedcss\bundle\do_an_tot_nghiep.styles.css' since copy to output directory option is 'Never'
         Skipping asset 'C:\Users\toduc\Downloads\SmartStay\obj\Debug\net8.0\scopedcss\projectbundle\do_an_tot_nghiep.bundle.scp.css' since asset mode is 'Reference'
         Skipping asset 'C:\Users\toduc\Downloads\SmartStay\obj\Debug\net8.0\scopedcss\projectbundle\do_an_tot_nghiep.bundle.scp.css' since copy to output directory option is 'Never'
       Done executing task "CollectStaticWebAssetsToCopy".
   1:7>Done building target "_SplitStaticWebAssetsByCopyOptions" in project "do_an_tot_nghiep.csproj".
   1:7>Target "_BuildCopyStaticWebAssetsPreserveNewest" in file "C:\Program Files\dotnet\sdk\10.0.100\Sdks\Microsoft.NET.Sdk.StaticWebAssets\targets\Microsoft.NET.Sdk.StaticWebAssets.targets" from project "C:\Users\toduc\Downloads\SmartStay\do_an_tot_nghiep.csproj" (target "StaticWebAssetsPrepareForRun" depends on it):
       Skipping target "_BuildCopyStaticWebAssetsPreserveNewest" because it has no outputs.
       Though the target has declared its outputs, the output specification only references empty properties and/or empty item lists.
   1:7>Done building target "_BuildCopyStaticWebAssetsPreserveNewest" in project "do_an_tot_nghiep.csproj".
   1:7>Target "_BuildCopyStaticWebAssetsAlways" in file "C:\Program Files\dotnet\sdk\10.0.100\Sdks\Microsoft.NET.Sdk.StaticWebAssets\targets\Microsoft.NET.Sdk.StaticWebAssets.targets" from project "C:\Users\toduc\Downloads\SmartStay\do_an_tot_nghiep.csproj" (target "StaticWebAssetsPrepareForRun" depends on it):
       Using "Copy" task from assembly "Microsoft.Build.Tasks.Core, Version=15.1.0.0, Culture=neutral, PublicKeyToken=b03f5f7f11d50a3a".
       Task "Copy"
       Done executing task "Copy".
   1:7>Done building target "_BuildCopyStaticWebAssetsAlways" in project "do_an_tot_nghiep.csproj".
   1:7>Target "StaticWebAssetsPrepareForRun" in file "C:\Program Files\dotnet\sdk\10.0.100\Sdks\Microsoft.NET.Sdk.StaticWebAssets\targets\Microsoft.NET.Sdk.StaticWebAssets.targets" from project "C:\Users\toduc\Downloads\SmartStay\do_an_tot_nghiep.csproj" (target "PrepareForRun" depends on it):
   1:7>Done building target "StaticWebAssetsPrepareForRun" in project "do_an_tot_nghiep.csproj".
   1:7>Target "_CopyFilesMarkedCopyLocal" in file "C:\Program Files\dotnet\sdk\10.0.100\Microsoft.Common.CurrentVersion.targets" from project "C:\Users\toduc\Downloads\SmartStay\do_an_tot_nghiep.csproj" (target "CopyFilesToOutputDirectory" depends on it):
       Task "Copy"
         Did not copy from file "C:\Users\toduc\.nuget\packages\azure.identity\1.7.0\lib\netstandard2.0\Azure.Identity.dll" to file "bin\Debug\net8.0\Azure.Identity.dll" because the "SkipUnchangedFiles" parameter was set to "true" in the project and the files' sizes and timestamps match.
         Did not copy from file "C:\Users\toduc\.nuget\packages\humanizer.core\2.14.1\lib\net6.0\Humanizer.dll" to file "bin\Debug\net8.0\Humanizer.dll" because the "SkipUnchangedFiles" parameter was set to "true" in the project and the files' sizes and timestamps match.
         Did not copy from file "C:\Users\toduc\.nuget\packages\azure.core\1.25.0\lib\net5.0\Azure.Core.dll" to file "bin\Debug\net8.0\Azure.Core.dll" because the "SkipUnchangedFiles" parameter was set to "true" in the project and the files' sizes and timestamps match.
         Did not copy from file "C:\Users\toduc\.nuget\packages\microsoft.bcl.asyncinterfaces\6.0.0\lib\netstandard2.1\Microsoft.Bcl.AsyncInterfaces.dll" to file "bin\Debug\net8.0\Microsoft.Bcl.AsyncInterfaces.dll" because the "SkipUnchangedFiles" parameter was set to "true" in the project and the files' sizes and timestamps match.
         Did not copy from file "C:\Users\toduc\.nuget\packages\microsoft.codeanalysis.common\4.5.0\lib\netcoreapp3.1\Microsoft.CodeAnalysis.dll" to file "bin\Debug\net8.0\Microsoft.CodeAnalysis.dll" because the "SkipUnchangedFiles" parameter was set to "true" in the project and the files' sizes and timestamps match.
         Did not copy from file "C:\Users\toduc\.nuget\packages\microsoft.codeanalysis.csharp\4.5.0\lib\netcoreapp3.1\Microsoft.CodeAnalysis.CSharp.dll" to file "bin\Debug\net8.0\Microsoft.CodeAnalysis.CSharp.dll" because the "SkipUnchangedFiles" parameter was set to "true" in the project and the files' sizes and timestamps match.
         Did not copy from file "C:\Users\toduc\.nuget\packages\microsoft.entityframeworkcore\8.0.0\lib\net8.0\Microsoft.EntityFrameworkCore.dll" to file "bin\Debug\net8.0\Microsoft.EntityFrameworkCore.dll" because the "SkipUnchangedFiles" parameter was set to "true" in the project and the files' sizes and timestamps match.
         Did not copy from file "C:\Users\toduc\.nuget\packages\microsoft.data.sqlclient\5.1.1\lib\net6.0\Microsoft.Data.SqlClient.dll" to file "bin\Debug\net8.0\Microsoft.Data.SqlClient.dll" because the "SkipUnchangedFiles" parameter was set to "true" in the project and the files' sizes and timestamps match.
         Did not copy from file "C:\Users\toduc\.nuget\packages\microsoft.codeanalysis.csharp.workspaces\4.5.0\lib\netcoreapp3.1\Microsoft.CodeAnalysis.CSharp.Workspaces.dll" to file "bin\Debug\net8.0\Microsoft.CodeAnalysis.CSharp.Workspaces.dll" because the "SkipUnchangedFiles" parameter was set to "true" in the project and the files' sizes and timestamps match.
         Did not copy from file "C:\Users\toduc\.nuget\packages\microsoft.entityframeworkcore.abstractions\8.0.0\lib\net8.0\Microsoft.EntityFrameworkCore.Abstractions.dll" to file "bin\Debug\net8.0\Microsoft.EntityFrameworkCore.Abstractions.dll" because the "SkipUnchangedFiles" parameter was set to "true" in the project and the files' sizes and timestamps match.
         Did not copy from file "C:\Users\toduc\.nuget\packages\microsoft.entityframeworkcore.sqlserver\8.0.0\lib\net8.0\Microsoft.EntityFrameworkCore.SqlServer.dll" to file "bin\Debug\net8.0\Microsoft.EntityFrameworkCore.SqlServer.dll" because the "SkipUnchangedFiles" parameter was set to "true" in the project and the files' sizes and timestamps match.
         Did not copy from file "C:\Users\toduc\.nuget\packages\microsoft.entityframeworkcore.relational\8.0.0\lib\net8.0\Microsoft.EntityFrameworkCore.Relational.dll" to file "bin\Debug\net8.0\Microsoft.EntityFrameworkCore.Relational.dll" because the "SkipUnchangedFiles" parameter was set to "true" in the project and the files' sizes and timestamps match.
         Did not copy from file "C:\Users\toduc\.nuget\packages\microsoft.extensions.dependencyinjection.abstractions\8.0.2\lib\net8.0\Microsoft.Extensions.DependencyInjection.Abstractions.dll" to file "bin\Debug\net8.0\Microsoft.Extensions.DependencyInjection.Abstractions.dll" because the "SkipUnchangedFiles" parameter was set to "true" in the project and the files' sizes and timestamps match.
         Did not copy from file "C:\Users\toduc\.nuget\packages\microsoft.entityframeworkcore.design\8.0.0\lib\net8.0\Microsoft.EntityFrameworkCore.Design.dll" to file "bin\Debug\net8.0\Microsoft.EntityFrameworkCore.Design.dll" because the "SkipUnchangedFiles" parameter was set to "true" in the project and the files' sizes and timestamps match.
         Did not copy from file "C:\Users\toduc\.nuget\packages\microsoft.extensions.options\8.0.2\lib\net8.0\Microsoft.Extensions.Options.dll" to file "bin\Debug\net8.0\Microsoft.Extensions.Options.dll" because the "SkipUnchangedFiles" parameter was set to "true" in the project and the files' sizes and timestamps match.
         Did not copy from file "C:\Users\toduc\.nuget\packages\microsoft.identity.client\4.47.2\lib\netcoreapp2.1\Microsoft.Identity.Client.dll" to file "bin\Debug\net8.0\Microsoft.Identity.Client.dll" because the "SkipUnchangedFiles" parameter was set to "true" in the project and the files' sizes and timestamps match.
         Did not copy from file "C:\Users\toduc\.nuget\packages\microsoft.extensions.dependencymodel\8.0.0\lib\net8.0\Microsoft.Extensions.DependencyModel.dll" to file "bin\Debug\net8.0\Microsoft.Extensions.DependencyModel.dll" because the "SkipUnchangedFiles" parameter was set to "true" in the project and the files' sizes and timestamps match.
         Did not copy from file "C:\Users\toduc\.nuget\packages\microsoft.identitymodel.abstractions\6.24.0\lib\net6.0\Microsoft.IdentityModel.Abstractions.dll" to file "bin\Debug\net8.0\Microsoft.IdentityModel.Abstractions.dll" because the "SkipUnchangedFiles" parameter was set to "true" in the project and the files' sizes and timestamps match.
         Did not copy from file "C:\Users\toduc\.nuget\packages\microsoft.identity.client.extensions.msal\2.19.3\lib\netcoreapp2.1\Microsoft.Identity.Client.Extensions.Msal.dll" to file "bin\Debug\net8.0\Microsoft.Identity.Client.Extensions.Msal.dll" because the "SkipUnchangedFiles" parameter was set to "true" in the project and the files' sizes and timestamps match.
         Did not copy from file "C:\Users\toduc\.nuget\packages\microsoft.identitymodel.jsonwebtokens\6.24.0\lib\net6.0\Microsoft.IdentityModel.JsonWebTokens.dll" to file "bin\Debug\net8.0\Microsoft.IdentityModel.JsonWebTokens.dll" because the "SkipUnchangedFiles" parameter was set to "true" in the project and the files' sizes and timestamps match.
         Did not copy from file "C:\Users\toduc\.nuget\packages\microsoft.identitymodel.protocols\6.24.0\lib\net6.0\Microsoft.IdentityModel.Protocols.dll" to file "bin\Debug\net8.0\Microsoft.IdentityModel.Protocols.dll" because the "SkipUnchangedFiles" parameter was set to "true" in the project and the files' sizes and timestamps match.
         Did not copy from file "C:\Users\toduc\.nuget\packages\microsoft.codeanalysis.workspaces.common\4.5.0\lib\netcoreapp3.1\Microsoft.CodeAnalysis.Workspaces.dll" to file "bin\Debug\net8.0\Microsoft.CodeAnalysis.Workspaces.dll" because the "SkipUnchangedFiles" parameter was set to "true" in the project and the files' sizes and timestamps match.
         Did not copy from file "C:\Users\toduc\.nuget\packages\microsoft.extensions.logging.abstractions\8.0.2\lib\net8.0\Microsoft.Extensions.Logging.Abstractions.dll" to file "bin\Debug\net8.0\Microsoft.Extensions.Logging.Abstractions.dll" because the "SkipUnchangedFiles" parameter was set to "true" in the project and the files' sizes and timestamps match.
         Did not copy from file "C:\Users\toduc\.nuget\packages\microsoft.openapi\1.2.3\lib\netstandard2.0\Microsoft.OpenApi.dll" to file "bin\Debug\net8.0\Microsoft.OpenApi.dll" because the "SkipUnchangedFiles" parameter was set to "true" in the project and the files' sizes and timestamps match.
         Did not copy from file "C:\Users\toduc\.nuget\packages\microsoft.sqlserver.server\1.0.0\lib\netstandard2.0\Microsoft.SqlServer.Server.dll" to file "bin\Debug\net8.0\Microsoft.SqlServer.Server.dll" because the "SkipUnchangedFiles" parameter was set to "true" in the project and the files' sizes and timestamps match.
         Did not copy from file "C:\Users\toduc\.nuget\packages\microsoft.identitymodel.protocols.openidconnect\6.24.0\lib\net6.0\Microsoft.IdentityModel.Protocols.OpenIdConnect.dll" to file "bin\Debug\net8.0\Microsoft.IdentityModel.Protocols.OpenIdConnect.dll" because the "SkipUnchangedFiles" parameter was set to "true" in the project and the files' sizes and timestamps match.
         Did not copy from file "C:\Users\toduc\.nuget\packages\microsoft.identitymodel.logging\6.24.0\lib\net6.0\Microsoft.IdentityModel.Logging.dll" to file "bin\Debug\net8.0\Microsoft.IdentityModel.Logging.dll" because the "SkipUnchangedFiles" parameter was set to "true" in the project and the files' sizes and timestamps match.
         Did not copy from file "C:\Users\toduc\.nuget\packages\swashbuckle.aspnetcore.swagger\6.5.0\lib\net7.0\Swashbuckle.AspNetCore.Swagger.dll" to file "bin\Debug\net8.0\Swashbuckle.AspNetCore.Swagger.dll" because the "SkipUnchangedFiles" parameter was set to "true" in the project and the files' sizes and timestamps match.
         Did not copy from file "C:\Users\toduc\.nuget\packages\swashbuckle.aspnetcore.swaggergen\6.5.0\lib\net7.0\Swashbuckle.AspNetCore.SwaggerGen.dll" to file "bin\Debug\net8.0\Swashbuckle.AspNetCore.SwaggerGen.dll" because the "SkipUnchangedFiles" parameter was set to "true" in the project and the files' sizes and timestamps match.
         Did not copy from file "C:\Users\toduc\.nuget\packages\swashbuckle.aspnetcore.swaggerui\6.5.0\lib\net7.0\Swashbuckle.AspNetCore.SwaggerUI.dll" to file "bin\Debug\net8.0\Swashbuckle.AspNetCore.SwaggerUI.dll" because the "SkipUnchangedFiles" parameter was set to "true" in the project and the files' sizes and timestamps match.
         Did not copy from file "C:\Users\toduc\.nuget\packages\microsoft.win32.systemevents\6.0.0\lib\net6.0\Microsoft.Win32.SystemEvents.dll" to file "bin\Debug\net8.0\Microsoft.Win32.SystemEvents.dll" because the "SkipUnchangedFiles" parameter was set to "true" in the project and the files' sizes and timestamps match.
         Did not copy from file "C:\Users\toduc\.nuget\packages\mono.texttemplating\2.2.1\lib\netstandard2.0\Mono.TextTemplating.dll" to file "bin\Debug\net8.0\Mono.TextTemplating.dll" because the "SkipUnchangedFiles" parameter was set to "true" in the project and the files' sizes and timestamps match.
         Did not copy from file "C:\Users\toduc\.nuget\packages\system.composition.attributedmodel\6.0.0\lib\net6.0\System.Composition.AttributedModel.dll" to file "bin\Debug\net8.0\System.Composition.AttributedModel.dll" because the "SkipUnchangedFiles" parameter was set to "true" in the project and the files' sizes and timestamps match.
         Did not copy from file "C:\Users\toduc\.nuget\packages\microsoft.identitymodel.tokens\6.24.0\lib\net6.0\Microsoft.IdentityModel.Tokens.dll" to file "bin\Debug\net8.0\Microsoft.IdentityModel.Tokens.dll" because the "SkipUnchangedFiles" parameter was set to "true" in the project and the files' sizes and timestamps match.
         Did not copy from file "C:\Users\toduc\.nuget\packages\system.composition.hosting\6.0.0\lib\net6.0\System.Composition.Hosting.dll" to file "bin\Debug\net8.0\System.Composition.Hosting.dll" because the "SkipUnchangedFiles" parameter was set to "true" in the project and the files' sizes and timestamps match.
         Did not copy from file "C:\Users\toduc\.nuget\packages\system.configuration.configurationmanager\6.0.1\lib\net6.0\System.Configuration.ConfigurationManager.dll" to file "bin\Debug\net8.0\System.Configuration.ConfigurationManager.dll" because the "SkipUnchangedFiles" parameter was set to "true" in the project and the files' sizes and timestamps match.
         Did not copy from file "C:\Users\toduc\.nuget\packages\system.composition.runtime\6.0.0\lib\net6.0\System.Composition.Runtime.dll" to file "bin\Debug\net8.0\System.Composition.Runtime.dll" because the "SkipUnchangedFiles" parameter was set to "true" in the project and the files' sizes and timestamps match.
         Did not copy from file "C:\Users\toduc\.nuget\packages\system.codedom\4.4.0\lib\netstandard2.0\System.CodeDom.dll" to file "bin\Debug\net8.0\System.CodeDom.dll" because the "SkipUnchangedFiles" parameter was set to "true" in the project and the files' sizes and timestamps match.
         Did not copy from file "C:\Users\toduc\.nuget\packages\system.composition.typedparts\6.0.0\lib\net6.0\System.Composition.TypedParts.dll" to file "bin\Debug\net8.0\System.Composition.TypedParts.dll" because the "SkipUnchangedFiles" parameter was set to "true" in the project and the files' sizes and timestamps match.
         Did not copy from file "C:\Users\toduc\.nuget\packages\system.identitymodel.tokens.jwt\6.24.0\lib\net6.0\System.IdentityModel.Tokens.Jwt.dll" to file "bin\Debug\net8.0\System.IdentityModel.Tokens.Jwt.dll" because the "SkipUnchangedFiles" parameter was set to "true" in the project and the files' sizes and timestamps match.
         Did not copy from file "C:\Users\toduc\.nuget\packages\system.composition.convention\6.0.0\lib\net6.0\System.Composition.Convention.dll" to file "bin\Debug\net8.0\System.Composition.Convention.dll" because the "SkipUnchangedFiles" parameter was set to "true" in the project and the files' sizes and timestamps match.
         Did not copy from file "C:\Users\toduc\.nuget\packages\system.memory.data\1.0.2\lib\netstandard2.0\System.Memory.Data.dll" to file "bin\Debug\net8.0\System.Memory.Data.dll" because the "SkipUnchangedFiles" parameter was set to "true" in the project and the files' sizes and timestamps match.
         Did not copy from file "C:\Users\toduc\.nuget\packages\system.drawing.common\6.0.0\lib\net6.0\System.Drawing.Common.dll" to file "bin\Debug\net8.0\System.Drawing.Common.dll" because the "SkipUnchangedFiles" parameter was set to "true" in the project and the files' sizes and timestamps match.
         Did not copy from file "C:\Users\toduc\.nuget\packages\system.security.cryptography.protecteddata\6.0.0\lib\net6.0\System.Security.Cryptography.ProtectedData.dll" to file "bin\Debug\net8.0\System.Security.Cryptography.ProtectedData.dll" because the "SkipUnchangedFiles" parameter was set to "true" in the project and the files' sizes and timestamps match.
         Did not copy from file "C:\Users\toduc\.nuget\packages\microsoft.codeanalysis.common\4.5.0\lib\netcoreapp3.1\cs\Microsoft.CodeAnalysis.resources.dll" to file "bin\Debug\net8.0\cs\Microsoft.CodeAnalysis.resources.dll" because the "SkipUnchangedFiles" parameter was set to "true" in the project and the files' sizes and timestamps match.
         Did not copy from file "C:\Users\toduc\.nuget\packages\microsoft.codeanalysis.common\4.5.0\lib\netcoreapp3.1\de\Microsoft.CodeAnalysis.resources.dll" to file "bin\Debug\net8.0\de\Microsoft.CodeAnalysis.resources.dll" because the "SkipUnchangedFiles" parameter was set to "true" in the project and the files' sizes and timestamps match.
         Did not copy from file "C:\Users\toduc\.nuget\packages\system.runtime.caching\6.0.0\lib\net6.0\System.Runtime.Caching.dll" to file "bin\Debug\net8.0\System.Runtime.Caching.dll" because the "SkipUnchangedFiles" parameter was set to "true" in the project and the files' sizes and timestamps match.
         Did not copy from file "C:\Users\toduc\.nuget\packages\system.windows.extensions\6.0.0\lib\net6.0\System.Windows.Extensions.dll" to file "bin\Debug\net8.0\System.Windows.Extensions.dll" because the "SkipUnchangedFiles" parameter was set to "true" in the project and the files' sizes and timestamps match.
         Did not copy from file "C:\Users\toduc\.nuget\packages\system.security.permissions\6.0.0\lib\net6.0\System.Security.Permissions.dll" to file "bin\Debug\net8.0\System.Security.Permissions.dll" because the "SkipUnchangedFiles" parameter was set to "true" in the project and the files' sizes and timestamps match.
         Did not copy from file "C:\Users\toduc\.nuget\packages\microsoft.codeanalysis.common\4.5.0\lib\netcoreapp3.1\fr\Microsoft.CodeAnalysis.resources.dll" to file "bin\Debug\net8.0\fr\Microsoft.CodeAnalysis.resources.dll" because the "SkipUnchangedFiles" parameter was set to "true" in the project and the files' sizes and timestamps match.
         Did not copy from file "C:\Users\toduc\.nuget\packages\microsoft.codeanalysis.common\4.5.0\lib\netcoreapp3.1\es\Microsoft.CodeAnalysis.resources.dll" to file "bin\Debug\net8.0\es\Microsoft.CodeAnalysis.resources.dll" because the "SkipUnchangedFiles" parameter was set to "true" in the project and the files' sizes and timestamps match.
         Did not copy from file "C:\Users\toduc\.nuget\packages\microsoft.codeanalysis.common\4.5.0\lib\netcoreapp3.1\it\Microsoft.CodeAnalysis.resources.dll" to file "bin\Debug\net8.0\it\Microsoft.CodeAnalysis.resources.dll" because the "SkipUnchangedFiles" parameter was set to "true" in the project and the files' sizes and timestamps match.
         Did not copy from file "C:\Users\toduc\.nuget\packages\microsoft.codeanalysis.common\4.5.0\lib\netcoreapp3.1\ja\Microsoft.CodeAnalysis.resources.dll" to file "bin\Debug\net8.0\ja\Microsoft.CodeAnalysis.resources.dll" because the "SkipUnchangedFiles" parameter was set to "true" in the project and the files' sizes and timestamps match.
         Did not copy from file "C:\Users\toduc\.nuget\packages\microsoft.codeanalysis.common\4.5.0\lib\netcoreapp3.1\ru\Microsoft.CodeAnalysis.resources.dll" to file "bin\Debug\net8.0\ru\Microsoft.CodeAnalysis.resources.dll" because the "SkipUnchangedFiles" parameter was set to "true" in the project and the files' sizes and timestamps match.
         Did not copy from file "C:\Users\toduc\.nuget\packages\microsoft.codeanalysis.common\4.5.0\lib\netcoreapp3.1\pt-BR\Microsoft.CodeAnalysis.resources.dll" to file "bin\Debug\net8.0\pt-BR\Microsoft.CodeAnalysis.resources.dll" because the "SkipUnchangedFiles" parameter was set to "true" in the project and the files' sizes and timestamps match.
         Did not copy from file "C:\Users\toduc\.nuget\packages\microsoft.codeanalysis.common\4.5.0\lib\netcoreapp3.1\pl\Microsoft.CodeAnalysis.resources.dll" to file "bin\Debug\net8.0\pl\Microsoft.CodeAnalysis.resources.dll" because the "SkipUnchangedFiles" parameter was set to "true" in the project and the files' sizes and timestamps match.
         Did not copy from file "C:\Users\toduc\.nuget\packages\microsoft.codeanalysis.common\4.5.0\lib\netcoreapp3.1\ko\Microsoft.CodeAnalysis.resources.dll" to file "bin\Debug\net8.0\ko\Microsoft.CodeAnalysis.resources.dll" because the "SkipUnchangedFiles" parameter was set to "true" in the project and the files' sizes and timestamps match.
         Did not copy from file "C:\Users\toduc\.nuget\packages\microsoft.codeanalysis.common\4.5.0\lib\netcoreapp3.1\zh-Hans\Microsoft.CodeAnalysis.resources.dll" to file "bin\Debug\net8.0\zh-Hans\Microsoft.CodeAnalysis.resources.dll" because the "SkipUnchangedFiles" parameter was set to "true" in the project and the files' sizes and timestamps match.
         Did not copy from file "C:\Users\toduc\.nuget\packages\microsoft.codeanalysis.common\4.5.0\lib\netcoreapp3.1\zh-Hant\Microsoft.CodeAnalysis.resources.dll" to file "bin\Debug\net8.0\zh-Hant\Microsoft.CodeAnalysis.resources.dll" because the "SkipUnchangedFiles" parameter was set to "true" in the project and the files' sizes and timestamps match.
         Did not copy from file "C:\Users\toduc\.nuget\packages\microsoft.codeanalysis.csharp\4.5.0\lib\netcoreapp3.1\de\Microsoft.CodeAnalysis.CSharp.resources.dll" to file "bin\Debug\net8.0\de\Microsoft.CodeAnalysis.CSharp.resources.dll" because the "SkipUnchangedFiles" parameter was set to "true" in the project and the files' sizes and timestamps match.
         Did not copy from file "C:\Users\toduc\.nuget\packages\microsoft.codeanalysis.common\4.5.0\lib\netcoreapp3.1\tr\Microsoft.CodeAnalysis.resources.dll" to file "bin\Debug\net8.0\tr\Microsoft.CodeAnalysis.resources.dll" because the "SkipUnchangedFiles" parameter was set to "true" in the project and the files' sizes and timestamps match.
         Did not copy from file "C:\Users\toduc\.nuget\packages\microsoft.codeanalysis.csharp\4.5.0\lib\netcoreapp3.1\cs\Microsoft.CodeAnalysis.CSharp.resources.dll" to file "bin\Debug\net8.0\cs\Microsoft.CodeAnalysis.CSharp.resources.dll" because the "SkipUnchangedFiles" parameter was set to "true" in the project and the files' sizes and timestamps match.
         Did not copy from file "C:\Users\toduc\.nuget\packages\microsoft.codeanalysis.csharp\4.5.0\lib\netcoreapp3.1\it\Microsoft.CodeAnalysis.CSharp.resources.dll" to file "bin\Debug\net8.0\it\Microsoft.CodeAnalysis.CSharp.resources.dll" because the "SkipUnchangedFiles" parameter was set to "true" in the project and the files' sizes and timestamps match.
         Did not copy from file "C:\Users\toduc\.nuget\packages\microsoft.codeanalysis.csharp\4.5.0\lib\netcoreapp3.1\es\Microsoft.CodeAnalysis.CSharp.resources.dll" to file "bin\Debug\net8.0\es\Microsoft.CodeAnalysis.CSharp.resources.dll" because the "SkipUnchangedFiles" parameter was set to "true" in the project and the files' sizes and timestamps match.
         Did not copy from file "C:\Users\toduc\.nuget\packages\microsoft.codeanalysis.csharp\4.5.0\lib\netcoreapp3.1\ko\Microsoft.CodeAnalysis.CSharp.resources.dll" to file "bin\Debug\net8.0\ko\Microsoft.CodeAnalysis.CSharp.resources.dll" because the "SkipUnchangedFiles" parameter was set to "true" in the project and the files' sizes and timestamps match.
         Did not copy from file "C:\Users\toduc\.nuget\packages\microsoft.codeanalysis.csharp\4.5.0\lib\netcoreapp3.1\fr\Microsoft.CodeAnalysis.CSharp.resources.dll" to file "bin\Debug\net8.0\fr\Microsoft.CodeAnalysis.CSharp.resources.dll" because the "SkipUnchangedFiles" parameter was set to "true" in the project and the files' sizes and timestamps match.
         Did not copy from file "C:\Users\toduc\.nuget\packages\microsoft.codeanalysis.csharp\4.5.0\lib\netcoreapp3.1\ru\Microsoft.CodeAnalysis.CSharp.resources.dll" to file "bin\Debug\net8.0\ru\Microsoft.CodeAnalysis.CSharp.resources.dll" because the "SkipUnchangedFiles" parameter was set to "true" in the project and the files' sizes and timestamps match.
         Did not copy from file "C:\Users\toduc\.nuget\packages\microsoft.codeanalysis.csharp\4.5.0\lib\netcoreapp3.1\ja\Microsoft.CodeAnalysis.CSharp.resources.dll" to file "bin\Debug\net8.0\ja\Microsoft.CodeAnalysis.CSharp.resources.dll" because the "SkipUnchangedFiles" parameter was set to "true" in the project and the files' sizes and timestamps match.
         Did not copy from file "C:\Users\toduc\.nuget\packages\microsoft.codeanalysis.csharp\4.5.0\lib\netcoreapp3.1\pt-BR\Microsoft.CodeAnalysis.CSharp.resources.dll" to file "bin\Debug\net8.0\pt-BR\Microsoft.CodeAnalysis.CSharp.resources.dll" because the "SkipUnchangedFiles" parameter was set to "true" in the project and the files' sizes and timestamps match.
         Did not copy from file "C:\Users\toduc\.nuget\packages\microsoft.codeanalysis.csharp\4.5.0\lib\netcoreapp3.1\pl\Microsoft.CodeAnalysis.CSharp.resources.dll" to file "bin\Debug\net8.0\pl\Microsoft.CodeAnalysis.CSharp.resources.dll" because the "SkipUnchangedFiles" parameter was set to "true" in the project and the files' sizes and timestamps match.
         Did not copy from file "C:\Users\toduc\.nuget\packages\microsoft.codeanalysis.csharp\4.5.0\lib\netcoreapp3.1\zh-Hant\Microsoft.CodeAnalysis.CSharp.resources.dll" to file "bin\Debug\net8.0\zh-Hant\Microsoft.CodeAnalysis.CSharp.resources.dll" because the "SkipUnchangedFiles" parameter was set to "true" in the project and the files' sizes and timestamps match.
         Did not copy from file "C:\Users\toduc\.nuget\packages\microsoft.codeanalysis.csharp\4.5.0\lib\netcoreapp3.1\zh-Hans\Microsoft.CodeAnalysis.CSharp.resources.dll" to file "bin\Debug\net8.0\zh-Hans\Microsoft.CodeAnalysis.CSharp.resources.dll" because the "SkipUnchangedFiles" parameter was set to "true" in the project and the files' sizes and timestamps match.
         Did not copy from file "C:\Users\toduc\.nuget\packages\microsoft.codeanalysis.csharp\4.5.0\lib\netcoreapp3.1\tr\Microsoft.CodeAnalysis.CSharp.resources.dll" to file "bin\Debug\net8.0\tr\Microsoft.CodeAnalysis.CSharp.resources.dll" because the "SkipUnchangedFiles" parameter was set to "true" in the project and the files' sizes and timestamps match.
         Did not copy from file "C:\Users\toduc\.nuget\packages\microsoft.codeanalysis.csharp.workspaces\4.5.0\lib\netcoreapp3.1\cs\Microsoft.CodeAnalysis.CSharp.Workspaces.resources.dll" to file "bin\Debug\net8.0\cs\Microsoft.CodeAnalysis.CSharp.Workspaces.resources.dll" because the "SkipUnchangedFiles" parameter was set to "true" in the project and the files' sizes and timestamps match.
         Did not copy from file "C:\Users\toduc\.nuget\packages\microsoft.codeanalysis.csharp.workspaces\4.5.0\lib\netcoreapp3.1\de\Microsoft.CodeAnalysis.CSharp.Workspaces.resources.dll" to file "bin\Debug\net8.0\de\Microsoft.CodeAnalysis.CSharp.Workspaces.resources.dll" because the "SkipUnchangedFiles" parameter was set to "true" in the project and the files' sizes and timestamps match.
         Did not copy from file "C:\Users\toduc\.nuget\packages\microsoft.codeanalysis.csharp.workspaces\4.5.0\lib\netcoreapp3.1\fr\Microsoft.CodeAnalysis.CSharp.Workspaces.resources.dll" to file "bin\Debug\net8.0\fr\Microsoft.CodeAnalysis.CSharp.Workspaces.resources.dll" because the "SkipUnchangedFiles" parameter was set to "true" in the project and the files' sizes and timestamps match.
         Did not copy from file "C:\Users\toduc\.nuget\packages\microsoft.codeanalysis.csharp.workspaces\4.5.0\lib\netcoreapp3.1\es\Microsoft.CodeAnalysis.CSharp.Workspaces.resources.dll" to file "bin\Debug\net8.0\es\Microsoft.CodeAnalysis.CSharp.Workspaces.resources.dll" because the "SkipUnchangedFiles" parameter was set to "true" in the project and the files' sizes and timestamps match.
         Did not copy from file "C:\Users\toduc\.nuget\packages\microsoft.codeanalysis.csharp.workspaces\4.5.0\lib\netcoreapp3.1\ja\Microsoft.CodeAnalysis.CSharp.Workspaces.resources.dll" to file "bin\Debug\net8.0\ja\Microsoft.CodeAnalysis.CSharp.Workspaces.resources.dll" because the "SkipUnchangedFiles" parameter was set to "true" in the project and the files' sizes and timestamps match.
         Did not copy from file "C:\Users\toduc\.nuget\packages\microsoft.codeanalysis.csharp.workspaces\4.5.0\lib\netcoreapp3.1\it\Microsoft.CodeAnalysis.CSharp.Workspaces.resources.dll" to file "bin\Debug\net8.0\it\Microsoft.CodeAnalysis.CSharp.Workspaces.resources.dll" because the "SkipUnchangedFiles" parameter was set to "true" in the project and the files' sizes and timestamps match.
         Did not copy from file "C:\Users\toduc\.nuget\packages\microsoft.codeanalysis.csharp.workspaces\4.5.0\lib\netcoreapp3.1\ko\Microsoft.CodeAnalysis.CSharp.Workspaces.resources.dll" to file "bin\Debug\net8.0\ko\Microsoft.CodeAnalysis.CSharp.Workspaces.resources.dll" because the "SkipUnchangedFiles" parameter was set to "true" in the project and the files' sizes and timestamps match.
         Did not copy from file "C:\Users\toduc\.nuget\packages\microsoft.codeanalysis.csharp.workspaces\4.5.0\lib\netcoreapp3.1\pl\Microsoft.CodeAnalysis.CSharp.Workspaces.resources.dll" to file "bin\Debug\net8.0\pl\Microsoft.CodeAnalysis.CSharp.Workspaces.resources.dll" because the "SkipUnchangedFiles" parameter was set to "true" in the project and the files' sizes and timestamps match.
         Did not copy from file "C:\Users\toduc\.nuget\packages\microsoft.codeanalysis.csharp.workspaces\4.5.0\lib\netcoreapp3.1\pt-BR\Microsoft.CodeAnalysis.CSharp.Workspaces.resources.dll" to file "bin\Debug\net8.0\pt-BR\Microsoft.CodeAnalysis.CSharp.Workspaces.resources.dll" because the "SkipUnchangedFiles" parameter was set to "true" in the project and the files' sizes and timestamps match.
         Did not copy from file "C:\Users\toduc\.nuget\packages\microsoft.codeanalysis.csharp.workspaces\4.5.0\lib\netcoreapp3.1\tr\Microsoft.CodeAnalysis.CSharp.Workspaces.resources.dll" to file "bin\Debug\net8.0\tr\Microsoft.CodeAnalysis.CSharp.Workspaces.resources.dll" because the "SkipUnchangedFiles" parameter was set to "true" in the project and the files' sizes and timestamps match.
         Did not copy from file "C:\Users\toduc\.nuget\packages\microsoft.codeanalysis.csharp.workspaces\4.5.0\lib\netcoreapp3.1\ru\Microsoft.CodeAnalysis.CSharp.Workspaces.resources.dll" to file "bin\Debug\net8.0\ru\Microsoft.CodeAnalysis.CSharp.Workspaces.resources.dll" because the "SkipUnchangedFiles" parameter was set to "true" in the project and the files' sizes and timestamps match.
         Did not copy from file "C:\Users\toduc\.nuget\packages\microsoft.codeanalysis.csharp.workspaces\4.5.0\lib\netcoreapp3.1\zh-Hant\Microsoft.CodeAnalysis.CSharp.Workspaces.resources.dll" to file "bin\Debug\net8.0\zh-Hant\Microsoft.CodeAnalysis.CSharp.Workspaces.resources.dll" because the "SkipUnchangedFiles" parameter was set to "true" in the project and the files' sizes and timestamps match.
         Did not copy from file "C:\Users\toduc\.nuget\packages\microsoft.codeanalysis.csharp.workspaces\4.5.0\lib\netcoreapp3.1\zh-Hans\Microsoft.CodeAnalysis.CSharp.Workspaces.resources.dll" to file "bin\Debug\net8.0\zh-Hans\Microsoft.CodeAnalysis.CSharp.Workspaces.resources.dll" because the "SkipUnchangedFiles" parameter was set to "true" in the project and the files' sizes and timestamps match.
         Did not copy from file "C:\Users\toduc\.nuget\packages\microsoft.codeanalysis.workspaces.common\4.5.0\lib\netcoreapp3.1\fr\Microsoft.CodeAnalysis.Workspaces.resources.dll" to file "bin\Debug\net8.0\fr\Microsoft.CodeAnalysis.Workspaces.resources.dll" because the "SkipUnchangedFiles" parameter was set to "true" in the project and the files' sizes and timestamps match.
         Did not copy from file "C:\Users\toduc\.nuget\packages\microsoft.codeanalysis.workspaces.common\4.5.0\lib\netcoreapp3.1\de\Microsoft.CodeAnalysis.Workspaces.resources.dll" to file "bin\Debug\net8.0\de\Microsoft.CodeAnalysis.Workspaces.resources.dll" because the "SkipUnchangedFiles" parameter was set to "true" in the project and the files' sizes and timestamps match.
         Did not copy from file "C:\Users\toduc\.nuget\packages\microsoft.codeanalysis.workspaces.common\4.5.0\lib\netcoreapp3.1\it\Microsoft.CodeAnalysis.Workspaces.resources.dll" to file "bin\Debug\net8.0\it\Microsoft.CodeAnalysis.Workspaces.resources.dll" because the "SkipUnchangedFiles" parameter was set to "true" in the project and the files' sizes and timestamps match.
         Did not copy from file "C:\Users\toduc\.nuget\packages\microsoft.codeanalysis.workspaces.common\4.5.0\lib\netcoreapp3.1\es\Microsoft.CodeAnalysis.Workspaces.resources.dll" to file "bin\Debug\net8.0\es\Microsoft.CodeAnalysis.Workspaces.resources.dll" because the "SkipUnchangedFiles" parameter was set to "true" in the project and the files' sizes and timestamps match.
         Did not copy from file "C:\Users\toduc\.nuget\packages\microsoft.codeanalysis.workspaces.common\4.5.0\lib\netcoreapp3.1\cs\Microsoft.CodeAnalysis.Workspaces.resources.dll" to file "bin\Debug\net8.0\cs\Microsoft.CodeAnalysis.Workspaces.resources.dll" because the "SkipUnchangedFiles" parameter was set to "true" in the project and the files' sizes and timestamps match.
         Did not copy from file "C:\Users\toduc\.nuget\packages\microsoft.codeanalysis.workspaces.common\4.5.0\lib\netcoreapp3.1\ja\Microsoft.CodeAnalysis.Workspaces.resources.dll" to file "bin\Debug\net8.0\ja\Microsoft.CodeAnalysis.Workspaces.resources.dll" because the "SkipUnchangedFiles" parameter was set to "true" in the project and the files' sizes and timestamps match.
         Did not copy from file "C:\Users\toduc\.nuget\packages\microsoft.codeanalysis.workspaces.common\4.5.0\lib\netcoreapp3.1\ko\Microsoft.CodeAnalysis.Workspaces.resources.dll" to file "bin\Debug\net8.0\ko\Microsoft.CodeAnalysis.Workspaces.resources.dll" because the "SkipUnchangedFiles" parameter was set to "true" in the project and the files' sizes and timestamps match.
         Did not copy from file "C:\Users\toduc\.nuget\packages\microsoft.codeanalysis.workspaces.common\4.5.0\lib\netcoreapp3.1\pl\Microsoft.CodeAnalysis.Workspaces.resources.dll" to file "bin\Debug\net8.0\pl\Microsoft.CodeAnalysis.Workspaces.resources.dll" because the "SkipUnchangedFiles" parameter was set to "true" in the project and the files' sizes and timestamps match.
         Did not copy from file "C:\Users\toduc\.nuget\packages\microsoft.codeanalysis.workspaces.common\4.5.0\lib\netcoreapp3.1\zh-Hans\Microsoft.CodeAnalysis.Workspaces.resources.dll" to file "bin\Debug\net8.0\zh-Hans\Microsoft.CodeAnalysis.Workspaces.resources.dll" because the "SkipUnchangedFiles" parameter was set to "true" in the project and the files' sizes and timestamps match.
         Did not copy from file "C:\Users\toduc\.nuget\packages\microsoft.data.sqlclient\5.1.1\runtimes\unix\lib\net6.0\Microsoft.Data.SqlClient.dll" to file "bin\Debug\net8.0\runtimes\unix\lib\net6.0\Microsoft.Data.SqlClient.dll" because the "SkipUnchangedFiles" parameter was set to "true" in the project and the files' sizes and timestamps match.
         Did not copy from file "C:\Users\toduc\.nuget\packages\microsoft.codeanalysis.workspaces.common\4.5.0\lib\netcoreapp3.1\pt-BR\Microsoft.CodeAnalysis.Workspaces.resources.dll" to file "bin\Debug\net8.0\pt-BR\Microsoft.CodeAnalysis.Workspaces.resources.dll" because the "SkipUnchangedFiles" parameter was set to "true" in the project and the files' sizes and timestamps match.
         Did not copy from file "C:\Users\toduc\.nuget\packages\microsoft.codeanalysis.workspaces.common\4.5.0\lib\netcoreapp3.1\ru\Microsoft.CodeAnalysis.Workspaces.resources.dll" to file "bin\Debug\net8.0\ru\Microsoft.CodeAnalysis.Workspaces.resources.dll" because the "SkipUnchangedFiles" parameter was set to "true" in the project and the files' sizes and timestamps match.
         Did not copy from file "C:\Users\toduc\.nuget\packages\microsoft.codeanalysis.workspaces.common\4.5.0\lib\netcoreapp3.1\tr\Microsoft.CodeAnalysis.Workspaces.resources.dll" to file "bin\Debug\net8.0\tr\Microsoft.CodeAnalysis.Workspaces.resources.dll" because the "SkipUnchangedFiles" parameter was set to "true" in the project and the files' sizes and timestamps match.
         Did not copy from file "C:\Users\toduc\.nuget\packages\microsoft.codeanalysis.workspaces.common\4.5.0\lib\netcoreapp3.1\zh-Hant\Microsoft.CodeAnalysis.Workspaces.resources.dll" to file "bin\Debug\net8.0\zh-Hant\Microsoft.CodeAnalysis.Workspaces.resources.dll" because the "SkipUnchangedFiles" parameter was set to "true" in the project and the files' sizes and timestamps match.
         Did not copy from file "C:\Users\toduc\.nuget\packages\microsoft.data.sqlclient\5.1.1\runtimes\win\lib\net6.0\Microsoft.Data.SqlClient.dll" to file "bin\Debug\net8.0\runtimes\win\lib\net6.0\Microsoft.Data.SqlClient.dll" because the "SkipUnchangedFiles" parameter was set to "true" in the project and the files' sizes and timestamps match.
         Did not copy from file "C:\Users\toduc\.nuget\packages\microsoft.data.sqlclient.sni.runtime\5.1.0\runtimes\win-arm64\native\Microsoft.Data.SqlClient.SNI.dll" to file "bin\Debug\net8.0\runtimes\win-arm64\native\Microsoft.Data.SqlClient.SNI.dll" because the "SkipUnchangedFiles" parameter was set to "true" in the project and the files' sizes and timestamps match.
         Did not copy from file "C:\Users\toduc\.nuget\packages\microsoft.data.sqlclient.sni.runtime\5.1.0\runtimes\win-arm\native\Microsoft.Data.SqlClient.SNI.dll" to file "bin\Debug\net8.0\runtimes\win-arm\native\Microsoft.Data.SqlClient.SNI.dll" because the "SkipUnchangedFiles" parameter was set to "true" in the project and the files' sizes and timestamps match.
         Did not copy from file "C:\Users\toduc\.nuget\packages\microsoft.data.sqlclient.sni.runtime\5.1.0\runtimes\win-x64\native\Microsoft.Data.SqlClient.SNI.dll" to file "bin\Debug\net8.0\runtimes\win-x64\native\Microsoft.Data.SqlClient.SNI.dll" because the "SkipUnchangedFiles" parameter was set to "true" in the project and the files' sizes and timestamps match.
         Did not copy from file "C:\Users\toduc\.nuget\packages\microsoft.data.sqlclient.sni.runtime\5.1.0\runtimes\win-x86\native\Microsoft.Data.SqlClient.SNI.dll" to file "bin\Debug\net8.0\runtimes\win-x86\native\Microsoft.Data.SqlClient.SNI.dll" because the "SkipUnchangedFiles" parameter was set to "true" in the project and the files' sizes and timestamps match.
         Did not copy from file "C:\Users\toduc\.nuget\packages\system.drawing.common\6.0.0\runtimes\unix\lib\net6.0\System.Drawing.Common.dll" to file "bin\Debug\net8.0\runtimes\unix\lib\net6.0\System.Drawing.Common.dll" because the "SkipUnchangedFiles" parameter was set to "true" in the project and the files' sizes and timestamps match.
         Did not copy from file "C:\Users\toduc\.nuget\packages\microsoft.win32.systemevents\6.0.0\runtimes\win\lib\net6.0\Microsoft.Win32.SystemEvents.dll" to file "bin\Debug\net8.0\runtimes\win\lib\net6.0\Microsoft.Win32.SystemEvents.dll" because the "SkipUnchangedFiles" parameter was set to "true" in the project and the files' sizes and timestamps match.
         Did not copy from file "C:\Users\toduc\.nuget\packages\system.security.cryptography.protecteddata\6.0.0\runtimes\win\lib\net6.0\System.Security.Cryptography.ProtectedData.dll" to file "bin\Debug\net8.0\runtimes\win\lib\net6.0\System.Security.Cryptography.ProtectedData.dll" because the "SkipUnchangedFiles" parameter was set to "true" in the project and the files' sizes and timestamps match.
         Did not copy from file "C:\Users\toduc\.nuget\packages\system.runtime.caching\6.0.0\runtimes\win\lib\net6.0\System.Runtime.Caching.dll" to file "bin\Debug\net8.0\runtimes\win\lib\net6.0\System.Runtime.Caching.dll" because the "SkipUnchangedFiles" parameter was set to "true" in the project and the files' sizes and timestamps match.
         Did not copy from file "C:\Users\toduc\.nuget\packages\system.windows.extensions\6.0.0\runtimes\win\lib\net6.0\System.Windows.Extensions.dll" to file "bin\Debug\net8.0\runtimes\win\lib\net6.0\System.Windows.Extensions.dll" because the "SkipUnchangedFiles" parameter was set to "true" in the project and the files' sizes and timestamps match.
         Did not copy from file "C:\Users\toduc\.nuget\packages\system.drawing.common\6.0.0\runtimes\win\lib\net6.0\System.Drawing.Common.dll" to file "bin\Debug\net8.0\runtimes\win\lib\net6.0\System.Drawing.Common.dll" because the "SkipUnchangedFiles" parameter was set to "true" in the project and the files' sizes and timestamps match.
       Done executing task "Copy".
   1:7>Done building target "_CopyFilesMarkedCopyLocal" in project "do_an_tot_nghiep.csproj".
       Target "AssignTargetPaths" skipped. Previously built successfully.
       Target "_SplitProjectReferencesByFileExistence" skipped. Previously built successfully.
       Target "_GetProjectReferenceTargetFrameworkProperties" skipped. Previously built successfully.
   1:7>Target "_PopulateCommonStateForGetCopyToOutputDirectoryItems" in file "C:\Program Files\dotnet\sdk\10.0.100\Microsoft.Common.CurrentVersion.targets" from project "C:\Users\toduc\Downloads\SmartStay\do_an_tot_nghiep.csproj" (target "GetCopyToOutputDirectoryItems" depends on it):
   1:7>Done building target "_PopulateCommonStateForGetCopyToOutputDirectoryItems" in project "do_an_tot_nghiep.csproj".
       Target "ResolveStaticWebAssetsConfiguration" skipped. Previously built successfully.
   1:7>Target "AddStaticWebAssetsManifest" in file "C:\Program Files\dotnet\sdk\10.0.100\Sdks\Microsoft.NET.Sdk.StaticWebAssets\targets\Microsoft.NET.Sdk.StaticWebAssets.targets" from project "C:\Users\toduc\Downloads\SmartStay\do_an_tot_nghiep.csproj" (target "GetCopyToOutputDirectoryItems" depends on it):
   1:7>Done building target "AddStaticWebAssetsManifest" in project "do_an_tot_nghiep.csproj".
       Target "ResolveStaticWebAssetsConfiguration" skipped. Previously built successfully.
   1:7>Target "AddStaticWebAssetEndpointsBuildManifest" in file "C:\Program Files\dotnet\sdk\10.0.100\Sdks\Microsoft.NET.Sdk.StaticWebAssets\targets\Microsoft.NET.Sdk.StaticWebAssets.targets" from project "C:\Users\toduc\Downloads\SmartStay\do_an_tot_nghiep.csproj" (target "GetCopyToOutputDirectoryItems" depends on it):
   1:7>Done building target "AddStaticWebAssetEndpointsBuildManifest" in project "do_an_tot_nghiep.csproj".
   1:7>Target "AddDepsJsonAndRuntimeConfigToCopyItemsForReferencingProjects" in file "C:\Program Files\dotnet\sdk\10.0.100\Sdks\Microsoft.NET.Sdk\targets\Microsoft.NET.Sdk.targets" from project "C:\Users\toduc\Downloads\SmartStay\do_an_tot_nghiep.csproj" (target "GetCopyToOutputDirectoryItems" depends on it):
   1:7>Done building target "AddDepsJsonAndRuntimeConfigToCopyItemsForReferencingProjects" in project "do_an_tot_nghiep.csproj".
   1:7>Target "GetCopyToOutputDirectoryItems" in file "C:\Program Files\dotnet\sdk\10.0.100\Microsoft.Common.CurrentVersion.targets" from project "C:\Users\toduc\Downloads\SmartStay\do_an_tot_nghiep.csproj" (target "_CopySourceItemsToOutputDirectory" depends on it):
       Using "CallTarget" task from assembly "Microsoft.Build.Tasks.Core, Version=15.1.0.0, Culture=neutral, PublicKeyToken=b03f5f7f11d50a3a".
       Task "CallTarget"
       Target "_PopulateCommonStateForGetCopyToOutputDirectoryItems" skipped. Previously built successfully.
       Target "_AddOutputPathToGlobalPropertiesToRemove" skipped. Previously built successfully.
   1:7>Target "_GetCopyToOutputDirectoryItemsFromTransitiveProjectReferences" in file "C:\Program Files\dotnet\sdk\10.0.100\Microsoft.Common.CurrentVersion.targets" from project "C:\Users\toduc\Downloads\SmartStay\do_an_tot_nghiep.csproj" (target "GetCopyToOutputDirectoryItems" depends on it):
       Task "AssignTargetPath"
       Done executing task "AssignTargetPath".
   1:7>Done building target "_GetCopyToOutputDirectoryItemsFromTransitiveProjectReferences" in project "do_an_tot_nghiep.csproj".
       Done executing task "CallTarget".
       Task "CallTarget"
       Target "AssignTargetPaths" skipped. Previously built successfully.
       Target "_PopulateCommonStateForGetCopyToOutputDirectoryItems" skipped. Previously built successfully.
   1:7>Target "_GetCopyToOutputDirectoryItemsFromThisProject" in file "C:\Program Files\dotnet\sdk\10.0.100\Microsoft.Common.CurrentVersion.targets" from project "C:\Users\toduc\Downloads\SmartStay\do_an_tot_nghiep.csproj" (target "GetCopyToOutputDirectoryItems" depends on it):
       Task "AssignTargetPath"
       Done executing task "AssignTargetPath".
   1:7>Done building target "_GetCopyToOutputDirectoryItemsFromThisProject" in project "do_an_tot_nghiep.csproj".
       Done executing task "CallTarget".
   1:7>Done building target "GetCopyToOutputDirectoryItems" in project "do_an_tot_nghiep.csproj".
   1:7>Target "_CopyOutOfDateSourceItemsToOutputDirectory" in file "C:\Program Files\dotnet\sdk\10.0.100\Microsoft.Common.CurrentVersion.targets" from project "C:\Users\toduc\Downloads\SmartStay\do_an_tot_nghiep.csproj" (target "_CopySourceItemsToOutputDirectory" depends on it):
       Building target "_CopyOutOfDateSourceItemsToOutputDirectory" partially, because some output files are out of date with respect to their input files.
       [_SourceItemsToCopyToOutputDirectory: Input=C:\Users\toduc\Downloads\SmartStay\obj\Debug\net8.0\apphost.exe, Output=bin\Debug\net8.0\do_an_tot_nghiep.exe] Input file is newer than output file.
       Task "Copy"
         Copying file from "C:\Users\toduc\Downloads\SmartStay\obj\Debug\net8.0\apphost.exe" to "C:\Users\toduc\Downloads\SmartStay\bin\Debug\net8.0\do_an_tot_nghiep.exe".
   1:7>C:\Program Files\dotnet\sdk\10.0.100\Microsoft.Common.CurrentVersion.targets(5381,5): warning MSB3026: Could not copy "C:\Users\toduc\Downloads\SmartStay\obj\Debug\net8.0\apphost.exe" to "bin\Debug\net8.0\do_an_tot_nghiep.exe". Beginning retry 1 in 1000ms. The process cannot access the file 'C:\Users\toduc\Downloads\SmartStay\bin\Debug\net8.0\do_an_tot_nghiep.exe' because it is being used by another process. The file is locked by: "do_an_tot_nghiep (18320)" [C:\Users\toduc\Downloads\SmartStay\do_an_tot_nghiep.csproj]
         Copying file from "C:\Users\toduc\Downloads\SmartStay\obj\Debug\net8.0\apphost.exe" to "C:\Users\toduc\Downloads\SmartStay\bin\Debug\net8.0\do_an_tot_nghiep.exe".
   1:7>C:\Program Files\dotnet\sdk\10.0.100\Microsoft.Common.CurrentVersion.targets(5381,5): warning MSB3026: Could not copy "C:\Users\toduc\Downloads\SmartStay\obj\Debug\net8.0\apphost.exe" to "bin\Debug\net8.0\do_an_tot_nghiep.exe". Beginning retry 2 in 1000ms. The process cannot access the file 'C:\Users\toduc\Downloads\SmartStay\bin\Debug\net8.0\do_an_tot_nghiep.exe' because it is being used by another process. The file is locked by: "do_an_tot_nghiep (18320)" [C:\Users\toduc\Downloads\SmartStay\do_an_tot_nghiep.csproj]
         Copying file from "C:\Users\toduc\Downloads\SmartStay\obj\Debug\net8.0\apphost.exe" to "C:\Users\toduc\Downloads\SmartStay\bin\Debug\net8.0\do_an_tot_nghiep.exe".
   1:7>C:\Program Files\dotnet\sdk\10.0.100\Microsoft.Common.CurrentVersion.targets(5381,5): warning MSB3026: Could not copy "C:\Users\toduc\Downloads\SmartStay\obj\Debug\net8.0\apphost.exe" to "bin\Debug\net8.0\do_an_tot_nghiep.exe". Beginning retry 3 in 1000ms. The process cannot access the file 'C:\Users\toduc\Downloads\SmartStay\bin\Debug\net8.0\do_an_tot_nghiep.exe' because it is being used by another process. The file is locked by: "do_an_tot_nghiep (18320)" [C:\Users\toduc\Downloads\SmartStay\do_an_tot_nghiep.csproj]
         Copying file from "C:\Users\toduc\Downloads\SmartStay\obj\Debug\net8.0\apphost.exe" to "C:\Users\toduc\Downloads\SmartStay\bin\Debug\net8.0\do_an_tot_nghiep.exe".
   1:7>C:\Program Files\dotnet\sdk\10.0.100\Microsoft.Common.CurrentVersion.targets(5381,5): warning MSB3026: Could not copy "C:\Users\toduc\Downloads\SmartStay\obj\Debug\net8.0\apphost.exe" to "bin\Debug\net8.0\do_an_tot_nghiep.exe". Beginning retry 4 in 1000ms. The process cannot access the file 'C:\Users\toduc\Downloads\SmartStay\bin\Debug\net8.0\do_an_tot_nghiep.exe' because it is being used by another process. The file is locked by: "do_an_tot_nghiep (18320)" [C:\Users\toduc\Downloads\SmartStay\do_an_tot_nghiep.csproj]
         Copying file from "C:\Users\toduc\Downloads\SmartStay\obj\Debug\net8.0\apphost.exe" to "C:\Users\toduc\Downloads\SmartStay\bin\Debug\net8.0\do_an_tot_nghiep.exe".
   1:7>C:\Program Files\dotnet\sdk\10.0.100\Microsoft.Common.CurrentVersion.targets(5381,5): warning MSB3026: Could not copy "C:\Users\toduc\Downloads\SmartStay\obj\Debug\net8.0\apphost.exe" to "bin\Debug\net8.0\do_an_tot_nghiep.exe". Beginning retry 5 in 1000ms. The process cannot access the file 'C:\Users\toduc\Downloads\SmartStay\bin\Debug\net8.0\do_an_tot_nghiep.exe' because it is being used by another process. The file is locked by: "do_an_tot_nghiep (18320)" [C:\Users\toduc\Downloads\SmartStay\do_an_tot_nghiep.csproj]
         Copying file from "C:\Users\toduc\Downloads\SmartStay\obj\Debug\net8.0\apphost.exe" to "C:\Users\toduc\Downloads\SmartStay\bin\Debug\net8.0\do_an_tot_nghiep.exe".
   1:7>C:\Program Files\dotnet\sdk\10.0.100\Microsoft.Common.CurrentVersion.targets(5381,5): warning MSB3026: Could not copy "C:\Users\toduc\Downloads\SmartStay\obj\Debug\net8.0\apphost.exe" to "bin\Debug\net8.0\do_an_tot_nghiep.exe". Beginning retry 6 in 1000ms. The process cannot access the file 'C:\Users\toduc\Downloads\SmartStay\bin\Debug\net8.0\do_an_tot_nghiep.exe' because it is being used by another process. The file is locked by: "do_an_tot_nghiep (18320)" [C:\Users\toduc\Downloads\SmartStay\do_an_tot_nghiep.csproj]
         Copying file from "C:\Users\toduc\Downloads\SmartStay\obj\Debug\net8.0\apphost.exe" to "C:\Users\toduc\Downloads\SmartStay\bin\Debug\net8.0\do_an_tot_nghiep.exe".
   1:7>C:\Program Files\dotnet\sdk\10.0.100\Microsoft.Common.CurrentVersion.targets(5381,5): warning MSB3026: Could not copy "C:\Users\toduc\Downloads\SmartStay\obj\Debug\net8.0\apphost.exe" to "bin\Debug\net8.0\do_an_tot_nghiep.exe". Beginning retry 7 in 1000ms. The process cannot access the file 'C:\Users\toduc\Downloads\SmartStay\bin\Debug\net8.0\do_an_tot_nghiep.exe' because it is being used by another process. The file is locked by: "do_an_tot_nghiep (18320)" [C:\Users\toduc\Downloads\SmartStay\do_an_tot_nghiep.csproj]
         Copying file from "C:\Users\toduc\Downloads\SmartStay\obj\Debug\net8.0\apphost.exe" to "C:\Users\toduc\Downloads\SmartStay\bin\Debug\net8.0\do_an_tot_nghiep.exe".
   1:7>C:\Program Files\dotnet\sdk\10.0.100\Microsoft.Common.CurrentVersion.targets(5381,5): warning MSB3026: Could not copy "C:\Users\toduc\Downloads\SmartStay\obj\Debug\net8.0\apphost.exe" to "bin\Debug\net8.0\do_an_tot_nghiep.exe". Beginning retry 8 in 1000ms. The process cannot access the file 'C:\Users\toduc\Downloads\SmartStay\bin\Debug\net8.0\do_an_tot_nghiep.exe' because it is being used by another process. The file is locked by: "do_an_tot_nghiep (18320)" [C:\Users\toduc\Downloads\SmartStay\do_an_tot_nghiep.csproj]
         Copying file from "C:\Users\toduc\Downloads\SmartStay\obj\Debug\net8.0\apphost.exe" to "C:\Users\toduc\Downloads\SmartStay\bin\Debug\net8.0\do_an_tot_nghiep.exe".
   1:7>C:\Program Files\dotnet\sdk\10.0.100\Microsoft.Common.CurrentVersion.targets(5381,5): warning MSB3026: Could not copy "C:\Users\toduc\Downloads\SmartStay\obj\Debug\net8.0\apphost.exe" to "bin\Debug\net8.0\do_an_tot_nghiep.exe". Beginning retry 9 in 1000ms. The process cannot access the file 'C:\Users\toduc\Downloads\SmartStay\bin\Debug\net8.0\do_an_tot_nghiep.exe' because it is being used by another process. The file is locked by: "do_an_tot_nghiep (18320)" [C:\Users\toduc\Downloads\SmartStay\do_an_tot_nghiep.csproj]
         Copying file from "C:\Users\toduc\Downloads\SmartStay\obj\Debug\net8.0\apphost.exe" to "C:\Users\toduc\Downloads\SmartStay\bin\Debug\net8.0\do_an_tot_nghiep.exe".
   1:7>C:\Program Files\dotnet\sdk\10.0.100\Microsoft.Common.CurrentVersion.targets(5381,5): warning MSB3026: Could not copy "C:\Users\toduc\Downloads\SmartStay\obj\Debug\net8.0\apphost.exe" to "bin\Debug\net8.0\do_an_tot_nghiep.exe". Beginning retry 10 in 1000ms. The process cannot access the file 'C:\Users\toduc\Downloads\SmartStay\bin\Debug\net8.0\do_an_tot_nghiep.exe' because it is being used by another process. The file is locked by: "do_an_tot_nghiep (18320)" [C:\Users\toduc\Downloads\SmartStay\do_an_tot_nghiep.csproj]
         Copying file from "C:\Users\toduc\Downloads\SmartStay\obj\Debug\net8.0\apphost.exe" to "C:\Users\toduc\Downloads\SmartStay\bin\Debug\net8.0\do_an_tot_nghiep.exe".
   1:7>C:\Program Files\dotnet\sdk\10.0.100\Microsoft.Common.CurrentVersion.targets(5381,5): error MSB3027: Could not copy "C:\Users\toduc\Downloads\SmartStay\obj\Debug\net8.0\apphost.exe" to "bin\Debug\net8.0\do_an_tot_nghiep.exe". Exceeded retry count of 10. Failed. The file is locked by: "do_an_tot_nghiep (18320)" [C:\Users\toduc\Downloads\SmartStay\do_an_tot_nghiep.csproj]
   1:7>C:\Program Files\dotnet\sdk\10.0.100\Microsoft.Common.CurrentVersion.targets(5381,5): error MSB3021: Unable to copy file "C:\Users\toduc\Downloads\SmartStay\obj\Debug\net8.0\apphost.exe" to "bin\Debug\net8.0\do_an_tot_nghiep.exe". The process cannot access the file 'C:\Users\toduc\Downloads\SmartStay\bin\Debug\net8.0\do_an_tot_nghiep.exe' because it is being used by another process. [C:\Users\toduc\Downloads\SmartStay\do_an_tot_nghiep.csproj]
       Done executing task "Copy" -- FAILED.
   1:7>Done building target "_CopyOutOfDateSourceItemsToOutputDirectory" in project "do_an_tot_nghiep.csproj" -- FAILED.
   1:7>Target "_CheckForCompileOutputs" in file "C:\Program Files\dotnet\sdk\10.0.100\Microsoft.Common.CurrentVersion.targets" from project "C:\Users\toduc\Downloads\SmartStay\do_an_tot_nghiep.csproj" (target "_CleanGetCurrentAndPriorFileWrites" depends on it):
   1:7>Done building target "_CheckForCompileOutputs" in project "do_an_tot_nghiep.csproj".
   1:7>Target "_CleanGetCurrentAndPriorFileWrites" in file "C:\Program Files\dotnet\sdk\10.0.100\Microsoft.Common.CurrentVersion.targets" from project "C:\Users\toduc\Downloads\SmartStay\do_an_tot_nghiep.csproj" (target "_CleanRecordFileWrites" depends on it):
       Using "ReadLinesFromFile" task from assembly "Microsoft.Build.Tasks.Core, Version=15.1.0.0, Culture=neutral, PublicKeyToken=b03f5f7f11d50a3a".
       Task "ReadLinesFromFile"
       Done executing task "ReadLinesFromFile".
       Task "ConvertToAbsolutePath"
       Done executing task "ConvertToAbsolutePath".
       Using "FindUnderPath" task from assembly "Microsoft.Build.Tasks.Core, Version=15.1.0.0, Culture=neutral, PublicKeyToken=b03f5f7f11d50a3a".
       Task "FindUnderPath"
         Comparison path is "C:\Users\toduc\Downloads\SmartStay".
       Done executing task "FindUnderPath".
       Task "FindUnderPath"
         Comparison path is "bin\Debug\net8.0\".
       Done executing task "FindUnderPath".
       Task "FindUnderPath"
         Comparison path is "obj\Debug\net8.0\".
       Done executing task "FindUnderPath".
       Task "RemoveDuplicates"
       Done executing task "RemoveDuplicates".
   1:7>Done building target "_CleanGetCurrentAndPriorFileWrites" in project "do_an_tot_nghiep.csproj".
   1:7>Target "_CleanRecordFileWrites" in file "C:\Program Files\dotnet\sdk\10.0.100\Microsoft.Common.CurrentVersion.targets" from project "C:\Users\toduc\Downloads\SmartStay\do_an_tot_nghiep.csproj" (target "CoreBuild" depends on it):
       Task "RemoveDuplicates"
       Done executing task "RemoveDuplicates".
       Task "MakeDir"
       Done executing task "MakeDir".
       Task "WriteLinesToFile"
         Skipping write to file "obj\Debug\net8.0\do_an_tot_nghiep.csproj.FileListAbsolute.txt" because content would not change.
       Done executing task "WriteLinesToFile".
   1:7>Done building target "_CleanRecordFileWrites" in project "do_an_tot_nghiep.csproj".
   1:7>Done Building Project "C:\Users\toduc\Downloads\SmartStay\do_an_tot_nghiep.csproj" (default targets) -- FAILED.

Build FAILED.

       "C:\Users\toduc\Downloads\SmartStay\do_an_tot_nghiep.csproj" (default target) (1:7) ->
       (_CopyOutOfDateSourceItemsToOutputDirectory target) -> 
         C:\Program Files\dotnet\sdk\10.0.100\Microsoft.Common.CurrentVersion.targets(5381,5): warning MSB3026: Could not copy "C:\Users\toduc\Downloads\SmartStay\obj\Debug\net8.0\apphost.exe" to "bin\Debug\net8.0\do_an_tot_nghiep.exe". Beginning retry 1 in 1000ms. The process cannot access the file 'C:\Users\toduc\Downloads\SmartStay\bin\Debug\net8.0\do_an_tot_nghiep.exe' because it is being used by another process. The file is locked by: "do_an_tot_nghiep (18320)" [C:\Users\toduc\Downloads\SmartStay\do_an_tot_nghiep.csproj]
         C:\Program Files\dotnet\sdk\10.0.100\Microsoft.Common.CurrentVersion.targets(5381,5): warning MSB3026: Could not copy "C:\Users\toduc\Downloads\SmartStay\obj\Debug\net8.0\apphost.exe" to "bin\Debug\net8.0\do_an_tot_nghiep.exe". Beginning retry 2 in 1000ms. The process cannot access the file 'C:\Users\toduc\Downloads\SmartStay\bin\Debug\net8.0\do_an_tot_nghiep.exe' because it is being used by another process. The file is locked by: "do_an_tot_nghiep (18320)" [C:\Users\toduc\Downloads\SmartStay\do_an_tot_nghiep.csproj]
         C:\Program Files\dotnet\sdk\10.0.100\Microsoft.Common.CurrentVersion.targets(5381,5): warning MSB3026: Could not copy "C:\Users\toduc\Downloads\SmartStay\obj\Debug\net8.0\apphost.exe" to "bin\Debug\net8.0\do_an_tot_nghiep.exe". Beginning retry 3 in 1000ms. The process cannot access the file 'C:\Users\toduc\Downloads\SmartStay\bin\Debug\net8.0\do_an_tot_nghiep.exe' because it is being used by another process. The file is locked by: "do_an_tot_nghiep (18320)" [C:\Users\toduc\Downloads\SmartStay\do_an_tot_nghiep.csproj]
         C:\Program Files\dotnet\sdk\10.0.100\Microsoft.Common.CurrentVersion.targets(5381,5): warning MSB3026: Could not copy "C:\Users\toduc\Downloads\SmartStay\obj\Debug\net8.0\apphost.exe" to "bin\Debug\net8.0\do_an_tot_nghiep.exe". Beginning retry 4 in 1000ms. The process cannot access the file 'C:\Users\toduc\Downloads\SmartStay\bin\Debug\net8.0\do_an_tot_nghiep.exe' because it is being used by another process. The file is locked by: "do_an_tot_nghiep (18320)" [C:\Users\toduc\Downloads\SmartStay\do_an_tot_nghiep.csproj]
         C:\Program Files\dotnet\sdk\10.0.100\Microsoft.Common.CurrentVersion.targets(5381,5): warning MSB3026: Could not copy "C:\Users\toduc\Downloads\SmartStay\obj\Debug\net8.0\apphost.exe" to "bin\Debug\net8.0\do_an_tot_nghiep.exe". Beginning retry 5 in 1000ms. The process cannot access the file 'C:\Users\toduc\Downloads\SmartStay\bin\Debug\net8.0\do_an_tot_nghiep.exe' because it is being used by another process. The file is locked by: "do_an_tot_nghiep (18320)" [C:\Users\toduc\Downloads\SmartStay\do_an_tot_nghiep.csproj]
         C:\Program Files\dotnet\sdk\10.0.100\Microsoft.Common.CurrentVersion.targets(5381,5): warning MSB3026: Could not copy "C:\Users\toduc\Downloads\SmartStay\obj\Debug\net8.0\apphost.exe" to "bin\Debug\net8.0\do_an_tot_nghiep.exe". Beginning retry 6 in 1000ms. The process cannot access the file 'C:\Users\toduc\Downloads\SmartStay\bin\Debug\net8.0\do_an_tot_nghiep.exe' because it is being used by another process. The file is locked by: "do_an_tot_nghiep (18320)" [C:\Users\toduc\Downloads\SmartStay\do_an_tot_nghiep.csproj]
         C:\Program Files\dotnet\sdk\10.0.100\Microsoft.Common.CurrentVersion.targets(5381,5): warning MSB3026: Could not copy "C:\Users\toduc\Downloads\SmartStay\obj\Debug\net8.0\apphost.exe" to "bin\Debug\net8.0\do_an_tot_nghiep.exe". Beginning retry 7 in 1000ms. The process cannot access the file 'C:\Users\toduc\Downloads\SmartStay\bin\Debug\net8.0\do_an_tot_nghiep.exe' because it is being used by another process. The file is locked by: "do_an_tot_nghiep (18320)" [C:\Users\toduc\Downloads\SmartStay\do_an_tot_nghiep.csproj]
         C:\Program Files\dotnet\sdk\10.0.100\Microsoft.Common.CurrentVersion.targets(5381,5): warning MSB3026: Could not copy "C:\Users\toduc\Downloads\SmartStay\obj\Debug\net8.0\apphost.exe" to "bin\Debug\net8.0\do_an_tot_nghiep.exe". Beginning retry 8 in 1000ms. The process cannot access the file 'C:\Users\toduc\Downloads\SmartStay\bin\Debug\net8.0\do_an_tot_nghiep.exe' because it is being used by another process. The file is locked by: "do_an_tot_nghiep (18320)" [C:\Users\toduc\Downloads\SmartStay\do_an_tot_nghiep.csproj]
         C:\Program Files\dotnet\sdk\10.0.100\Microsoft.Common.CurrentVersion.targets(5381,5): warning MSB3026: Could not copy "C:\Users\toduc\Downloads\SmartStay\obj\Debug\net8.0\apphost.exe" to "bin\Debug\net8.0\do_an_tot_nghiep.exe". Beginning retry 9 in 1000ms. The process cannot access the file 'C:\Users\toduc\Downloads\SmartStay\bin\Debug\net8.0\do_an_tot_nghiep.exe' because it is being used by another process. The file is locked by: "do_an_tot_nghiep (18320)" [C:\Users\toduc\Downloads\SmartStay\do_an_tot_nghiep.csproj]
         C:\Program Files\dotnet\sdk\10.0.100\Microsoft.Common.CurrentVersion.targets(5381,5): warning MSB3026: Could not copy "C:\Users\toduc\Downloads\SmartStay\obj\Debug\net8.0\apphost.exe" to "bin\Debug\net8.0\do_an_tot_nghiep.exe". Beginning retry 10 in 1000ms. The process cannot access the file 'C:\Users\toduc\Downloads\SmartStay\bin\Debug\net8.0\do_an_tot_nghiep.exe' because it is being used by another process. The file is locked by: "do_an_tot_nghiep (18320)" [C:\Users\toduc\Downloads\SmartStay\do_an_tot_nghiep.csproj]


       "C:\Users\toduc\Downloads\SmartStay\do_an_tot_nghiep.csproj" (default target) (1:7) ->
       (_CopyOutOfDateSourceItemsToOutputDirectory target) -> 
         C:\Program Files\dotnet\sdk\10.0.100\Microsoft.Common.CurrentVersion.targets(5381,5): error MSB3027: Could not copy "C:\Users\toduc\Downloads\SmartStay\obj\Debug\net8.0\apphost.exe" to "bin\Debug\net8.0\do_an_tot_nghiep.exe". Exceeded retry count of 10. Failed. The file is locked by: "do_an_tot_nghiep (18320)" [C:\Users\toduc\Downloads\SmartStay\do_an_tot_nghiep.csproj]
         C:\Program Files\dotnet\sdk\10.0.100\Microsoft.Common.CurrentVersion.targets(5381,5): error MSB3021: Unable to copy file "C:\Users\toduc\Downloads\SmartStay\obj\Debug\net8.0\apphost.exe" to "bin\Debug\net8.0\do_an_tot_nghiep.exe". The process cannot access the file 'C:\Users\toduc\Downloads\SmartStay\bin\Debug\net8.0\do_an_tot_nghiep.exe' because it is being used by another process. [C:\Users\toduc\Downloads\SmartStay\do_an_tot_nghiep.csproj]

    10 Warning(s)
    2 Error(s)

Time Elapsed 00:00:18.34
